Archive member included to satisfy reference by file (symbol)

obj_cooja/mtype616.a(simEnvChange.o)
                              obj_cooja/mtype616.o (simDontFallAsleep)
obj_cooja/mtype616.a(cooja_mt.o)
                              obj_cooja/mtype616.o (cooja_mt_start)
obj_cooja/mtype616.a(cooja_mtarch.o)
                              obj_cooja/mtype616.a(cooja_mt.o) (cooja_mtarch_start)
obj_cooja/mtype616.a(rtimer-arch.o)
                              obj_cooja/mtype616.o (rtimer_arch_check)
obj_cooja/mtype616.a(beep.o)  obj_cooja/mtype616.o (beep_interface)
obj_cooja/mtype616.a(button-sensor.o)
                              obj_cooja/mtype616.o (button_interface)
obj_cooja/mtype616.a(leds-arch.o)
                              obj_cooja/mtype616.o (leds_interface)
obj_cooja/mtype616.a(moteid.o)
                              obj_cooja/mtype616.o (moteid_interface)
obj_cooja/mtype616.a(pir-sensor.o)
                              obj_cooja/mtype616.o (pir_interface)
obj_cooja/mtype616.a(rs232.o)
                              obj_cooja/mtype616.o (rs232_interface)
obj_cooja/mtype616.a(vib-sensor.o)
                              obj_cooja/mtype616.o (vib_interface)
obj_cooja/mtype616.a(clock.o)
                              obj_cooja/mtype616.o (clock_interface)
obj_cooja/mtype616.a(cooja-log.o)
                              obj_cooja/mtype616.o (simlog_interface)
obj_cooja/mtype616.a(cfs-cooja.o)
                              obj_cooja/mtype616.o (cfs_interface)
obj_cooja/mtype616.a(cooja-radio.o)
                              obj_cooja/mtype616.o (radio_interface)
obj_cooja/mtype616.a(eeprom.o)
                              obj_cooja/mtype616.o (eeprom_interface)
obj_cooja/mtype616.a(random.o)
                              obj_cooja/mtype616.a(moteid.o) (random_init)
obj_cooja/mtype616.a(sensors.o)
                              obj_cooja/mtype616.a(button-sensor.o) (sensors_changed)
obj_cooja/mtype616.a(leds.o)  udp-client.o (leds_on)
obj_cooja/mtype616.a(mqtt.o)  udp-client.o (mqtt_disconnect)
obj_cooja/mtype616.a(contiki-main.o)
                              obj_cooja/mtype616.o (main)
obj_cooja/mtype616.a(autostart.o)
                              obj_cooja/mtype616.a(contiki-main.o) (autostart_start)
obj_cooja/mtype616.a(ctimer.o)
                              obj_cooja/mtype616.a(contiki-main.o) (ctimer_init)
obj_cooja/mtype616.a(energest.o)
                              obj_cooja/mtype616.a(contiki-main.o) (energest_init)
obj_cooja/mtype616.a(etimer.o)
                              obj_cooja/mtype616.a(contiki-main.o) (etimer_process)
obj_cooja/mtype616.a(log.o)   obj_cooja/mtype616.a(contiki-main.o) (curr_log_level_main)
obj_cooja/mtype616.a(process.o)
                              udp-client.o (process_current)
obj_cooja/mtype616.a(rtimer.o)
                              obj_cooja/mtype616.a(contiki-main.o) (rtimer_init)
obj_cooja/mtype616.a(node-id.o)
                              udp-client.o (node_id)
obj_cooja/mtype616.a(timer.o)
                              obj_cooja/mtype616.a(button-sensor.o) (timer_set)
obj_cooja/mtype616.a(serial-line.o)
                              obj_cooja/mtype616.a(rs232.o) (serial_line_input_byte)
obj_cooja/mtype616.a(list.o)  obj_cooja/mtype616.a(mqtt.o) (list_init)
obj_cooja/mtype616.a(ringbuf.o)
                              obj_cooja/mtype616.a(serial-line.o) (ringbuf_init)
obj_cooja/mtype616.a(packetbuf.o)
                              obj_cooja/mtype616.a(cooja-radio.o) (packetbuf_clear)
obj_cooja/mtype616.a(netstack.o)
                              obj_cooja/mtype616.a(contiki-main.o) (netstack_init)
obj_cooja/mtype616.a(linkaddr.o)
                              udp-client.o (linkaddr_node_addr)
obj_cooja/mtype616.a(csma.o)  obj_cooja/mtype616.a(cooja-radio.o) (csma_driver)
obj_cooja/mtype616.a(csma-output.o)
                              obj_cooja/mtype616.a(csma.o) (csma_output_packet)
obj_cooja/mtype616.a(uip-ds6.o)
                              obj_cooja/mtype616.a(contiki-main.o) (uip_ds6_get_link_local)
obj_cooja/mtype616.a(tcp-socket.o)
                              obj_cooja/mtype616.a(mqtt.o) (tcp_socket_register)
obj_cooja/mtype616.a(tcpip.o)
                              obj_cooja/mtype616.a(tcp-socket.o) (tcpip_event)
obj_cooja/mtype616.a(uip-ds6-route.o)
                              obj_cooja/mtype616.a(uip-ds6.o) (uip_ds6_route_init)
obj_cooja/mtype616.a(uip6.o)  obj_cooja/mtype616.a(contiki-main.o) (uip_lladdr)
obj_cooja/mtype616.a(uip-ds6-nbr.o)
                              obj_cooja/mtype616.a(uip-ds6.o) (uip_ds6_neighbors_init)
obj_cooja/mtype616.a(uip-nd6.o)
                              obj_cooja/mtype616.a(uip6.o) (uip_nd6_init)
obj_cooja/mtype616.a(simple-udp.o)
                              udp-client.o (simple_udp_sendto)
obj_cooja/mtype616.a(sicslowpan.o)
                              obj_cooja/mtype616.a(contiki-main.o) (sicslowpan_driver)
obj_cooja/mtype616.a(uiplib.o)
[...]
Memory Configuration

Name             Origin             Length             Attributes
*default*        0x0000000000000000 0xffffffffffffffff

Linker script and memory map

LOAD /usr/lib/gcc/i686-linux-gnu/5/../../../i386-linux-gnu/crti.o
LOAD /usr/lib/gcc/i686-linux-gnu/5/crtbeginS.o
LOAD udp-client.o
LOAD obj_cooja/mtype616.o
LOAD obj_cooja/mtype616.a
LOAD /usr/lib/gcc/i686-linux-gnu/5/libgcc.a
LOAD /usr/lib/gcc/i686-linux-gnu/5/libgcc_s.so
LOAD /usr/lib/gcc/i686-linux-gnu/5/../../../i386-linux-gnu/libc.so
START GROUP
LOAD /lib/i386-linux-gnu/libc.so.6
LOAD /usr/lib/i386-linux-gnu/libc_nonshared.a
LOAD /lib/i386-linux-gnu/ld-linux.so.2
END GROUP
LOAD /usr/lib/gcc/i686-linux-gnu/5/libgcc.a
LOAD /usr/lib/gcc/i686-linux-gnu/5/libgcc_s.so
LOAD /usr/lib/gcc/i686-linux-gnu/5/crtendS.o
LOAD /usr/lib/gcc/i686-linux-gnu/5/../../../i386-linux-gnu/crtn.o
                0x0000000000000114                . = (0x0 + SIZEOF_HEADERS)

.note.gnu.build-id
                0x0000000000000114       0x24
 *(.note.gnu.build-id)
 .note.gnu.build-id
                0x0000000000000114       0x24 /usr/lib/gcc/i686-linux-gnu/5/../../../i386-linux-gnu/crti.o

.hash
 *(.hash)

.gnu.hash       0x0000000000000138     0x13e8
 *(.gnu.hash)
 .gnu.hash      0x0000000000000138     0x13e8 /usr/lib/gcc/i686-linux-gnu/5/../../../i386-linux-gnu/crti.o

.dynsym         0x0000000000001520     0x27f0
 *(.dynsym)
 .dynsym        0x0000000000001520     0x27f0 /usr/lib/gcc/i686-linux-gnu/5/../../../i386-linux-gnu/crti.o

.dynstr         0x0000000000003d10     0x2b7d
 *(.dynstr)
 .dynstr        0x0000000000003d10     0x2b7d /usr/lib/gcc/i686-linux-gnu/5/../../../i386-linux-gnu/crti.o

.gnu.version    0x000000000000688e      0x4fe
 *(.gnu.version)
 .gnu.version   0x000000000000688e      0x4fe /usr/lib/gcc/i686-linux-gnu/5/../../../i386-linux-gnu/crti.o

.gnu.version_d  0x0000000000006d8c        0x0
 *(.gnu.version_d)
 .gnu.version_d
                0x0000000000006d8c        0x0 /usr/lib/gcc/i686-linux-gnu/5/../../../i386-linux-gnu/crti.o

.gnu.version_r  0x0000000000006d8c       0x40
 *(.gnu.version_r)
 .gnu.version_r
                0x0000000000006d8c       0x40 /usr/lib/gcc/i686-linux-gnu/5/../../../i386-linux-gnu/crti.o

.rel.dyn        0x0000000000006dcc     0xa6b8
 *(.rel.init)
 .rel.init      0x0000000000006dcc        0x0 /usr/lib/gcc/i686-linux-gnu/5/../../../i386-linux-gnu/crti.o
 *(.rel.text .rel.text.* .rel.gnu.linkonce.t.*)
 .rel.text      0x0000000000006dcc     0x9d88 /usr/lib/gcc/i686-linux-gnu/5/../../../i386-linux-gnu/crti.o
 *(.rel.fini)
 .rel.fini      0x0000000000010b54        0x0 /usr/lib/gcc/i686-linux-gnu/5/../../../i386-linux-gnu/crti.o
 *(.rel.rodata .rel.rodata.* .rel.gnu.linkonce.r.*)
 .rel.rodata    0x0000000000010b54      0x580 /usr/lib/gcc/i686-linux-gnu/5/../../../i386-linux-gnu/crti.o
 *(.rel.data.rel.ro .rel.data.rel.ro.* .rel.gnu.linkonce.d.rel.ro.*)
 *(.rel.data .rel.data.* .rel.gnu.linkonce.d.*)
 .rel.data.rel.local
                0x00000000000110d4        0x8 /usr/lib/gcc/i686-linux-gnu/5/../../../i386-linux-gnu/crti.o
 .rel.data      0x00000000000110dc      0x370 /usr/lib/gcc/i686-linux-gnu/5/../../../i386-linux-gnu/crti.o
 *(.rel.tdata .rel.tdata.* .rel.gnu.linkonce.td.*)
 *(.rel.tbss .rel.tbss.* .rel.gnu.linkonce.tb.*)
 *(.rel.ctors)
 *(.rel.dtors)
 *(.rel.got)
 .rel.got       0x000000000001144c       0x28 /usr/lib/gcc/i686-linux-gnu/5/../../../i386-linux-gnu/crti.o
 *(.rel.bss .rel.bss.* .rel.gnu.linkonce.b.*)
 *(.rel.ifunc)
 .rel.ifunc     0x0000000000011474        0x0 /usr/lib/gcc/i686-linux-gnu/5/../../../i386-linux-gnu/crti.o
 .rel.fini_array
                0x0000000000011474        0x8 /usr/lib/gcc/i686-linux-gnu/5/../../../i386-linux-gnu/crti.o
 .rel.init_array
                0x000000000001147c        0x8 /usr/lib/gcc/i686-linux-gnu/5/../../../i386-linux-gnu/crti.o

.rel.plt        0x0000000000011484        0x0
 *(.rel.plt)
 .rel.plt       0x0000000000011484        0x0 /usr/lib/gcc/i686-linux-gnu/5/../../../i386-linux-gnu/crti.o
 *(.rel.iplt)

.init           0x0000000000011484       0x23
 *(SORT(.init))
 .init          0x0000000000011484       0x1e /usr/lib/gcc/i686-linux-gnu/5/../../../i386-linux-gnu/crti.o
                0x0000000000011484                _init
 .init          0x00000000000114a2        0x5 /usr/lib/gcc/i686-linux-gnu/5/../../../i386-linux-gnu/crtn.o

.plt            0x00000000000114b0       0x10
 *(.plt)
 .plt           0x00000000000114b0       0x10 /usr/lib/gcc/i686-linux-gnu/5/../../../i386-linux-gnu/crti.o
 *(.iplt)

.plt.got        0x00000000000114c0       0x10
 *(.plt.got)
 .plt.got       0x00000000000114c0       0x10 /usr/lib/gcc/i686-linux-gnu/5/../../../i386-linux-gnu/crti.o

.text           0x00000000000114d0    0x1a087
 *(.text.unlikely .text.*_unlikely .text.unlikely.*)
 .text.unlikely
                0x00000000000114d0        0x0 /usr/lib/gcc/i686-linux-gnu/5/crtbeginS.o
 *(.text.exit .text.exit.*)
 *(.text.startup .text.startup.*)
 *(.text.hot .text.hot.*)
 *(.text .stub .text.* .gnu.linkonce.t.*)
 .text          0x00000000000114d0        0x0 /usr/lib/gcc/i686-linux-gnu/5/../../../i386-linux-gnu/crti.o
 .gnu.linkonce.t.__x86.get_pc_thunk.bx
                0x00000000000114d0        0x4 /usr/lib/gcc/i686-linux-gnu/5/../../../i386-linux-gnu/crti.o
                0x00000000000114d0                __x86.get_pc_thunk.bx
 *fill*         0x00000000000114d4        0xc 
 .text          0x00000000000114e0      0x11c /usr/lib/gcc/i686-linux-gnu/5/crtbeginS.o
 .text.__x86.get_pc_thunk.dx
                0x00000000000115fc        0x4 /usr/lib/gcc/i686-linux-gnu/5/crtbeginS.o
                0x00000000000115fc                __x86.get_pc_thunk.dx
 .text          0x0000000000011600     0x13de udp-client.o
                0x0000000000011600                ipaddr_sprintf
 .text          0x00000000000129de      0x271 obj_cooja/mtype616.o
                0x0000000000012a70                platform_init_stage_one
                0x0000000000012a76                platform_init_stage_two
                0x0000000000012a84                platform_init_stage_three
                0x0000000000012a97                platform_main_loop
                0x0000000000012b0a                Java_org_contikios_cooja_corecomm_Lib8_init
                0x0000000000012b41                Java_org_contikios_cooja_corecomm_Lib8_getMemory
                0x0000000000012b74                Java_org_contikios_cooja_corecomm_Lib8_setMemory
                0x0000000000012bd4                Java_org_contikios_cooja_corecomm_Lib8_tick
                0x0000000000012c3c                Java_org_contikios_cooja_corecomm_Lib8_setReferenceAddress
 .text          0x0000000000012c4f       0x65 obj_cooja/mtype616.a(simEnvChange.o)
                0x0000000000012c4f                doActionsBeforeTick
                0x0000000000012c81                doActionsAfterTick
 .text          0x0000000000012cb4       0x83 obj_cooja/mtype616.a(cooja_mt.o)
                0x0000000000012cb4                cooja_mt_start
                0x0000000000012cde                cooja_mt_exec
                0x0000000000012d14                cooja_mt_yield
 .text          0x0000000000012d37       0xbe obj_cooja/mtype616.a(cooja_mtarch.o)
                0x0000000000012d37                cooja_mtarch_start
                0x0000000000012daa                cooja_sw
                0x0000000000012dcd                cooja_mtarch_exec
                0x0000000000012dea                cooja_mtarch_yield
 .text          0x0000000000012df5       0xc5 obj_cooja/mtype616.a(rtimer-arch.o)
                0x0000000000012df5                rtimer_arch_init
                0x0000000000012e19                rtimer_arch_schedule
                0x0000000000012e49                rtimer_arch_next
                0x0000000000012e59                rtimer_arch_pending
                0x0000000000012e63                rtimer_arch_check
                0x0000000000012eaa                rtimer_arch_now
 .text          0x0000000000012eba       0x81 obj_cooja/mtype616.a(beep.o)
                0x0000000000012eba                beep_alarm
                0x0000000000012ec7                beep_beep
                0x0000000000012ed4                beep
                0x0000000000012ee1                beep_down
                0x0000000000012eee                beep_on
                0x0000000000012efb                beep_off
                0x0000000000012f08                beep_spinup
                0x0000000000012f15                beep_quick
                0x0000000000012f22                beep_long
 .text          0x0000000000012f3b      0x10d obj_cooja/mtype616.a(button-sensor.o)
 .text          0x0000000000013048       0x49 obj_cooja/mtype616.a(leds-arch.o)
                0x0000000000013048                leds_arch_init
                0x0000000000013055                leds_arch_get
                0x0000000000013061                leds_arch_set
 .text          0x0000000000013091       0x35 obj_cooja/mtype616.a(moteid.o)
 .text          0x00000000000130c6       0xb7 obj_cooja/mtype616.a(pir-sensor.o)
 .text          0x000000000001317d      0x148 obj_cooja/mtype616.a(rs232.o)
                0x000000000001317d                rs232_init
                0x0000000000013183                rs232_set_speed
                0x0000000000013192                rs232_set_input
                0x00000000000131a0                rs232_send
                0x00000000000131c4                rs232_print
                0x00000000000131e0                slip_arch_writeb
 .text          0x00000000000132c5       0xb7 obj_cooja/mtype616.a(vib-sensor.o)
 .text          0x000000000001337c       0x38 obj_cooja/mtype616.a(clock.o)
                0x000000000001337c                clock_init
                0x0000000000013382                clock_time
                0x000000000001338c                clock_seconds
                0x00000000000133a2                clock_delay
 .text          0x00000000000133b4      0x219 obj_cooja/mtype616.a(cooja-log.o)
                0x00000000000133b4                simlog_char
                0x00000000000133f7                simlog
                0x000000000001346d                log_message
                0x000000000001349e                log_set_putchar_with_slip
                0x00000000000134ac                log_putchar
                0x0000000000013527                log_puts
                0x000000000001354f                log_printf
 .text          0x00000000000135cd      0x2b9 obj_cooja/mtype616.a(cfs-cooja.o)
                0x00000000000135cd                cfs_open
                0x0000000000013636                cfs_close
                0x0000000000013643                cfs_read
                0x00000000000136d8                cfs_write
                0x00000000000137b4                cfs_seek
                0x000000000001383c                cfs_remove
                0x0000000000013860                cfs_opendir
                0x000000000001386a                cfs_readdir
                0x0000000000013874                cfs_closedir
 .text          0x0000000000013886      0x605 obj_cooja/mtype616.a(cooja-radio.o)
                0x00000000000138c8                radio_set_channel
                0x00000000000138d6                radio_set_txpower
                0x00000000000138ee                radio_signal_strength_last
                0x00000000000138f8                radio_signal_strength_current
                0x0000000000013902                radio_LQI
 .text          0x0000000000013e8b       0xee obj_cooja/mtype616.a(eeprom.o)
                0x0000000000013e8b                eeprom_init
                0x0000000000013e91                eeprom_read
                0x0000000000013eff                eeprom_write
 .text          0x0000000000013f79       0x2d obj_cooja/mtype616.a(random.o)
                0x0000000000013f79                random_init
                0x0000000000013f99                random_rand
 .text          0x0000000000013fa6      0x29c obj_cooja/mtype616.a(sensors.o)
                0x0000000000013fe1                sensors_first
                0x0000000000013feb                sensors_next
                0x0000000000014005                sensors_changed
                0x0000000000014039                sensors_find
 .text          0x0000000000014242       0xf6 obj_cooja/mtype616.a(leds.o)
                0x0000000000014242                leds_init
                0x0000000000014250                leds_blink
                0x0000000000014293                leds_get
                0x00000000000142a0                leds_set
                0x00000000000142bf                leds_on
                0x00000000000142e5                leds_off
                0x0000000000014312                leds_toggle
 .text          0x0000000000014338     0x3779 obj_cooja/mtype616.a(mqtt.o)
                0x00000000000174db                mqtt_init
                0x0000000000017599                mqtt_register
                0x0000000000017636                mqtt_connect
                0x0000000000017748                mqtt_disconnect
                0x0000000000017786                mqtt_subscribe
                0x0000000000017843                mqtt_unsubscribe
                0x00000000000178f1                mqtt_publish
                0x00000000000179d2                mqtt_set_username_password
                0x0000000000017a5d                mqtt_set_last_will
 .text          0x0000000000017ab1      0x328 obj_cooja/mtype616.a(contiki-main.o)
                0x0000000000017ab1                main
 .text          0x0000000000017dd9       0x92 obj_cooja/mtype616.a(autostart.o)
                0x0000000000017dd9                autostart_start
                0x0000000000017e23                autostart_exit
 .text          0x0000000000017e6b      0x355 obj_cooja/mtype616.a(ctimer.o)
                0x0000000000017f93                ctimer_init
                0x0000000000017fc6                ctimer_set
                0x0000000000017fec                ctimer_set_with_process
                0x0000000000018069                ctimer_reset
                0x00000000000180bd                ctimer_restart
                0x0000000000018111                ctimer_stop
                0x0000000000018161                ctimer_expired
 .text          0x00000000000181c0       0x1b obj_cooja/mtype616.a(energest.o)
                0x00000000000181c0                energest_init
                0x00000000000181c6                energest_flush
                0x00000000000181cc                energest_get_total_time
 .text          0x00000000000181db      0x43f obj_cooja/mtype616.a(etimer.o)
                0x00000000000183ff                etimer_request_poll
                0x0000000000018488                etimer_set
                0x00000000000184b1                etimer_reset_with_new_interval
                0x00000000000184e0                etimer_reset
                0x0000000000018506                etimer_restart
                0x000000000001852c                etimer_adjust
                0x0000000000018549                etimer_expired
                0x000000000001855c                etimer_expiration_time
                0x000000000001856e                etimer_start_time
                0x0000000000018578                etimer_pending
                0x000000000001858a                etimer_next_expiration_time
                0x00000000000185a4                etimer_stop
 .text          0x000000000001861a      0x394 obj_cooja/mtype616.a(log.o)
                0x000000000001861a                log_6addr
                0x000000000001866d                log_6addr_compact_snprint
                0x000000000001870b                log_6addr_compact
                0x000000000001875e                log_lladdr
                0x00000000000187d0                log_lladdr_compact
                0x0000000000018838                log_set_level
                0x00000000000188f3                log_get_level
                0x000000000001896c                log_level_to_str
 .text          0x00000000000189ae      0x4fb obj_cooja/mtype616.a(process.o)
                0x00000000000189ae                process_alloc_event
                0x00000000000189c3                process_start
                0x0000000000018b9d                process_exit
                0x0000000000018bba                process_init
                0x0000000000018d4f                process_run
                0x0000000000018d82                process_nevents
                0x0000000000018d9d                process_post
                0x0000000000018e30                process_post_synch
                0x0000000000018e65                process_poll
                0x0000000000018e95                process_is_running
 .text          0x0000000000018ea9       0xeb obj_cooja/mtype616.a(rtimer.o)
                0x0000000000018ea9                rtimer_init
                0x0000000000018eb7                rtimer_set
                0x0000000000018f32                rtimer_run_next
 .text          0x0000000000018f94       0x25 obj_cooja/mtype616.a(node-id.o)
                0x0000000000018f94                node_id_init
 .text          0x0000000000018fb9       0x9c obj_cooja/mtype616.a(timer.o)
                0x0000000000018fb9                timer_set
                0x0000000000018fd7                timer_reset
                0x0000000000018fef                timer_restart
                0x0000000000019004                timer_expired
                0x0000000000019031                timer_remaining
 .text          0x0000000000019055      0x1eb obj_cooja/mtype616.a(serial-line.o)
                0x0000000000019055                serial_line_input_byte
                0x000000000001920b                serial_line_init
 .text          0x0000000000019240      0x28f obj_cooja/mtype616.a(list.o)
                0x0000000000019240                list_init
                0x000000000001924f                list_head
                0x0000000000019259                list_copy
                0x0000000000019269                list_tail
                0x000000000001929f                list_add
                0x00000000000192eb                list_push
                0x0000000000019317                list_chop
                0x0000000000019381                list_pop
                0x00000000000193a9                list_remove
                0x0000000000019411                list_length
                0x000000000001943f                list_insert
                0x0000000000019484                list_item_next
                0x000000000001949b                list_contains
 .text          0x00000000000194cf      0x156 obj_cooja/mtype616.a(ringbuf.o)
                0x00000000000194cf                ringbuf_init
                0x0000000000019501                ringbuf_put
                0x000000000001957f                ringbuf_get
                0x00000000000195ec                ringbuf_size
                0x00000000000195fe                ringbuf_elements
 .text          0x0000000000019625      0x407 obj_cooja/mtype616.a(packetbuf.o)
                0x0000000000019625                packetbuf_clear
                0x0000000000019650                packetbuf_copyfrom
                0x000000000001969f                packetbuf_copyto
                0x0000000000019732                packetbuf_hdralloc
                0x00000000000197ae                packetbuf_hdrreduce
                0x00000000000197f4                packetbuf_set_datalen
                0x000000000001980e                packetbuf_dataptr
                0x000000000001982b                packetbuf_hdrptr
                0x0000000000019835                packetbuf_datalen
                0x0000000000019841                packetbuf_hdrlen
                0x0000000000019858                packetbuf_totlen
                0x000000000001986e                packetbuf_remaininglen
                0x0000000000019881                packetbuf_attr_clear
                0x00000000000198cd                packetbuf_attr_copyto
                0x0000000000019925                packetbuf_attr_copyfrom
                0x000000000001997d                packetbuf_set_attr
                0x00000000000199a7                packetbuf_attr
                0x00000000000199c1                packetbuf_set_addr
                0x00000000000199f2                packetbuf_addr
                0x0000000000019a0f                packetbuf_holds_broadcast
 .text          0x0000000000019a2c       0xef obj_cooja/mtype616.a(netstack.o)
                0x0000000000019a2c                netstack_process_ip_callback
                0x0000000000019abd                netstack_ip_packet_processor_add
                0x0000000000019ae0                uip_ds6_ip_packet_processor_rm
                0x0000000000019afd                netstack_init
 .text          0x0000000000019b1b       0x4f obj_cooja/mtype616.a(linkaddr.o)
                0x0000000000019b1b                linkaddr_copy
                0x0000000000019b31                linkaddr_cmp
                0x0000000000019b54                linkaddr_set_node_addr
 .text          0x0000000000019b6a      0x165 obj_cooja/mtype616.a(csma.o)
 .text          0x0000000000019ccf      0x944 obj_cooja/mtype616.a(csma-output.o)
                0x000000000001a348                csma_output_packet
                0x000000000001a5d5                csma_output_init
 .text          0x000000000001a613      0xb25 obj_cooja/mtype616.a(uip-ds6.o)
                0x000000000001a613                uip_ds6_init
                0x000000000001a7be                uip_ds6_periodic
                0x000000000001a845                uip_ds6_list_loop
                0x000000000001a905                uip_ds6_prefix_add
                0x000000000001a9b1                uip_ds6_prefix_rm
                0x000000000001a9c4                uip_ds6_prefix_lookup
                0x000000000001aa03                uip_ds6_is_addr_onlink
                0x000000000001aa76                uip_ds6_addr_add
                0x000000000001ab96                uip_ds6_addr_rm
                0x000000000001ac3f                uip_ds6_addr_lookup
                0x000000000001ac78                uip_ds6_get_link_local
                0x000000000001acf9                uip_ds6_get_global
                0x000000000001ad7a                uip_ds6_maddr_add
                0x000000000001adda                uip_ds6_maddr_rm
                0x000000000001aded                uip_ds6_maddr_lookup
                0x000000000001ae26                uip_ds6_aaddr_add
                0x000000000001ae86                uip_ds6_aaddr_rm
                0x000000000001ae99                uip_ds6_aaddr_lookup
                0x000000000001aed2                uip_ds6_select_src
                0x000000000001b01b                uip_ds6_set_addr_iid
                0x000000000001b046                uip_ds6_set_lladdr_from_iid
                0x000000000001b06f                get_match_length
                0x000000000001b100                uip_ds6_compute_reachable_time
 .text          0x000000000001b138      0x9d5 obj_cooja/mtype616.a(tcp-socket.o)
                0x000000000001b783                tcp_socket_register
                0x000000000001b814                tcp_socket_connect
                0x000000000001b8ab                tcp_socket_listen
                0x000000000001b922                tcp_socket_unlisten
                0x000000000001b996                tcp_socket_send
                0x000000000001ba36                tcp_socket_send_str
                0x000000000001ba5e                tcp_socket_close
                0x000000000001ba87                tcp_socket_unregister
                0x000000000001bae1                tcp_socket_max_sendlen
                0x000000000001bafe                tcp_socket_queuelen
 .text          0x000000000001bb0d      0xa72 obj_cooja/mtype616.a(tcpip.o)
                0x000000000001bb27                tcpip_output
                0x000000000001bc0b                tcp_connect
                0x000000000001bc63                tcp_unlisten
                0x000000000001bcc3                tcp_listen
                0x000000000001bd21                tcp_attach
                0x000000000001bd39                udp_attach
                0x000000000001bd51                udp_new
                0x000000000001bd9b                udp_broadcast_new
                0x000000000001c020                tcpip_input
                0x000000000001c1c0                tcpip_ipv6_output
                0x000000000001c3d4                tcpip_poll_udp
                0x000000000001c3f2                tcpip_poll_tcp
                0x000000000001c410                tcpip_uipcall
 .text          0x000000000001c57f      0x35b obj_cooja/mtype616.a(uip-ds6-route.o)
                0x000000000001c5d0                uip_ds6_route_init
                0x000000000001c5fa                uip_ds6_route_nexthop
                0x000000000001c604                uip_ds6_route_head
                0x000000000001c60e                uip_ds6_route_next
                0x000000000001c618                uip_ds6_route_is_nexthop
                0x000000000001c622                uip_ds6_route_num_routes
                0x000000000001c62c                uip_ds6_route_lookup
                0x000000000001c636                uip_ds6_route_add
                0x000000000001c649                uip_ds6_route_rm
                0x000000000001c64f                uip_ds6_route_rm_by_nexthop
                0x000000000001c655                uip_ds6_defrt_head
                0x000000000001c66e                uip_ds6_defrt_add
                0x000000000001c71c                uip_ds6_defrt_rm
                0x000000000001c782                uip_ds6_defrt_lookup
                0x000000000001c7e9                uip_ds6_defrt_choose
                0x000000000001c85f                uip_ds6_defrt_periodic
 .text          0x000000000001c8da     0x2802 obj_cooja/mtype616.a(uip6.o)
                0x000000000001c8da                uip_add32
                0x000000000001ca74                uip_chksum
                0x000000000001cb55                uip_icmp6chksum
                0x000000000001cb6a                uip_tcpchksum
                0x000000000001cb7f                uip_udpchksum
                0x000000000001cb94                uip_init
                0x000000000001cc1f                uip_connect
                0x000000000001cda8                remove_ext_hdr
                0x000000000001ce8d                uip_udp_new
                0x000000000001cfaf                uip_unlisten
                0x000000000001cff1                uip_listen
                0x000000000001d292                uip_process
                0x000000000001efd7                uip_htons
                0x000000000001eff9                uip_htonl
                0x000000000001f037                uip_send
 .text          0x000000000001f0dc      0x374 obj_cooja/mtype616.a(uip-ds6-nbr.o)
                0x000000000001f0dc                uip_ds6_neighbors_init
                0x000000000001f100                uip_ds6_nbr_add
                0x000000000001f186                uip_ds6_nbr_rm
                0x000000000001f1d1                uip_ds6_nbr_update_ll
                0x000000000001f2bf                uip_ds6_nbr_get_ipaddr
                0x000000000001f2d4                uip_ds6_nbr_get_ll
                0x000000000001f2f0                uip_ds6_nbr_num
                0x000000000001f339                uip_ds6_nbr_head
                0x000000000001f352                uip_ds6_nbr_next
                0x000000000001f36e                uip_ds6_nbr_lookup
                0x000000000001f3d1                uip_ds6_nbr_ll_lookup
                0x000000000001f3ed                uip_ds6_nbr_ipaddr_from_lladdr
                0x000000000001f416                uip_ds6_nbr_lladdr_from_ipaddr
                0x000000000001f44a                uip_ds6_link_callback
 .text          0x000000000001f450      0x6b5 obj_cooja/mtype616.a(uip-nd6.o)
                0x000000000001faec                uip_nd6_init
 .text          0x000000000001fb05      0x37a obj_cooja/mtype616.a(simple-udp.o)
                0x000000000001fb32                simple_udp_send
                0x000000000001fb95                simple_udp_sendto
                0x000000000001fbf0                simple_udp_sendto_port
                0x000000000001fc49                simple_udp_register
 .text          0x000000000001fe7f     0x2a78 obj_cooja/mtype616.a(sicslowpan.o)
                0x000000000002037d                netstack_sniffer_add
                0x000000000002038b                netstack_sniffer_remove
                0x00000000000228c3                sicslowpan_init
                0x00000000000228ed                sicslowpan_get_last_rssi
 .text          0x00000000000228f7      0x4d1 obj_cooja/mtype616.a(uiplib.o)
                0x00000000000228f7                uiplib_ip6addrconv
                0x0000000000022aaf                uiplib_ip4addrconv
                0x0000000000022b72                uiplib_ipaddr_print
                0x0000000000022bc5                uiplib_ipaddr_snprint
 .text          0x0000000000022dc8      0x4c9 obj_cooja/mtype616.a(rpl.o)
                0x0000000000022dc8                rpl_lollipop_greater_than
                0x0000000000022e22                rpl_get_global_address
                0x0000000000022f1a                rpl_link_callback
                0x0000000000022f5e                rpl_has_joined
                0x0000000000022f83                rpl_is_reachable
                0x0000000000023004                rpl_reset_prefix
                0x000000000002306e                rpl_set_prefix_from_addr
                0x0000000000023153                rpl_set_prefix
                0x000000000002326d                rpl_set_leaf_only
                0x0000000000023285                rpl_get_leaf_only
 .text          0x0000000000023291     0x13cb obj_cooja/mtype616.a(rpl-icmp6.o)
                0x00000000000233b6                rpl_icmp6_update_nbr_table
                0x000000000002344f                rpl_icmp6_dis_output
                0x0000000000023aa5                rpl_icmp6_dio_output
                0x00000000000242b2                rpl_icmp6_dao_output
                0x00000000000245a3                rpl_icmp6_dao_ack_output
                0x0000000000024613                rpl_icmp6_init
 .text          0x000000000002465c      0xe51 obj_cooja/mtype616.a(rpl-dag.o)
                0x000000000002465c                rpl_dag_state_to_str
                0x000000000002469b                rpl_dag_get_root_ipaddr
                0x00000000000246e3                rpl_dag_leave
                0x000000000002476c                rpl_dag_poison_and_leave
                0x0000000000024784                rpl_dag_periodic
                0x000000000002480c                rpl_is_addr_in_our_dag
                0x0000000000024850                rpl_get_default_instance
                0x000000000002486c                rpl_get_any_dag
                0x00000000000248c5                rpl_refresh_routes
                0x0000000000024905                rpl_global_repair
                0x0000000000024991                rpl_local_repair
                0x00000000000249db                rpl_dag_ready_to_advertise
                0x0000000000024a1e                rpl_dag_update_state
                0x0000000000025142                rpl_process_dio
                0x00000000000251c3                rpl_process_dis
                0x0000000000025208                rpl_process_dao
                0x0000000000025297                rpl_process_dao_ack
                0x0000000000025329                rpl_process_hbh
                0x0000000000025379                rpl_dag_init_root
                0x000000000002548d                rpl_dag_init
 .text          0x00000000000254ad      0x286 obj_cooja/mtype616.a(rpl-dag-root.o)
                0x00000000000254ad                rpl_dag_root_print_links
                0x00000000000255fb                rpl_dag_root_set_prefix
                0x0000000000025627                rpl_dag_root_start
                0x0000000000025704                rpl_dag_root_is_root
 .text          0x0000000000025733       0x1e obj_cooja/mtype616.a(watchdog.o)
                0x0000000000025733                watchdog_init
                0x0000000000025739                watchdog_start
                0x000000000002573f                watchdog_periodic
                0x0000000000025745                watchdog_stop
                0x000000000002574b                watchdog_reboot
 .text          0x0000000000025751       0xb2 obj_cooja/mtype616.a(stimer.o)
                0x0000000000025751                stimer_set
                0x000000000002576f                stimer_reset
                0x0000000000025787                stimer_restart
                0x000000000002579c                stimer_expired
                0x00000000000257c7                stimer_remaining
                0x00000000000257eb                stimer_elapsed
 .text          0x0000000000025803      0x1b8 obj_cooja/mtype616.a(memb.o)
                0x0000000000025803                memb_init
                0x0000000000025858                memb_alloc
                0x00000000000258bd                memb_free
                0x0000000000025938                memb_inmemb
                0x0000000000025977                memb_numfree
 .text          0x00000000000259bb      0x2e7 obj_cooja/mtype616.a(queuebuf.o)
                0x00000000000259c5                queuebuf_init
                0x00000000000259ee                queuebuf_numfree
                0x0000000000025a06                queuebuf_new_from_packetbuf
                0x0000000000025aa5                queuebuf_update_attr_from_packetbuf
                0x0000000000025ada                queuebuf_update_from_packetbuf
                0x0000000000025b2a                queuebuf_free
                0x0000000000025b73                queuebuf_to_packetbuf
                0x0000000000025bdf                queuebuf_dataptr
                0x0000000000025c19                queuebuf_datalen
                0x0000000000025c3c                queuebuf_addr
                0x0000000000025c71                queuebuf_attr
                0x0000000000025c9c                queuebuf_debug_print
 .text          0x0000000000025ca2      0x78b obj_cooja/mtype616.a(nbr-table.o)
                0x000000000002611b                nbr_table_register
                0x0000000000026188                nbr_table_is_registered
                0x00000000000261c3                nbr_table_head
                0x000000000002621e                nbr_table_next
                0x000000000002627f                nbr_table_add_lladdr
                0x0000000000026349                nbr_table_get_from_lladdr
                0x0000000000026395                nbr_table_remove
                0x00000000000263cd                nbr_table_lock
                0x00000000000263e7                nbr_table_unlock
                0x0000000000026401                nbr_table_get_lladdr
 .text          0x000000000002642d      0x37c obj_cooja/mtype616.a(link-stats.o)
                0x000000000002642d                link_stats_from_lladdr
                0x0000000000026449                link_stats_is_fresh
                0x0000000000026485                guess_etx_from_rssi
                0x0000000000026501                link_stats_packet_sent
                0x0000000000026614                link_stats_input_callback
                0x0000000000026724                link_stats_reset
                0x0000000000026774                link_stats_init
 .text          0x00000000000267a9      0x187 obj_cooja/mtype616.a(mac-sequence.o)
                0x00000000000267a9                mac_sequence_is_duplicate
                0x0000000000026849                mac_sequence_register_seqno
 .text          0x0000000000026930       0x23 obj_cooja/mtype616.a(mac.o)
                0x0000000000026930                mac_call_sent_callback
 .text          0x0000000000026953      0x41d obj_cooja/mtype616.a(framer-802154.o)
                0x0000000000026ae2                framer_802154_setup_params
 .text          0x0000000000026d70      0xb6f obj_cooja/mtype616.a(frame802154.o)
                0x0000000000026da1                frame802154_get_pan_id
                0x0000000000026dad                frame802154_set_pan_id
                0x0000000000026dc7                frame802154_has_panid
                0x0000000000026f76                frame802154_check_dest_panid
                0x0000000000026ffe                frame802154_is_broadcast_addr
                0x000000000002704b                frame802154_extract_linkaddr
                0x00000000000272b0                frame802154_hdrlen
                0x0000000000027323                frame802154_create_fcf
                0x00000000000273db                frame802154_create
                0x0000000000027550                frame802154_parse_fcf
                0x0000000000027632                frame802154_parse
 .text          0x00000000000278df      0x1ec obj_cooja/mtype616.a(uipbuf.o)
                0x00000000000278df                uipbuf_get_next_header
                0x000000000002794e                uipbuf_get_last_header
                0x00000000000279d5                uipbuf_get_attr
                0x00000000000279fc                uipbuf_set_attr
                0x0000000000027a33                uipbuf_clear_attr
                0x0000000000027a5f                uipbuf_set_attr_flag
                0x0000000000027a80                uipbuf_clr_attr_flag
                0x0000000000027aa7                uipbuf_is_attr_flag
 .text          0x0000000000027acb      0x96e obj_cooja/mtype616.a(uip-icmp6.o)
                0x0000000000027b40                uip_icmp6_input
                0x0000000000027b97                uip_icmp6_register_input_handler
                0x0000000000027da3                uip_icmp6_error_output
                0x0000000000028102                uip_icmp6_send
                0x00000000000283c1                uip_icmp6_echo_reply_callback_add
                0x00000000000283f3                uip_icmp6_echo_reply_callback_rm
                0x0000000000028410                uip_icmp6_init
 .text          0x0000000000028439      0x69b obj_cooja/mtype616.a(uip-sr.o)
                0x0000000000028439                uip_sr_num_nodes
                0x00000000000284c7                uip_sr_get_node
                0x000000000002851e                uip_sr_is_addr_reachable
                0x00000000000285cc                uip_sr_expire_parent
                0x0000000000028615                uip_sr_update_node
                0x0000000000028745                uip_sr_init
                0x0000000000028779                uip_sr_node_head
                0x0000000000028792                uip_sr_node_next
                0x00000000000287a8                uip_sr_periodic
                0x00000000000288ae                uip_sr_free_all
                0x000000000002891e                uip_sr_link_snprint
 .text          0x0000000000028ad4      0x146 obj_cooja/mtype616.a(uip-packetqueue)
                0x0000000000028b02                uip_packetqueue_new
                0x0000000000028b11                uip_packetqueue_alloc
                0x0000000000028b6c                uip_packetqueue_free
                0x0000000000028bb3                uip_packetqueue_buf
                0x0000000000028bd0                uip_packetqueue_buflen
                0x0000000000028bf1                uip_packetqueue_set_buflen
 .text          0x0000000000028c1a      0x128 obj_cooja/mtype616.a(uip-udp-packet.)
                0x0000000000028c1a                uip_udp_packet_send
                0x0000000000028c75                uip_udp_packet_sendto
 .text          0x0000000000028d42      0x1c8 obj_cooja/mtype616.a(rpl-nbr-policy.)
                0x0000000000028ec7                rpl_nbr_policy_find_removable
 .text          0x0000000000028f0a      0x8ed obj_cooja/mtype616.a(rpl-neighbor.o)
                0x0000000000028f86                rpl_neighbor_snprint
                0x0000000000029233                rpl_neighbor_print_list
                0x00000000000292e8                rpl_neighbor_count
                0x000000000002938f                rpl_neighbor_get_from_lladdr
                0x00000000000293ab                rpl_neighbor_is_acceptable_parent
                0x00000000000293df                rpl_neighbor_get_link_metric
                0x0000000000029413                rpl_neighbor_rank_via_nbr
                0x0000000000029447                rpl_neighbor_get_lladdr
                0x0000000000029463                rpl_neighbor_get_ipaddr
                0x000000000002948a                rpl_neighbor_get_link_stats
                0x00000000000294b1                rpl_neighbor_is_fresh
                0x00000000000294d8                rpl_neighbor_is_reachable
                0x0000000000029523                rpl_neighbor_is_parent
                0x000000000002954d                rpl_neighbor_set_preferred_parent
                0x00000000000295d9                rpl_neighbor_remove_all
                0x0000000000029628                rpl_neighbor_get_from_ipaddr
                0x000000000002972c                rpl_neighbor_select_best
                0x00000000000297d8                rpl_neighbor_init
 .text          0x00000000000297f7      0xa19 obj_cooja/mtype616.a(rpl-timers.o)
                0x00000000000297f7                rpl_timers_schedule_periodic_dis
                0x0000000000029945                rpl_timers_dio_reset
                0x0000000000029a36                rpl_timers_schedule_unicast_dio
                0x0000000000029bbc                rpl_timers_schedule_dao
                0x0000000000029cf6                rpl_timers_schedule_dao_ack
                0x0000000000029d7c                get_probing_delay
                0x0000000000029db0                get_probing_target
                0x0000000000029f9a                rpl_schedule_probing
                0x0000000000029fc8                rpl_schedule_probing_now
                0x000000000002a032                rpl_timers_unschedule_leaving
                0x000000000002a06a                rpl_timers_schedule_leaving
                0x000000000002a0ab                rpl_timers_init
                0x000000000002a13b                rpl_timers_stop_dag_timers
                0x000000000002a1b4                rpl_timers_unschedule_state_update
                0x000000000002a1d8                rpl_timers_schedule_state_update
 .text          0x000000000002a210     0x102c obj_cooja/mtype616.a(rpl-ext-header.)
                0x000000000002a210                rpl_ext_header_srh_get_next_hop
                0x000000000002a38c                rpl_ext_header_srh_update
                0x000000000002aa85                rpl_ext_header_hbh_update
                0x000000000002afda                rpl_ext_header_update
                0x000000000002b063                rpl_ext_header_remove
 .text          0x000000000002b23c      0x31b obj_cooja/mtype616.a(rpl-mrhof.o)
 .text          0x000000000002b557        0x0 /usr/lib/gcc/i686-linux-gnu/5/crtendS.o
 .text          0x000000000002b557        0x0 /usr/lib/gcc/i686-linux-gnu/5/../../../i386-linux-gnu/crtn.o
 *(.gnu.warning)

.fini           0x000000000002b558       0x14
 *(SORT(.fini))
 .fini          0x000000000002b558        0xf /usr/lib/gcc/i686-linux-gnu/5/../../../i386-linux-gnu/crti.o
                0x000000000002b558                _fini
 .fini          0x000000000002b567        0x5 /usr/lib/gcc/i686-linux-gnu/5/../../../i386-linux-gnu/crtn.o
                [!provide]                        PROVIDE (__etext, .)
                [!provide]                        PROVIDE (_etext, .)
                [!provide]                        PROVIDE (etext, .)

.rodata         0x000000000002b580      0xc40
 *(.rodata .rodata.* .gnu.linkonce.r.*)
 .rodata        0x000000000002b580      0x49c udp-client.o
                0x000000000002b5a0                autostart_processes
 .rodata        0x000000000002ba1c        0x8 obj_cooja/mtype616.a(beep.o)
                0x000000000002ba1c                beep_interface
 .rodata        0x000000000002ba24       0x20 obj_cooja/mtype616.a(button-sensor.o)
                0x000000000002ba24                button_interface
                0x000000000002ba34                button_sensor
 .rodata        0x000000000002ba44        0x8 obj_cooja/mtype616.a(leds-arch.o)
                0x000000000002ba44                leds_interface
 .rodata        0x000000000002ba4c        0x8 obj_cooja/mtype616.a(moteid.o)
                0x000000000002ba4c                moteid_interface
 .rodata        0x000000000002ba54       0x1c obj_cooja/mtype616.a(pir-sensor.o)
                0x000000000002ba54                pir_interface
                0x000000000002ba60                pir_sensor
 .rodata        0x000000000002ba70        0xe obj_cooja/mtype616.a(rs232.o)
                0x000000000002ba70                rs232_interface
 *fill*         0x000000000002ba7e        0x2 
 .rodata        0x000000000002ba80       0x24 obj_cooja/mtype616.a(vib-sensor.o)
                0x000000000002ba80                vib_interface
                0x000000000002ba94                vib_sensor
 .rodata        0x000000000002baa4        0x8 obj_cooja/mtype616.a(clock.o)
                0x000000000002baa4                clock_interface
 .rodata        0x000000000002baac        0x8 obj_cooja/mtype616.a(cooja-log.o)
                0x000000000002baac                simlog_interface
 .rodata        0x000000000002bab4       0x2f obj_cooja/mtype616.a(cfs-cooja.o)
                0x000000000002bab4                cfs_interface
 *fill*         0x000000000002bae3       0x1d 
 .rodata        0x000000000002bb00       0x58 obj_cooja/mtype616.a(cooja-radio.o)
                0x000000000002bb00                radio_interface
                0x000000000002bb20                cooja_radio_driver
 .rodata        0x000000000002bb58        0x8 obj_cooja/mtype616.a(eeprom.o)
                0x000000000002bb58                eeprom_interface
 .rodata        0x000000000002bb60        0x8 obj_cooja/mtype616.a(sensors.o)
 .rodata        0x000000000002bb68       0x14 obj_cooja/mtype616.a(mqtt.o)
 .rodata        0x000000000002bb7c       0xf8 obj_cooja/mtype616.a(contiki-main.o)
 .rodata        0x000000000002bc74        0xf obj_cooja/mtype616.a(ctimer.o)
 .rodata        0x000000000002bc83        0xc obj_cooja/mtype616.a(etimer.o)
 *fill*         0x000000000002bc8f        0x1 
 .rodata        0x000000000002bc90       0xc0 obj_cooja/mtype616.a(log.o)
 .rodata        0x000000000002bd50        0xe obj_cooja/mtype616.a(serial-line.o)
 *fill*         0x000000000002bd5e        0x2 
 .rodata        0x000000000002bd60        0x8 obj_cooja/mtype616.a(linkaddr.o)
                0x000000000002bd60                linkaddr_null
 .rodata        0x000000000002bd68       0x20 obj_cooja/mtype616.a(csma.o)
                0x000000000002bd70                csma_driver
 .rodata        0x000000000002bd88       0x13 obj_cooja/mtype616.a(tcp-socket.o)
 .rodata        0x000000000002bd9b        0xd obj_cooja/mtype616.a(tcpip.o)
 .rodata        0x000000000002bda8       0x4d obj_cooja/mtype616.a(uip-ds6-route.o)
 *fill*         0x000000000002bdf5        0x3 
 .rodata        0x000000000002bdf8      0x13c obj_cooja/mtype616.a(uip6.o)
 .rodata        0x000000000002bf34       0x13 obj_cooja/mtype616.a(simple-udp.o)
 *fill*         0x000000000002bf47        0x1 
 .rodata        0x000000000002bf48       0x30 obj_cooja/mtype616.a(sicslowpan.o)
                0x000000000002bf48                unc_llconf
                0x000000000002bf4c                unc_ctxconf
                0x000000000002bf50                unc_mxconf
                0x000000000002bf54                llprefix
                0x000000000002bf68                sicslowpan_driver
 .rodata        0x000000000002bf78       0x2d obj_cooja/mtype616.a(uiplib.o)
 *fill*         0x000000000002bfa5       0x1b 
 .rodata        0x000000000002bfc0       0x70 obj_cooja/mtype616.a(rpl.o)
                0x000000000002bfe0                rpl_lite_driver
 .rodata        0x000000000002c030       0xdb obj_cooja/mtype616.a(rpl-dag.o)
 *fill*         0x000000000002c10b        0x1 
 .rodata        0x000000000002c10c        0xc obj_cooja/mtype616.a(framer-802154.o)
                0x000000000002c10c                framer_802154
 .rodata        0x000000000002c118       0x44 obj_cooja/mtype616.a(uip-sr.o)
 .rodata        0x000000000002c15c       0x58 obj_cooja/mtype616.a(rpl-neighbor.o)
 .rodata        0x000000000002c1b4        0xc obj_cooja/mtype616.a(rpl-timers.o)

.rodata1
 *(.rodata1)

.eh_frame_hdr   0x000000000002c1c0     0x16a4
 *(.eh_frame_hdr)
 .eh_frame_hdr  0x000000000002c1c0     0x16a4 udp-client.o
                0x000000000002c1c0                __GNU_EH_FRAME_HDR
 *(.eh_frame_entry .eh_frame_entry.*)

.eh_frame       0x000000000002d864     0x5bc4
 *(.eh_frame)
 .eh_frame      0x000000000002d864       0x3c /usr/lib/gcc/i686-linux-gnu/5/../../../i386-linux-gnu/crti.o
                                         0x40 (size before relaxing)
 .eh_frame      0x000000000002d8a0      0x200 udp-client.o
                                        0x218 (size before relaxing)
 .eh_frame      0x000000000002daa0      0x178 obj_cooja/mtype616.o
                                        0x190 (size before relaxing)
 .eh_frame      0x000000000002dc18       0x40 obj_cooja/mtype616.a(simEnvChange.o)
                                         0x58 (size before relaxing)
 .eh_frame      0x000000000002dc58       0x60 obj_cooja/mtype616.a(cooja_mt.o)
                                         0x78 (size before relaxing)
 .eh_frame      0x000000000002dcb8       0x80 obj_cooja/mtype616.a(cooja_mtarch.o)
                                         0x98 (size before relaxing)
 .eh_frame      0x000000000002dd38       0xc8 obj_cooja/mtype616.a(rtimer-arch.o)
                                         0xe0 (size before relaxing)
 .eh_frame      0x000000000002de00      0x160 obj_cooja/mtype616.a(beep.o)
                                        0x178 (size before relaxing)
 .eh_frame      0x000000000002df60       0xa0 obj_cooja/mtype616.a(button-sensor.o)
                                         0xb8 (size before relaxing)
 .eh_frame      0x000000000002e000       0xa0 obj_cooja/mtype616.a(leds-arch.o)
                                         0xb8 (size before relaxing)
 .eh_frame      0x000000000002e0a0       0x40 obj_cooja/mtype616.a(moteid.o)
                                         0x58 (size before relaxing)
 .eh_frame      0x000000000002e0e0       0xa0 obj_cooja/mtype616.a(pir-sensor.o)
                                         0xb8 (size before relaxing)
 .eh_frame      0x000000000002e180      0x100 obj_cooja/mtype616.a(rs232.o)
                                        0x118 (size before relaxing)
 .eh_frame      0x000000000002e280       0xa0 obj_cooja/mtype616.a(vib-sensor.o)
                                         0xb8 (size before relaxing)
 .eh_frame      0x000000000002e320       0xc0 obj_cooja/mtype616.a(clock.o)
                                         0xd8 (size before relaxing)
 .eh_frame      0x000000000002e3e0      0x120 obj_cooja/mtype616.a(cooja-log.o)
                                        0x138 (size before relaxing)
 .eh_frame      0x000000000002e500      0x160 obj_cooja/mtype616.a(cfs-cooja.o)
                                        0x178 (size before relaxing)
 .eh_frame      0x000000000002e660      0x340 obj_cooja/mtype616.a(cooja-radio.o)
                                        0x358 (size before relaxing)
 .eh_frame      0x000000000002e9a0       0xa0 obj_cooja/mtype616.a(eeprom.o)
                                         0xb8 (size before relaxing)
 .eh_frame      0x000000000002ea40       0x40 obj_cooja/mtype616.a(random.o)
                                         0x58 (size before relaxing)
 .eh_frame      0x000000000002ea80       0xc0 obj_cooja/mtype616.a(sensors.o)
                                         0xd8 (size before relaxing)
 .eh_frame      0x000000000002eb40       0xe0 obj_cooja/mtype616.a(leds.o)
                                         0xf8 (size before relaxing)
 .eh_frame      0x000000000002ec20      0x4a4 obj_cooja/mtype616.a(mqtt.o)
                                        0x4bc (size before relaxing)
 .eh_frame      0x000000000002f0c4       0x30 obj_cooja/mtype616.a(contiki-main.o)
                                         0x48 (size before relaxing)
 .eh_frame      0x000000000002f0f4       0x40 obj_cooja/mtype616.a(autostart.o)
                                         0x58 (size before relaxing)
 .eh_frame      0x000000000002f134      0x100 obj_cooja/mtype616.a(ctimer.o)
                                        0x118 (size before relaxing)
 .eh_frame      0x000000000002f234       0x60 obj_cooja/mtype616.a(energest.o)
                                         0x78 (size before relaxing)
 .eh_frame      0x000000000002f294      0x1e0 obj_cooja/mtype616.a(etimer.o)
                                        0x1f8 (size before relaxing)
 .eh_frame      0x000000000002f474      0x100 obj_cooja/mtype616.a(log.o)
                                        0x118 (size before relaxing)
 .eh_frame      0x000000000002f574      0x1c4 obj_cooja/mtype616.a(process.o)
                                        0x1dc (size before relaxing)
 .eh_frame      0x000000000002f738       0x60 obj_cooja/mtype616.a(rtimer.o)
                                         0x78 (size before relaxing)
 .eh_frame      0x000000000002f798       0x20 obj_cooja/mtype616.a(node-id.o)
                                         0x38 (size before relaxing)
 .eh_frame      0x000000000002f7b8       0xa4 obj_cooja/mtype616.a(timer.o)
                                         0xbc (size before relaxing)
 .eh_frame      0x000000000002f85c       0x60 obj_cooja/mtype616.a(serial-line.o)
                                         0x78 (size before relaxing)
 .eh_frame      0x000000000002f8bc      0x1a0 obj_cooja/mtype616.a(list.o)
                                        0x1b8 (size before relaxing)
 .eh_frame      0x000000000002fa5c       0xa0 obj_cooja/mtype616.a(ringbuf.o)
                                         0xb8 (size before relaxing)
 .eh_frame      0x000000000002fafc      0x28c obj_cooja/mtype616.a(packetbuf.o)
                                        0x2a4 (size before relaxing)
 .eh_frame      0x000000000002fd88       0x80 obj_cooja/mtype616.a(netstack.o)
                                         0x98 (size before relaxing)
 .eh_frame      0x000000000002fe08       0x60 obj_cooja/mtype616.a(linkaddr.o)
                                         0x78 (size before relaxing)
 .eh_frame      0x000000000002fe68       0xa0 obj_cooja/mtype616.a(csma.o)
                                         0xb8 (size before relaxing)
 .eh_frame      0x000000000002ff08      0x1d4 obj_cooja/mtype616.a(csma-output.o)
                                        0x1ec (size before relaxing)
 .eh_frame      0x00000000000300dc      0x2e8 obj_cooja/mtype616.a(uip-ds6.o)
                                        0x300 (size before relaxing)
 .eh_frame      0x00000000000303c4      0x248 obj_cooja/mtype616.a(tcp-socket.o)
                                        0x260 (size before relaxing)
 .eh_frame      0x000000000003060c      0x308 obj_cooja/mtype616.a(tcpip.o)
                                        0x320 (size before relaxing)
 .eh_frame      0x0000000000030914      0x220 obj_cooja/mtype616.a(uip-ds6-route.o)
                                        0x238 (size before relaxing)
 .eh_frame      0x0000000000030b34      0x274 obj_cooja/mtype616.a(uip6.o)
                                        0x28c (size before relaxing)
 .eh_frame      0x0000000000030da8      0x1c0 obj_cooja/mtype616.a(uip-ds6-nbr.o)
                                        0x1d8 (size before relaxing)
 .eh_frame      0x0000000000030f68       0x84 obj_cooja/mtype616.a(uip-nd6.o)
                                         0x9c (size before relaxing)
 .eh_frame      0x0000000000030fec       0xd4 obj_cooja/mtype616.a(simple-udp.o)
                                         0xec (size before relaxing)
 .eh_frame      0x00000000000310c0      0x2f8 obj_cooja/mtype616.a(sicslowpan.o)
                                        0x310 (size before relaxing)
 .eh_frame      0x00000000000313b8       0x88 obj_cooja/mtype616.a(uiplib.o)
                                         0xa0 (size before relaxing)
 .eh_frame      0x0000000000031440      0x1e0 obj_cooja/mtype616.a(rpl.o)
                                        0x1f8 (size before relaxing)
 .eh_frame      0x0000000000031620      0x1c4 obj_cooja/mtype616.a(rpl-icmp6.o)
                                        0x1dc (size before relaxing)
 .eh_frame      0x00000000000317e4      0x370 obj_cooja/mtype616.a(rpl-dag.o)
                                        0x388 (size before relaxing)
 .eh_frame      0x0000000000031b54       0xa0 obj_cooja/mtype616.a(rpl-dag-root.o)
                                         0xb8 (size before relaxing)
 .eh_frame      0x0000000000031bf4       0xa0 obj_cooja/mtype616.a(watchdog.o)
                                         0xb8 (size before relaxing)
 .eh_frame      0x0000000000031c94       0xc4 obj_cooja/mtype616.a(stimer.o)
                                         0xdc (size before relaxing)
 .eh_frame      0x0000000000031d58       0xa0 obj_cooja/mtype616.a(memb.o)
                                         0xb8 (size before relaxing)
 .eh_frame      0x0000000000031df8      0x1a0 obj_cooja/mtype616.a(queuebuf.o)
                                        0x1b8 (size before relaxing)
 .eh_frame      0x0000000000031f98      0x2ac obj_cooja/mtype616.a(nbr-table.o)
                                        0x2c4 (size before relaxing)
 .eh_frame      0x0000000000032244      0x100 obj_cooja/mtype616.a(link-stats.o)
                                        0x118 (size before relaxing)
 .eh_frame      0x0000000000032344       0x48 obj_cooja/mtype616.a(mac-sequence.o)
                                         0x60 (size before relaxing)
 .eh_frame      0x000000000003238c       0x20 obj_cooja/mtype616.a(mac.o)
                                         0x38 (size before relaxing)
 .eh_frame      0x00000000000323ac       0xa4 obj_cooja/mtype616.a(framer-802154.o)
                                         0xbc (size before relaxing)
 .eh_frame      0x0000000000032450      0x1a4 obj_cooja/mtype616.a(frame802154.o)
                                        0x1bc (size before relaxing)
 .eh_frame      0x00000000000325f4      0x100 obj_cooja/mtype616.a(uipbuf.o)
                                        0x118 (size before relaxing)
 .eh_frame      0x00000000000326f4      0x160 obj_cooja/mtype616.a(uip-icmp6.o)
                                        0x178 (size before relaxing)
 .eh_frame      0x0000000000032854      0x184 obj_cooja/mtype616.a(uip-sr.o)
                                        0x19c (size before relaxing)
 .eh_frame      0x00000000000329d8       0xe0 obj_cooja/mtype616.a(uip-packetqueue)
                                         0xf8 (size before relaxing)
 .eh_frame      0x0000000000032ab8       0x40 obj_cooja/mtype616.a(uip-udp-packet.)
                                         0x58 (size before relaxing)
 .eh_frame      0x0000000000032af8       0x80 obj_cooja/mtype616.a(rpl-nbr-policy.)
                                         0x98 (size before relaxing)
 .eh_frame      0x0000000000032b78      0x2d4 obj_cooja/mtype616.a(rpl-neighbor.o)
                                        0x2ec (size before relaxing)
 .eh_frame      0x0000000000032e4c      0x368 obj_cooja/mtype616.a(rpl-timers.o)
                                        0x380 (size before relaxing)
 .eh_frame      0x00000000000331b4      0x128 obj_cooja/mtype616.a(rpl-ext-header.)
                                        0x140 (size before relaxing)
 .eh_frame      0x00000000000332dc      0x148 obj_cooja/mtype616.a(rpl-mrhof.o)
                                        0x160 (size before relaxing)
 .eh_frame      0x0000000000033424        0x4 /usr/lib/gcc/i686-linux-gnu/5/crtendS.o
 *(.eh_frame.*)

.gcc_except_table
 *(.gcc_except_table .gcc_except_table.*)

.gnu_extab
 *(.gnu_extab*)

.exception_ranges
 *(.exception_ranges .exception_ranges*)
                0x0000000000034f10                . = DATA_SEGMENT_ALIGN (0x1000, 0x1000)

.eh_frame
 *(.eh_frame)
 *(.eh_frame.*)

.gnu_extab
 *(.gnu_extab)

.gcc_except_table
 *(.gcc_except_table .gcc_except_table.*)

.exception_ranges
 *(.exception_ranges .exception_ranges*)

.tdata
 *(.tdata .tdata.* .gnu.linkonce.td.*)

.tbss
 *(.tbss .tbss.* .gnu.linkonce.tb.*)
 *(.tcommon)

.preinit_array
 *(.preinit_array)

.init_array     0x0000000000034f10        0x4
 *(SORT(.init_array.*) SORT(.ctors.*))
 *(.init_array EXCLUDE_FILE(*crtend?.o *crtend.o *crtbegin?.o *crtbegin.o) .ctors)
 .init_array    0x0000000000034f10        0x4 /usr/lib/gcc/i686-linux-gnu/5/crtbeginS.o

.fini_array     0x0000000000034f14        0x4
 *(SORT(.fini_array.*) SORT(.dtors.*))
 *(.fini_array EXCLUDE_FILE(*crtend?.o *crtend.o *crtbegin?.o *crtbegin.o) .dtors)
 .fini_array    0x0000000000034f14        0x4 /usr/lib/gcc/i686-linux-gnu/5/crtbeginS.o

.ctors
 *crtbegin.o(.ctors)
 *crtbegin?.o(.ctors)
 *(EXCLUDE_FILE(*crtend?.o *crtend.o) .ctors)
 *(SORT(.ctors.*))
 *(.ctors)

.dtors
 *crtbegin.o(.dtors)
 *crtbegin?.o(.dtors)
 *(EXCLUDE_FILE(*crtend?.o *crtend.o) .dtors)
 *(SORT(.dtors.*))
 *(.dtors)

.jcr            0x0000000000034f18        0x4
 *(.jcr)
 .jcr           0x0000000000034f18        0x0 /usr/lib/gcc/i686-linux-gnu/5/crtbeginS.o
 .jcr           0x0000000000034f18        0x4 /usr/lib/gcc/i686-linux-gnu/5/crtendS.o

.data.rel.ro
 *(.data.rel.ro.local* .gnu.linkonce.d.rel.ro.local.*)
 *(.data.rel.ro .data.rel.ro.* .gnu.linkonce.d.rel.ro.*)

.dynamic        0x0000000000034f1c       0xd0
 *(.dynamic)
 .dynamic       0x0000000000034f1c       0xd0 /usr/lib/gcc/i686-linux-gnu/5/../../../i386-linux-gnu/crti.o
                0x0000000000034f1c                _DYNAMIC

.got            0x0000000000034fec       0x14
 *(.got)
 .got           0x0000000000034fec       0x14 /usr/lib/gcc/i686-linux-gnu/5/../../../i386-linux-gnu/crti.o
 *(.igot)
                0x0000000000035ff4                . = DATA_SEGMENT_RELRO_END (., (SIZEOF (.got.plt) >= 0xc)?0xc:0x0)

.got.plt        0x0000000000035000        0xc
 *(.got.plt)
 .got.plt       0x0000000000035000        0xc /usr/lib/gcc/i686-linux-gnu/5/../../../i386-linux-gnu/crti.o
                0x0000000000035000                _GLOBAL_OFFSET_TABLE_
 *(.igot.plt)

.data           0x0000000000035020      0x344
 *(.data .data.* .gnu.linkonce.d.*)
 .data          0x0000000000035020        0x0 /usr/lib/gcc/i686-linux-gnu/5/../../../i386-linux-gnu/crti.o
 .data          0x0000000000035020        0x0 /usr/lib/gcc/i686-linux-gnu/5/crtbeginS.o
 .data.rel.local
                0x0000000000035020        0x4 /usr/lib/gcc/i686-linux-gnu/5/crtbeginS.o
                0x0000000000035020                __dso_handle
 .data          0x0000000000035024       0x24 udp-client.o
                0x0000000000035028                udp_client_process
                0x0000000000035038                mqtt_client_process
 *fill*         0x0000000000035048       0x18 
 .data          0x0000000000035060       0x44 obj_cooja/mtype616.o
                0x0000000000035060                simInterfaces
                0x0000000000035094                sensors
 .data          0x00000000000350a4        0x0 obj_cooja/mtype616.a(simEnvChange.o)
 .data          0x00000000000350a4        0x0 obj_cooja/mtype616.a(cooja_mt.o)
 .data          0x00000000000350a4        0x0 obj_cooja/mtype616.a(cooja_mtarch.o)
 .data          0x00000000000350a4        0x0 obj_cooja/mtype616.a(rtimer-arch.o)
 .data          0x00000000000350a4        0x0 obj_cooja/mtype616.a(beep.o)
 .data          0x00000000000350a4        0x0 obj_cooja/mtype616.a(button-sensor.o)
 .data          0x00000000000350a4        0x0 obj_cooja/mtype616.a(leds-arch.o)
 .data          0x00000000000350a4        0x0 obj_cooja/mtype616.a(moteid.o)
 .data          0x00000000000350a4        0x0 obj_cooja/mtype616.a(pir-sensor.o)
 .data          0x00000000000350a4        0x0 obj_cooja/mtype616.a(rs232.o)
 .data          0x00000000000350a4        0x0 obj_cooja/mtype616.a(vib-sensor.o)
 .data          0x00000000000350a4        0x0 obj_cooja/mtype616.a(clock.o)
 .data          0x00000000000350a4        0x0 obj_cooja/mtype616.a(cooja-log.o)
 .data          0x00000000000350a4        0x0 obj_cooja/mtype616.a(cfs-cooja.o)
 .data          0x00000000000350a4       0x2c obj_cooja/mtype616.a(cooja-radio.o)
                0x00000000000350a4                simRadioHWOn
                0x00000000000350a8                simSignalStrength
                0x00000000000350ac                simLastSignalStrength
                0x00000000000350b0                simPower
                0x00000000000350b4                simRadioChannel
                0x00000000000350b8                simLQI
                0x00000000000350c0                cooja_radio_process
 .data          0x00000000000350d0        0x0 obj_cooja/mtype616.a(eeprom.o)
 .data          0x00000000000350d0        0x0 obj_cooja/mtype616.a(random.o)
 .data          0x00000000000350d0       0x10 obj_cooja/mtype616.a(sensors.o)
                0x00000000000350d0                sensors_process
 .data          0x00000000000350e0        0x0 obj_cooja/mtype616.a(leds.o)
 .data          0x00000000000350e0       0x14 obj_cooja/mtype616.a(mqtt.o)
                0x00000000000350e4                mqtt_process
 .data          0x00000000000350f4        0x0 obj_cooja/mtype616.a(contiki-main.o)
 .data          0x00000000000350f4        0x0 obj_cooja/mtype616.a(autostart.o)
 .data          0x00000000000350f4       0x14 obj_cooja/mtype616.a(ctimer.o)
                0x00000000000350f8                ctimer_process
 .data          0x0000000000035108        0x0 obj_cooja/mtype616.a(energest.o)
 .data          0x0000000000035108       0x10 obj_cooja/mtype616.a(etimer.o)
                0x0000000000035108                etimer_process
 *fill*         0x0000000000035118        0x8 
 .data          0x0000000000035120       0xb0 obj_cooja/mtype616.a(log.o)
                0x0000000000035120                curr_log_level_main
                0x0000000000035140                all_modules
 .data          0x00000000000351d0        0x0 obj_cooja/mtype616.a(process.o)
 .data          0x00000000000351d0        0x0 obj_cooja/mtype616.a(rtimer.o)
 .data          0x00000000000351d0        0x0 obj_cooja/mtype616.a(node-id.o)
 .data          0x00000000000351d0        0x0 obj_cooja/mtype616.a(timer.o)
 .data          0x00000000000351d0       0x10 obj_cooja/mtype616.a(serial-line.o)
                0x00000000000351d0                serial_line_process
 .data          0x00000000000351e0        0x0 obj_cooja/mtype616.a(list.o)
 .data          0x00000000000351e0        0x0 obj_cooja/mtype616.a(ringbuf.o)
 .data          0x00000000000351e0        0x4 obj_cooja/mtype616.a(packetbuf.o)
 .data          0x00000000000351e4        0x4 obj_cooja/mtype616.a(netstack.o)
 .data          0x00000000000351e8        0x0 obj_cooja/mtype616.a(linkaddr.o)
 .data          0x00000000000351e8        0x0 obj_cooja/mtype616.a(csma.o)
 .data          0x00000000000351e8       0x28 obj_cooja/mtype616.a(csma-output.o)
 .data          0x0000000000035210        0x0 obj_cooja/mtype616.a(uip-ds6.o)
 .data          0x0000000000035210       0x14 obj_cooja/mtype616.a(tcp-socket.o)
                0x0000000000035214                tcp_socket_process
 .data          0x0000000000035224       0x10 obj_cooja/mtype616.a(tcpip.o)
                0x0000000000035224                tcpip_process
 .data          0x0000000000035234       0x10 obj_cooja/mtype616.a(uip-ds6-route.o)
 .data          0x0000000000035244        0x0 obj_cooja/mtype616.a(uip6.o)
 .data          0x0000000000035244       0x14 obj_cooja/mtype616.a(uip-ds6-nbr.o)
                0x0000000000035254                ds6_neighbors
 .data          0x0000000000035258        0xc obj_cooja/mtype616.a(uip-nd6.o)
 .data          0x0000000000035264       0x10 obj_cooja/mtype616.a(simple-udp.o)
                0x0000000000035264                simple_udp_process
 .data          0x0000000000035274        0x0 obj_cooja/mtype616.a(sicslowpan.o)
 .data          0x0000000000035274        0x0 obj_cooja/mtype616.a(uiplib.o)
 .data          0x0000000000035274        0x0 obj_cooja/mtype616.a(rpl.o)
 .data          0x0000000000035274       0x30 obj_cooja/mtype616.a(rpl-icmp6.o)
 .data          0x00000000000352a4        0x0 obj_cooja/mtype616.a(rpl-dag.o)
 .data          0x00000000000352a4        0x0 obj_cooja/mtype616.a(rpl-dag-root.o)
 .data          0x00000000000352a4        0x0 obj_cooja/mtype616.a(watchdog.o)
 .data          0x00000000000352a4        0x0 obj_cooja/mtype616.a(stimer.o)
 .data          0x00000000000352a4        0x0 obj_cooja/mtype616.a(memb.o)
 .data          0x00000000000352a4       0x18 obj_cooja/mtype616.a(queuebuf.o)
 .data          0x00000000000352bc       0x10 obj_cooja/mtype616.a(nbr-table.o)
 .data          0x00000000000352cc       0x14 obj_cooja/mtype616.a(link-stats.o)
 .data          0x00000000000352e0        0x0 obj_cooja/mtype616.a(mac-sequence.o)
 .data          0x00000000000352e0        0x0 obj_cooja/mtype616.a(mac.o)
 .data          0x00000000000352e0        0x0 obj_cooja/mtype616.a(framer-802154.o)
 .data          0x00000000000352e0        0x2 obj_cooja/mtype616.a(frame802154.o)
 .data          0x00000000000352e2        0x0 obj_cooja/mtype616.a(uipbuf.o)
 *fill*         0x00000000000352e2        0x2 
 .data          0x00000000000352e4       0x20 obj_cooja/mtype616.a(uip-icmp6.o)
 .data          0x0000000000035304       0x10 obj_cooja/mtype616.a(uip-sr.o)
 .data          0x0000000000035314        0xc obj_cooja/mtype616.a(uip-packetqueue)
 .data          0x0000000000035320        0x0 obj_cooja/mtype616.a(uip-udp-packet.)
 .data          0x0000000000035320        0x0 obj_cooja/mtype616.a(rpl-nbr-policy.)
 .data          0x0000000000035320       0x14 obj_cooja/mtype616.a(rpl-neighbor.o)
                0x0000000000035330                rpl_neighbors
 .data          0x0000000000035334        0x0 obj_cooja/mtype616.a(rpl-timers.o)
 .data          0x0000000000035334        0x0 obj_cooja/mtype616.a(rpl-ext-header.)
 *fill*         0x0000000000035334        0xc 
 .data          0x0000000000035340       0x24 obj_cooja/mtype616.a(rpl-mrhof.o)
                0x0000000000035340                rpl_mrhof
 .data          0x0000000000035364        0x0 /usr/lib/gcc/i686-linux-gnu/5/crtendS.o
 .data          0x0000000000035364        0x0 /usr/lib/gcc/i686-linux-gnu/5/../../../i386-linux-gnu/crtn.o

.tm_clone_table
                0x0000000000035364        0x0
 .tm_clone_table
                0x0000000000035364        0x0 /usr/lib/gcc/i686-linux-gnu/5/crtbeginS.o
 .tm_clone_table
                0x0000000000035364        0x0 /usr/lib/gcc/i686-linux-gnu/5/crtendS.o

.data1
 *(.data1)
                0x0000000000035364                _edata = .
                [!provide]                        PROVIDE (edata, .)
                0x0000000000035364                . = .
                0x0000000000035364                __bss_start = .

.bss            0x0000000000035380    0x14da0
 *(.dynbss)
 .dynbss        0x0000000000035380        0x0 /usr/lib/gcc/i686-linux-gnu/5/../../../i386-linux-gnu/crti.o
 *(.bss .bss.* .gnu.linkonce.b.*)
 .bss           0x0000000000035380        0x0 /usr/lib/gcc/i686-linux-gnu/5/../../../i386-linux-gnu/crti.o
 .bss           0x0000000000035380        0x1 /usr/lib/gcc/i686-linux-gnu/5/crtbeginS.o
 *fill*         0x0000000000035381       0x1f 
 .bss           0x00000000000353a0      0xe00 udp-client.o
 .bss           0x00000000000361a0     0x2030 obj_cooja/mtype616.o
 .bss           0x00000000000381d0        0x1 obj_cooja/mtype616.a(simEnvChange.o)
                0x00000000000381d0                simDontFallAsleep
 *fill*         0x00000000000381d1        0x3 
 .bss           0x00000000000381d4        0x4 obj_cooja/mtype616.a(cooja_mt.o)
 .bss           0x00000000000381d8        0x4 obj_cooja/mtype616.a(cooja_mtarch.o)
 .bss           0x00000000000381dc        0x0 obj_cooja/mtype616.a(rtimer-arch.o)
 .bss           0x00000000000381dc        0x0 obj_cooja/mtype616.a(beep.o)
 .bss           0x00000000000381dc        0x8 obj_cooja/mtype616.a(button-sensor.o)
 .bss           0x00000000000381e4        0x0 obj_cooja/mtype616.a(leds-arch.o)
 .bss           0x00000000000381e4        0x0 obj_cooja/mtype616.a(moteid.o)
 .bss           0x00000000000381e4        0x1 obj_cooja/mtype616.a(pir-sensor.o)
                0x00000000000381e4                simPirValue
 *fill*         0x00000000000381e5        0x3 
 .bss           0x00000000000381e8        0x4 obj_cooja/mtype616.a(rs232.o)
 .bss           0x00000000000381ec        0x1 obj_cooja/mtype616.a(vib-sensor.o)
                0x00000000000381ec                simVibValue
 .bss           0x00000000000381ed        0x0 obj_cooja/mtype616.a(clock.o)
 *fill*         0x00000000000381ed       0x13 
 .bss           0x0000000000038200     0x2020 obj_cooja/mtype616.a(cooja-log.o)
 .bss           0x000000000003a220      0xfc0 obj_cooja/mtype616.a(cfs-cooja.o)
                0x000000000003a220                simCFSData
                0x000000000003b1c0                simCFSSize
                0x000000000003b1c4                simCFSChanged
                0x000000000003b1c8                simCFSRead
                0x000000000003b1cc                simCFSWritten
 .bss           0x000000000003b1e0       0x24 obj_cooja/mtype616.a(cooja-radio.o)
                0x000000000003b1e0                simReceiving
                0x000000000003b1e4                simInSize
                0x000000000003b1e8                simLastPacketTimestamp
                0x000000000003b1f0                simOutSize
 .bss           0x000000000003b204        0xc obj_cooja/mtype616.a(eeprom.o)
                0x000000000003b204                simEEPROMChanged
                0x000000000003b208                simEEPROMRead
                0x000000000003b20c                simEEPROMWritten
 .bss           0x000000000003b210        0x0 obj_cooja/mtype616.a(random.o)
 .bss           0x000000000003b210        0xc obj_cooja/mtype616.a(sensors.o)
 .bss           0x000000000003b21c        0x0 obj_cooja/mtype616.a(leds.o)
 .bss           0x000000000003b21c       0x15 obj_cooja/mtype616.a(mqtt.o)
 .bss           0x000000000003b231        0x0 obj_cooja/mtype616.a(contiki-main.o)
 .bss           0x000000000003b231        0x0 obj_cooja/mtype616.a(autostart.o)
 *fill*         0x000000000003b231        0x3 
 .bss           0x000000000003b234        0x5 obj_cooja/mtype616.a(ctimer.o)
 .bss           0x000000000003b239        0x0 obj_cooja/mtype616.a(energest.o)
 *fill*         0x000000000003b239        0x3 
 .bss           0x000000000003b23c        0x8 obj_cooja/mtype616.a(etimer.o)
 .bss           0x000000000003b244       0x28 obj_cooja/mtype616.a(log.o)
                0x000000000003b244                curr_log_level_rpl
                0x000000000003b248                curr_log_level_tcpip
                0x000000000003b24c                curr_log_level_ipv6
                0x000000000003b250                curr_log_level_6lowpan
                0x000000000003b254                curr_log_level_nullnet
                0x000000000003b258                curr_log_level_mac
                0x000000000003b25c                curr_log_level_framer
                0x000000000003b260                curr_log_level_6top
                0x000000000003b264                curr_log_level_coap
                0x000000000003b268                curr_log_level_lwm2m
 *fill*         0x000000000003b26c       0x14 
 .bss           0x000000000003b280      0x1a1 obj_cooja/mtype616.a(process.o)
                0x000000000003b280                process_list
                0x000000000003b284                process_current
 *fill*         0x000000000003b421        0x3 
 .bss           0x000000000003b424        0x4 obj_cooja/mtype616.a(rtimer.o)
 .bss           0x000000000003b428        0x2 obj_cooja/mtype616.a(node-id.o)
                0x000000000003b428                node_id
 .bss           0x000000000003b42a        0x0 obj_cooja/mtype616.a(timer.o)
 *fill*         0x000000000003b42a       0x16 
 .bss           0x000000000003b440      0x140 obj_cooja/mtype616.a(serial-line.o)
 .bss           0x000000000003b580        0x0 obj_cooja/mtype616.a(list.o)
 .bss           0x000000000003b580        0x0 obj_cooja/mtype616.a(ringbuf.o)
 .bss           0x000000000003b580       0xa0 obj_cooja/mtype616.a(packetbuf.o)
 .bss           0x000000000003b620        0x4 obj_cooja/mtype616.a(netstack.o)
 .bss           0x000000000003b624        0x0 obj_cooja/mtype616.a(linkaddr.o)
 .bss           0x000000000003b624        0x0 obj_cooja/mtype616.a(csma.o)
 *fill*         0x000000000003b624       0x1c 
 .bss           0x000000000003b640      0x726 obj_cooja/mtype616.a(csma-output.o)
 *fill*         0x000000000003bd66        0x2 
 .bss           0x000000000003bd68       0x20 obj_cooja/mtype616.a(uip-ds6.o)
 .bss           0x000000000003bd88        0x5 obj_cooja/mtype616.a(tcp-socket.o)
 *fill*         0x000000000003bd8d       0x13 
 .bss           0x000000000003bda0       0xc4 obj_cooja/mtype616.a(tcpip.o)
 *fill*         0x000000000003be64       0x1c 
 .bss           0x000000000003be80       0x60 obj_cooja/mtype616.a(uip-ds6-route.o)
 .bss           0x000000000003bee0        0xc obj_cooja/mtype616.a(uip6.o)
                0x000000000003bee0                uip_ext_bitmap
                0x000000000003bee1                uip_ext_len
                0x000000000003bee2                uip_ext_opt_offset
 *fill*         0x000000000003beec       0x14 
 .bss           0x000000000003bf00     0x1c20 obj_cooja/mtype616.a(uip-ds6-nbr.o)
 .bss           0x000000000003db20       0x10 obj_cooja/mtype616.a(uip-nd6.o)
 *fill*         0x000000000003db30       0x10 
 .bss           0x000000000003db40      0x520 obj_cooja/mtype616.a(simple-udp.o)
 .bss           0x000000000003e060      0x724 obj_cooja/mtype616.a(sicslowpan.o)
 .bss           0x000000000003e784        0x0 obj_cooja/mtype616.a(uiplib.o)
 .bss           0x000000000003e784        0x1 obj_cooja/mtype616.a(rpl.o)
 .bss           0x000000000003e785        0x0 obj_cooja/mtype616.a(rpl-icmp6.o)
 .bss           0x000000000003e785        0x0 obj_cooja/mtype616.a(rpl-dag.o)
 *fill*         0x000000000003e785        0x3 
 .bss           0x000000000003e788       0x11 obj_cooja/mtype616.a(rpl-dag-root.o)
 .bss           0x000000000003e799        0x0 obj_cooja/mtype616.a(watchdog.o)
 .bss           0x000000000003e799        0x0 obj_cooja/mtype616.a(stimer.o)
 .bss           0x000000000003e799        0x0 obj_cooja/mtype616.a(memb.o)
 *fill*         0x000000000003e799        0x7 
 .bss           0x000000000003e7a0     0x2c80 obj_cooja/mtype616.a(queuebuf.o)
 .bss           0x0000000000041420     0x1214 obj_cooja/mtype616.a(nbr-table.o)
 *fill*         0x0000000000042634        0xc 
 .bss           0x0000000000042640      0xe10 obj_cooja/mtype616.a(link-stats.o)
 *fill*         0x0000000000043450       0x10 
 .bss           0x0000000000043460      0x100 obj_cooja/mtype616.a(mac-sequence.o)
 .bss           0x0000000000043560        0x0 obj_cooja/mtype616.a(mac.o)
 .bss           0x0000000000043560        0x2 obj_cooja/mtype616.a(framer-802154.o)
 .bss           0x0000000000043562        0x0 obj_cooja/mtype616.a(frame802154.o)
 *fill*         0x0000000000043562        0x2 
 .bss           0x0000000000043564        0xc obj_cooja/mtype616.a(uipbuf.o)
 .bss           0x0000000000043570       0x18 obj_cooja/mtype616.a(uip-icmp6.o)
 *fill*         0x0000000000043588       0x18 
 .bss           0x00000000000435a0     0x1d80 obj_cooja/mtype616.a(uip-sr.o)
 .bss           0x0000000000045320      0xa78 obj_cooja/mtype616.a(uip-packetqueue)
 .bss           0x0000000000045d98        0x0 obj_cooja/mtype616.a(uip-udp-packet.)
 .bss           0x0000000000045d98        0xe obj_cooja/mtype616.a(rpl-nbr-policy.)
 *fill*         0x0000000000045da6       0x1a 
 .bss           0x0000000000045dc0      0x960 obj_cooja/mtype616.a(rpl-neighbor.o)
 .bss           0x0000000000046720       0x40 obj_cooja/mtype616.a(rpl-timers.o)
 .bss           0x0000000000046760        0x0 obj_cooja/mtype616.a(rpl-ext-header.)
 .bss           0x0000000000046760        0x0 obj_cooja/mtype616.a(rpl-mrhof.o)
 .bss           0x0000000000046760        0x0 /usr/lib/gcc/i686-linux-gnu/5/crtendS.o
 .bss           0x0000000000046760        0x0 /usr/lib/gcc/i686-linux-gnu/5/../../../i386-linux-gnu/crtn.o
 *(COMMON)
 COMMON         0x0000000000046760        0x8 obj_cooja/mtype616.o
                0x0000000000046760                referenceVar
                0x0000000000046764                sensors_flags
 COMMON         0x0000000000046768        0xc obj_cooja/mtype616.a(simEnvChange.o)
                0x0000000000046768                simEtimerPending
                0x000000000004676c                simProcessRunValue
                0x0000000000046770                simEtimerNextExpirationTime
 *fill*         0x0000000000046774        0x4 
 COMMON         0x0000000000046778       0x18 obj_cooja/mtype616.a(rtimer-arch.o)
                0x0000000000046778                simRtimerPending
                0x0000000000046780                simRtimerCurrentTicks
                0x0000000000046788                simRtimerNextExpirationTime
 COMMON         0x0000000000046790        0x1 obj_cooja/mtype616.a(beep.o)
                0x0000000000046790                simBeeped
 COMMON         0x0000000000046791        0x3 obj_cooja/mtype616.a(button-sensor.o)
                0x0000000000046791                simButtonIsActive
                0x0000000000046792                simButtonIsDown
                0x0000000000046793                simButtonChanged
 COMMON         0x0000000000046794        0x1 obj_cooja/mtype616.a(leds-arch.o)
                0x0000000000046794                simLedsValue
 *fill*         0x0000000000046795        0x3 
 COMMON         0x0000000000046798        0xc obj_cooja/mtype616.a(moteid.o)
                0x0000000000046798                simRandomSeed
                0x000000000004679c                simMoteIDChanged
                0x00000000000467a0                simMoteID
 COMMON         0x00000000000467a4        0x2 obj_cooja/mtype616.a(pir-sensor.o)
                0x00000000000467a4                simPirIsActive
                0x00000000000467a5                simPirChanged
 *fill*         0x00000000000467a6       0x1a 
 COMMON         0x00000000000467c0      0x820 obj_cooja/mtype616.a(rs232.o)
                0x00000000000467c0                simSerialReceivingFlag
                0x00000000000467c4                simSerialReceivingLength
                0x00000000000467e0                simSerialReceivingData
 COMMON         0x0000000000046fe0        0x2 obj_cooja/mtype616.a(vib-sensor.o)
                0x0000000000046fe0                simVibChanged
                0x0000000000046fe1                simVibIsActive
 *fill*         0x0000000000046fe2        0x2 
 COMMON         0x0000000000046fe4        0x4 obj_cooja/mtype616.a(clock.o)
                0x0000000000046fe4                simCurrentTime
 *fill*         0x0000000000046fe8       0x18 
 COMMON         0x0000000000047000     0x2020 obj_cooja/mtype616.a(cooja-log.o)
                0x0000000000047000                simLoggedLength
                0x0000000000047004                simLoggedFlag
                0x0000000000047020                simLoggedData
 COMMON         0x0000000000049020      0x100 obj_cooja/mtype616.a(cooja-radio.o)
                0x0000000000049020                simOutDataBuffer
                0x00000000000490a0                simInDataBuffer
 COMMON         0x0000000000049120      0x400 obj_cooja/mtype616.a(eeprom.o)
                0x0000000000049120                simEEPROMData
 COMMON         0x0000000000049520        0x1 obj_cooja/mtype616.a(sensors.o)
                0x0000000000049520                sensors_event
 COMMON         0x0000000000049521        0x1 obj_cooja/mtype616.a(mqtt.o)
                0x0000000000049521                mqtt_update_event
 *fill*         0x0000000000049522        0x2 
 COMMON         0x0000000000049524       0x50 obj_cooja/mtype616.a(contiki-main.o)
                0x0000000000049524                eb_per_time_source
                0x0000000000049538                unicast_per_neighbor_rpl_storing
                0x000000000004954c                unicast_per_neighbor_rpl_ns
                0x0000000000049560                default_common
 COMMON         0x0000000000049574        0x1 obj_cooja/mtype616.a(serial-line.o)
                0x0000000000049574                serial_line_event_message
 *fill*         0x0000000000049575        0x3 
 COMMON         0x0000000000049578       0x2c obj_cooja/mtype616.a(packetbuf.o)
                0x0000000000049578                packetbuf_attrs
                0x0000000000049594                packetbuf_addrs
 COMMON         0x00000000000495a4        0x8 obj_cooja/mtype616.a(linkaddr.o)
                0x00000000000495a4                linkaddr_node_addr
 *fill*         0x00000000000495ac       0x14 
 COMMON         0x00000000000495c0      0x181 obj_cooja/mtype616.a(uip-ds6.o)
                0x00000000000495c0                uip_ds6_prefix_list
                0x0000000000049620                uip_ds6_timer_periodic
                0x0000000000049630                uip_ds6_netif_addr_list_offset
                0x0000000000049640                uip_ds6_if
                0x0000000000049738                uip_ds6_timer_ra
                0x0000000000049740                uip_ds6_addr_size
 COMMON         0x0000000000049741        0x1 obj_cooja/mtype616.a(tcpip.o)
                0x0000000000049741                tcpip_event
 *fill*         0x0000000000049742       0x1e 
 COMMON         0x0000000000049760      0x80c obj_cooja/mtype616.a(uip6.o)
                0x0000000000049760                uip_slen
                0x0000000000049764                uip_acc32
                0x0000000000049780                uip_conns
                0x0000000000049900                uip_lladdr
                0x0000000000049908                uip_appdata
                0x000000000004990c                uip_flags
                0x0000000000049920                uip_aligned_buf
                0x0000000000049e20                uip_listenports
                0x0000000000049e48                uip_len
                0x0000000000049e4c                uip_sappdata
                0x0000000000049e60                uip_udp_conns
                0x0000000000049f60                uip_udp_conn
                0x0000000000049f64                uip_next_hdr
                0x0000000000049f68                uip_conn
 COMMON         0x0000000000049f6c       0x10 obj_cooja/mtype616.a(rpl.o)
                0x0000000000049f6c                rpl_multicast_addr
 *fill*         0x0000000000049f7c        0x4 
 COMMON         0x0000000000049f80      0x164 obj_cooja/mtype616.a(rpl-dag.o)
                0x0000000000049f80                curr_instance
 *fill*         0x000000000004a0e4       0x1c 
 COMMON         0x000000000004a100       0x20 obj_cooja/mtype616.a(link-stats.o)
                0x000000000004a100                periodic_timer
                0x000000000004a120                . = ALIGN ((. != 0x0)?0x4:0x1)
                0x000000000004a120                . = ALIGN (0x4)
                0x000000000004a120                . = SEGMENT_START ("ldata-segment", .)
                0x000000000004a120                . = ALIGN (0x4)
                0x000000000004a120                _end = .
                [!provide]                        PROVIDE (end, .)
                0x000000000004a120                . = DATA_SEGMENT_END (.)

.stab
 *(.stab)

.stabstr
 *(.stabstr)

.stab.excl
 *(.stab.excl)

.stab.exclstr
 *(.stab.exclstr)

.stab.index
 *(.stab.index)

.stab.indexstr
 *(.stab.indexstr)

.comment        0x0000000000000000       0x35
 *(.comment)
 .comment       0x0000000000000000       0x35 /usr/lib/gcc/i686-linux-gnu/5/crtbeginS.o
                                         0x36 (size before relaxing)
 .comment       0x0000000000000035       0x36 udp-client.o
 .comment       0x0000000000000035       0x36 obj_cooja/mtype616.o
 .comment       0x0000000000000035       0x36 obj_cooja/mtype616.a(simEnvChange.o)
 .comment       0x0000000000000035       0x36 obj_cooja/mtype616.a(cooja_mt.o)
 .comment       0x0000000000000035       0x36 obj_cooja/mtype616.a(cooja_mtarch.o)
 .comment       0x0000000000000035       0x36 obj_cooja/mtype616.a(rtimer-arch.o)
 .comment       0x0000000000000035       0x36 obj_cooja/mtype616.a(beep.o)
 .comment       0x0000000000000035       0x36 obj_cooja/mtype616.a(button-sensor.o)
 .comment       0x0000000000000035       0x36 obj_cooja/mtype616.a(leds-arch.o)
 .comment       0x0000000000000035       0x36 obj_cooja/mtype616.a(moteid.o)
 .comment       0x0000000000000035       0x36 obj_cooja/mtype616.a(pir-sensor.o)
 .comment       0x0000000000000035       0x36 obj_cooja/mtype616.a(rs232.o)
 .comment       0x0000000000000035       0x36 obj_cooja/mtype616.a(vib-sensor.o)
 .comment       0x0000000000000035       0x36 obj_cooja/mtype616.a(clock.o)
 .comment       0x0000000000000035       0x36 obj_cooja/mtype616.a(cooja-log.o)
 .comment       0x0000000000000035       0x36 obj_cooja/mtype616.a(cfs-cooja.o)
 .comment       0x0000000000000035       0x36 obj_cooja/mtype616.a(cooja-radio.o)
 .comment       0x0000000000000035       0x36 obj_cooja/mtype616.a(eeprom.o)
 .comment       0x0000000000000035       0x36 obj_cooja/mtype616.a(random.o)
 .comment       0x0000000000000035       0x36 obj_cooja/mtype616.a(sensors.o)
 .comment       0x0000000000000035       0x36 obj_cooja/mtype616.a(leds.o)
 .comment       0x0000000000000035       0x36 obj_cooja/mtype616.a(mqtt.o)
 .comment       0x0000000000000035       0x36 obj_cooja/mtype616.a(contiki-main.o)
 .comment       0x0000000000000035       0x36 obj_cooja/mtype616.a(autostart.o)
 .comment       0x0000000000000035       0x36 obj_cooja/mtype616.a(ctimer.o)
 .comment       0x0000000000000035       0x36 obj_cooja/mtype616.a(energest.o)
 .comment       0x0000000000000035       0x36 obj_cooja/mtype616.a(etimer.o)
 .comment       0x0000000000000035       0x36 obj_cooja/mtype616.a(log.o)
 .comment       0x0000000000000035       0x36 obj_cooja/mtype616.a(process.o)
 .comment       0x0000000000000035       0x36 obj_cooja/mtype616.a(rtimer.o)
 .comment       0x0000000000000035       0x36 obj_cooja/mtype616.a(node-id.o)
 .comment       0x0000000000000035       0x36 obj_cooja/mtype616.a(timer.o)
 .comment       0x0000000000000035       0x36 obj_cooja/mtype616.a(serial-line.o)
 .comment       0x0000000000000035       0x36 obj_cooja/mtype616.a(list.o)
 .comment       0x0000000000000035       0x36 obj_cooja/mtype616.a(ringbuf.o)
 .comment       0x0000000000000035       0x36 obj_cooja/mtype616.a(packetbuf.o)
 .comment       0x0000000000000035       0x36 obj_cooja/mtype616.a(netstack.o)
 .comment       0x0000000000000035       0x36 obj_cooja/mtype616.a(linkaddr.o)
 .comment       0x0000000000000035       0x36 obj_cooja/mtype616.a(csma.o)
 .comment       0x0000000000000035       0x36 obj_cooja/mtype616.a(csma-output.o)
 .comment       0x0000000000000035       0x36 obj_cooja/mtype616.a(uip-ds6.o)
 .comment       0x0000000000000035       0x36 obj_cooja/mtype616.a(tcp-socket.o)
 .comment       0x0000000000000035       0x36 obj_cooja/mtype616.a(tcpip.o)
 .comment       0x0000000000000035       0x36 obj_cooja/mtype616.a(uip-ds6-route.o)
 .comment       0x0000000000000035       0x36 obj_cooja/mtype616.a(uip6.o)
 .comment       0x0000000000000035       0x36 obj_cooja/mtype616.a(uip-ds6-nbr.o)
 .comment       0x0000000000000035       0x36 obj_cooja/mtype616.a(uip-nd6.o)
 .comment       0x0000000000000035       0x36 obj_cooja/mtype616.a(simple-udp.o)
 .comment       0x0000000000000035       0x36 obj_cooja/mtype616.a(sicslowpan.o)
 .comment       0x0000000000000035       0x36 obj_cooja/mtype616.a(uiplib.o)
 .comment       0x0000000000000035       0x36 obj_cooja/mtype616.a(rpl.o)
 .comment       0x0000000000000035       0x36 obj_cooja/mtype616.a(rpl-icmp6.o)
 .comment       0x0000000000000035       0x36 obj_cooja/mtype616.a(rpl-dag.o)
 .comment       0x0000000000000035       0x36 obj_cooja/mtype616.a(rpl-dag-root.o)
 .comment       0x0000000000000035       0x36 obj_cooja/mtype616.a(watchdog.o)
 .comment       0x0000000000000035       0x36 obj_cooja/mtype616.a(stimer.o)
 .comment       0x0000000000000035       0x36 obj_cooja/mtype616.a(memb.o)
 .comment       0x0000000000000035       0x36 obj_cooja/mtype616.a(queuebuf.o)
 .comment       0x0000000000000035       0x36 obj_cooja/mtype616.a(nbr-table.o)
 .comment       0x0000000000000035       0x36 obj_cooja/mtype616.a(link-stats.o)
 .comment       0x0000000000000035       0x36 obj_cooja/mtype616.a(mac-sequence.o)
 .comment       0x0000000000000035       0x36 obj_cooja/mtype616.a(mac.o)
 .comment       0x0000000000000035       0x36 obj_cooja/mtype616.a(framer-802154.o)
 .comment       0x0000000000000035       0x36 obj_cooja/mtype616.a(frame802154.o)
 .comment       0x0000000000000035       0x36 obj_cooja/mtype616.a(uipbuf.o)
 .comment       0x0000000000000035       0x36 obj_cooja/mtype616.a(uip-icmp6.o)
 .comment       0x0000000000000035       0x36 obj_cooja/mtype616.a(uip-sr.o)
 .comment       0x0000000000000035       0x36 obj_cooja/mtype616.a(uip-packetqueue)
 .comment       0x0000000000000035       0x36 obj_cooja/mtype616.a(uip-udp-packet.)
 .comment       0x0000000000000035       0x36 obj_cooja/mtype616.a(rpl-nbr-policy.)
 .comment       0x0000000000000035       0x36 obj_cooja/mtype616.a(rpl-neighbor.o)
 .comment       0x0000000000000035       0x36 obj_cooja/mtype616.a(rpl-timers.o)