Archive member included to satisfy reference by file (symbol)

obj_cooja/mtype474.a(simEnvChange.o)
                              obj_cooja/mtype474.o (simDontFallAsleep)
obj_cooja/mtype474.a(cooja_mt.o)
                              obj_cooja/mtype474.o (cooja_mt_start)
obj_cooja/mtype474.a(cooja_mtarch.o)
                              obj_cooja/mtype474.a(cooja_mt.o) (cooja_mtarch_start)
obj_cooja/mtype474.a(rtimer-arch.o)
                              obj_cooja/mtype474.o (rtimer_arch_check)
obj_cooja/mtype474.a(beep.o)  obj_cooja/mtype474.o (beep_interface)
obj_cooja/mtype474.a(button-sensor.o)
                              obj_cooja/mtype474.o (button_interface)
obj_cooja/mtype474.a(leds-arch.o)
                              obj_cooja/mtype474.o (leds_interface)
obj_cooja/mtype474.a(moteid.o)
                              obj_cooja/mtype474.o (moteid_interface)
obj_cooja/mtype474.a(pir-sensor.o)
                              obj_cooja/mtype474.o (pir_interface)
obj_cooja/mtype474.a(rs232.o)
                              obj_cooja/mtype474.o (rs232_interface)
obj_cooja/mtype474.a(vib-sensor.o)
                              obj_cooja/mtype474.o (vib_interface)
obj_cooja/mtype474.a(clock.o)
                              obj_cooja/mtype474.o (clock_interface)
obj_cooja/mtype474.a(cooja-log.o)
                              obj_cooja/mtype474.o (simlog_interface)
obj_cooja/mtype474.a(cfs-cooja.o)
                              obj_cooja/mtype474.o (cfs_interface)
obj_cooja/mtype474.a(cooja-radio.o)
                              obj_cooja/mtype474.o (radio_interface)
obj_cooja/mtype474.a(eeprom.o)
                              obj_cooja/mtype474.o (eeprom_interface)
obj_cooja/mtype474.a(random.o)
                              obj_cooja/mtype474.a(moteid.o) (random_init)
obj_cooja/mtype474.a(sensors.o)
                              obj_cooja/mtype474.a(button-sensor.o) (sensors_changed)
obj_cooja/mtype474.a(leds.o)  udp-client.o (leds_on)
obj_cooja/mtype474.a(mqtt.o)  udp-client.o (mqtt_disconnect)
obj_cooja/mtype474.a(contiki-main.o)
                              obj_cooja/mtype474.o (main)
obj_cooja/mtype474.a(autostart.o)
                              obj_cooja/mtype474.a(contiki-main.o) (autostart_start)
obj_cooja/mtype474.a(ctimer.o)
                              obj_cooja/mtype474.a(contiki-main.o) (ctimer_init)
obj_cooja/mtype474.a(energest.o)
                              obj_cooja/mtype474.a(contiki-main.o) (energest_init)
obj_cooja/mtype474.a(etimer.o)
                              obj_cooja/mtype474.a(contiki-main.o) (etimer_process)
obj_cooja/mtype474.a(log.o)   obj_cooja/mtype474.a(contiki-main.o) (curr_log_level_main)
obj_cooja/mtype474.a(process.o)
                              udp-client.o (process_current)
obj_cooja/mtype474.a(rtimer.o)
                              obj_cooja/mtype474.a(contiki-main.o) (rtimer_init)
obj_cooja/mtype474.a(node-id.o)
                              udp-client.o (node_id)
obj_cooja/mtype474.a(timer.o)
                              obj_cooja/mtype474.a(button-sensor.o) (timer_set)
obj_cooja/mtype474.a(serial-line.o)
                              obj_cooja/mtype474.a(rs232.o) (serial_line_input_byte)
obj_cooja/mtype474.a(list.o)  obj_cooja/mtype474.a(mqtt.o) (list_init)
obj_cooja/mtype474.a(ringbuf.o)
                              obj_cooja/mtype474.a(serial-line.o) (ringbuf_init)
obj_cooja/mtype474.a(packetbuf.o)
                              obj_cooja/mtype474.a(cooja-radio.o) (packetbuf_clear)
obj_cooja/mtype474.a(netstack.o)
                              obj_cooja/mtype474.a(contiki-main.o) (netstack_init)
obj_cooja/mtype474.a(linkaddr.o)
                              udp-client.o (linkaddr_node_addr)
obj_cooja/mtype474.a(csma.o)  obj_cooja/mtype474.a(cooja-radio.o) (csma_driver)
obj_cooja/mtype474.a(csma-output.o)
                              obj_cooja/mtype474.a(csma.o) (csma_output_packet)
obj_cooja/mtype474.a(uip-ds6.o)
                              obj_cooja/mtype474.a(contiki-main.o) (uip_ds6_get_link_local)
obj_cooja/mtype474.a(tcp-socket.o)
                              obj_cooja/mtype474.a(mqtt.o) (tcp_socket_register)
obj_cooja/mtype474.a(tcpip.o)
                              obj_cooja/mtype474.a(tcp-socket.o) (tcpip_event)
obj_cooja/mtype474.a(uip-ds6-route.o)
                              obj_cooja/mtype474.a(uip-ds6.o) (uip_ds6_route_init)
obj_cooja/mtype474.a(uip6.o)  obj_cooja/mtype474.a(contiki-main.o) (uip_lladdr)
obj_cooja/mtype474.a(uip-ds6-nbr.o)
                              obj_cooja/mtype474.a(uip-ds6.o) (uip_ds6_neighbors_init)
obj_cooja/mtype474.a(uip-nd6.o)
                              obj_cooja/mtype474.a(uip6.o) (uip_nd6_init)
obj_cooja/mtype474.a(simple-udp.o)
                              udp-client.o (simple_udp_sendto)
obj_cooja/mtype474.a(sicslowpan.o)
                              obj_cooja/mtype474.a(contiki-main.o) (sicslowpan_driver)
obj_cooja/mtype474.a(uiplib.o)
[...]
Memory Configuration

Name             Origin             Length             Attributes
*default*        0x0000000000000000 0xffffffffffffffff

Linker script and memory map

LOAD /usr/lib/gcc/i686-linux-gnu/5/../../../i386-linux-gnu/crti.o
LOAD /usr/lib/gcc/i686-linux-gnu/5/crtbeginS.o
LOAD udp-client.o
LOAD obj_cooja/mtype474.o
LOAD obj_cooja/mtype474.a
LOAD /usr/lib/gcc/i686-linux-gnu/5/libgcc.a
LOAD /usr/lib/gcc/i686-linux-gnu/5/libgcc_s.so
LOAD /usr/lib/gcc/i686-linux-gnu/5/../../../i386-linux-gnu/libc.so
START GROUP
LOAD /lib/i386-linux-gnu/libc.so.6
LOAD /usr/lib/i386-linux-gnu/libc_nonshared.a
LOAD /lib/i386-linux-gnu/ld-linux.so.2
END GROUP
LOAD /usr/lib/gcc/i686-linux-gnu/5/libgcc.a
LOAD /usr/lib/gcc/i686-linux-gnu/5/libgcc_s.so
LOAD /usr/lib/gcc/i686-linux-gnu/5/crtendS.o
LOAD /usr/lib/gcc/i686-linux-gnu/5/../../../i386-linux-gnu/crtn.o
                0x0000000000000114                . = (0x0 + SIZEOF_HEADERS)

.note.gnu.build-id
                0x0000000000000114       0x24
 *(.note.gnu.build-id)
 .note.gnu.build-id
                0x0000000000000114       0x24 /usr/lib/gcc/i686-linux-gnu/5/../../../i386-linux-gnu/crti.o

.hash
 *(.hash)

.gnu.hash       0x0000000000000138     0x13ec
 *(.gnu.hash)
 .gnu.hash      0x0000000000000138     0x13ec /usr/lib/gcc/i686-linux-gnu/5/../../../i386-linux-gnu/crti.o

.dynsym         0x0000000000001524     0x2800
 *(.dynsym)
 .dynsym        0x0000000000001524     0x2800 /usr/lib/gcc/i686-linux-gnu/5/../../../i386-linux-gnu/crti.o

.dynstr         0x0000000000003d24     0x2b9a
 *(.dynstr)
 .dynstr        0x0000000000003d24     0x2b9a /usr/lib/gcc/i686-linux-gnu/5/../../../i386-linux-gnu/crti.o

.gnu.version    0x00000000000068be      0x500
 *(.gnu.version)
 .gnu.version   0x00000000000068be      0x500 /usr/lib/gcc/i686-linux-gnu/5/../../../i386-linux-gnu/crti.o

.gnu.version_d  0x0000000000006dc0        0x0
 *(.gnu.version_d)
 .gnu.version_d
                0x0000000000006dc0        0x0 /usr/lib/gcc/i686-linux-gnu/5/../../../i386-linux-gnu/crti.o

.gnu.version_r  0x0000000000006dc0       0x40
 *(.gnu.version_r)
 .gnu.version_r
                0x0000000000006dc0       0x40 /usr/lib/gcc/i686-linux-gnu/5/../../../i386-linux-gnu/crti.o

.rel.dyn        0x0000000000006e00     0xa7b8
 *(.rel.init)
 .rel.init      0x0000000000006e00        0x0 /usr/lib/gcc/i686-linux-gnu/5/../../../i386-linux-gnu/crti.o
 *(.rel.text .rel.text.* .rel.gnu.linkonce.t.*)
 .rel.text      0x0000000000006e00     0x9e70 /usr/lib/gcc/i686-linux-gnu/5/../../../i386-linux-gnu/crti.o
 *(.rel.fini)
 .rel.fini      0x0000000000010c70        0x0 /usr/lib/gcc/i686-linux-gnu/5/../../../i386-linux-gnu/crti.o
 *(.rel.rodata .rel.rodata.* .rel.gnu.linkonce.r.*)
 .rel.rodata    0x0000000000010c70      0x588 /usr/lib/gcc/i686-linux-gnu/5/../../../i386-linux-gnu/crti.o
 *(.rel.data.rel.ro .rel.data.rel.ro.* .rel.gnu.linkonce.d.rel.ro.*)
 *(.rel.data .rel.data.* .rel.gnu.linkonce.d.*)
 .rel.data.rel.local
                0x00000000000111f8        0x8 /usr/lib/gcc/i686-linux-gnu/5/../../../i386-linux-gnu/crti.o
 .rel.data      0x0000000000011200      0x380 /usr/lib/gcc/i686-linux-gnu/5/../../../i386-linux-gnu/crti.o
 *(.rel.tdata .rel.tdata.* .rel.gnu.linkonce.td.*)
 *(.rel.tbss .rel.tbss.* .rel.gnu.linkonce.tb.*)
 *(.rel.ctors)
 *(.rel.dtors)
 *(.rel.got)
 .rel.got       0x0000000000011580       0x28 /usr/lib/gcc/i686-linux-gnu/5/../../../i386-linux-gnu/crti.o
 *(.rel.bss .rel.bss.* .rel.gnu.linkonce.b.*)
 *(.rel.ifunc)
 .rel.ifunc     0x00000000000115a8        0x0 /usr/lib/gcc/i686-linux-gnu/5/../../../i386-linux-gnu/crti.o
 .rel.fini_array
                0x00000000000115a8        0x8 /usr/lib/gcc/i686-linux-gnu/5/../../../i386-linux-gnu/crti.o
 .rel.init_array
                0x00000000000115b0        0x8 /usr/lib/gcc/i686-linux-gnu/5/../../../i386-linux-gnu/crti.o

.rel.plt        0x00000000000115b8        0x0
 *(.rel.plt)
 .rel.plt       0x00000000000115b8        0x0 /usr/lib/gcc/i686-linux-gnu/5/../../../i386-linux-gnu/crti.o
 *(.rel.iplt)

.init           0x00000000000115b8       0x23
 *(SORT(.init))
 .init          0x00000000000115b8       0x1e /usr/lib/gcc/i686-linux-gnu/5/../../../i386-linux-gnu/crti.o
                0x00000000000115b8                _init
 .init          0x00000000000115d6        0x5 /usr/lib/gcc/i686-linux-gnu/5/../../../i386-linux-gnu/crtn.o

.plt            0x00000000000115e0       0x10
 *(.plt)
 .plt           0x00000000000115e0       0x10 /usr/lib/gcc/i686-linux-gnu/5/../../../i386-linux-gnu/crti.o
 *(.iplt)

.plt.got        0x00000000000115f0       0x10
 *(.plt.got)
 .plt.got       0x00000000000115f0       0x10 /usr/lib/gcc/i686-linux-gnu/5/../../../i386-linux-gnu/crti.o

.text           0x0000000000011600    0x1a257
 *(.text.unlikely .text.*_unlikely .text.unlikely.*)
 .text.unlikely
                0x0000000000011600        0x0 /usr/lib/gcc/i686-linux-gnu/5/crtbeginS.o
 *(.text.exit .text.exit.*)
 *(.text.startup .text.startup.*)
 *(.text.hot .text.hot.*)
 *(.text .stub .text.* .gnu.linkonce.t.*)
 .text          0x0000000000011600        0x0 /usr/lib/gcc/i686-linux-gnu/5/../../../i386-linux-gnu/crti.o
 .gnu.linkonce.t.__x86.get_pc_thunk.bx
                0x0000000000011600        0x4 /usr/lib/gcc/i686-linux-gnu/5/../../../i386-linux-gnu/crti.o
                0x0000000000011600                __x86.get_pc_thunk.bx
 *fill*         0x0000000000011604        0xc 
 .text          0x0000000000011610      0x11c /usr/lib/gcc/i686-linux-gnu/5/crtbeginS.o
 .text.__x86.get_pc_thunk.dx
                0x000000000001172c        0x4 /usr/lib/gcc/i686-linux-gnu/5/crtbeginS.o
                0x000000000001172c                __x86.get_pc_thunk.dx
 .text          0x0000000000011730     0x15ae udp-client.o
                0x0000000000011730                ipaddr_sprintf
 .text          0x0000000000012cde      0x271 obj_cooja/mtype474.o
                0x0000000000012d70                platform_init_stage_one
                0x0000000000012d76                platform_init_stage_two
                0x0000000000012d84                platform_init_stage_three
                0x0000000000012d97                platform_main_loop
                0x0000000000012e0a                Java_org_contikios_cooja_corecomm_Lib7_init
                0x0000000000012e41                Java_org_contikios_cooja_corecomm_Lib7_getMemory
                0x0000000000012e74                Java_org_contikios_cooja_corecomm_Lib7_setMemory
                0x0000000000012ed4                Java_org_contikios_cooja_corecomm_Lib7_tick
                0x0000000000012f3c                Java_org_contikios_cooja_corecomm_Lib7_setReferenceAddress
 .text          0x0000000000012f4f       0x65 obj_cooja/mtype474.a(simEnvChange.o)
                0x0000000000012f4f                doActionsBeforeTick
                0x0000000000012f81                doActionsAfterTick
 .text          0x0000000000012fb4       0x83 obj_cooja/mtype474.a(cooja_mt.o)
                0x0000000000012fb4                cooja_mt_start
                0x0000000000012fde                cooja_mt_exec
                0x0000000000013014                cooja_mt_yield
 .text          0x0000000000013037       0xbe obj_cooja/mtype474.a(cooja_mtarch.o)
                0x0000000000013037                cooja_mtarch_start
                0x00000000000130aa                cooja_sw
                0x00000000000130cd                cooja_mtarch_exec
                0x00000000000130ea                cooja_mtarch_yield
 .text          0x00000000000130f5       0xc5 obj_cooja/mtype474.a(rtimer-arch.o)
                0x00000000000130f5                rtimer_arch_init
                0x0000000000013119                rtimer_arch_schedule
                0x0000000000013149                rtimer_arch_next
                0x0000000000013159                rtimer_arch_pending
                0x0000000000013163                rtimer_arch_check
                0x00000000000131aa                rtimer_arch_now
 .text          0x00000000000131ba       0x81 obj_cooja/mtype474.a(beep.o)
                0x00000000000131ba                beep_alarm
                0x00000000000131c7                beep_beep
                0x00000000000131d4                beep
                0x00000000000131e1                beep_down
                0x00000000000131ee                beep_on
                0x00000000000131fb                beep_off
                0x0000000000013208                beep_spinup
                0x0000000000013215                beep_quick
                0x0000000000013222                beep_long
 .text          0x000000000001323b      0x10d obj_cooja/mtype474.a(button-sensor.o)
 .text          0x0000000000013348       0x49 obj_cooja/mtype474.a(leds-arch.o)
                0x0000000000013348                leds_arch_init
                0x0000000000013355                leds_arch_get
                0x0000000000013361                leds_arch_set
 .text          0x0000000000013391       0x35 obj_cooja/mtype474.a(moteid.o)
 .text          0x00000000000133c6       0xb7 obj_cooja/mtype474.a(pir-sensor.o)
 .text          0x000000000001347d      0x148 obj_cooja/mtype474.a(rs232.o)
                0x000000000001347d                rs232_init
                0x0000000000013483                rs232_set_speed
                0x0000000000013492                rs232_set_input
                0x00000000000134a0                rs232_send
                0x00000000000134c4                rs232_print
                0x00000000000134e0                slip_arch_writeb
 .text          0x00000000000135c5       0xb7 obj_cooja/mtype474.a(vib-sensor.o)
 .text          0x000000000001367c       0x38 obj_cooja/mtype474.a(clock.o)
                0x000000000001367c                clock_init
                0x0000000000013682                clock_time
                0x000000000001368c                clock_seconds
                0x00000000000136a2                clock_delay
 .text          0x00000000000136b4      0x219 obj_cooja/mtype474.a(cooja-log.o)
                0x00000000000136b4                simlog_char
                0x00000000000136f7                simlog
                0x000000000001376d                log_message
                0x000000000001379e                log_set_putchar_with_slip
                0x00000000000137ac                log_putchar
                0x0000000000013827                log_puts
                0x000000000001384f                log_printf
 .text          0x00000000000138cd      0x2b9 obj_cooja/mtype474.a(cfs-cooja.o)
                0x00000000000138cd                cfs_open
                0x0000000000013936                cfs_close
                0x0000000000013943                cfs_read
                0x00000000000139d8                cfs_write
                0x0000000000013ab4                cfs_seek
                0x0000000000013b3c                cfs_remove
                0x0000000000013b60                cfs_opendir
                0x0000000000013b6a                cfs_readdir
                0x0000000000013b74                cfs_closedir
 .text          0x0000000000013b86      0x605 obj_cooja/mtype474.a(cooja-radio.o)
                0x0000000000013bc8                radio_set_channel
                0x0000000000013bd6                radio_set_txpower
                0x0000000000013bee                radio_signal_strength_last
                0x0000000000013bf8                radio_signal_strength_current
                0x0000000000013c02                radio_LQI
 .text          0x000000000001418b       0xee obj_cooja/mtype474.a(eeprom.o)
                0x000000000001418b                eeprom_init
                0x0000000000014191                eeprom_read
                0x00000000000141ff                eeprom_write
 .text          0x0000000000014279       0x2d obj_cooja/mtype474.a(random.o)
                0x0000000000014279                random_init
                0x0000000000014299                random_rand
 .text          0x00000000000142a6      0x29c obj_cooja/mtype474.a(sensors.o)
                0x00000000000142e1                sensors_first
                0x00000000000142eb                sensors_next
                0x0000000000014305                sensors_changed
                0x0000000000014339                sensors_find
 .text          0x0000000000014542       0xf6 obj_cooja/mtype474.a(leds.o)
                0x0000000000014542                leds_init
                0x0000000000014550                leds_blink
                0x0000000000014593                leds_get
                0x00000000000145a0                leds_set
                0x00000000000145bf                leds_on
                0x00000000000145e5                leds_off
                0x0000000000014612                leds_toggle
 .text          0x0000000000014638     0x3779 obj_cooja/mtype474.a(mqtt.o)
                0x00000000000177db                mqtt_init
                0x0000000000017899                mqtt_register
                0x0000000000017936                mqtt_connect
                0x0000000000017a48                mqtt_disconnect
                0x0000000000017a86                mqtt_subscribe
                0x0000000000017b43                mqtt_unsubscribe
                0x0000000000017bf1                mqtt_publish
                0x0000000000017cd2                mqtt_set_username_password
                0x0000000000017d5d                mqtt_set_last_will
 .text          0x0000000000017db1      0x328 obj_cooja/mtype474.a(contiki-main.o)
                0x0000000000017db1                main
 .text          0x00000000000180d9       0x92 obj_cooja/mtype474.a(autostart.o)
                0x00000000000180d9                autostart_start
                0x0000000000018123                autostart_exit
 .text          0x000000000001816b      0x355 obj_cooja/mtype474.a(ctimer.o)
                0x0000000000018293                ctimer_init
                0x00000000000182c6                ctimer_set
                0x00000000000182ec                ctimer_set_with_process
                0x0000000000018369                ctimer_reset
                0x00000000000183bd                ctimer_restart
                0x0000000000018411                ctimer_stop
                0x0000000000018461                ctimer_expired
 .text          0x00000000000184c0       0x1b obj_cooja/mtype474.a(energest.o)
                0x00000000000184c0                energest_init
                0x00000000000184c6                energest_flush
                0x00000000000184cc                energest_get_total_time
 .text          0x00000000000184db      0x43f obj_cooja/mtype474.a(etimer.o)
                0x00000000000186ff                etimer_request_poll
                0x0000000000018788                etimer_set
                0x00000000000187b1                etimer_reset_with_new_interval
                0x00000000000187e0                etimer_reset
                0x0000000000018806                etimer_restart
                0x000000000001882c                etimer_adjust
                0x0000000000018849                etimer_expired
                0x000000000001885c                etimer_expiration_time
                0x000000000001886e                etimer_start_time
                0x0000000000018878                etimer_pending
                0x000000000001888a                etimer_next_expiration_time
                0x00000000000188a4                etimer_stop
 .text          0x000000000001891a      0x394 obj_cooja/mtype474.a(log.o)
                0x000000000001891a                log_6addr
                0x000000000001896d                log_6addr_compact_snprint
                0x0000000000018a0b                log_6addr_compact
                0x0000000000018a5e                log_lladdr
                0x0000000000018ad0                log_lladdr_compact
                0x0000000000018b38                log_set_level
                0x0000000000018bf3                log_get_level
                0x0000000000018c6c                log_level_to_str
 .text          0x0000000000018cae      0x4fb obj_cooja/mtype474.a(process.o)
                0x0000000000018cae                process_alloc_event
                0x0000000000018cc3                process_start
                0x0000000000018e9d                process_exit
                0x0000000000018eba                process_init
                0x000000000001904f                process_run
                0x0000000000019082                process_nevents
                0x000000000001909d                process_post
                0x0000000000019130                process_post_synch
                0x0000000000019165                process_poll
                0x0000000000019195                process_is_running
 .text          0x00000000000191a9       0xeb obj_cooja/mtype474.a(rtimer.o)
                0x00000000000191a9                rtimer_init
                0x00000000000191b7                rtimer_set
                0x0000000000019232                rtimer_run_next
 .text          0x0000000000019294       0x25 obj_cooja/mtype474.a(node-id.o)
                0x0000000000019294                node_id_init
 .text          0x00000000000192b9       0x9c obj_cooja/mtype474.a(timer.o)
                0x00000000000192b9                timer_set
                0x00000000000192d7                timer_reset
                0x00000000000192ef                timer_restart
                0x0000000000019304                timer_expired
                0x0000000000019331                timer_remaining
 .text          0x0000000000019355      0x1eb obj_cooja/mtype474.a(serial-line.o)
                0x0000000000019355                serial_line_input_byte
                0x000000000001950b                serial_line_init
 .text          0x0000000000019540      0x28f obj_cooja/mtype474.a(list.o)
                0x0000000000019540                list_init
                0x000000000001954f                list_head
                0x0000000000019559                list_copy
                0x0000000000019569                list_tail
                0x000000000001959f                list_add
                0x00000000000195eb                list_push
                0x0000000000019617                list_chop
                0x0000000000019681                list_pop
                0x00000000000196a9                list_remove
                0x0000000000019711                list_length
                0x000000000001973f                list_insert
                0x0000000000019784                list_item_next
                0x000000000001979b                list_contains
 .text          0x00000000000197cf      0x156 obj_cooja/mtype474.a(ringbuf.o)
                0x00000000000197cf                ringbuf_init
                0x0000000000019801                ringbuf_put
                0x000000000001987f                ringbuf_get
                0x00000000000198ec                ringbuf_size
                0x00000000000198fe                ringbuf_elements
 .text          0x0000000000019925      0x407 obj_cooja/mtype474.a(packetbuf.o)
                0x0000000000019925                packetbuf_clear
                0x0000000000019950                packetbuf_copyfrom
                0x000000000001999f                packetbuf_copyto
                0x0000000000019a32                packetbuf_hdralloc
                0x0000000000019aae                packetbuf_hdrreduce
                0x0000000000019af4                packetbuf_set_datalen
                0x0000000000019b0e                packetbuf_dataptr
                0x0000000000019b2b                packetbuf_hdrptr
                0x0000000000019b35                packetbuf_datalen
                0x0000000000019b41                packetbuf_hdrlen
                0x0000000000019b58                packetbuf_totlen
                0x0000000000019b6e                packetbuf_remaininglen
                0x0000000000019b81                packetbuf_attr_clear
                0x0000000000019bcd                packetbuf_attr_copyto
                0x0000000000019c25                packetbuf_attr_copyfrom
                0x0000000000019c7d                packetbuf_set_attr
                0x0000000000019ca7                packetbuf_attr
                0x0000000000019cc1                packetbuf_set_addr
                0x0000000000019cf2                packetbuf_addr
                0x0000000000019d0f                packetbuf_holds_broadcast
 .text          0x0000000000019d2c       0xef obj_cooja/mtype474.a(netstack.o)
                0x0000000000019d2c                netstack_process_ip_callback
                0x0000000000019dbd                netstack_ip_packet_processor_add
                0x0000000000019de0                uip_ds6_ip_packet_processor_rm
                0x0000000000019dfd                netstack_init
 .text          0x0000000000019e1b       0x4f obj_cooja/mtype474.a(linkaddr.o)
                0x0000000000019e1b                linkaddr_copy
                0x0000000000019e31                linkaddr_cmp
                0x0000000000019e54                linkaddr_set_node_addr
 .text          0x0000000000019e6a      0x165 obj_cooja/mtype474.a(csma.o)
 .text          0x0000000000019fcf      0x944 obj_cooja/mtype474.a(csma-output.o)
                0x000000000001a648                csma_output_packet
                0x000000000001a8d5                csma_output_init
 .text          0x000000000001a913      0xb25 obj_cooja/mtype474.a(uip-ds6.o)
                0x000000000001a913                uip_ds6_init
                0x000000000001aabe                uip_ds6_periodic
                0x000000000001ab45                uip_ds6_list_loop
                0x000000000001ac05                uip_ds6_prefix_add
                0x000000000001acb1                uip_ds6_prefix_rm
                0x000000000001acc4                uip_ds6_prefix_lookup
                0x000000000001ad03                uip_ds6_is_addr_onlink
                0x000000000001ad76                uip_ds6_addr_add
                0x000000000001ae96                uip_ds6_addr_rm
                0x000000000001af3f                uip_ds6_addr_lookup
                0x000000000001af78                uip_ds6_get_link_local
                0x000000000001aff9                uip_ds6_get_global
                0x000000000001b07a                uip_ds6_maddr_add
                0x000000000001b0da                uip_ds6_maddr_rm
                0x000000000001b0ed                uip_ds6_maddr_lookup
                0x000000000001b126                uip_ds6_aaddr_add
                0x000000000001b186                uip_ds6_aaddr_rm
                0x000000000001b199                uip_ds6_aaddr_lookup
                0x000000000001b1d2                uip_ds6_select_src
                0x000000000001b31b                uip_ds6_set_addr_iid
                0x000000000001b346                uip_ds6_set_lladdr_from_iid
                0x000000000001b36f                get_match_length
                0x000000000001b400                uip_ds6_compute_reachable_time
 .text          0x000000000001b438      0x9d5 obj_cooja/mtype474.a(tcp-socket.o)
                0x000000000001ba83                tcp_socket_register
                0x000000000001bb14                tcp_socket_connect
                0x000000000001bbab                tcp_socket_listen
                0x000000000001bc22                tcp_socket_unlisten
                0x000000000001bc96                tcp_socket_send
                0x000000000001bd36                tcp_socket_send_str
                0x000000000001bd5e                tcp_socket_close
                0x000000000001bd87                tcp_socket_unregister
                0x000000000001bde1                tcp_socket_max_sendlen
                0x000000000001bdfe                tcp_socket_queuelen
 .text          0x000000000001be0d      0xa72 obj_cooja/mtype474.a(tcpip.o)
                0x000000000001be27                tcpip_output
                0x000000000001bf0b                tcp_connect
                0x000000000001bf63                tcp_unlisten
                0x000000000001bfc3                tcp_listen
                0x000000000001c021                tcp_attach
                0x000000000001c039                udp_attach
                0x000000000001c051                udp_new
                0x000000000001c09b                udp_broadcast_new
                0x000000000001c320                tcpip_input
                0x000000000001c4c0                tcpip_ipv6_output
                0x000000000001c6d4                tcpip_poll_udp
                0x000000000001c6f2                tcpip_poll_tcp
                0x000000000001c710                tcpip_uipcall
 .text          0x000000000001c87f      0x35b obj_cooja/mtype474.a(uip-ds6-route.o)
                0x000000000001c8d0                uip_ds6_route_init
                0x000000000001c8fa                uip_ds6_route_nexthop
                0x000000000001c904                uip_ds6_route_head
                0x000000000001c90e                uip_ds6_route_next
                0x000000000001c918                uip_ds6_route_is_nexthop
                0x000000000001c922                uip_ds6_route_num_routes
                0x000000000001c92c                uip_ds6_route_lookup
                0x000000000001c936                uip_ds6_route_add
                0x000000000001c949                uip_ds6_route_rm
                0x000000000001c94f                uip_ds6_route_rm_by_nexthop
                0x000000000001c955                uip_ds6_defrt_head
                0x000000000001c96e                uip_ds6_defrt_add
                0x000000000001ca1c                uip_ds6_defrt_rm
                0x000000000001ca82                uip_ds6_defrt_lookup
                0x000000000001cae9                uip_ds6_defrt_choose
                0x000000000001cb5f                uip_ds6_defrt_periodic
 .text          0x000000000001cbda     0x2802 obj_cooja/mtype474.a(uip6.o)
                0x000000000001cbda                uip_add32
                0x000000000001cd74                uip_chksum
                0x000000000001ce55                uip_icmp6chksum
                0x000000000001ce6a                uip_tcpchksum
                0x000000000001ce7f                uip_udpchksum
                0x000000000001ce94                uip_init
                0x000000000001cf1f                uip_connect
                0x000000000001d0a8                remove_ext_hdr
                0x000000000001d18d                uip_udp_new
                0x000000000001d2af                uip_unlisten
                0x000000000001d2f1                uip_listen
                0x000000000001d592                uip_process
                0x000000000001f2d7                uip_htons
                0x000000000001f2f9                uip_htonl
                0x000000000001f337                uip_send
 .text          0x000000000001f3dc      0x374 obj_cooja/mtype474.a(uip-ds6-nbr.o)
                0x000000000001f3dc                uip_ds6_neighbors_init
                0x000000000001f400                uip_ds6_nbr_add
                0x000000000001f486                uip_ds6_nbr_rm
                0x000000000001f4d1                uip_ds6_nbr_update_ll
                0x000000000001f5bf                uip_ds6_nbr_get_ipaddr
                0x000000000001f5d4                uip_ds6_nbr_get_ll
                0x000000000001f5f0                uip_ds6_nbr_num
                0x000000000001f639                uip_ds6_nbr_head
                0x000000000001f652                uip_ds6_nbr_next
                0x000000000001f66e                uip_ds6_nbr_lookup
                0x000000000001f6d1                uip_ds6_nbr_ll_lookup
                0x000000000001f6ed                uip_ds6_nbr_ipaddr_from_lladdr
                0x000000000001f716                uip_ds6_nbr_lladdr_from_ipaddr
                0x000000000001f74a                uip_ds6_link_callback
 .text          0x000000000001f750      0x6b5 obj_cooja/mtype474.a(uip-nd6.o)
                0x000000000001fdec                uip_nd6_init
 .text          0x000000000001fe05      0x37a obj_cooja/mtype474.a(simple-udp.o)
                0x000000000001fe32                simple_udp_send
                0x000000000001fe95                simple_udp_sendto
                0x000000000001fef0                simple_udp_sendto_port
                0x000000000001ff49                simple_udp_register
 .text          0x000000000002017f     0x2a78 obj_cooja/mtype474.a(sicslowpan.o)
                0x000000000002067d                netstack_sniffer_add
                0x000000000002068b                netstack_sniffer_remove
                0x0000000000022bc3                sicslowpan_init
                0x0000000000022bed                sicslowpan_get_last_rssi
 .text          0x0000000000022bf7      0x4d1 obj_cooja/mtype474.a(uiplib.o)
                0x0000000000022bf7                uiplib_ip6addrconv
                0x0000000000022daf                uiplib_ip4addrconv
                0x0000000000022e72                uiplib_ipaddr_print
                0x0000000000022ec5                uiplib_ipaddr_snprint
 .text          0x00000000000230c8      0x4c9 obj_cooja/mtype474.a(rpl.o)
                0x00000000000230c8                rpl_lollipop_greater_than
                0x0000000000023122                rpl_get_global_address
                0x000000000002321a                rpl_link_callback
                0x000000000002325e                rpl_has_joined
                0x0000000000023283                rpl_is_reachable
                0x0000000000023304                rpl_reset_prefix
                0x000000000002336e                rpl_set_prefix_from_addr
                0x0000000000023453                rpl_set_prefix
                0x000000000002356d                rpl_set_leaf_only
                0x0000000000023585                rpl_get_leaf_only
 .text          0x0000000000023591     0x13cb obj_cooja/mtype474.a(rpl-icmp6.o)
                0x00000000000236b6                rpl_icmp6_update_nbr_table
                0x000000000002374f                rpl_icmp6_dis_output
                0x0000000000023da5                rpl_icmp6_dio_output
                0x00000000000245b2                rpl_icmp6_dao_output
                0x00000000000248a3                rpl_icmp6_dao_ack_output
                0x0000000000024913                rpl_icmp6_init
 .text          0x000000000002495c      0xe51 obj_cooja/mtype474.a(rpl-dag.o)
                0x000000000002495c                rpl_dag_state_to_str
                0x000000000002499b                rpl_dag_get_root_ipaddr
                0x00000000000249e3                rpl_dag_leave
                0x0000000000024a6c                rpl_dag_poison_and_leave
                0x0000000000024a84                rpl_dag_periodic
                0x0000000000024b0c                rpl_is_addr_in_our_dag
                0x0000000000024b50                rpl_get_default_instance
                0x0000000000024b6c                rpl_get_any_dag
                0x0000000000024bc5                rpl_refresh_routes
                0x0000000000024c05                rpl_global_repair
                0x0000000000024c91                rpl_local_repair
                0x0000000000024cdb                rpl_dag_ready_to_advertise
                0x0000000000024d1e                rpl_dag_update_state
                0x0000000000025442                rpl_process_dio
                0x00000000000254c3                rpl_process_dis
                0x0000000000025508                rpl_process_dao
                0x0000000000025597                rpl_process_dao_ack
                0x0000000000025629                rpl_process_hbh
                0x0000000000025679                rpl_dag_init_root
                0x000000000002578d                rpl_dag_init
 .text          0x00000000000257ad      0x286 obj_cooja/mtype474.a(rpl-dag-root.o)
                0x00000000000257ad                rpl_dag_root_print_links
                0x00000000000258fb                rpl_dag_root_set_prefix
                0x0000000000025927                rpl_dag_root_start
                0x0000000000025a04                rpl_dag_root_is_root
 .text          0x0000000000025a33       0x1e obj_cooja/mtype474.a(watchdog.o)
                0x0000000000025a33                watchdog_init
                0x0000000000025a39                watchdog_start
                0x0000000000025a3f                watchdog_periodic
                0x0000000000025a45                watchdog_stop
                0x0000000000025a4b                watchdog_reboot
 .text          0x0000000000025a51       0xb2 obj_cooja/mtype474.a(stimer.o)
                0x0000000000025a51                stimer_set
                0x0000000000025a6f                stimer_reset
                0x0000000000025a87                stimer_restart
                0x0000000000025a9c                stimer_expired
                0x0000000000025ac7                stimer_remaining
                0x0000000000025aeb                stimer_elapsed
 .text          0x0000000000025b03      0x1b8 obj_cooja/mtype474.a(memb.o)
                0x0000000000025b03                memb_init
                0x0000000000025b58                memb_alloc
                0x0000000000025bbd                memb_free
                0x0000000000025c38                memb_inmemb
                0x0000000000025c77                memb_numfree
 .text          0x0000000000025cbb      0x2e7 obj_cooja/mtype474.a(queuebuf.o)
                0x0000000000025cc5                queuebuf_init
                0x0000000000025cee                queuebuf_numfree
                0x0000000000025d06                queuebuf_new_from_packetbuf
                0x0000000000025da5                queuebuf_update_attr_from_packetbuf
                0x0000000000025dda                queuebuf_update_from_packetbuf
                0x0000000000025e2a                queuebuf_free
                0x0000000000025e73                queuebuf_to_packetbuf
                0x0000000000025edf                queuebuf_dataptr
                0x0000000000025f19                queuebuf_datalen
                0x0000000000025f3c                queuebuf_addr
                0x0000000000025f71                queuebuf_attr
                0x0000000000025f9c                queuebuf_debug_print
 .text          0x0000000000025fa2      0x78b obj_cooja/mtype474.a(nbr-table.o)
                0x000000000002641b                nbr_table_register
                0x0000000000026488                nbr_table_is_registered
                0x00000000000264c3                nbr_table_head
                0x000000000002651e                nbr_table_next
                0x000000000002657f                nbr_table_add_lladdr
                0x0000000000026649                nbr_table_get_from_lladdr
                0x0000000000026695                nbr_table_remove
                0x00000000000266cd                nbr_table_lock
                0x00000000000266e7                nbr_table_unlock
                0x0000000000026701                nbr_table_get_lladdr
 .text          0x000000000002672d      0x37c obj_cooja/mtype474.a(link-stats.o)
                0x000000000002672d                link_stats_from_lladdr
                0x0000000000026749                link_stats_is_fresh
                0x0000000000026785                guess_etx_from_rssi
                0x0000000000026801                link_stats_packet_sent
                0x0000000000026914                link_stats_input_callback
                0x0000000000026a24                link_stats_reset
                0x0000000000026a74                link_stats_init
 .text          0x0000000000026aa9      0x187 obj_cooja/mtype474.a(mac-sequence.o)
                0x0000000000026aa9                mac_sequence_is_duplicate
                0x0000000000026b49                mac_sequence_register_seqno
 .text          0x0000000000026c30       0x23 obj_cooja/mtype474.a(mac.o)
                0x0000000000026c30                mac_call_sent_callback
 .text          0x0000000000026c53      0x41d obj_cooja/mtype474.a(framer-802154.o)
                0x0000000000026de2                framer_802154_setup_params
 .text          0x0000000000027070      0xb6f obj_cooja/mtype474.a(frame802154.o)
                0x00000000000270a1                frame802154_get_pan_id
                0x00000000000270ad                frame802154_set_pan_id
                0x00000000000270c7                frame802154_has_panid
                0x0000000000027276                frame802154_check_dest_panid
                0x00000000000272fe                frame802154_is_broadcast_addr
                0x000000000002734b                frame802154_extract_linkaddr
                0x00000000000275b0                frame802154_hdrlen
                0x0000000000027623                frame802154_create_fcf
                0x00000000000276db                frame802154_create
                0x0000000000027850                frame802154_parse_fcf
                0x0000000000027932                frame802154_parse
 .text          0x0000000000027bdf      0x1ec obj_cooja/mtype474.a(uipbuf.o)
                0x0000000000027bdf                uipbuf_get_next_header
                0x0000000000027c4e                uipbuf_get_last_header
                0x0000000000027cd5                uipbuf_get_attr
                0x0000000000027cfc                uipbuf_set_attr
                0x0000000000027d33                uipbuf_clear_attr
                0x0000000000027d5f                uipbuf_set_attr_flag
                0x0000000000027d80                uipbuf_clr_attr_flag
                0x0000000000027da7                uipbuf_is_attr_flag
 .text          0x0000000000027dcb      0x96e obj_cooja/mtype474.a(uip-icmp6.o)
                0x0000000000027e40                uip_icmp6_input
                0x0000000000027e97                uip_icmp6_register_input_handler
                0x00000000000280a3                uip_icmp6_error_output
                0x0000000000028402                uip_icmp6_send
                0x00000000000286c1                uip_icmp6_echo_reply_callback_add
                0x00000000000286f3                uip_icmp6_echo_reply_callback_rm
                0x0000000000028710                uip_icmp6_init
 .text          0x0000000000028739      0x69b obj_cooja/mtype474.a(uip-sr.o)
                0x0000000000028739                uip_sr_num_nodes
                0x00000000000287c7                uip_sr_get_node
                0x000000000002881e                uip_sr_is_addr_reachable
                0x00000000000288cc                uip_sr_expire_parent
                0x0000000000028915                uip_sr_update_node
                0x0000000000028a45                uip_sr_init
                0x0000000000028a79                uip_sr_node_head
                0x0000000000028a92                uip_sr_node_next
                0x0000000000028aa8                uip_sr_periodic
                0x0000000000028bae                uip_sr_free_all
                0x0000000000028c1e                uip_sr_link_snprint
 .text          0x0000000000028dd4      0x146 obj_cooja/mtype474.a(uip-packetqueue)
                0x0000000000028e02                uip_packetqueue_new
                0x0000000000028e11                uip_packetqueue_alloc
                0x0000000000028e6c                uip_packetqueue_free
                0x0000000000028eb3                uip_packetqueue_buf
                0x0000000000028ed0                uip_packetqueue_buflen
                0x0000000000028ef1                uip_packetqueue_set_buflen
 .text          0x0000000000028f1a      0x128 obj_cooja/mtype474.a(uip-udp-packet.)
                0x0000000000028f1a                uip_udp_packet_send
                0x0000000000028f75                uip_udp_packet_sendto
 .text          0x0000000000029042      0x1c8 obj_cooja/mtype474.a(rpl-nbr-policy.)
                0x00000000000291c7                rpl_nbr_policy_find_removable
 .text          0x000000000002920a      0x8ed obj_cooja/mtype474.a(rpl-neighbor.o)
                0x0000000000029286                rpl_neighbor_snprint
                0x0000000000029533                rpl_neighbor_print_list
                0x00000000000295e8                rpl_neighbor_count
                0x000000000002968f                rpl_neighbor_get_from_lladdr
                0x00000000000296ab                rpl_neighbor_is_acceptable_parent
                0x00000000000296df                rpl_neighbor_get_link_metric
                0x0000000000029713                rpl_neighbor_rank_via_nbr
                0x0000000000029747                rpl_neighbor_get_lladdr
                0x0000000000029763                rpl_neighbor_get_ipaddr
                0x000000000002978a                rpl_neighbor_get_link_stats
                0x00000000000297b1                rpl_neighbor_is_fresh
                0x00000000000297d8                rpl_neighbor_is_reachable
                0x0000000000029823                rpl_neighbor_is_parent
                0x000000000002984d                rpl_neighbor_set_preferred_parent
                0x00000000000298d9                rpl_neighbor_remove_all
                0x0000000000029928                rpl_neighbor_get_from_ipaddr
                0x0000000000029a2c                rpl_neighbor_select_best
                0x0000000000029ad8                rpl_neighbor_init
 .text          0x0000000000029af7      0xa19 obj_cooja/mtype474.a(rpl-timers.o)
                0x0000000000029af7                rpl_timers_schedule_periodic_dis
                0x0000000000029c45                rpl_timers_dio_reset
                0x0000000000029d36                rpl_timers_schedule_unicast_dio
                0x0000000000029ebc                rpl_timers_schedule_dao
                0x0000000000029ff6                rpl_timers_schedule_dao_ack
                0x000000000002a07c                get_probing_delay
                0x000000000002a0b0                get_probing_target
                0x000000000002a29a                rpl_schedule_probing
                0x000000000002a2c8                rpl_schedule_probing_now
                0x000000000002a332                rpl_timers_unschedule_leaving
                0x000000000002a36a                rpl_timers_schedule_leaving
                0x000000000002a3ab                rpl_timers_init
                0x000000000002a43b                rpl_timers_stop_dag_timers
                0x000000000002a4b4                rpl_timers_unschedule_state_update
                0x000000000002a4d8                rpl_timers_schedule_state_update
 .text          0x000000000002a510     0x102c obj_cooja/mtype474.a(rpl-ext-header.)
                0x000000000002a510                rpl_ext_header_srh_get_next_hop
                0x000000000002a68c                rpl_ext_header_srh_update
                0x000000000002ad85                rpl_ext_header_hbh_update
                0x000000000002b2da                rpl_ext_header_update
                0x000000000002b363                rpl_ext_header_remove
 .text          0x000000000002b53c      0x31b obj_cooja/mtype474.a(rpl-mrhof.o)
 .text          0x000000000002b857        0x0 /usr/lib/gcc/i686-linux-gnu/5/crtendS.o
 .text          0x000000000002b857        0x0 /usr/lib/gcc/i686-linux-gnu/5/../../../i386-linux-gnu/crtn.o
 *(.gnu.warning)

.fini           0x000000000002b858       0x14
 *(SORT(.fini))
 .fini          0x000000000002b858        0xf /usr/lib/gcc/i686-linux-gnu/5/../../../i386-linux-gnu/crti.o
                0x000000000002b858                _fini
 .fini          0x000000000002b867        0x5 /usr/lib/gcc/i686-linux-gnu/5/../../../i386-linux-gnu/crtn.o
                [!provide]                        PROVIDE (__etext, .)
                [!provide]                        PROVIDE (_etext, .)
                [!provide]                        PROVIDE (etext, .)

.rodata         0x000000000002b880      0xc60
 *(.rodata .rodata.* .gnu.linkonce.r.*)
 .rodata        0x000000000002b880      0x4d7 udp-client.o
                0x000000000002b8a4                autostart_processes
 *fill*         0x000000000002bd57        0x1 
 .rodata        0x000000000002bd58        0x8 obj_cooja/mtype474.a(beep.o)
                0x000000000002bd58                beep_interface
 .rodata        0x000000000002bd60       0x20 obj_cooja/mtype474.a(button-sensor.o)
                0x000000000002bd60                button_interface
                0x000000000002bd70                button_sensor
 .rodata        0x000000000002bd80        0x8 obj_cooja/mtype474.a(leds-arch.o)
                0x000000000002bd80                leds_interface
 .rodata        0x000000000002bd88        0x8 obj_cooja/mtype474.a(moteid.o)
                0x000000000002bd88                moteid_interface
 .rodata        0x000000000002bd90       0x1c obj_cooja/mtype474.a(pir-sensor.o)
                0x000000000002bd90                pir_interface
                0x000000000002bd9c                pir_sensor
 .rodata        0x000000000002bdac        0xe obj_cooja/mtype474.a(rs232.o)
                0x000000000002bdac                rs232_interface
 *fill*         0x000000000002bdba        0x2 
 .rodata        0x000000000002bdbc       0x24 obj_cooja/mtype474.a(vib-sensor.o)
                0x000000000002bdbc                vib_interface
                0x000000000002bdd0                vib_sensor
 .rodata        0x000000000002bde0        0x8 obj_cooja/mtype474.a(clock.o)
                0x000000000002bde0                clock_interface
 .rodata        0x000000000002bde8        0x8 obj_cooja/mtype474.a(cooja-log.o)
                0x000000000002bde8                simlog_interface
 .rodata        0x000000000002bdf0       0x2f obj_cooja/mtype474.a(cfs-cooja.o)
                0x000000000002bdf0                cfs_interface
 *fill*         0x000000000002be1f        0x1 
 .rodata        0x000000000002be20       0x58 obj_cooja/mtype474.a(cooja-radio.o)
                0x000000000002be20                radio_interface
                0x000000000002be40                cooja_radio_driver
 .rodata        0x000000000002be78        0x8 obj_cooja/mtype474.a(eeprom.o)
                0x000000000002be78                eeprom_interface
 .rodata        0x000000000002be80        0x8 obj_cooja/mtype474.a(sensors.o)
 .rodata        0x000000000002be88       0x14 obj_cooja/mtype474.a(mqtt.o)
 .rodata        0x000000000002be9c       0xf8 obj_cooja/mtype474.a(contiki-main.o)
 .rodata        0x000000000002bf94        0xf obj_cooja/mtype474.a(ctimer.o)
 .rodata        0x000000000002bfa3        0xc obj_cooja/mtype474.a(etimer.o)
 *fill*         0x000000000002bfaf        0x1 
 .rodata        0x000000000002bfb0       0xc0 obj_cooja/mtype474.a(log.o)
 .rodata        0x000000000002c070        0xe obj_cooja/mtype474.a(serial-line.o)
 *fill*         0x000000000002c07e        0x2 
 .rodata        0x000000000002c080        0x8 obj_cooja/mtype474.a(linkaddr.o)
                0x000000000002c080                linkaddr_null
 .rodata        0x000000000002c088       0x20 obj_cooja/mtype474.a(csma.o)
                0x000000000002c090                csma_driver
 .rodata        0x000000000002c0a8       0x13 obj_cooja/mtype474.a(tcp-socket.o)
 .rodata        0x000000000002c0bb        0xd obj_cooja/mtype474.a(tcpip.o)
 .rodata        0x000000000002c0c8       0x4d obj_cooja/mtype474.a(uip-ds6-route.o)
 *fill*         0x000000000002c115        0x3 
 .rodata        0x000000000002c118      0x13c obj_cooja/mtype474.a(uip6.o)
 .rodata        0x000000000002c254       0x13 obj_cooja/mtype474.a(simple-udp.o)
 *fill*         0x000000000002c267        0x1 
 .rodata        0x000000000002c268       0x30 obj_cooja/mtype474.a(sicslowpan.o)
                0x000000000002c268                unc_llconf
                0x000000000002c26c                unc_ctxconf
                0x000000000002c270                unc_mxconf
                0x000000000002c274                llprefix
                0x000000000002c288                sicslowpan_driver
 .rodata        0x000000000002c298       0x2d obj_cooja/mtype474.a(uiplib.o)
 *fill*         0x000000000002c2c5       0x1b 
 .rodata        0x000000000002c2e0       0x70 obj_cooja/mtype474.a(rpl.o)
                0x000000000002c300                rpl_lite_driver
 .rodata        0x000000000002c350       0xdb obj_cooja/mtype474.a(rpl-dag.o)
 *fill*         0x000000000002c42b        0x1 
 .rodata        0x000000000002c42c        0xc obj_cooja/mtype474.a(framer-802154.o)
                0x000000000002c42c                framer_802154
 .rodata        0x000000000002c438       0x44 obj_cooja/mtype474.a(uip-sr.o)
 .rodata        0x000000000002c47c       0x58 obj_cooja/mtype474.a(rpl-neighbor.o)
 .rodata        0x000000000002c4d4        0xc obj_cooja/mtype474.a(rpl-timers.o)

.rodata1
 *(.rodata1)

.eh_frame_hdr   0x000000000002c4e0     0x16ac
 *(.eh_frame_hdr)
 .eh_frame_hdr  0x000000000002c4e0     0x16ac udp-client.o
                0x000000000002c4e0                __GNU_EH_FRAME_HDR
 *(.eh_frame_entry .eh_frame_entry.*)

.eh_frame       0x000000000002db8c     0x5bec
 *(.eh_frame)
 .eh_frame      0x000000000002db8c       0x3c /usr/lib/gcc/i686-linux-gnu/5/../../../i386-linux-gnu/crti.o
                                         0x40 (size before relaxing)
 .eh_frame      0x000000000002dbc8      0x228 udp-client.o
                                        0x240 (size before relaxing)
 .eh_frame      0x000000000002ddf0      0x178 obj_cooja/mtype474.o
                                        0x190 (size before relaxing)
 .eh_frame      0x000000000002df68       0x40 obj_cooja/mtype474.a(simEnvChange.o)
                                         0x58 (size before relaxing)
 .eh_frame      0x000000000002dfa8       0x60 obj_cooja/mtype474.a(cooja_mt.o)
                                         0x78 (size before relaxing)
 .eh_frame      0x000000000002e008       0x80 obj_cooja/mtype474.a(cooja_mtarch.o)
                                         0x98 (size before relaxing)
 .eh_frame      0x000000000002e088       0xc8 obj_cooja/mtype474.a(rtimer-arch.o)
                                         0xe0 (size before relaxing)
 .eh_frame      0x000000000002e150      0x160 obj_cooja/mtype474.a(beep.o)
                                        0x178 (size before relaxing)
 .eh_frame      0x000000000002e2b0       0xa0 obj_cooja/mtype474.a(button-sensor.o)
                                         0xb8 (size before relaxing)
 .eh_frame      0x000000000002e350       0xa0 obj_cooja/mtype474.a(leds-arch.o)
                                         0xb8 (size before relaxing)
 .eh_frame      0x000000000002e3f0       0x40 obj_cooja/mtype474.a(moteid.o)
                                         0x58 (size before relaxing)
 .eh_frame      0x000000000002e430       0xa0 obj_cooja/mtype474.a(pir-sensor.o)
                                         0xb8 (size before relaxing)
 .eh_frame      0x000000000002e4d0      0x100 obj_cooja/mtype474.a(rs232.o)
                                        0x118 (size before relaxing)
 .eh_frame      0x000000000002e5d0       0xa0 obj_cooja/mtype474.a(vib-sensor.o)
                                         0xb8 (size before relaxing)
 .eh_frame      0x000000000002e670       0xc0 obj_cooja/mtype474.a(clock.o)
                                         0xd8 (size before relaxing)
 .eh_frame      0x000000000002e730      0x120 obj_cooja/mtype474.a(cooja-log.o)
                                        0x138 (size before relaxing)
 .eh_frame      0x000000000002e850      0x160 obj_cooja/mtype474.a(cfs-cooja.o)
                                        0x178 (size before relaxing)
 .eh_frame      0x000000000002e9b0      0x340 obj_cooja/mtype474.a(cooja-radio.o)
                                        0x358 (size before relaxing)
 .eh_frame      0x000000000002ecf0       0xa0 obj_cooja/mtype474.a(eeprom.o)
                                         0xb8 (size before relaxing)
 .eh_frame      0x000000000002ed90       0x40 obj_cooja/mtype474.a(random.o)
                                         0x58 (size before relaxing)
 .eh_frame      0x000000000002edd0       0xc0 obj_cooja/mtype474.a(sensors.o)
                                         0xd8 (size before relaxing)
 .eh_frame      0x000000000002ee90       0xe0 obj_cooja/mtype474.a(leds.o)
                                         0xf8 (size before relaxing)
 .eh_frame      0x000000000002ef70      0x4a4 obj_cooja/mtype474.a(mqtt.o)
                                        0x4bc (size before relaxing)
 .eh_frame      0x000000000002f414       0x30 obj_cooja/mtype474.a(contiki-main.o)
                                         0x48 (size before relaxing)
 .eh_frame      0x000000000002f444       0x40 obj_cooja/mtype474.a(autostart.o)
                                         0x58 (size before relaxing)
 .eh_frame      0x000000000002f484      0x100 obj_cooja/mtype474.a(ctimer.o)
                                        0x118 (size before relaxing)
 .eh_frame      0x000000000002f584       0x60 obj_cooja/mtype474.a(energest.o)
                                         0x78 (size before relaxing)
 .eh_frame      0x000000000002f5e4      0x1e0 obj_cooja/mtype474.a(etimer.o)
                                        0x1f8 (size before relaxing)
 .eh_frame      0x000000000002f7c4      0x100 obj_cooja/mtype474.a(log.o)
                                        0x118 (size before relaxing)
 .eh_frame      0x000000000002f8c4      0x1c4 obj_cooja/mtype474.a(process.o)
                                        0x1dc (size before relaxing)
 .eh_frame      0x000000000002fa88       0x60 obj_cooja/mtype474.a(rtimer.o)
                                         0x78 (size before relaxing)
 .eh_frame      0x000000000002fae8       0x20 obj_cooja/mtype474.a(node-id.o)
                                         0x38 (size before relaxing)
 .eh_frame      0x000000000002fb08       0xa4 obj_cooja/mtype474.a(timer.o)
                                         0xbc (size before relaxing)
 .eh_frame      0x000000000002fbac       0x60 obj_cooja/mtype474.a(serial-line.o)
                                         0x78 (size before relaxing)
 .eh_frame      0x000000000002fc0c      0x1a0 obj_cooja/mtype474.a(list.o)
                                        0x1b8 (size before relaxing)
 .eh_frame      0x000000000002fdac       0xa0 obj_cooja/mtype474.a(ringbuf.o)
                                         0xb8 (size before relaxing)
 .eh_frame      0x000000000002fe4c      0x28c obj_cooja/mtype474.a(packetbuf.o)
                                        0x2a4 (size before relaxing)
 .eh_frame      0x00000000000300d8       0x80 obj_cooja/mtype474.a(netstack.o)
                                         0x98 (size before relaxing)
 .eh_frame      0x0000000000030158       0x60 obj_cooja/mtype474.a(linkaddr.o)
                                         0x78 (size before relaxing)
 .eh_frame      0x00000000000301b8       0xa0 obj_cooja/mtype474.a(csma.o)
                                         0xb8 (size before relaxing)
 .eh_frame      0x0000000000030258      0x1d4 obj_cooja/mtype474.a(csma-output.o)
                                        0x1ec (size before relaxing)
 .eh_frame      0x000000000003042c      0x2e8 obj_cooja/mtype474.a(uip-ds6.o)
                                        0x300 (size before relaxing)
 .eh_frame      0x0000000000030714      0x248 obj_cooja/mtype474.a(tcp-socket.o)
                                        0x260 (size before relaxing)
 .eh_frame      0x000000000003095c      0x308 obj_cooja/mtype474.a(tcpip.o)
                                        0x320 (size before relaxing)
 .eh_frame      0x0000000000030c64      0x220 obj_cooja/mtype474.a(uip-ds6-route.o)
                                        0x238 (size before relaxing)
 .eh_frame      0x0000000000030e84      0x274 obj_cooja/mtype474.a(uip6.o)
                                        0x28c (size before relaxing)
 .eh_frame      0x00000000000310f8      0x1c0 obj_cooja/mtype474.a(uip-ds6-nbr.o)
                                        0x1d8 (size before relaxing)
 .eh_frame      0x00000000000312b8       0x84 obj_cooja/mtype474.a(uip-nd6.o)
                                         0x9c (size before relaxing)
 .eh_frame      0x000000000003133c       0xd4 obj_cooja/mtype474.a(simple-udp.o)
                                         0xec (size before relaxing)
 .eh_frame      0x0000000000031410      0x2f8 obj_cooja/mtype474.a(sicslowpan.o)
                                        0x310 (size before relaxing)
 .eh_frame      0x0000000000031708       0x88 obj_cooja/mtype474.a(uiplib.o)
                                         0xa0 (size before relaxing)
 .eh_frame      0x0000000000031790      0x1e0 obj_cooja/mtype474.a(rpl.o)
                                        0x1f8 (size before relaxing)
 .eh_frame      0x0000000000031970      0x1c4 obj_cooja/mtype474.a(rpl-icmp6.o)
                                        0x1dc (size before relaxing)
 .eh_frame      0x0000000000031b34      0x370 obj_cooja/mtype474.a(rpl-dag.o)
                                        0x388 (size before relaxing)
 .eh_frame      0x0000000000031ea4       0xa0 obj_cooja/mtype474.a(rpl-dag-root.o)
                                         0xb8 (size before relaxing)
 .eh_frame      0x0000000000031f44       0xa0 obj_cooja/mtype474.a(watchdog.o)
                                         0xb8 (size before relaxing)
 .eh_frame      0x0000000000031fe4       0xc4 obj_cooja/mtype474.a(stimer.o)
                                         0xdc (size before relaxing)
 .eh_frame      0x00000000000320a8       0xa0 obj_cooja/mtype474.a(memb.o)
                                         0xb8 (size before relaxing)
 .eh_frame      0x0000000000032148      0x1a0 obj_cooja/mtype474.a(queuebuf.o)
                                        0x1b8 (size before relaxing)
 .eh_frame      0x00000000000322e8      0x2ac obj_cooja/mtype474.a(nbr-table.o)
                                        0x2c4 (size before relaxing)
 .eh_frame      0x0000000000032594      0x100 obj_cooja/mtype474.a(link-stats.o)
                                        0x118 (size before relaxing)
 .eh_frame      0x0000000000032694       0x48 obj_cooja/mtype474.a(mac-sequence.o)
                                         0x60 (size before relaxing)
 .eh_frame      0x00000000000326dc       0x20 obj_cooja/mtype474.a(mac.o)
                                         0x38 (size before relaxing)
 .eh_frame      0x00000000000326fc       0xa4 obj_cooja/mtype474.a(framer-802154.o)
                                         0xbc (size before relaxing)
 .eh_frame      0x00000000000327a0      0x1a4 obj_cooja/mtype474.a(frame802154.o)
                                        0x1bc (size before relaxing)
 .eh_frame      0x0000000000032944      0x100 obj_cooja/mtype474.a(uipbuf.o)
                                        0x118 (size before relaxing)
 .eh_frame      0x0000000000032a44      0x160 obj_cooja/mtype474.a(uip-icmp6.o)
                                        0x178 (size before relaxing)
 .eh_frame      0x0000000000032ba4      0x184 obj_cooja/mtype474.a(uip-sr.o)
                                        0x19c (size before relaxing)
 .eh_frame      0x0000000000032d28       0xe0 obj_cooja/mtype474.a(uip-packetqueue)
                                         0xf8 (size before relaxing)
 .eh_frame      0x0000000000032e08       0x40 obj_cooja/mtype474.a(uip-udp-packet.)
                                         0x58 (size before relaxing)
 .eh_frame      0x0000000000032e48       0x80 obj_cooja/mtype474.a(rpl-nbr-policy.)
                                         0x98 (size before relaxing)
 .eh_frame      0x0000000000032ec8      0x2d4 obj_cooja/mtype474.a(rpl-neighbor.o)
                                        0x2ec (size before relaxing)
 .eh_frame      0x000000000003319c      0x368 obj_cooja/mtype474.a(rpl-timers.o)
                                        0x380 (size before relaxing)
 .eh_frame      0x0000000000033504      0x128 obj_cooja/mtype474.a(rpl-ext-header.)
                                        0x140 (size before relaxing)
 .eh_frame      0x000000000003362c      0x148 obj_cooja/mtype474.a(rpl-mrhof.o)
                                        0x160 (size before relaxing)
 .eh_frame      0x0000000000033774        0x4 /usr/lib/gcc/i686-linux-gnu/5/crtendS.o
 *(.eh_frame.*)

.gcc_except_table
 *(.gcc_except_table .gcc_except_table.*)

.gnu_extab
 *(.gnu_extab*)

.exception_ranges
 *(.exception_ranges .exception_ranges*)
                0x0000000000034f10                . = DATA_SEGMENT_ALIGN (0x1000, 0x1000)

.eh_frame
 *(.eh_frame)
 *(.eh_frame.*)

.gnu_extab
 *(.gnu_extab)

.gcc_except_table
 *(.gcc_except_table .gcc_except_table.*)

.exception_ranges
 *(.exception_ranges .exception_ranges*)

.tdata
 *(.tdata .tdata.* .gnu.linkonce.td.*)

.tbss
 *(.tbss .tbss.* .gnu.linkonce.tb.*)
 *(.tcommon)

.preinit_array
 *(.preinit_array)

.init_array     0x0000000000034f10        0x4
 *(SORT(.init_array.*) SORT(.ctors.*))
 *(.init_array EXCLUDE_FILE(*crtend?.o *crtend.o *crtbegin?.o *crtbegin.o) .ctors)
 .init_array    0x0000000000034f10        0x4 /usr/lib/gcc/i686-linux-gnu/5/crtbeginS.o

.fini_array     0x0000000000034f14        0x4
 *(SORT(.fini_array.*) SORT(.dtors.*))
 *(.fini_array EXCLUDE_FILE(*crtend?.o *crtend.o *crtbegin?.o *crtbegin.o) .dtors)
 .fini_array    0x0000000000034f14        0x4 /usr/lib/gcc/i686-linux-gnu/5/crtbeginS.o

.ctors
 *crtbegin.o(.ctors)
 *crtbegin?.o(.ctors)
 *(EXCLUDE_FILE(*crtend?.o *crtend.o) .ctors)
 *(SORT(.ctors.*))
 *(.ctors)

.dtors
 *crtbegin.o(.dtors)
 *crtbegin?.o(.dtors)
 *(EXCLUDE_FILE(*crtend?.o *crtend.o) .dtors)
 *(SORT(.dtors.*))
 *(.dtors)

.jcr            0x0000000000034f18        0x4
 *(.jcr)
 .jcr           0x0000000000034f18        0x0 /usr/lib/gcc/i686-linux-gnu/5/crtbeginS.o
 .jcr           0x0000000000034f18        0x4 /usr/lib/gcc/i686-linux-gnu/5/crtendS.o

.data.rel.ro
 *(.data.rel.ro.local* .gnu.linkonce.d.rel.ro.local.*)
 *(.data.rel.ro .data.rel.ro.* .gnu.linkonce.d.rel.ro.*)

.dynamic        0x0000000000034f1c       0xd0
 *(.dynamic)
 .dynamic       0x0000000000034f1c       0xd0 /usr/lib/gcc/i686-linux-gnu/5/../../../i386-linux-gnu/crti.o
                0x0000000000034f1c                _DYNAMIC

.got            0x0000000000034fec       0x14
 *(.got)
 .got           0x0000000000034fec       0x14 /usr/lib/gcc/i686-linux-gnu/5/../../../i386-linux-gnu/crti.o
 *(.igot)
                0x0000000000035ff4                . = DATA_SEGMENT_RELRO_END (., (SIZEOF (.got.plt) >= 0xc)?0xc:0x0)

.got.plt        0x0000000000035000        0xc
 *(.got.plt)
 .got.plt       0x0000000000035000        0xc /usr/lib/gcc/i686-linux-gnu/5/../../../i386-linux-gnu/crti.o
                0x0000000000035000                _GLOBAL_OFFSET_TABLE_
 *(.igot.plt)

.data           0x0000000000035020      0x344
 *(.data .data.* .gnu.linkonce.d.*)
 .data          0x0000000000035020        0x0 /usr/lib/gcc/i686-linux-gnu/5/../../../i386-linux-gnu/crti.o
 .data          0x0000000000035020        0x0 /usr/lib/gcc/i686-linux-gnu/5/crtbeginS.o
 .data.rel.local
                0x0000000000035020        0x4 /usr/lib/gcc/i686-linux-gnu/5/crtbeginS.o
                0x0000000000035020                __dso_handle
 .data          0x0000000000035024       0x34 udp-client.o
                0x0000000000035028                udp_client_process
                0x0000000000035038                udp_client_send_root_process
                0x0000000000035048                mqtt_client_process
 *fill*         0x0000000000035058        0x8 
 .data          0x0000000000035060       0x44 obj_cooja/mtype474.o
                0x0000000000035060                simInterfaces
                0x0000000000035094                sensors
 .data          0x00000000000350a4        0x0 obj_cooja/mtype474.a(simEnvChange.o)
 .data          0x00000000000350a4        0x0 obj_cooja/mtype474.a(cooja_mt.o)
 .data          0x00000000000350a4        0x0 obj_cooja/mtype474.a(cooja_mtarch.o)
 .data          0x00000000000350a4        0x0 obj_cooja/mtype474.a(rtimer-arch.o)
 .data          0x00000000000350a4        0x0 obj_cooja/mtype474.a(beep.o)
 .data          0x00000000000350a4        0x0 obj_cooja/mtype474.a(button-sensor.o)
 .data          0x00000000000350a4        0x0 obj_cooja/mtype474.a(leds-arch.o)
 .data          0x00000000000350a4        0x0 obj_cooja/mtype474.a(moteid.o)
 .data          0x00000000000350a4        0x0 obj_cooja/mtype474.a(pir-sensor.o)
 .data          0x00000000000350a4        0x0 obj_cooja/mtype474.a(rs232.o)
 .data          0x00000000000350a4        0x0 obj_cooja/mtype474.a(vib-sensor.o)
 .data          0x00000000000350a4        0x0 obj_cooja/mtype474.a(clock.o)
 .data          0x00000000000350a4        0x0 obj_cooja/mtype474.a(cooja-log.o)
 .data          0x00000000000350a4        0x0 obj_cooja/mtype474.a(cfs-cooja.o)
 .data          0x00000000000350a4       0x2c obj_cooja/mtype474.a(cooja-radio.o)
                0x00000000000350a4                simRadioHWOn
                0x00000000000350a8                simSignalStrength
                0x00000000000350ac                simLastSignalStrength
                0x00000000000350b0                simPower
                0x00000000000350b4                simRadioChannel
                0x00000000000350b8                simLQI
                0x00000000000350c0                cooja_radio_process
 .data          0x00000000000350d0        0x0 obj_cooja/mtype474.a(eeprom.o)
 .data          0x00000000000350d0        0x0 obj_cooja/mtype474.a(random.o)
 .data          0x00000000000350d0       0x10 obj_cooja/mtype474.a(sensors.o)
                0x00000000000350d0                sensors_process
 .data          0x00000000000350e0        0x0 obj_cooja/mtype474.a(leds.o)
 .data          0x00000000000350e0       0x14 obj_cooja/mtype474.a(mqtt.o)
                0x00000000000350e4                mqtt_process
 .data          0x00000000000350f4        0x0 obj_cooja/mtype474.a(contiki-main.o)
 .data          0x00000000000350f4        0x0 obj_cooja/mtype474.a(autostart.o)
 .data          0x00000000000350f4       0x14 obj_cooja/mtype474.a(ctimer.o)
                0x00000000000350f8                ctimer_process
 .data          0x0000000000035108        0x0 obj_cooja/mtype474.a(energest.o)
 .data          0x0000000000035108       0x10 obj_cooja/mtype474.a(etimer.o)
                0x0000000000035108                etimer_process
 *fill*         0x0000000000035118        0x8 
 .data          0x0000000000035120       0xb0 obj_cooja/mtype474.a(log.o)
                0x0000000000035120                curr_log_level_main
                0x0000000000035140                all_modules
 .data          0x00000000000351d0        0x0 obj_cooja/mtype474.a(process.o)
 .data          0x00000000000351d0        0x0 obj_cooja/mtype474.a(rtimer.o)
 .data          0x00000000000351d0        0x0 obj_cooja/mtype474.a(node-id.o)
 .data          0x00000000000351d0        0x0 obj_cooja/mtype474.a(timer.o)
 .data          0x00000000000351d0       0x10 obj_cooja/mtype474.a(serial-line.o)
                0x00000000000351d0                serial_line_process
 .data          0x00000000000351e0        0x0 obj_cooja/mtype474.a(list.o)
 .data          0x00000000000351e0        0x0 obj_cooja/mtype474.a(ringbuf.o)
 .data          0x00000000000351e0        0x4 obj_cooja/mtype474.a(packetbuf.o)
 .data          0x00000000000351e4        0x4 obj_cooja/mtype474.a(netstack.o)
 .data          0x00000000000351e8        0x0 obj_cooja/mtype474.a(linkaddr.o)
 .data          0x00000000000351e8        0x0 obj_cooja/mtype474.a(csma.o)
 .data          0x00000000000351e8       0x28 obj_cooja/mtype474.a(csma-output.o)
 .data          0x0000000000035210        0x0 obj_cooja/mtype474.a(uip-ds6.o)
 .data          0x0000000000035210       0x14 obj_cooja/mtype474.a(tcp-socket.o)
                0x0000000000035214                tcp_socket_process
 .data          0x0000000000035224       0x10 obj_cooja/mtype474.a(tcpip.o)
                0x0000000000035224                tcpip_process
 .data          0x0000000000035234       0x10 obj_cooja/mtype474.a(uip-ds6-route.o)
 .data          0x0000000000035244        0x0 obj_cooja/mtype474.a(uip6.o)
 .data          0x0000000000035244       0x14 obj_cooja/mtype474.a(uip-ds6-nbr.o)
                0x0000000000035254                ds6_neighbors
 .data          0x0000000000035258        0xc obj_cooja/mtype474.a(uip-nd6.o)
 .data          0x0000000000035264       0x10 obj_cooja/mtype474.a(simple-udp.o)
                0x0000000000035264                simple_udp_process
 .data          0x0000000000035274        0x0 obj_cooja/mtype474.a(sicslowpan.o)
 .data          0x0000000000035274        0x0 obj_cooja/mtype474.a(uiplib.o)
 .data          0x0000000000035274        0x0 obj_cooja/mtype474.a(rpl.o)
 .data          0x0000000000035274       0x30 obj_cooja/mtype474.a(rpl-icmp6.o)
 .data          0x00000000000352a4        0x0 obj_cooja/mtype474.a(rpl-dag.o)
 .data          0x00000000000352a4        0x0 obj_cooja/mtype474.a(rpl-dag-root.o)
 .data          0x00000000000352a4        0x0 obj_cooja/mtype474.a(watchdog.o)
 .data          0x00000000000352a4        0x0 obj_cooja/mtype474.a(stimer.o)
 .data          0x00000000000352a4        0x0 obj_cooja/mtype474.a(memb.o)
 .data          0x00000000000352a4       0x18 obj_cooja/mtype474.a(queuebuf.o)
 .data          0x00000000000352bc       0x10 obj_cooja/mtype474.a(nbr-table.o)
 .data          0x00000000000352cc       0x14 obj_cooja/mtype474.a(link-stats.o)
 .data          0x00000000000352e0        0x0 obj_cooja/mtype474.a(mac-sequence.o)
 .data          0x00000000000352e0        0x0 obj_cooja/mtype474.a(mac.o)
 .data          0x00000000000352e0        0x0 obj_cooja/mtype474.a(framer-802154.o)
 .data          0x00000000000352e0        0x2 obj_cooja/mtype474.a(frame802154.o)
 .data          0x00000000000352e2        0x0 obj_cooja/mtype474.a(uipbuf.o)
 *fill*         0x00000000000352e2        0x2 
 .data          0x00000000000352e4       0x20 obj_cooja/mtype474.a(uip-icmp6.o)
 .data          0x0000000000035304       0x10 obj_cooja/mtype474.a(uip-sr.o)
 .data          0x0000000000035314        0xc obj_cooja/mtype474.a(uip-packetqueue)
 .data          0x0000000000035320        0x0 obj_cooja/mtype474.a(uip-udp-packet.)
 .data          0x0000000000035320        0x0 obj_cooja/mtype474.a(rpl-nbr-policy.)
 .data          0x0000000000035320       0x14 obj_cooja/mtype474.a(rpl-neighbor.o)
                0x0000000000035330                rpl_neighbors
 .data          0x0000000000035334        0x0 obj_cooja/mtype474.a(rpl-timers.o)
 .data          0x0000000000035334        0x0 obj_cooja/mtype474.a(rpl-ext-header.)
 *fill*         0x0000000000035334        0xc 
 .data          0x0000000000035340       0x24 obj_cooja/mtype474.a(rpl-mrhof.o)
                0x0000000000035340                rpl_mrhof
 .data          0x0000000000035364        0x0 /usr/lib/gcc/i686-linux-gnu/5/crtendS.o
 .data          0x0000000000035364        0x0 /usr/lib/gcc/i686-linux-gnu/5/../../../i386-linux-gnu/crtn.o

.tm_clone_table
                0x0000000000035364        0x0
 .tm_clone_table
                0x0000000000035364        0x0 /usr/lib/gcc/i686-linux-gnu/5/crtbeginS.o
 .tm_clone_table
                0x0000000000035364        0x0 /usr/lib/gcc/i686-linux-gnu/5/crtendS.o

.data1
 *(.data1)
                0x0000000000035364                _edata = .
                [!provide]                        PROVIDE (edata, .)
                0x0000000000035364                . = .
                0x0000000000035364                __bss_start = .

.bss            0x0000000000035380    0x14c20
 *(.dynbss)
 .dynbss        0x0000000000035380        0x0 /usr/lib/gcc/i686-linux-gnu/5/../../../i386-linux-gnu/crti.o
 *(.bss .bss.* .gnu.linkonce.b.*)
 .bss           0x0000000000035380        0x0 /usr/lib/gcc/i686-linux-gnu/5/../../../i386-linux-gnu/crti.o
 .bss           0x0000000000035380        0x1 /usr/lib/gcc/i686-linux-gnu/5/crtbeginS.o
 *fill*         0x0000000000035381       0x1f 
 .bss           0x00000000000353a0      0xc68 udp-client.o
 *fill*         0x0000000000036008       0x18 
 .bss           0x0000000000036020     0x2030 obj_cooja/mtype474.o
 .bss           0x0000000000038050        0x1 obj_cooja/mtype474.a(simEnvChange.o)
                0x0000000000038050                simDontFallAsleep
 *fill*         0x0000000000038051        0x3 
 .bss           0x0000000000038054        0x4 obj_cooja/mtype474.a(cooja_mt.o)
 .bss           0x0000000000038058        0x4 obj_cooja/mtype474.a(cooja_mtarch.o)
 .bss           0x000000000003805c        0x0 obj_cooja/mtype474.a(rtimer-arch.o)
 .bss           0x000000000003805c        0x0 obj_cooja/mtype474.a(beep.o)
 .bss           0x000000000003805c        0x8 obj_cooja/mtype474.a(button-sensor.o)
 .bss           0x0000000000038064        0x0 obj_cooja/mtype474.a(leds-arch.o)
 .bss           0x0000000000038064        0x0 obj_cooja/mtype474.a(moteid.o)
 .bss           0x0000000000038064        0x1 obj_cooja/mtype474.a(pir-sensor.o)
                0x0000000000038064                simPirValue
 *fill*         0x0000000000038065        0x3 
 .bss           0x0000000000038068        0x4 obj_cooja/mtype474.a(rs232.o)
 .bss           0x000000000003806c        0x1 obj_cooja/mtype474.a(vib-sensor.o)
                0x000000000003806c                simVibValue
 .bss           0x000000000003806d        0x0 obj_cooja/mtype474.a(clock.o)
 *fill*         0x000000000003806d       0x13 
 .bss           0x0000000000038080     0x2020 obj_cooja/mtype474.a(cooja-log.o)
 .bss           0x000000000003a0a0      0xfc0 obj_cooja/mtype474.a(cfs-cooja.o)
                0x000000000003a0a0                simCFSData
                0x000000000003b040                simCFSSize
                0x000000000003b044                simCFSChanged
                0x000000000003b048                simCFSRead
                0x000000000003b04c                simCFSWritten
 .bss           0x000000000003b060       0x24 obj_cooja/mtype474.a(cooja-radio.o)
                0x000000000003b060                simReceiving
                0x000000000003b064                simInSize
                0x000000000003b068                simLastPacketTimestamp
                0x000000000003b070                simOutSize
 .bss           0x000000000003b084        0xc obj_cooja/mtype474.a(eeprom.o)
                0x000000000003b084                simEEPROMChanged
                0x000000000003b088                simEEPROMRead
                0x000000000003b08c                simEEPROMWritten
 .bss           0x000000000003b090        0x0 obj_cooja/mtype474.a(random.o)
 .bss           0x000000000003b090        0xc obj_cooja/mtype474.a(sensors.o)
 .bss           0x000000000003b09c        0x0 obj_cooja/mtype474.a(leds.o)
 .bss           0x000000000003b09c       0x15 obj_cooja/mtype474.a(mqtt.o)
 .bss           0x000000000003b0b1        0x0 obj_cooja/mtype474.a(contiki-main.o)
 .bss           0x000000000003b0b1        0x0 obj_cooja/mtype474.a(autostart.o)
 *fill*         0x000000000003b0b1        0x3 
 .bss           0x000000000003b0b4        0x5 obj_cooja/mtype474.a(ctimer.o)
 .bss           0x000000000003b0b9        0x0 obj_cooja/mtype474.a(energest.o)
 *fill*         0x000000000003b0b9        0x3 
 .bss           0x000000000003b0bc        0x8 obj_cooja/mtype474.a(etimer.o)
 .bss           0x000000000003b0c4       0x28 obj_cooja/mtype474.a(log.o)
                0x000000000003b0c4                curr_log_level_rpl
                0x000000000003b0c8                curr_log_level_tcpip
                0x000000000003b0cc                curr_log_level_ipv6
                0x000000000003b0d0                curr_log_level_6lowpan
                0x000000000003b0d4                curr_log_level_nullnet
                0x000000000003b0d8                curr_log_level_mac
                0x000000000003b0dc                curr_log_level_framer
                0x000000000003b0e0                curr_log_level_6top
                0x000000000003b0e4                curr_log_level_coap
                0x000000000003b0e8                curr_log_level_lwm2m
 *fill*         0x000000000003b0ec       0x14 
 .bss           0x000000000003b100      0x1a1 obj_cooja/mtype474.a(process.o)
                0x000000000003b100                process_list
                0x000000000003b104                process_current
 *fill*         0x000000000003b2a1        0x3 
 .bss           0x000000000003b2a4        0x4 obj_cooja/mtype474.a(rtimer.o)
 .bss           0x000000000003b2a8        0x2 obj_cooja/mtype474.a(node-id.o)
                0x000000000003b2a8                node_id
 .bss           0x000000000003b2aa        0x0 obj_cooja/mtype474.a(timer.o)
 *fill*         0x000000000003b2aa       0x16 
 .bss           0x000000000003b2c0      0x140 obj_cooja/mtype474.a(serial-line.o)
 .bss           0x000000000003b400        0x0 obj_cooja/mtype474.a(list.o)
 .bss           0x000000000003b400        0x0 obj_cooja/mtype474.a(ringbuf.o)
 .bss           0x000000000003b400       0xa0 obj_cooja/mtype474.a(packetbuf.o)
 .bss           0x000000000003b4a0        0x4 obj_cooja/mtype474.a(netstack.o)
 .bss           0x000000000003b4a4        0x0 obj_cooja/mtype474.a(linkaddr.o)
 .bss           0x000000000003b4a4        0x0 obj_cooja/mtype474.a(csma.o)
 *fill*         0x000000000003b4a4       0x1c 
 .bss           0x000000000003b4c0      0x726 obj_cooja/mtype474.a(csma-output.o)
 *fill*         0x000000000003bbe6        0x2 
 .bss           0x000000000003bbe8       0x20 obj_cooja/mtype474.a(uip-ds6.o)
 .bss           0x000000000003bc08        0x5 obj_cooja/mtype474.a(tcp-socket.o)
 *fill*         0x000000000003bc0d       0x13 
 .bss           0x000000000003bc20       0xc4 obj_cooja/mtype474.a(tcpip.o)
 *fill*         0x000000000003bce4       0x1c 
 .bss           0x000000000003bd00       0x60 obj_cooja/mtype474.a(uip-ds6-route.o)
 .bss           0x000000000003bd60        0xc obj_cooja/mtype474.a(uip6.o)
                0x000000000003bd60                uip_ext_bitmap
                0x000000000003bd61                uip_ext_len
                0x000000000003bd62                uip_ext_opt_offset
 *fill*         0x000000000003bd6c       0x14 
 .bss           0x000000000003bd80     0x1c20 obj_cooja/mtype474.a(uip-ds6-nbr.o)
 .bss           0x000000000003d9a0       0x10 obj_cooja/mtype474.a(uip-nd6.o)
 *fill*         0x000000000003d9b0       0x10 
 .bss           0x000000000003d9c0      0x520 obj_cooja/mtype474.a(simple-udp.o)
 .bss           0x000000000003dee0      0x724 obj_cooja/mtype474.a(sicslowpan.o)
 .bss           0x000000000003e604        0x0 obj_cooja/mtype474.a(uiplib.o)
 .bss           0x000000000003e604        0x1 obj_cooja/mtype474.a(rpl.o)
 .bss           0x000000000003e605        0x0 obj_cooja/mtype474.a(rpl-icmp6.o)
 .bss           0x000000000003e605        0x0 obj_cooja/mtype474.a(rpl-dag.o)
 *fill*         0x000000000003e605        0x3 
 .bss           0x000000000003e608       0x11 obj_cooja/mtype474.a(rpl-dag-root.o)
 .bss           0x000000000003e619        0x0 obj_cooja/mtype474.a(watchdog.o)
 .bss           0x000000000003e619        0x0 obj_cooja/mtype474.a(stimer.o)
 .bss           0x000000000003e619        0x0 obj_cooja/mtype474.a(memb.o)
 *fill*         0x000000000003e619        0x7 
 .bss           0x000000000003e620     0x2c80 obj_cooja/mtype474.a(queuebuf.o)
 .bss           0x00000000000412a0     0x1214 obj_cooja/mtype474.a(nbr-table.o)
 *fill*         0x00000000000424b4        0xc 
 .bss           0x00000000000424c0      0xe10 obj_cooja/mtype474.a(link-stats.o)
 *fill*         0x00000000000432d0       0x10 
 .bss           0x00000000000432e0      0x100 obj_cooja/mtype474.a(mac-sequence.o)
 .bss           0x00000000000433e0        0x0 obj_cooja/mtype474.a(mac.o)
 .bss           0x00000000000433e0        0x2 obj_cooja/mtype474.a(framer-802154.o)
 .bss           0x00000000000433e2        0x0 obj_cooja/mtype474.a(frame802154.o)
 *fill*         0x00000000000433e2        0x2 
 .bss           0x00000000000433e4        0xc obj_cooja/mtype474.a(uipbuf.o)
 .bss           0x00000000000433f0       0x18 obj_cooja/mtype474.a(uip-icmp6.o)
 *fill*         0x0000000000043408       0x18 
 .bss           0x0000000000043420     0x1d80 obj_cooja/mtype474.a(uip-sr.o)
 .bss           0x00000000000451a0      0xa78 obj_cooja/mtype474.a(uip-packetqueue)
 .bss           0x0000000000045c18        0x0 obj_cooja/mtype474.a(uip-udp-packet.)
 .bss           0x0000000000045c18        0xe obj_cooja/mtype474.a(rpl-nbr-policy.)
 *fill*         0x0000000000045c26       0x1a 
 .bss           0x0000000000045c40      0x960 obj_cooja/mtype474.a(rpl-neighbor.o)
 .bss           0x00000000000465a0       0x40 obj_cooja/mtype474.a(rpl-timers.o)
 .bss           0x00000000000465e0        0x0 obj_cooja/mtype474.a(rpl-ext-header.)
 .bss           0x00000000000465e0        0x0 obj_cooja/mtype474.a(rpl-mrhof.o)
 .bss           0x00000000000465e0        0x0 /usr/lib/gcc/i686-linux-gnu/5/crtendS.o
 .bss           0x00000000000465e0        0x0 /usr/lib/gcc/i686-linux-gnu/5/../../../i386-linux-gnu/crtn.o
 *(COMMON)
 COMMON         0x00000000000465e0        0x8 obj_cooja/mtype474.o
                0x00000000000465e0                referenceVar
                0x00000000000465e4                sensors_flags
 COMMON         0x00000000000465e8        0xc obj_cooja/mtype474.a(simEnvChange.o)
                0x00000000000465e8                simEtimerPending
                0x00000000000465ec                simProcessRunValue
                0x00000000000465f0                simEtimerNextExpirationTime
 *fill*         0x00000000000465f4        0x4 
 COMMON         0x00000000000465f8       0x18 obj_cooja/mtype474.a(rtimer-arch.o)
                0x00000000000465f8                simRtimerPending
                0x0000000000046600                simRtimerCurrentTicks
                0x0000000000046608                simRtimerNextExpirationTime
 COMMON         0x0000000000046610        0x1 obj_cooja/mtype474.a(beep.o)
                0x0000000000046610                simBeeped
 COMMON         0x0000000000046611        0x3 obj_cooja/mtype474.a(button-sensor.o)
                0x0000000000046611                simButtonIsActive
                0x0000000000046612                simButtonIsDown
                0x0000000000046613                simButtonChanged
 COMMON         0x0000000000046614        0x1 obj_cooja/mtype474.a(leds-arch.o)
                0x0000000000046614                simLedsValue
 *fill*         0x0000000000046615        0x3 
 COMMON         0x0000000000046618        0xc obj_cooja/mtype474.a(moteid.o)
                0x0000000000046618                simRandomSeed
                0x000000000004661c                simMoteIDChanged
                0x0000000000046620                simMoteID
 COMMON         0x0000000000046624        0x2 obj_cooja/mtype474.a(pir-sensor.o)
                0x0000000000046624                simPirIsActive
                0x0000000000046625                simPirChanged
 *fill*         0x0000000000046626       0x1a 
 COMMON         0x0000000000046640      0x820 obj_cooja/mtype474.a(rs232.o)
                0x0000000000046640                simSerialReceivingFlag
                0x0000000000046644                simSerialReceivingLength
                0x0000000000046660                simSerialReceivingData
 COMMON         0x0000000000046e60        0x2 obj_cooja/mtype474.a(vib-sensor.o)
                0x0000000000046e60                simVibChanged
                0x0000000000046e61                simVibIsActive
 *fill*         0x0000000000046e62        0x2 
 COMMON         0x0000000000046e64        0x4 obj_cooja/mtype474.a(clock.o)
                0x0000000000046e64                simCurrentTime
 *fill*         0x0000000000046e68       0x18 
 COMMON         0x0000000000046e80     0x2020 obj_cooja/mtype474.a(cooja-log.o)
                0x0000000000046e80                simLoggedLength
                0x0000000000046e84                simLoggedFlag
                0x0000000000046ea0                simLoggedData
 COMMON         0x0000000000048ea0      0x100 obj_cooja/mtype474.a(cooja-radio.o)
                0x0000000000048ea0                simOutDataBuffer
                0x0000000000048f20                simInDataBuffer
 COMMON         0x0000000000048fa0      0x400 obj_cooja/mtype474.a(eeprom.o)
                0x0000000000048fa0                simEEPROMData
 COMMON         0x00000000000493a0        0x1 obj_cooja/mtype474.a(sensors.o)
                0x00000000000493a0                sensors_event
 COMMON         0x00000000000493a1        0x1 obj_cooja/mtype474.a(mqtt.o)
                0x00000000000493a1                mqtt_update_event
 *fill*         0x00000000000493a2        0x2 
 COMMON         0x00000000000493a4       0x50 obj_cooja/mtype474.a(contiki-main.o)
                0x00000000000493a4                eb_per_time_source
                0x00000000000493b8                unicast_per_neighbor_rpl_storing
                0x00000000000493cc                unicast_per_neighbor_rpl_ns
                0x00000000000493e0                default_common
 COMMON         0x00000000000493f4        0x1 obj_cooja/mtype474.a(serial-line.o)
                0x00000000000493f4                serial_line_event_message
 *fill*         0x00000000000493f5        0x3 
 COMMON         0x00000000000493f8       0x2c obj_cooja/mtype474.a(packetbuf.o)
                0x00000000000493f8                packetbuf_attrs
                0x0000000000049414                packetbuf_addrs
 COMMON         0x0000000000049424        0x8 obj_cooja/mtype474.a(linkaddr.o)
                0x0000000000049424                linkaddr_node_addr
 *fill*         0x000000000004942c       0x14 
 COMMON         0x0000000000049440      0x181 obj_cooja/mtype474.a(uip-ds6.o)
                0x0000000000049440                uip_ds6_prefix_list
                0x00000000000494a0                uip_ds6_timer_periodic
                0x00000000000494b0                uip_ds6_netif_addr_list_offset
                0x00000000000494c0                uip_ds6_if
                0x00000000000495b8                uip_ds6_timer_ra
                0x00000000000495c0                uip_ds6_addr_size
 COMMON         0x00000000000495c1        0x1 obj_cooja/mtype474.a(tcpip.o)
                0x00000000000495c1                tcpip_event
 *fill*         0x00000000000495c2       0x1e 
 COMMON         0x00000000000495e0      0x80c obj_cooja/mtype474.a(uip6.o)
                0x00000000000495e0                uip_slen
                0x00000000000495e4                uip_acc32
                0x0000000000049600                uip_conns
                0x0000000000049780                uip_lladdr
                0x0000000000049788                uip_appdata
                0x000000000004978c                uip_flags
                0x00000000000497a0                uip_aligned_buf
                0x0000000000049ca0                uip_listenports
                0x0000000000049cc8                uip_len
                0x0000000000049ccc                uip_sappdata
                0x0000000000049ce0                uip_udp_conns
                0x0000000000049de0                uip_udp_conn
                0x0000000000049de4                uip_next_hdr
                0x0000000000049de8                uip_conn
 COMMON         0x0000000000049dec       0x10 obj_cooja/mtype474.a(rpl.o)
                0x0000000000049dec                rpl_multicast_addr
 *fill*         0x0000000000049dfc        0x4 
 COMMON         0x0000000000049e00      0x164 obj_cooja/mtype474.a(rpl-dag.o)
                0x0000000000049e00                curr_instance
 *fill*         0x0000000000049f64       0x1c 
 COMMON         0x0000000000049f80       0x20 obj_cooja/mtype474.a(link-stats.o)
                0x0000000000049f80                periodic_timer
                0x0000000000049fa0                . = ALIGN ((. != 0x0)?0x4:0x1)
                0x0000000000049fa0                . = ALIGN (0x4)
                0x0000000000049fa0                . = SEGMENT_START ("ldata-segment", .)
                0x0000000000049fa0                . = ALIGN (0x4)
                0x0000000000049fa0                _end = .
                [!provide]                        PROVIDE (end, .)
                0x0000000000049fa0                . = DATA_SEGMENT_END (.)

.stab
 *(.stab)

.stabstr
 *(.stabstr)

.stab.excl
 *(.stab.excl)

.stab.exclstr
 *(.stab.exclstr)

.stab.index
 *(.stab.index)

.stab.indexstr
 *(.stab.indexstr)

.comment        0x0000000000000000       0x35
 *(.comment)
 .comment       0x0000000000000000       0x35 /usr/lib/gcc/i686-linux-gnu/5/crtbeginS.o
                                         0x36 (size before relaxing)
 .comment       0x0000000000000035       0x36 udp-client.o
 .comment       0x0000000000000035       0x36 obj_cooja/mtype474.o
 .comment       0x0000000000000035       0x36 obj_cooja/mtype474.a(simEnvChange.o)
 .comment       0x0000000000000035       0x36 obj_cooja/mtype474.a(cooja_mt.o)
 .comment       0x0000000000000035       0x36 obj_cooja/mtype474.a(cooja_mtarch.o)
 .comment       0x0000000000000035       0x36 obj_cooja/mtype474.a(rtimer-arch.o)
 .comment       0x0000000000000035       0x36 obj_cooja/mtype474.a(beep.o)
 .comment       0x0000000000000035       0x36 obj_cooja/mtype474.a(button-sensor.o)
 .comment       0x0000000000000035       0x36 obj_cooja/mtype474.a(leds-arch.o)
 .comment       0x0000000000000035       0x36 obj_cooja/mtype474.a(moteid.o)
 .comment       0x0000000000000035       0x36 obj_cooja/mtype474.a(pir-sensor.o)
 .comment       0x0000000000000035       0x36 obj_cooja/mtype474.a(rs232.o)
 .comment       0x0000000000000035       0x36 obj_cooja/mtype474.a(vib-sensor.o)
 .comment       0x0000000000000035       0x36 obj_cooja/mtype474.a(clock.o)
 .comment       0x0000000000000035       0x36 obj_cooja/mtype474.a(cooja-log.o)
 .comment       0x0000000000000035       0x36 obj_cooja/mtype474.a(cfs-cooja.o)
 .comment       0x0000000000000035       0x36 obj_cooja/mtype474.a(cooja-radio.o)
 .comment       0x0000000000000035       0x36 obj_cooja/mtype474.a(eeprom.o)
 .comment       0x0000000000000035       0x36 obj_cooja/mtype474.a(random.o)
 .comment       0x0000000000000035       0x36 obj_cooja/mtype474.a(sensors.o)
 .comment       0x0000000000000035       0x36 obj_cooja/mtype474.a(leds.o)
 .comment       0x0000000000000035       0x36 obj_cooja/mtype474.a(mqtt.o)
 .comment       0x0000000000000035       0x36 obj_cooja/mtype474.a(contiki-main.o)
 .comment       0x0000000000000035       0x36 obj_cooja/mtype474.a(autostart.o)
 .comment       0x0000000000000035       0x36 obj_cooja/mtype474.a(ctimer.o)
 .comment       0x0000000000000035       0x36 obj_cooja/mtype474.a(energest.o)
 .comment       0x0000000000000035       0x36 obj_cooja/mtype474.a(etimer.o)
 .comment       0x0000000000000035       0x36 obj_cooja/mtype474.a(log.o)
 .comment       0x0000000000000035       0x36 obj_cooja/mtype474.a(process.o)
 .comment       0x0000000000000035       0x36 obj_cooja/mtype474.a(rtimer.o)
 .comment       0x0000000000000035       0x36 obj_cooja/mtype474.a(node-id.o)
 .comment       0x0000000000000035       0x36 obj_cooja/mtype474.a(timer.o)
 .comment       0x0000000000000035       0x36 obj_cooja/mtype474.a(serial-line.o)
 .comment       0x0000000000000035       0x36 obj_cooja/mtype474.a(list.o)
 .comment       0x0000000000000035       0x36 obj_cooja/mtype474.a(ringbuf.o)
 .comment       0x0000000000000035       0x36 obj_cooja/mtype474.a(packetbuf.o)
 .comment       0x0000000000000035       0x36 obj_cooja/mtype474.a(netstack.o)
 .comment       0x0000000000000035       0x36 obj_cooja/mtype474.a(linkaddr.o)
 .comment       0x0000000000000035       0x36 obj_cooja/mtype474.a(csma.o)
 .comment       0x0000000000000035       0x36 obj_cooja/mtype474.a(csma-output.o)
 .comment       0x0000000000000035       0x36 obj_cooja/mtype474.a(uip-ds6.o)
 .comment       0x0000000000000035       0x36 obj_cooja/mtype474.a(tcp-socket.o)
 .comment       0x0000000000000035       0x36 obj_cooja/mtype474.a(tcpip.o)
 .comment       0x0000000000000035       0x36 obj_cooja/mtype474.a(uip-ds6-route.o)
 .comment       0x0000000000000035       0x36 obj_cooja/mtype474.a(uip6.o)
 .comment       0x0000000000000035       0x36 obj_cooja/mtype474.a(uip-ds6-nbr.o)
 .comment       0x0000000000000035       0x36 obj_cooja/mtype474.a(uip-nd6.o)
 .comment       0x0000000000000035       0x36 obj_cooja/mtype474.a(simple-udp.o)
 .comment       0x0000000000000035       0x36 obj_cooja/mtype474.a(sicslowpan.o)
 .comment       0x0000000000000035       0x36 obj_cooja/mtype474.a(uiplib.o)
 .comment       0x0000000000000035       0x36 obj_cooja/mtype474.a(rpl.o)
 .comment       0x0000000000000035       0x36 obj_cooja/mtype474.a(rpl-icmp6.o)
 .comment       0x0000000000000035       0x36 obj_cooja/mtype474.a(rpl-dag.o)
 .comment       0x0000000000000035       0x36 obj_cooja/mtype474.a(rpl-dag-root.o)
 .comment       0x0000000000000035       0x36 obj_cooja/mtype474.a(watchdog.o)
 .comment       0x0000000000000035       0x36 obj_cooja/mtype474.a(stimer.o)
 .comment       0x0000000000000035       0x36 obj_cooja/mtype474.a(memb.o)
 .comment       0x0000000000000035       0x36 obj_cooja/mtype474.a(queuebuf.o)
 .comment       0x0000000000000035       0x36 obj_cooja/mtype474.a(nbr-table.o)
 .comment       0x0000000000000035       0x36 obj_cooja/mtype474.a(link-stats.o)
 .comment       0x0000000000000035       0x36 obj_cooja/mtype474.a(mac-sequence.o)
 .comment       0x0000000000000035       0x36 obj_cooja/mtype474.a(mac.o)
 .comment       0x0000000000000035       0x36 obj_cooja/mtype474.a(framer-802154.o)
 .comment       0x0000000000000035       0x36 obj_cooja/mtype474.a(frame802154.o)
 .comment       0x0000000000000035       0x36 obj_cooja/mtype474.a(uipbuf.o)
 .comment       0x0000000000000035       0x36 obj_cooja/mtype474.a(uip-icmp6.o)
 .comment       0x0000000000000035       0x36 obj_cooja/mtype474.a(uip-sr.o)
 .comment       0x0000000000000035       0x36 obj_cooja/mtype474.a(uip-packetqueue)
 .comment       0x0000000000000035       0x36 obj_cooja/mtype474.a(uip-udp-packet.)
 .comment       0x0000000000000035       0x36 obj_cooja/mtype474.a(rpl-nbr-policy.)