Archive member included to satisfy reference by file (symbol)

obj_cooja/mtype293.a(simEnvChange.o)
                              obj_cooja/mtype293.o (simDontFallAsleep)
obj_cooja/mtype293.a(cooja_mt.o)
                              obj_cooja/mtype293.o (cooja_mt_start)
obj_cooja/mtype293.a(cooja_mtarch.o)
                              obj_cooja/mtype293.a(cooja_mt.o) (cooja_mtarch_start)
obj_cooja/mtype293.a(rtimer-arch.o)
                              obj_cooja/mtype293.o (rtimer_arch_check)
obj_cooja/mtype293.a(beep.o)  obj_cooja/mtype293.o (beep_interface)
obj_cooja/mtype293.a(button-sensor.o)
                              obj_cooja/mtype293.o (button_interface)
obj_cooja/mtype293.a(leds-arch.o)
                              obj_cooja/mtype293.o (leds_interface)
obj_cooja/mtype293.a(moteid.o)
                              obj_cooja/mtype293.o (moteid_interface)
obj_cooja/mtype293.a(pir-sensor.o)
                              obj_cooja/mtype293.o (pir_interface)
obj_cooja/mtype293.a(rs232.o)
                              obj_cooja/mtype293.o (rs232_interface)
obj_cooja/mtype293.a(vib-sensor.o)
                              obj_cooja/mtype293.o (vib_interface)
obj_cooja/mtype293.a(clock.o)
                              obj_cooja/mtype293.o (clock_interface)
obj_cooja/mtype293.a(cooja-log.o)
                              obj_cooja/mtype293.o (simlog_interface)
obj_cooja/mtype293.a(cfs-cooja.o)
                              obj_cooja/mtype293.o (cfs_interface)
obj_cooja/mtype293.a(cooja-radio.o)
                              obj_cooja/mtype293.o (radio_interface)
obj_cooja/mtype293.a(eeprom.o)
                              obj_cooja/mtype293.o (eeprom_interface)
obj_cooja/mtype293.a(random.o)
                              obj_cooja/mtype293.a(moteid.o) (random_init)
obj_cooja/mtype293.a(sensors.o)
                              obj_cooja/mtype293.a(button-sensor.o) (sensors_changed)
obj_cooja/mtype293.a(leds.o)  udp-client.o (leds_on)
obj_cooja/mtype293.a(mqtt.o)  udp-client.o (mqtt_disconnect)
obj_cooja/mtype293.a(contiki-main.o)
                              obj_cooja/mtype293.o (main)
obj_cooja/mtype293.a(autostart.o)
                              obj_cooja/mtype293.a(contiki-main.o) (autostart_start)
obj_cooja/mtype293.a(ctimer.o)
                              obj_cooja/mtype293.a(contiki-main.o) (ctimer_init)
obj_cooja/mtype293.a(energest.o)
                              obj_cooja/mtype293.a(contiki-main.o) (energest_init)
obj_cooja/mtype293.a(etimer.o)
                              obj_cooja/mtype293.a(contiki-main.o) (etimer_process)
obj_cooja/mtype293.a(log.o)   obj_cooja/mtype293.a(contiki-main.o) (curr_log_level_main)
obj_cooja/mtype293.a(process.o)
                              udp-client.o (process_current)
obj_cooja/mtype293.a(rtimer.o)
                              obj_cooja/mtype293.a(contiki-main.o) (rtimer_init)
obj_cooja/mtype293.a(node-id.o)
                              udp-client.o (node_id)
obj_cooja/mtype293.a(timer.o)
                              udp-client.o (timer_set)
obj_cooja/mtype293.a(serial-line.o)
                              obj_cooja/mtype293.a(rs232.o) (serial_line_input_byte)
obj_cooja/mtype293.a(list.o)  obj_cooja/mtype293.a(mqtt.o) (list_init)
obj_cooja/mtype293.a(ringbuf.o)
                              obj_cooja/mtype293.a(serial-line.o) (ringbuf_init)
obj_cooja/mtype293.a(packetbuf.o)
                              obj_cooja/mtype293.a(cooja-radio.o) (packetbuf_clear)
obj_cooja/mtype293.a(netstack.o)
                              obj_cooja/mtype293.a(contiki-main.o) (netstack_init)
obj_cooja/mtype293.a(linkaddr.o)
                              udp-client.o (linkaddr_node_addr)
obj_cooja/mtype293.a(csma.o)  obj_cooja/mtype293.a(cooja-radio.o) (csma_driver)
obj_cooja/mtype293.a(csma-output.o)
                              obj_cooja/mtype293.a(csma.o) (csma_output_packet)
obj_cooja/mtype293.a(uip-ds6.o)
                              obj_cooja/mtype293.a(contiki-main.o) (uip_ds6_get_link_local)
obj_cooja/mtype293.a(tcp-socket.o)
                              obj_cooja/mtype293.a(mqtt.o) (tcp_socket_register)
obj_cooja/mtype293.a(tcpip.o)
                              obj_cooja/mtype293.a(tcp-socket.o) (tcpip_event)
obj_cooja/mtype293.a(uip-ds6-route.o)
                              obj_cooja/mtype293.a(uip-ds6.o) (uip_ds6_route_init)
obj_cooja/mtype293.a(uip6.o)  obj_cooja/mtype293.a(contiki-main.o) (uip_lladdr)
obj_cooja/mtype293.a(uip-ds6-nbr.o)
                              obj_cooja/mtype293.a(uip-ds6.o) (uip_ds6_neighbors_init)
obj_cooja/mtype293.a(uip-nd6.o)
                              obj_cooja/mtype293.a(uip6.o) (uip_nd6_init)
obj_cooja/mtype293.a(simple-udp.o)
                              udp-client.o (simple_udp_sendto)
obj_cooja/mtype293.a(sicslowpan.o)
                              obj_cooja/mtype293.a(contiki-main.o) (sicslowpan_driver)
obj_cooja/mtype293.a(uiplib.o)
                              obj_cooja/mtype293.a(mqtt.o) (uiplib_ip6addrconv)
[...]
Memory Configuration

Name             Origin             Length             Attributes
*default*        0x0000000000000000 0xffffffffffffffff

Linker script and memory map

LOAD /usr/lib/gcc/i686-linux-gnu/5/../../../i386-linux-gnu/crti.o
LOAD /usr/lib/gcc/i686-linux-gnu/5/crtbeginS.o
LOAD udp-client.o
LOAD obj_cooja/mtype293.o
LOAD obj_cooja/mtype293.a
LOAD /usr/lib/gcc/i686-linux-gnu/5/libgcc.a
LOAD /usr/lib/gcc/i686-linux-gnu/5/libgcc_s.so
LOAD /usr/lib/gcc/i686-linux-gnu/5/../../../i386-linux-gnu/libc.so
START GROUP
LOAD /lib/i386-linux-gnu/libc.so.6
LOAD /usr/lib/i386-linux-gnu/libc_nonshared.a
LOAD /lib/i386-linux-gnu/ld-linux.so.2
END GROUP
LOAD /usr/lib/gcc/i686-linux-gnu/5/libgcc.a
LOAD /usr/lib/gcc/i686-linux-gnu/5/libgcc_s.so
LOAD /usr/lib/gcc/i686-linux-gnu/5/crtendS.o
LOAD /usr/lib/gcc/i686-linux-gnu/5/../../../i386-linux-gnu/crtn.o
                0x0000000000000114                . = (0x0 + SIZEOF_HEADERS)

.note.gnu.build-id
                0x0000000000000114       0x24
 *(.note.gnu.build-id)
 .note.gnu.build-id
                0x0000000000000114       0x24 /usr/lib/gcc/i686-linux-gnu/5/../../../i386-linux-gnu/crti.o

.hash
 *(.hash)

.gnu.hash       0x0000000000000138     0x13ec
 *(.gnu.hash)
 .gnu.hash      0x0000000000000138     0x13ec /usr/lib/gcc/i686-linux-gnu/5/../../../i386-linux-gnu/crti.o

.dynsym         0x0000000000001524     0x2800
 *(.dynsym)
 .dynsym        0x0000000000001524     0x2800 /usr/lib/gcc/i686-linux-gnu/5/../../../i386-linux-gnu/crti.o

.dynstr         0x0000000000003d24     0x2b9f
 *(.dynstr)
 .dynstr        0x0000000000003d24     0x2b9f /usr/lib/gcc/i686-linux-gnu/5/../../../i386-linux-gnu/crti.o

.gnu.version    0x00000000000068c4      0x500
 *(.gnu.version)
 .gnu.version   0x00000000000068c4      0x500 /usr/lib/gcc/i686-linux-gnu/5/../../../i386-linux-gnu/crti.o

.gnu.version_d  0x0000000000006dc4        0x0
 *(.gnu.version_d)
 .gnu.version_d
                0x0000000000006dc4        0x0 /usr/lib/gcc/i686-linux-gnu/5/../../../i386-linux-gnu/crti.o

.gnu.version_r  0x0000000000006dc4       0x40
 *(.gnu.version_r)
 .gnu.version_r
                0x0000000000006dc4       0x40 /usr/lib/gcc/i686-linux-gnu/5/../../../i386-linux-gnu/crti.o

.rel.dyn        0x0000000000006e04     0xa6a8
 *(.rel.init)
 .rel.init      0x0000000000006e04        0x0 /usr/lib/gcc/i686-linux-gnu/5/../../../i386-linux-gnu/crti.o
 *(.rel.text .rel.text.* .rel.gnu.linkonce.t.*)
 .rel.text      0x0000000000006e04     0x9d60 /usr/lib/gcc/i686-linux-gnu/5/../../../i386-linux-gnu/crti.o
 *(.rel.fini)
 .rel.fini      0x0000000000010b64        0x0 /usr/lib/gcc/i686-linux-gnu/5/../../../i386-linux-gnu/crti.o
 *(.rel.rodata .rel.rodata.* .rel.gnu.linkonce.r.*)
 .rel.rodata    0x0000000000010b64      0x588 /usr/lib/gcc/i686-linux-gnu/5/../../../i386-linux-gnu/crti.o
 *(.rel.data.rel.ro .rel.data.rel.ro.* .rel.gnu.linkonce.d.rel.ro.*)
 *(.rel.data .rel.data.* .rel.gnu.linkonce.d.*)
 .rel.data.rel.local
                0x00000000000110ec        0x8 /usr/lib/gcc/i686-linux-gnu/5/../../../i386-linux-gnu/crti.o
 .rel.data      0x00000000000110f4      0x380 /usr/lib/gcc/i686-linux-gnu/5/../../../i386-linux-gnu/crti.o
 *(.rel.tdata .rel.tdata.* .rel.gnu.linkonce.td.*)
 *(.rel.tbss .rel.tbss.* .rel.gnu.linkonce.tb.*)
 *(.rel.ctors)
 *(.rel.dtors)
 *(.rel.got)
 .rel.got       0x0000000000011474       0x28 /usr/lib/gcc/i686-linux-gnu/5/../../../i386-linux-gnu/crti.o
 *(.rel.bss .rel.bss.* .rel.gnu.linkonce.b.*)
 *(.rel.ifunc)
 .rel.ifunc     0x000000000001149c        0x0 /usr/lib/gcc/i686-linux-gnu/5/../../../i386-linux-gnu/crti.o
 .rel.fini_array
                0x000000000001149c        0x8 /usr/lib/gcc/i686-linux-gnu/5/../../../i386-linux-gnu/crti.o
 .rel.init_array
                0x00000000000114a4        0x8 /usr/lib/gcc/i686-linux-gnu/5/../../../i386-linux-gnu/crti.o

.rel.plt        0x00000000000114ac        0x0
 *(.rel.plt)
 .rel.plt       0x00000000000114ac        0x0 /usr/lib/gcc/i686-linux-gnu/5/../../../i386-linux-gnu/crti.o
 *(.rel.iplt)

.init           0x00000000000114ac       0x23
 *(SORT(.init))
 .init          0x00000000000114ac       0x1e /usr/lib/gcc/i686-linux-gnu/5/../../../i386-linux-gnu/crti.o
                0x00000000000114ac                _init
 .init          0x00000000000114ca        0x5 /usr/lib/gcc/i686-linux-gnu/5/../../../i386-linux-gnu/crtn.o

.plt            0x00000000000114d0       0x10
 *(.plt)
 .plt           0x00000000000114d0       0x10 /usr/lib/gcc/i686-linux-gnu/5/../../../i386-linux-gnu/crti.o
 *(.iplt)

.plt.got        0x00000000000114e0       0x10
 *(.plt.got)
 .plt.got       0x00000000000114e0       0x10 /usr/lib/gcc/i686-linux-gnu/5/../../../i386-linux-gnu/crti.o

.text           0x00000000000114f0    0x1a13c
 *(.text.unlikely .text.*_unlikely .text.unlikely.*)
 .text.unlikely
                0x00000000000114f0        0x0 /usr/lib/gcc/i686-linux-gnu/5/crtbeginS.o
 *(.text.exit .text.exit.*)
 *(.text.startup .text.startup.*)
 *(.text.hot .text.hot.*)
 *(.text .stub .text.* .gnu.linkonce.t.*)
 .text          0x00000000000114f0        0x0 /usr/lib/gcc/i686-linux-gnu/5/../../../i386-linux-gnu/crti.o
 .gnu.linkonce.t.__x86.get_pc_thunk.bx
                0x00000000000114f0        0x4 /usr/lib/gcc/i686-linux-gnu/5/../../../i386-linux-gnu/crti.o
                0x00000000000114f0                __x86.get_pc_thunk.bx
 *fill*         0x00000000000114f4        0xc 
 .text          0x0000000000011500      0x11c /usr/lib/gcc/i686-linux-gnu/5/crtbeginS.o
 .text.__x86.get_pc_thunk.dx
                0x000000000001161c        0x4 /usr/lib/gcc/i686-linux-gnu/5/crtbeginS.o
                0x000000000001161c                __x86.get_pc_thunk.dx
 .text          0x0000000000011620     0x1493 udp-client.o
                0x00000000000116e3                ipaddr_sprintf
 .text          0x0000000000012ab3      0x271 obj_cooja/mtype293.o
                0x0000000000012b45                platform_init_stage_one
                0x0000000000012b4b                platform_init_stage_two
                0x0000000000012b59                platform_init_stage_three
                0x0000000000012b6c                platform_main_loop
                0x0000000000012bdf                Java_org_contikios_cooja_corecomm_Lib23_init
                0x0000000000012c16                Java_org_contikios_cooja_corecomm_Lib23_getMemory
                0x0000000000012c49                Java_org_contikios_cooja_corecomm_Lib23_setMemory
                0x0000000000012ca9                Java_org_contikios_cooja_corecomm_Lib23_tick
                0x0000000000012d11                Java_org_contikios_cooja_corecomm_Lib23_setReferenceAddress
 .text          0x0000000000012d24       0x65 obj_cooja/mtype293.a(simEnvChange.o)
                0x0000000000012d24                doActionsBeforeTick
                0x0000000000012d56                doActionsAfterTick
 .text          0x0000000000012d89       0x83 obj_cooja/mtype293.a(cooja_mt.o)
                0x0000000000012d89                cooja_mt_start
                0x0000000000012db3                cooja_mt_exec
                0x0000000000012de9                cooja_mt_yield
 .text          0x0000000000012e0c       0xbe obj_cooja/mtype293.a(cooja_mtarch.o)
                0x0000000000012e0c                cooja_mtarch_start
                0x0000000000012e7f                cooja_sw
                0x0000000000012ea2                cooja_mtarch_exec
                0x0000000000012ebf                cooja_mtarch_yield
 .text          0x0000000000012eca       0xc5 obj_cooja/mtype293.a(rtimer-arch.o)
                0x0000000000012eca                rtimer_arch_init
                0x0000000000012eee                rtimer_arch_schedule
                0x0000000000012f1e                rtimer_arch_next
                0x0000000000012f2e                rtimer_arch_pending
                0x0000000000012f38                rtimer_arch_check
                0x0000000000012f7f                rtimer_arch_now
 .text          0x0000000000012f8f       0x81 obj_cooja/mtype293.a(beep.o)
                0x0000000000012f8f                beep_alarm
                0x0000000000012f9c                beep_beep
                0x0000000000012fa9                beep
                0x0000000000012fb6                beep_down
                0x0000000000012fc3                beep_on
                0x0000000000012fd0                beep_off
                0x0000000000012fdd                beep_spinup
                0x0000000000012fea                beep_quick
                0x0000000000012ff7                beep_long
 .text          0x0000000000013010      0x10d obj_cooja/mtype293.a(button-sensor.o)
 .text          0x000000000001311d       0x49 obj_cooja/mtype293.a(leds-arch.o)
                0x000000000001311d                leds_arch_init
                0x000000000001312a                leds_arch_get
                0x0000000000013136                leds_arch_set
 .text          0x0000000000013166       0x35 obj_cooja/mtype293.a(moteid.o)
 .text          0x000000000001319b       0xb7 obj_cooja/mtype293.a(pir-sensor.o)
 .text          0x0000000000013252      0x148 obj_cooja/mtype293.a(rs232.o)
                0x0000000000013252                rs232_init
                0x0000000000013258                rs232_set_speed
                0x0000000000013267                rs232_set_input
                0x0000000000013275                rs232_send
                0x0000000000013299                rs232_print
                0x00000000000132b5                slip_arch_writeb
 .text          0x000000000001339a       0xb7 obj_cooja/mtype293.a(vib-sensor.o)
 .text          0x0000000000013451       0x38 obj_cooja/mtype293.a(clock.o)
                0x0000000000013451                clock_init
                0x0000000000013457                clock_time
                0x0000000000013461                clock_seconds
                0x0000000000013477                clock_delay
 .text          0x0000000000013489      0x219 obj_cooja/mtype293.a(cooja-log.o)
                0x0000000000013489                simlog_char
                0x00000000000134cc                simlog
                0x0000000000013542                log_message
                0x0000000000013573                log_set_putchar_with_slip
                0x0000000000013581                log_putchar
                0x00000000000135fc                log_puts
                0x0000000000013624                log_printf
 .text          0x00000000000136a2      0x2b9 obj_cooja/mtype293.a(cfs-cooja.o)
                0x00000000000136a2                cfs_open
                0x000000000001370b                cfs_close
                0x0000000000013718                cfs_read
                0x00000000000137ad                cfs_write
                0x0000000000013889                cfs_seek
                0x0000000000013911                cfs_remove
                0x0000000000013935                cfs_opendir
                0x000000000001393f                cfs_readdir
                0x0000000000013949                cfs_closedir
 .text          0x000000000001395b      0x605 obj_cooja/mtype293.a(cooja-radio.o)
                0x000000000001399d                radio_set_channel
                0x00000000000139ab                radio_set_txpower
                0x00000000000139c3                radio_signal_strength_last
                0x00000000000139cd                radio_signal_strength_current
                0x00000000000139d7                radio_LQI
 .text          0x0000000000013f60       0xee obj_cooja/mtype293.a(eeprom.o)
                0x0000000000013f60                eeprom_init
                0x0000000000013f66                eeprom_read
                0x0000000000013fd4                eeprom_write
 .text          0x000000000001404e       0x2d obj_cooja/mtype293.a(random.o)
                0x000000000001404e                random_init
                0x000000000001406e                random_rand
 .text          0x000000000001407b      0x29c obj_cooja/mtype293.a(sensors.o)
                0x00000000000140b6                sensors_first
                0x00000000000140c0                sensors_next
                0x00000000000140da                sensors_changed
                0x000000000001410e                sensors_find
 .text          0x0000000000014317       0xf6 obj_cooja/mtype293.a(leds.o)
                0x0000000000014317                leds_init
                0x0000000000014325                leds_blink
                0x0000000000014368                leds_get
                0x0000000000014375                leds_set
                0x0000000000014394                leds_on
                0x00000000000143ba                leds_off
                0x00000000000143e7                leds_toggle
 .text          0x000000000001440d     0x3779 obj_cooja/mtype293.a(mqtt.o)
                0x00000000000175b0                mqtt_init
                0x000000000001766e                mqtt_register
                0x000000000001770b                mqtt_connect
                0x000000000001781d                mqtt_disconnect
                0x000000000001785b                mqtt_subscribe
                0x0000000000017918                mqtt_unsubscribe
                0x00000000000179c6                mqtt_publish
                0x0000000000017aa7                mqtt_set_username_password
                0x0000000000017b32                mqtt_set_last_will
 .text          0x0000000000017b86      0x328 obj_cooja/mtype293.a(contiki-main.o)
                0x0000000000017b86                main
 .text          0x0000000000017eae       0x92 obj_cooja/mtype293.a(autostart.o)
                0x0000000000017eae                autostart_start
                0x0000000000017ef8                autostart_exit
 .text          0x0000000000017f40      0x355 obj_cooja/mtype293.a(ctimer.o)
                0x0000000000018068                ctimer_init
                0x000000000001809b                ctimer_set
                0x00000000000180c1                ctimer_set_with_process
                0x000000000001813e                ctimer_reset
                0x0000000000018192                ctimer_restart
                0x00000000000181e6                ctimer_stop
                0x0000000000018236                ctimer_expired
 .text          0x0000000000018295       0x1b obj_cooja/mtype293.a(energest.o)
                0x0000000000018295                energest_init
                0x000000000001829b                energest_flush
                0x00000000000182a1                energest_get_total_time
 .text          0x00000000000182b0      0x43f obj_cooja/mtype293.a(etimer.o)
                0x00000000000184d4                etimer_request_poll
                0x000000000001855d                etimer_set
                0x0000000000018586                etimer_reset_with_new_interval
                0x00000000000185b5                etimer_reset
                0x00000000000185db                etimer_restart
                0x0000000000018601                etimer_adjust
                0x000000000001861e                etimer_expired
                0x0000000000018631                etimer_expiration_time
                0x0000000000018643                etimer_start_time
                0x000000000001864d                etimer_pending
                0x000000000001865f                etimer_next_expiration_time
                0x0000000000018679                etimer_stop
 .text          0x00000000000186ef      0x394 obj_cooja/mtype293.a(log.o)
                0x00000000000186ef                log_6addr
                0x0000000000018742                log_6addr_compact_snprint
                0x00000000000187e0                log_6addr_compact
                0x0000000000018833                log_lladdr
                0x00000000000188a5                log_lladdr_compact
                0x000000000001890d                log_set_level
                0x00000000000189c8                log_get_level
                0x0000000000018a41                log_level_to_str
 .text          0x0000000000018a83      0x4fb obj_cooja/mtype293.a(process.o)
                0x0000000000018a83                process_alloc_event
                0x0000000000018a98                process_start
                0x0000000000018c72                process_exit
                0x0000000000018c8f                process_init
                0x0000000000018e24                process_run
                0x0000000000018e57                process_nevents
                0x0000000000018e72                process_post
                0x0000000000018f05                process_post_synch
                0x0000000000018f3a                process_poll
                0x0000000000018f6a                process_is_running
 .text          0x0000000000018f7e       0xeb obj_cooja/mtype293.a(rtimer.o)
                0x0000000000018f7e                rtimer_init
                0x0000000000018f8c                rtimer_set
                0x0000000000019007                rtimer_run_next
 .text          0x0000000000019069       0x25 obj_cooja/mtype293.a(node-id.o)
                0x0000000000019069                node_id_init
 .text          0x000000000001908e       0x9c obj_cooja/mtype293.a(timer.o)
                0x000000000001908e                timer_set
                0x00000000000190ac                timer_reset
                0x00000000000190c4                timer_restart
                0x00000000000190d9                timer_expired
                0x0000000000019106                timer_remaining
 .text          0x000000000001912a      0x1eb obj_cooja/mtype293.a(serial-line.o)
                0x000000000001912a                serial_line_input_byte
                0x00000000000192e0                serial_line_init
 .text          0x0000000000019315      0x28f obj_cooja/mtype293.a(list.o)
                0x0000000000019315                list_init
                0x0000000000019324                list_head
                0x000000000001932e                list_copy
                0x000000000001933e                list_tail
                0x0000000000019374                list_add
                0x00000000000193c0                list_push
                0x00000000000193ec                list_chop
                0x0000000000019456                list_pop
                0x000000000001947e                list_remove
                0x00000000000194e6                list_length
                0x0000000000019514                list_insert
                0x0000000000019559                list_item_next
                0x0000000000019570                list_contains
 .text          0x00000000000195a4      0x156 obj_cooja/mtype293.a(ringbuf.o)
                0x00000000000195a4                ringbuf_init
                0x00000000000195d6                ringbuf_put
                0x0000000000019654                ringbuf_get
                0x00000000000196c1                ringbuf_size
                0x00000000000196d3                ringbuf_elements
 .text          0x00000000000196fa      0x407 obj_cooja/mtype293.a(packetbuf.o)
                0x00000000000196fa                packetbuf_clear
                0x0000000000019725                packetbuf_copyfrom
                0x0000000000019774                packetbuf_copyto
                0x0000000000019807                packetbuf_hdralloc
                0x0000000000019883                packetbuf_hdrreduce
                0x00000000000198c9                packetbuf_set_datalen
                0x00000000000198e3                packetbuf_dataptr
                0x0000000000019900                packetbuf_hdrptr
                0x000000000001990a                packetbuf_datalen
                0x0000000000019916                packetbuf_hdrlen
                0x000000000001992d                packetbuf_totlen
                0x0000000000019943                packetbuf_remaininglen
                0x0000000000019956                packetbuf_attr_clear
                0x00000000000199a2                packetbuf_attr_copyto
                0x00000000000199fa                packetbuf_attr_copyfrom
                0x0000000000019a52                packetbuf_set_attr
                0x0000000000019a7c                packetbuf_attr
                0x0000000000019a96                packetbuf_set_addr
                0x0000000000019ac7                packetbuf_addr
                0x0000000000019ae4                packetbuf_holds_broadcast
 .text          0x0000000000019b01       0xef obj_cooja/mtype293.a(netstack.o)
                0x0000000000019b01                netstack_process_ip_callback
                0x0000000000019b92                netstack_ip_packet_processor_add
                0x0000000000019bb5                uip_ds6_ip_packet_processor_rm
                0x0000000000019bd2                netstack_init
 .text          0x0000000000019bf0       0x4f obj_cooja/mtype293.a(linkaddr.o)
                0x0000000000019bf0                linkaddr_copy
                0x0000000000019c06                linkaddr_cmp
                0x0000000000019c29                linkaddr_set_node_addr
 .text          0x0000000000019c3f      0x165 obj_cooja/mtype293.a(csma.o)
 .text          0x0000000000019da4      0x944 obj_cooja/mtype293.a(csma-output.o)
                0x000000000001a41d                csma_output_packet
                0x000000000001a6aa                csma_output_init
 .text          0x000000000001a6e8      0xb25 obj_cooja/mtype293.a(uip-ds6.o)
                0x000000000001a6e8                uip_ds6_init
                0x000000000001a893                uip_ds6_periodic
                0x000000000001a91a                uip_ds6_list_loop
                0x000000000001a9da                uip_ds6_prefix_add
                0x000000000001aa86                uip_ds6_prefix_rm
                0x000000000001aa99                uip_ds6_prefix_lookup
                0x000000000001aad8                uip_ds6_is_addr_onlink
                0x000000000001ab4b                uip_ds6_addr_add
                0x000000000001ac6b                uip_ds6_addr_rm
                0x000000000001ad14                uip_ds6_addr_lookup
                0x000000000001ad4d                uip_ds6_get_link_local
                0x000000000001adce                uip_ds6_get_global
                0x000000000001ae4f                uip_ds6_maddr_add
                0x000000000001aeaf                uip_ds6_maddr_rm
                0x000000000001aec2                uip_ds6_maddr_lookup
                0x000000000001aefb                uip_ds6_aaddr_add
                0x000000000001af5b                uip_ds6_aaddr_rm
                0x000000000001af6e                uip_ds6_aaddr_lookup
                0x000000000001afa7                uip_ds6_select_src
                0x000000000001b0f0                uip_ds6_set_addr_iid
                0x000000000001b11b                uip_ds6_set_lladdr_from_iid
                0x000000000001b144                get_match_length
                0x000000000001b1d5                uip_ds6_compute_reachable_time
 .text          0x000000000001b20d      0x9d5 obj_cooja/mtype293.a(tcp-socket.o)
                0x000000000001b858                tcp_socket_register
                0x000000000001b8e9                tcp_socket_connect
                0x000000000001b980                tcp_socket_listen
                0x000000000001b9f7                tcp_socket_unlisten
                0x000000000001ba6b                tcp_socket_send
                0x000000000001bb0b                tcp_socket_send_str
                0x000000000001bb33                tcp_socket_close
                0x000000000001bb5c                tcp_socket_unregister
                0x000000000001bbb6                tcp_socket_max_sendlen
                0x000000000001bbd3                tcp_socket_queuelen
 .text          0x000000000001bbe2      0xa72 obj_cooja/mtype293.a(tcpip.o)
                0x000000000001bbfc                tcpip_output
                0x000000000001bce0                tcp_connect
                0x000000000001bd38                tcp_unlisten
                0x000000000001bd98                tcp_listen
                0x000000000001bdf6                tcp_attach
                0x000000000001be0e                udp_attach
                0x000000000001be26                udp_new
                0x000000000001be70                udp_broadcast_new
                0x000000000001c0f5                tcpip_input
                0x000000000001c295                tcpip_ipv6_output
                0x000000000001c4a9                tcpip_poll_udp
                0x000000000001c4c7                tcpip_poll_tcp
                0x000000000001c4e5                tcpip_uipcall
 .text          0x000000000001c654      0x35b obj_cooja/mtype293.a(uip-ds6-route.o)
                0x000000000001c6a5                uip_ds6_route_init
                0x000000000001c6cf                uip_ds6_route_nexthop
                0x000000000001c6d9                uip_ds6_route_head
                0x000000000001c6e3                uip_ds6_route_next
                0x000000000001c6ed                uip_ds6_route_is_nexthop
                0x000000000001c6f7                uip_ds6_route_num_routes
                0x000000000001c701                uip_ds6_route_lookup
                0x000000000001c70b                uip_ds6_route_add
                0x000000000001c71e                uip_ds6_route_rm
                0x000000000001c724                uip_ds6_route_rm_by_nexthop
                0x000000000001c72a                uip_ds6_defrt_head
                0x000000000001c743                uip_ds6_defrt_add
                0x000000000001c7f1                uip_ds6_defrt_rm
                0x000000000001c857                uip_ds6_defrt_lookup
                0x000000000001c8be                uip_ds6_defrt_choose
                0x000000000001c934                uip_ds6_defrt_periodic
 .text          0x000000000001c9af     0x2802 obj_cooja/mtype293.a(uip6.o)
                0x000000000001c9af                uip_add32
                0x000000000001cb49                uip_chksum
                0x000000000001cc2a                uip_icmp6chksum
                0x000000000001cc3f                uip_tcpchksum
                0x000000000001cc54                uip_udpchksum
                0x000000000001cc69                uip_init
                0x000000000001ccf4                uip_connect
                0x000000000001ce7d                remove_ext_hdr
                0x000000000001cf62                uip_udp_new
                0x000000000001d084                uip_unlisten
                0x000000000001d0c6                uip_listen
                0x000000000001d367                uip_process
                0x000000000001f0ac                uip_htons
                0x000000000001f0ce                uip_htonl
                0x000000000001f10c                uip_send
 .text          0x000000000001f1b1      0x374 obj_cooja/mtype293.a(uip-ds6-nbr.o)
                0x000000000001f1b1                uip_ds6_neighbors_init
                0x000000000001f1d5                uip_ds6_nbr_add
                0x000000000001f25b                uip_ds6_nbr_rm
                0x000000000001f2a6                uip_ds6_nbr_update_ll
                0x000000000001f394                uip_ds6_nbr_get_ipaddr
                0x000000000001f3a9                uip_ds6_nbr_get_ll
                0x000000000001f3c5                uip_ds6_nbr_num
                0x000000000001f40e                uip_ds6_nbr_head
                0x000000000001f427                uip_ds6_nbr_next
                0x000000000001f443                uip_ds6_nbr_lookup
                0x000000000001f4a6                uip_ds6_nbr_ll_lookup
                0x000000000001f4c2                uip_ds6_nbr_ipaddr_from_lladdr
                0x000000000001f4eb                uip_ds6_nbr_lladdr_from_ipaddr
                0x000000000001f51f                uip_ds6_link_callback
 .text          0x000000000001f525      0x6b5 obj_cooja/mtype293.a(uip-nd6.o)
                0x000000000001fbc1                uip_nd6_init
 .text          0x000000000001fbda      0x37a obj_cooja/mtype293.a(simple-udp.o)
                0x000000000001fc07                simple_udp_send
                0x000000000001fc6a                simple_udp_sendto
                0x000000000001fcc5                simple_udp_sendto_port
                0x000000000001fd1e                simple_udp_register
 .text          0x000000000001ff54     0x2a78 obj_cooja/mtype293.a(sicslowpan.o)
                0x0000000000020452                netstack_sniffer_add
                0x0000000000020460                netstack_sniffer_remove
                0x0000000000022998                sicslowpan_init
                0x00000000000229c2                sicslowpan_get_last_rssi
 .text          0x00000000000229cc      0x4d1 obj_cooja/mtype293.a(uiplib.o)
                0x00000000000229cc                uiplib_ip6addrconv
                0x0000000000022b84                uiplib_ip4addrconv
                0x0000000000022c47                uiplib_ipaddr_print
                0x0000000000022c9a                uiplib_ipaddr_snprint
 .text          0x0000000000022e9d      0x4c9 obj_cooja/mtype293.a(rpl.o)
                0x0000000000022e9d                rpl_lollipop_greater_than
                0x0000000000022ef7                rpl_get_global_address
                0x0000000000022fef                rpl_link_callback
                0x0000000000023033                rpl_has_joined
                0x0000000000023058                rpl_is_reachable
                0x00000000000230d9                rpl_reset_prefix
                0x0000000000023143                rpl_set_prefix_from_addr
                0x0000000000023228                rpl_set_prefix
                0x0000000000023342                rpl_set_leaf_only
                0x000000000002335a                rpl_get_leaf_only
 .text          0x0000000000023366     0x13cb obj_cooja/mtype293.a(rpl-icmp6.o)
                0x000000000002348b                rpl_icmp6_update_nbr_table
                0x0000000000023524                rpl_icmp6_dis_output
                0x0000000000023b7a                rpl_icmp6_dio_output
                0x0000000000024387                rpl_icmp6_dao_output
                0x0000000000024678                rpl_icmp6_dao_ack_output
                0x00000000000246e8                rpl_icmp6_init
 .text          0x0000000000024731      0xe51 obj_cooja/mtype293.a(rpl-dag.o)
                0x0000000000024731                rpl_dag_state_to_str
                0x0000000000024770                rpl_dag_get_root_ipaddr
                0x00000000000247b8                rpl_dag_leave
                0x0000000000024841                rpl_dag_poison_and_leave
                0x0000000000024859                rpl_dag_periodic
                0x00000000000248e1                rpl_is_addr_in_our_dag
                0x0000000000024925                rpl_get_default_instance
                0x0000000000024941                rpl_get_any_dag
                0x000000000002499a                rpl_refresh_routes
                0x00000000000249da                rpl_global_repair
                0x0000000000024a66                rpl_local_repair
                0x0000000000024ab0                rpl_dag_ready_to_advertise
                0x0000000000024af3                rpl_dag_update_state
                0x0000000000025217                rpl_process_dio
                0x0000000000025298                rpl_process_dis
                0x00000000000252dd                rpl_process_dao
                0x000000000002536c                rpl_process_dao_ack
                0x00000000000253fe                rpl_process_hbh
                0x000000000002544e                rpl_dag_init_root
                0x0000000000025562                rpl_dag_init
 .text          0x0000000000025582      0x286 obj_cooja/mtype293.a(rpl-dag-root.o)
                0x0000000000025582                rpl_dag_root_print_links
                0x00000000000256d0                rpl_dag_root_set_prefix
                0x00000000000256fc                rpl_dag_root_start
                0x00000000000257d9                rpl_dag_root_is_root
 .text          0x0000000000025808       0x1e obj_cooja/mtype293.a(watchdog.o)
                0x0000000000025808                watchdog_init
                0x000000000002580e                watchdog_start
                0x0000000000025814                watchdog_periodic
                0x000000000002581a                watchdog_stop
                0x0000000000025820                watchdog_reboot
 .text          0x0000000000025826       0xb2 obj_cooja/mtype293.a(stimer.o)
                0x0000000000025826                stimer_set
                0x0000000000025844                stimer_reset
                0x000000000002585c                stimer_restart
                0x0000000000025871                stimer_expired
                0x000000000002589c                stimer_remaining
                0x00000000000258c0                stimer_elapsed
 .text          0x00000000000258d8      0x1b8 obj_cooja/mtype293.a(memb.o)
                0x00000000000258d8                memb_init
                0x000000000002592d                memb_alloc
                0x0000000000025992                memb_free
                0x0000000000025a0d                memb_inmemb
                0x0000000000025a4c                memb_numfree
 .text          0x0000000000025a90      0x2e7 obj_cooja/mtype293.a(queuebuf.o)
                0x0000000000025a9a                queuebuf_init
                0x0000000000025ac3                queuebuf_numfree
                0x0000000000025adb                queuebuf_new_from_packetbuf
                0x0000000000025b7a                queuebuf_update_attr_from_packetbuf
                0x0000000000025baf                queuebuf_update_from_packetbuf
                0x0000000000025bff                queuebuf_free
                0x0000000000025c48                queuebuf_to_packetbuf
                0x0000000000025cb4                queuebuf_dataptr
                0x0000000000025cee                queuebuf_datalen
                0x0000000000025d11                queuebuf_addr
                0x0000000000025d46                queuebuf_attr
                0x0000000000025d71                queuebuf_debug_print
 .text          0x0000000000025d77      0x78b obj_cooja/mtype293.a(nbr-table.o)
                0x00000000000261f0                nbr_table_register
                0x000000000002625d                nbr_table_is_registered
                0x0000000000026298                nbr_table_head
                0x00000000000262f3                nbr_table_next
                0x0000000000026354                nbr_table_add_lladdr
                0x000000000002641e                nbr_table_get_from_lladdr
                0x000000000002646a                nbr_table_remove
                0x00000000000264a2                nbr_table_lock
                0x00000000000264bc                nbr_table_unlock
                0x00000000000264d6                nbr_table_get_lladdr
 .text          0x0000000000026502      0x37c obj_cooja/mtype293.a(link-stats.o)
                0x0000000000026502                link_stats_from_lladdr
                0x000000000002651e                link_stats_is_fresh
                0x000000000002655a                guess_etx_from_rssi
                0x00000000000265d6                link_stats_packet_sent
                0x00000000000266e9                link_stats_input_callback
                0x00000000000267f9                link_stats_reset
                0x0000000000026849                link_stats_init
 .text          0x000000000002687e      0x187 obj_cooja/mtype293.a(mac-sequence.o)
                0x000000000002687e                mac_sequence_is_duplicate
                0x000000000002691e                mac_sequence_register_seqno
 .text          0x0000000000026a05       0x23 obj_cooja/mtype293.a(mac.o)
                0x0000000000026a05                mac_call_sent_callback
 .text          0x0000000000026a28      0x41d obj_cooja/mtype293.a(framer-802154.o)
                0x0000000000026bb7                framer_802154_setup_params
 .text          0x0000000000026e45      0xb6f obj_cooja/mtype293.a(frame802154.o)
                0x0000000000026e76                frame802154_get_pan_id
                0x0000000000026e82                frame802154_set_pan_id
                0x0000000000026e9c                frame802154_has_panid
                0x000000000002704b                frame802154_check_dest_panid
                0x00000000000270d3                frame802154_is_broadcast_addr
                0x0000000000027120                frame802154_extract_linkaddr
                0x0000000000027385                frame802154_hdrlen
                0x00000000000273f8                frame802154_create_fcf
                0x00000000000274b0                frame802154_create
                0x0000000000027625                frame802154_parse_fcf
                0x0000000000027707                frame802154_parse
 .text          0x00000000000279b4      0x1ec obj_cooja/mtype293.a(uipbuf.o)
                0x00000000000279b4                uipbuf_get_next_header
                0x0000000000027a23                uipbuf_get_last_header
                0x0000000000027aaa                uipbuf_get_attr
                0x0000000000027ad1                uipbuf_set_attr
                0x0000000000027b08                uipbuf_clear_attr
                0x0000000000027b34                uipbuf_set_attr_flag
                0x0000000000027b55                uipbuf_clr_attr_flag
                0x0000000000027b7c                uipbuf_is_attr_flag
 .text          0x0000000000027ba0      0x96e obj_cooja/mtype293.a(uip-icmp6.o)
                0x0000000000027c15                uip_icmp6_input
                0x0000000000027c6c                uip_icmp6_register_input_handler
                0x0000000000027e78                uip_icmp6_error_output
                0x00000000000281d7                uip_icmp6_send
                0x0000000000028496                uip_icmp6_echo_reply_callback_add
                0x00000000000284c8                uip_icmp6_echo_reply_callback_rm
                0x00000000000284e5                uip_icmp6_init
 .text          0x000000000002850e      0x69b obj_cooja/mtype293.a(uip-sr.o)
                0x000000000002850e                uip_sr_num_nodes
                0x000000000002859c                uip_sr_get_node
                0x00000000000285f3                uip_sr_is_addr_reachable
                0x00000000000286a1                uip_sr_expire_parent
                0x00000000000286ea                uip_sr_update_node
                0x000000000002881a                uip_sr_init
                0x000000000002884e                uip_sr_node_head
                0x0000000000028867                uip_sr_node_next
                0x000000000002887d                uip_sr_periodic
                0x0000000000028983                uip_sr_free_all
                0x00000000000289f3                uip_sr_link_snprint
 .text          0x0000000000028ba9      0x146 obj_cooja/mtype293.a(uip-packetqueue)
                0x0000000000028bd7                uip_packetqueue_new
                0x0000000000028be6                uip_packetqueue_alloc
                0x0000000000028c41                uip_packetqueue_free
                0x0000000000028c88                uip_packetqueue_buf
                0x0000000000028ca5                uip_packetqueue_buflen
                0x0000000000028cc6                uip_packetqueue_set_buflen
 .text          0x0000000000028cef      0x128 obj_cooja/mtype293.a(uip-udp-packet.)
                0x0000000000028cef                uip_udp_packet_send
                0x0000000000028d4a                uip_udp_packet_sendto
 .text          0x0000000000028e17      0x1c8 obj_cooja/mtype293.a(rpl-nbr-policy.)
                0x0000000000028f9c                rpl_nbr_policy_find_removable
 .text          0x0000000000028fdf      0x8ed obj_cooja/mtype293.a(rpl-neighbor.o)
                0x000000000002905b                rpl_neighbor_snprint
                0x0000000000029308                rpl_neighbor_print_list
                0x00000000000293bd                rpl_neighbor_count
                0x0000000000029464                rpl_neighbor_get_from_lladdr
                0x0000000000029480                rpl_neighbor_is_acceptable_parent
                0x00000000000294b4                rpl_neighbor_get_link_metric
                0x00000000000294e8                rpl_neighbor_rank_via_nbr
                0x000000000002951c                rpl_neighbor_get_lladdr
                0x0000000000029538                rpl_neighbor_get_ipaddr
                0x000000000002955f                rpl_neighbor_get_link_stats
                0x0000000000029586                rpl_neighbor_is_fresh
                0x00000000000295ad                rpl_neighbor_is_reachable
                0x00000000000295f8                rpl_neighbor_is_parent
                0x0000000000029622                rpl_neighbor_set_preferred_parent
                0x00000000000296ae                rpl_neighbor_remove_all
                0x00000000000296fd                rpl_neighbor_get_from_ipaddr
                0x0000000000029801                rpl_neighbor_select_best
                0x00000000000298ad                rpl_neighbor_init
 .text          0x00000000000298cc      0xa19 obj_cooja/mtype293.a(rpl-timers.o)
                0x00000000000298cc                rpl_timers_schedule_periodic_dis
                0x0000000000029a1a                rpl_timers_dio_reset
                0x0000000000029b0b                rpl_timers_schedule_unicast_dio
                0x0000000000029c91                rpl_timers_schedule_dao
                0x0000000000029dcb                rpl_timers_schedule_dao_ack
                0x0000000000029e51                get_probing_delay
                0x0000000000029e85                get_probing_target
                0x000000000002a06f                rpl_schedule_probing
                0x000000000002a09d                rpl_schedule_probing_now
                0x000000000002a107                rpl_timers_unschedule_leaving
                0x000000000002a13f                rpl_timers_schedule_leaving
                0x000000000002a180                rpl_timers_init
                0x000000000002a210                rpl_timers_stop_dag_timers
                0x000000000002a289                rpl_timers_unschedule_state_update
                0x000000000002a2ad                rpl_timers_schedule_state_update
 .text          0x000000000002a2e5     0x102c obj_cooja/mtype293.a(rpl-ext-header.)
                0x000000000002a2e5                rpl_ext_header_srh_get_next_hop
                0x000000000002a461                rpl_ext_header_srh_update
                0x000000000002ab5a                rpl_ext_header_hbh_update
                0x000000000002b0af                rpl_ext_header_update
                0x000000000002b138                rpl_ext_header_remove
 .text          0x000000000002b311      0x31b obj_cooja/mtype293.a(rpl-mrhof.o)
 .text          0x000000000002b62c        0x0 /usr/lib/gcc/i686-linux-gnu/5/crtendS.o
 .text          0x000000000002b62c        0x0 /usr/lib/gcc/i686-linux-gnu/5/../../../i386-linux-gnu/crtn.o
 *(.gnu.warning)

.fini           0x000000000002b62c       0x14
 *(SORT(.fini))
 .fini          0x000000000002b62c        0xf /usr/lib/gcc/i686-linux-gnu/5/../../../i386-linux-gnu/crti.o
                0x000000000002b62c                _fini
 .fini          0x000000000002b63b        0x5 /usr/lib/gcc/i686-linux-gnu/5/../../../i386-linux-gnu/crtn.o
                [!provide]                        PROVIDE (__etext, .)
                [!provide]                        PROVIDE (_etext, .)
                [!provide]                        PROVIDE (etext, .)

.rodata         0x000000000002b640      0xc00
 *(.rodata .rodata.* .gnu.linkonce.r.*)
 .rodata        0x000000000002b640      0x477 udp-client.o
                0x000000000002b664                autostart_processes
 *fill*         0x000000000002bab7        0x1 
 .rodata        0x000000000002bab8        0x8 obj_cooja/mtype293.a(beep.o)
                0x000000000002bab8                beep_interface
 .rodata        0x000000000002bac0       0x20 obj_cooja/mtype293.a(button-sensor.o)
                0x000000000002bac0                button_interface
                0x000000000002bad0                button_sensor
 .rodata        0x000000000002bae0        0x8 obj_cooja/mtype293.a(leds-arch.o)
                0x000000000002bae0                leds_interface
 .rodata        0x000000000002bae8        0x8 obj_cooja/mtype293.a(moteid.o)
                0x000000000002bae8                moteid_interface
 .rodata        0x000000000002baf0       0x1c obj_cooja/mtype293.a(pir-sensor.o)
                0x000000000002baf0                pir_interface
                0x000000000002bafc                pir_sensor
 .rodata        0x000000000002bb0c        0xe obj_cooja/mtype293.a(rs232.o)
                0x000000000002bb0c                rs232_interface
 *fill*         0x000000000002bb1a        0x2 
 .rodata        0x000000000002bb1c       0x24 obj_cooja/mtype293.a(vib-sensor.o)
                0x000000000002bb1c                vib_interface
                0x000000000002bb30                vib_sensor
 .rodata        0x000000000002bb40        0x8 obj_cooja/mtype293.a(clock.o)
                0x000000000002bb40                clock_interface
 .rodata        0x000000000002bb48        0x8 obj_cooja/mtype293.a(cooja-log.o)
                0x000000000002bb48                simlog_interface
 .rodata        0x000000000002bb50       0x2f obj_cooja/mtype293.a(cfs-cooja.o)
                0x000000000002bb50                cfs_interface
 *fill*         0x000000000002bb7f        0x1 
 .rodata        0x000000000002bb80       0x58 obj_cooja/mtype293.a(cooja-radio.o)
                0x000000000002bb80                radio_interface
                0x000000000002bba0                cooja_radio_driver
 .rodata        0x000000000002bbd8        0x8 obj_cooja/mtype293.a(eeprom.o)
                0x000000000002bbd8                eeprom_interface
 .rodata        0x000000000002bbe0        0x8 obj_cooja/mtype293.a(sensors.o)
 .rodata        0x000000000002bbe8       0x14 obj_cooja/mtype293.a(mqtt.o)
 .rodata        0x000000000002bbfc       0xf8 obj_cooja/mtype293.a(contiki-main.o)
 .rodata        0x000000000002bcf4        0xf obj_cooja/mtype293.a(ctimer.o)
 .rodata        0x000000000002bd03        0xc obj_cooja/mtype293.a(etimer.o)
 *fill*         0x000000000002bd0f        0x1 
 .rodata        0x000000000002bd10       0xc0 obj_cooja/mtype293.a(log.o)
 .rodata        0x000000000002bdd0        0xe obj_cooja/mtype293.a(serial-line.o)
 *fill*         0x000000000002bdde        0x2 
 .rodata        0x000000000002bde0        0x8 obj_cooja/mtype293.a(linkaddr.o)
                0x000000000002bde0                linkaddr_null
 .rodata        0x000000000002bde8       0x20 obj_cooja/mtype293.a(csma.o)
                0x000000000002bdf0                csma_driver
 .rodata        0x000000000002be08       0x13 obj_cooja/mtype293.a(tcp-socket.o)
 .rodata        0x000000000002be1b        0xd obj_cooja/mtype293.a(tcpip.o)
 .rodata        0x000000000002be28       0x4d obj_cooja/mtype293.a(uip-ds6-route.o)
 *fill*         0x000000000002be75        0x3 
 .rodata        0x000000000002be78      0x13c obj_cooja/mtype293.a(uip6.o)
 .rodata        0x000000000002bfb4       0x13 obj_cooja/mtype293.a(simple-udp.o)
 *fill*         0x000000000002bfc7        0x1 
 .rodata        0x000000000002bfc8       0x30 obj_cooja/mtype293.a(sicslowpan.o)
                0x000000000002bfc8                unc_llconf
                0x000000000002bfcc                unc_ctxconf
                0x000000000002bfd0                unc_mxconf
                0x000000000002bfd4                llprefix
                0x000000000002bfe8                sicslowpan_driver
 .rodata        0x000000000002bff8       0x2d obj_cooja/mtype293.a(uiplib.o)
 *fill*         0x000000000002c025       0x1b 
 .rodata        0x000000000002c040       0x70 obj_cooja/mtype293.a(rpl.o)
                0x000000000002c060                rpl_lite_driver
 .rodata        0x000000000002c0b0       0xdb obj_cooja/mtype293.a(rpl-dag.o)
 *fill*         0x000000000002c18b        0x1 
 .rodata        0x000000000002c18c        0xc obj_cooja/mtype293.a(framer-802154.o)
                0x000000000002c18c                framer_802154
 .rodata        0x000000000002c198       0x44 obj_cooja/mtype293.a(uip-sr.o)
 .rodata        0x000000000002c1dc       0x58 obj_cooja/mtype293.a(rpl-neighbor.o)
 .rodata        0x000000000002c234        0xc obj_cooja/mtype293.a(rpl-timers.o)

.rodata1
 *(.rodata1)

.eh_frame_hdr   0x000000000002c240     0x16a4
 *(.eh_frame_hdr)
 .eh_frame_hdr  0x000000000002c240     0x16a4 udp-client.o
                0x000000000002c240                __GNU_EH_FRAME_HDR
 *(.eh_frame_entry .eh_frame_entry.*)

.eh_frame       0x000000000002d8e4     0x5bc4
 *(.eh_frame)
 .eh_frame      0x000000000002d8e4       0x3c /usr/lib/gcc/i686-linux-gnu/5/../../../i386-linux-gnu/crti.o
                                         0x40 (size before relaxing)
 .eh_frame      0x000000000002d920      0x200 udp-client.o
                                        0x218 (size before relaxing)
 .eh_frame      0x000000000002db20      0x178 obj_cooja/mtype293.o
                                        0x190 (size before relaxing)
 .eh_frame      0x000000000002dc98       0x40 obj_cooja/mtype293.a(simEnvChange.o)
                                         0x58 (size before relaxing)
 .eh_frame      0x000000000002dcd8       0x60 obj_cooja/mtype293.a(cooja_mt.o)
                                         0x78 (size before relaxing)
 .eh_frame      0x000000000002dd38       0x80 obj_cooja/mtype293.a(cooja_mtarch.o)
                                         0x98 (size before relaxing)
 .eh_frame      0x000000000002ddb8       0xc8 obj_cooja/mtype293.a(rtimer-arch.o)
                                         0xe0 (size before relaxing)
 .eh_frame      0x000000000002de80      0x160 obj_cooja/mtype293.a(beep.o)
                                        0x178 (size before relaxing)
 .eh_frame      0x000000000002dfe0       0xa0 obj_cooja/mtype293.a(button-sensor.o)
                                         0xb8 (size before relaxing)
 .eh_frame      0x000000000002e080       0xa0 obj_cooja/mtype293.a(leds-arch.o)
                                         0xb8 (size before relaxing)
 .eh_frame      0x000000000002e120       0x40 obj_cooja/mtype293.a(moteid.o)
                                         0x58 (size before relaxing)
 .eh_frame      0x000000000002e160       0xa0 obj_cooja/mtype293.a(pir-sensor.o)
                                         0xb8 (size before relaxing)
 .eh_frame      0x000000000002e200      0x100 obj_cooja/mtype293.a(rs232.o)
                                        0x118 (size before relaxing)
 .eh_frame      0x000000000002e300       0xa0 obj_cooja/mtype293.a(vib-sensor.o)
                                         0xb8 (size before relaxing)
 .eh_frame      0x000000000002e3a0       0xc0 obj_cooja/mtype293.a(clock.o)
                                         0xd8 (size before relaxing)
 .eh_frame      0x000000000002e460      0x120 obj_cooja/mtype293.a(cooja-log.o)
                                        0x138 (size before relaxing)
 .eh_frame      0x000000000002e580      0x160 obj_cooja/mtype293.a(cfs-cooja.o)
                                        0x178 (size before relaxing)
 .eh_frame      0x000000000002e6e0      0x340 obj_cooja/mtype293.a(cooja-radio.o)
                                        0x358 (size before relaxing)
 .eh_frame      0x000000000002ea20       0xa0 obj_cooja/mtype293.a(eeprom.o)
                                         0xb8 (size before relaxing)
 .eh_frame      0x000000000002eac0       0x40 obj_cooja/mtype293.a(random.o)
                                         0x58 (size before relaxing)
 .eh_frame      0x000000000002eb00       0xc0 obj_cooja/mtype293.a(sensors.o)
                                         0xd8 (size before relaxing)
 .eh_frame      0x000000000002ebc0       0xe0 obj_cooja/mtype293.a(leds.o)
                                         0xf8 (size before relaxing)
 .eh_frame      0x000000000002eca0      0x4a4 obj_cooja/mtype293.a(mqtt.o)
                                        0x4bc (size before relaxing)
 .eh_frame      0x000000000002f144       0x30 obj_cooja/mtype293.a(contiki-main.o)
                                         0x48 (size before relaxing)
 .eh_frame      0x000000000002f174       0x40 obj_cooja/mtype293.a(autostart.o)
                                         0x58 (size before relaxing)
 .eh_frame      0x000000000002f1b4      0x100 obj_cooja/mtype293.a(ctimer.o)
                                        0x118 (size before relaxing)
 .eh_frame      0x000000000002f2b4       0x60 obj_cooja/mtype293.a(energest.o)
                                         0x78 (size before relaxing)
 .eh_frame      0x000000000002f314      0x1e0 obj_cooja/mtype293.a(etimer.o)
                                        0x1f8 (size before relaxing)
 .eh_frame      0x000000000002f4f4      0x100 obj_cooja/mtype293.a(log.o)
                                        0x118 (size before relaxing)
 .eh_frame      0x000000000002f5f4      0x1c4 obj_cooja/mtype293.a(process.o)
                                        0x1dc (size before relaxing)
 .eh_frame      0x000000000002f7b8       0x60 obj_cooja/mtype293.a(rtimer.o)
                                         0x78 (size before relaxing)
 .eh_frame      0x000000000002f818       0x20 obj_cooja/mtype293.a(node-id.o)
                                         0x38 (size before relaxing)
 .eh_frame      0x000000000002f838       0xa4 obj_cooja/mtype293.a(timer.o)
                                         0xbc (size before relaxing)
 .eh_frame      0x000000000002f8dc       0x60 obj_cooja/mtype293.a(serial-line.o)
                                         0x78 (size before relaxing)
 .eh_frame      0x000000000002f93c      0x1a0 obj_cooja/mtype293.a(list.o)
                                        0x1b8 (size before relaxing)
 .eh_frame      0x000000000002fadc       0xa0 obj_cooja/mtype293.a(ringbuf.o)
                                         0xb8 (size before relaxing)
 .eh_frame      0x000000000002fb7c      0x28c obj_cooja/mtype293.a(packetbuf.o)
                                        0x2a4 (size before relaxing)
 .eh_frame      0x000000000002fe08       0x80 obj_cooja/mtype293.a(netstack.o)
                                         0x98 (size before relaxing)
 .eh_frame      0x000000000002fe88       0x60 obj_cooja/mtype293.a(linkaddr.o)
                                         0x78 (size before relaxing)
 .eh_frame      0x000000000002fee8       0xa0 obj_cooja/mtype293.a(csma.o)
                                         0xb8 (size before relaxing)
 .eh_frame      0x000000000002ff88      0x1d4 obj_cooja/mtype293.a(csma-output.o)
                                        0x1ec (size before relaxing)
 .eh_frame      0x000000000003015c      0x2e8 obj_cooja/mtype293.a(uip-ds6.o)
                                        0x300 (size before relaxing)
 .eh_frame      0x0000000000030444      0x248 obj_cooja/mtype293.a(tcp-socket.o)
                                        0x260 (size before relaxing)
 .eh_frame      0x000000000003068c      0x308 obj_cooja/mtype293.a(tcpip.o)
                                        0x320 (size before relaxing)
 .eh_frame      0x0000000000030994      0x220 obj_cooja/mtype293.a(uip-ds6-route.o)
                                        0x238 (size before relaxing)
 .eh_frame      0x0000000000030bb4      0x274 obj_cooja/mtype293.a(uip6.o)
                                        0x28c (size before relaxing)
 .eh_frame      0x0000000000030e28      0x1c0 obj_cooja/mtype293.a(uip-ds6-nbr.o)
                                        0x1d8 (size before relaxing)
 .eh_frame      0x0000000000030fe8       0x84 obj_cooja/mtype293.a(uip-nd6.o)
                                         0x9c (size before relaxing)
 .eh_frame      0x000000000003106c       0xd4 obj_cooja/mtype293.a(simple-udp.o)
                                         0xec (size before relaxing)
 .eh_frame      0x0000000000031140      0x2f8 obj_cooja/mtype293.a(sicslowpan.o)
                                        0x310 (size before relaxing)
 .eh_frame      0x0000000000031438       0x88 obj_cooja/mtype293.a(uiplib.o)
                                         0xa0 (size before relaxing)
 .eh_frame      0x00000000000314c0      0x1e0 obj_cooja/mtype293.a(rpl.o)
                                        0x1f8 (size before relaxing)
 .eh_frame      0x00000000000316a0      0x1c4 obj_cooja/mtype293.a(rpl-icmp6.o)
                                        0x1dc (size before relaxing)
 .eh_frame      0x0000000000031864      0x370 obj_cooja/mtype293.a(rpl-dag.o)
                                        0x388 (size before relaxing)
 .eh_frame      0x0000000000031bd4       0xa0 obj_cooja/mtype293.a(rpl-dag-root.o)
                                         0xb8 (size before relaxing)
 .eh_frame      0x0000000000031c74       0xa0 obj_cooja/mtype293.a(watchdog.o)
                                         0xb8 (size before relaxing)
 .eh_frame      0x0000000000031d14       0xc4 obj_cooja/mtype293.a(stimer.o)
                                         0xdc (size before relaxing)
 .eh_frame      0x0000000000031dd8       0xa0 obj_cooja/mtype293.a(memb.o)
                                         0xb8 (size before relaxing)
 .eh_frame      0x0000000000031e78      0x1a0 obj_cooja/mtype293.a(queuebuf.o)
                                        0x1b8 (size before relaxing)
 .eh_frame      0x0000000000032018      0x2ac obj_cooja/mtype293.a(nbr-table.o)
                                        0x2c4 (size before relaxing)
 .eh_frame      0x00000000000322c4      0x100 obj_cooja/mtype293.a(link-stats.o)
                                        0x118 (size before relaxing)
 .eh_frame      0x00000000000323c4       0x48 obj_cooja/mtype293.a(mac-sequence.o)
                                         0x60 (size before relaxing)
 .eh_frame      0x000000000003240c       0x20 obj_cooja/mtype293.a(mac.o)
                                         0x38 (size before relaxing)
 .eh_frame      0x000000000003242c       0xa4 obj_cooja/mtype293.a(framer-802154.o)
                                         0xbc (size before relaxing)
 .eh_frame      0x00000000000324d0      0x1a4 obj_cooja/mtype293.a(frame802154.o)
                                        0x1bc (size before relaxing)
 .eh_frame      0x0000000000032674      0x100 obj_cooja/mtype293.a(uipbuf.o)
                                        0x118 (size before relaxing)
 .eh_frame      0x0000000000032774      0x160 obj_cooja/mtype293.a(uip-icmp6.o)
                                        0x178 (size before relaxing)
 .eh_frame      0x00000000000328d4      0x184 obj_cooja/mtype293.a(uip-sr.o)
                                        0x19c (size before relaxing)
 .eh_frame      0x0000000000032a58       0xe0 obj_cooja/mtype293.a(uip-packetqueue)
                                         0xf8 (size before relaxing)
 .eh_frame      0x0000000000032b38       0x40 obj_cooja/mtype293.a(uip-udp-packet.)
                                         0x58 (size before relaxing)
 .eh_frame      0x0000000000032b78       0x80 obj_cooja/mtype293.a(rpl-nbr-policy.)
                                         0x98 (size before relaxing)
 .eh_frame      0x0000000000032bf8      0x2d4 obj_cooja/mtype293.a(rpl-neighbor.o)
                                        0x2ec (size before relaxing)
 .eh_frame      0x0000000000032ecc      0x368 obj_cooja/mtype293.a(rpl-timers.o)
                                        0x380 (size before relaxing)
 .eh_frame      0x0000000000033234      0x128 obj_cooja/mtype293.a(rpl-ext-header.)
                                        0x140 (size before relaxing)
 .eh_frame      0x000000000003335c      0x148 obj_cooja/mtype293.a(rpl-mrhof.o)
                                        0x160 (size before relaxing)
 .eh_frame      0x00000000000334a4        0x4 /usr/lib/gcc/i686-linux-gnu/5/crtendS.o
 *(.eh_frame.*)

.gcc_except_table
 *(.gcc_except_table .gcc_except_table.*)

.gnu_extab
 *(.gnu_extab*)

.exception_ranges
 *(.exception_ranges .exception_ranges*)
                0x0000000000034f10                . = DATA_SEGMENT_ALIGN (0x1000, 0x1000)

.eh_frame
 *(.eh_frame)
 *(.eh_frame.*)

.gnu_extab
 *(.gnu_extab)

.gcc_except_table
 *(.gcc_except_table .gcc_except_table.*)

.exception_ranges
 *(.exception_ranges .exception_ranges*)

.tdata
 *(.tdata .tdata.* .gnu.linkonce.td.*)

.tbss
 *(.tbss .tbss.* .gnu.linkonce.tb.*)
 *(.tcommon)

.preinit_array
 *(.preinit_array)

.init_array     0x0000000000034f10        0x4
 *(SORT(.init_array.*) SORT(.ctors.*))
 *(.init_array EXCLUDE_FILE(*crtend?.o *crtend.o *crtbegin?.o *crtbegin.o) .ctors)
 .init_array    0x0000000000034f10        0x4 /usr/lib/gcc/i686-linux-gnu/5/crtbeginS.o

.fini_array     0x0000000000034f14        0x4
 *(SORT(.fini_array.*) SORT(.dtors.*))
 *(.fini_array EXCLUDE_FILE(*crtend?.o *crtend.o *crtbegin?.o *crtbegin.o) .dtors)
 .fini_array    0x0000000000034f14        0x4 /usr/lib/gcc/i686-linux-gnu/5/crtbeginS.o

.ctors
 *crtbegin.o(.ctors)
 *crtbegin?.o(.ctors)
 *(EXCLUDE_FILE(*crtend?.o *crtend.o) .ctors)
 *(SORT(.ctors.*))
 *(.ctors)

.dtors
 *crtbegin.o(.dtors)
 *crtbegin?.o(.dtors)
 *(EXCLUDE_FILE(*crtend?.o *crtend.o) .dtors)
 *(SORT(.dtors.*))
 *(.dtors)

.jcr            0x0000000000034f18        0x4
 *(.jcr)
 .jcr           0x0000000000034f18        0x0 /usr/lib/gcc/i686-linux-gnu/5/crtbeginS.o
 .jcr           0x0000000000034f18        0x4 /usr/lib/gcc/i686-linux-gnu/5/crtendS.o

.data.rel.ro
 *(.data.rel.ro.local* .gnu.linkonce.d.rel.ro.local.*)
 *(.data.rel.ro .data.rel.ro.* .gnu.linkonce.d.rel.ro.*)

.dynamic        0x0000000000034f1c       0xd0
 *(.dynamic)
 .dynamic       0x0000000000034f1c       0xd0 /usr/lib/gcc/i686-linux-gnu/5/../../../i386-linux-gnu/crti.o
                0x0000000000034f1c                _DYNAMIC

.got            0x0000000000034fec       0x14
 *(.got)
 .got           0x0000000000034fec       0x14 /usr/lib/gcc/i686-linux-gnu/5/../../../i386-linux-gnu/crti.o
 *(.igot)
                0x0000000000035ff4                . = DATA_SEGMENT_RELRO_END (., (SIZEOF (.got.plt) >= 0xc)?0xc:0x0)

.got.plt        0x0000000000035000        0xc
 *(.got.plt)
 .got.plt       0x0000000000035000        0xc /usr/lib/gcc/i686-linux-gnu/5/../../../i386-linux-gnu/crti.o
                0x0000000000035000                _GLOBAL_OFFSET_TABLE_
 *(.igot.plt)

.data           0x0000000000035020      0x344
 *(.data .data.* .gnu.linkonce.d.*)
 .data          0x0000000000035020        0x0 /usr/lib/gcc/i686-linux-gnu/5/../../../i386-linux-gnu/crti.o
 .data          0x0000000000035020        0x0 /usr/lib/gcc/i686-linux-gnu/5/crtbeginS.o
 .data.rel.local
                0x0000000000035020        0x4 /usr/lib/gcc/i686-linux-gnu/5/crtbeginS.o
                0x0000000000035020                __dso_handle
 .data          0x0000000000035024       0x34 udp-client.o
                0x0000000000035028                udp_client_process
                0x0000000000035038                udp_client_send_root_process
                0x0000000000035048                mqtt_client_process
 *fill*         0x0000000000035058        0x8 
 .data          0x0000000000035060       0x44 obj_cooja/mtype293.o
                0x0000000000035060                simInterfaces
                0x0000000000035094                sensors
 .data          0x00000000000350a4        0x0 obj_cooja/mtype293.a(simEnvChange.o)
 .data          0x00000000000350a4        0x0 obj_cooja/mtype293.a(cooja_mt.o)
 .data          0x00000000000350a4        0x0 obj_cooja/mtype293.a(cooja_mtarch.o)
 .data          0x00000000000350a4        0x0 obj_cooja/mtype293.a(rtimer-arch.o)
 .data          0x00000000000350a4        0x0 obj_cooja/mtype293.a(beep.o)
 .data          0x00000000000350a4        0x0 obj_cooja/mtype293.a(button-sensor.o)
 .data          0x00000000000350a4        0x0 obj_cooja/mtype293.a(leds-arch.o)
 .data          0x00000000000350a4        0x0 obj_cooja/mtype293.a(moteid.o)
 .data          0x00000000000350a4        0x0 obj_cooja/mtype293.a(pir-sensor.o)
 .data          0x00000000000350a4        0x0 obj_cooja/mtype293.a(rs232.o)
 .data          0x00000000000350a4        0x0 obj_cooja/mtype293.a(vib-sensor.o)
 .data          0x00000000000350a4        0x0 obj_cooja/mtype293.a(clock.o)
 .data          0x00000000000350a4        0x0 obj_cooja/mtype293.a(cooja-log.o)
 .data          0x00000000000350a4        0x0 obj_cooja/mtype293.a(cfs-cooja.o)
 .data          0x00000000000350a4       0x2c obj_cooja/mtype293.a(cooja-radio.o)
                0x00000000000350a4                simRadioHWOn
                0x00000000000350a8                simSignalStrength
                0x00000000000350ac                simLastSignalStrength
                0x00000000000350b0                simPower
                0x00000000000350b4                simRadioChannel
                0x00000000000350b8                simLQI
                0x00000000000350c0                cooja_radio_process
 .data          0x00000000000350d0        0x0 obj_cooja/mtype293.a(eeprom.o)
 .data          0x00000000000350d0        0x0 obj_cooja/mtype293.a(random.o)
 .data          0x00000000000350d0       0x10 obj_cooja/mtype293.a(sensors.o)
                0x00000000000350d0                sensors_process
 .data          0x00000000000350e0        0x0 obj_cooja/mtype293.a(leds.o)
 .data          0x00000000000350e0       0x14 obj_cooja/mtype293.a(mqtt.o)
                0x00000000000350e4                mqtt_process
 .data          0x00000000000350f4        0x0 obj_cooja/mtype293.a(contiki-main.o)
 .data          0x00000000000350f4        0x0 obj_cooja/mtype293.a(autostart.o)
 .data          0x00000000000350f4       0x14 obj_cooja/mtype293.a(ctimer.o)
                0x00000000000350f8                ctimer_process
 .data          0x0000000000035108        0x0 obj_cooja/mtype293.a(energest.o)
 .data          0x0000000000035108       0x10 obj_cooja/mtype293.a(etimer.o)
                0x0000000000035108                etimer_process
 *fill*         0x0000000000035118        0x8 
 .data          0x0000000000035120       0xb0 obj_cooja/mtype293.a(log.o)
                0x0000000000035120                curr_log_level_main
                0x0000000000035140                all_modules
 .data          0x00000000000351d0        0x0 obj_cooja/mtype293.a(process.o)
 .data          0x00000000000351d0        0x0 obj_cooja/mtype293.a(rtimer.o)
 .data          0x00000000000351d0        0x0 obj_cooja/mtype293.a(node-id.o)
 .data          0x00000000000351d0        0x0 obj_cooja/mtype293.a(timer.o)
 .data          0x00000000000351d0       0x10 obj_cooja/mtype293.a(serial-line.o)
                0x00000000000351d0                serial_line_process
 .data          0x00000000000351e0        0x0 obj_cooja/mtype293.a(list.o)
 .data          0x00000000000351e0        0x0 obj_cooja/mtype293.a(ringbuf.o)
 .data          0x00000000000351e0        0x4 obj_cooja/mtype293.a(packetbuf.o)
 .data          0x00000000000351e4        0x4 obj_cooja/mtype293.a(netstack.o)
 .data          0x00000000000351e8        0x0 obj_cooja/mtype293.a(linkaddr.o)
 .data          0x00000000000351e8        0x0 obj_cooja/mtype293.a(csma.o)
 .data          0x00000000000351e8       0x28 obj_cooja/mtype293.a(csma-output.o)
 .data          0x0000000000035210        0x0 obj_cooja/mtype293.a(uip-ds6.o)
 .data          0x0000000000035210       0x14 obj_cooja/mtype293.a(tcp-socket.o)
                0x0000000000035214                tcp_socket_process
 .data          0x0000000000035224       0x10 obj_cooja/mtype293.a(tcpip.o)
                0x0000000000035224                tcpip_process
 .data          0x0000000000035234       0x10 obj_cooja/mtype293.a(uip-ds6-route.o)
 .data          0x0000000000035244        0x0 obj_cooja/mtype293.a(uip6.o)
 .data          0x0000000000035244       0x14 obj_cooja/mtype293.a(uip-ds6-nbr.o)
                0x0000000000035254                ds6_neighbors
 .data          0x0000000000035258        0xc obj_cooja/mtype293.a(uip-nd6.o)
 .data          0x0000000000035264       0x10 obj_cooja/mtype293.a(simple-udp.o)
                0x0000000000035264                simple_udp_process
 .data          0x0000000000035274        0x0 obj_cooja/mtype293.a(sicslowpan.o)
 .data          0x0000000000035274        0x0 obj_cooja/mtype293.a(uiplib.o)
 .data          0x0000000000035274        0x0 obj_cooja/mtype293.a(rpl.o)
 .data          0x0000000000035274       0x30 obj_cooja/mtype293.a(rpl-icmp6.o)
 .data          0x00000000000352a4        0x0 obj_cooja/mtype293.a(rpl-dag.o)
 .data          0x00000000000352a4        0x0 obj_cooja/mtype293.a(rpl-dag-root.o)
 .data          0x00000000000352a4        0x0 obj_cooja/mtype293.a(watchdog.o)
 .data          0x00000000000352a4        0x0 obj_cooja/mtype293.a(stimer.o)
 .data          0x00000000000352a4        0x0 obj_cooja/mtype293.a(memb.o)
 .data          0x00000000000352a4       0x18 obj_cooja/mtype293.a(queuebuf.o)
 .data          0x00000000000352bc       0x10 obj_cooja/mtype293.a(nbr-table.o)
 .data          0x00000000000352cc       0x14 obj_cooja/mtype293.a(link-stats.o)
 .data          0x00000000000352e0        0x0 obj_cooja/mtype293.a(mac-sequence.o)
 .data          0x00000000000352e0        0x0 obj_cooja/mtype293.a(mac.o)
 .data          0x00000000000352e0        0x0 obj_cooja/mtype293.a(framer-802154.o)
 .data          0x00000000000352e0        0x2 obj_cooja/mtype293.a(frame802154.o)
 .data          0x00000000000352e2        0x0 obj_cooja/mtype293.a(uipbuf.o)
 *fill*         0x00000000000352e2        0x2 
 .data          0x00000000000352e4       0x20 obj_cooja/mtype293.a(uip-icmp6.o)
 .data          0x0000000000035304       0x10 obj_cooja/mtype293.a(uip-sr.o)
 .data          0x0000000000035314        0xc obj_cooja/mtype293.a(uip-packetqueue)
 .data          0x0000000000035320        0x0 obj_cooja/mtype293.a(uip-udp-packet.)
 .data          0x0000000000035320        0x0 obj_cooja/mtype293.a(rpl-nbr-policy.)
 .data          0x0000000000035320       0x14 obj_cooja/mtype293.a(rpl-neighbor.o)
                0x0000000000035330                rpl_neighbors
 .data          0x0000000000035334        0x0 obj_cooja/mtype293.a(rpl-timers.o)
 .data          0x0000000000035334        0x0 obj_cooja/mtype293.a(rpl-ext-header.)
 *fill*         0x0000000000035334        0xc 
 .data          0x0000000000035340       0x24 obj_cooja/mtype293.a(rpl-mrhof.o)
                0x0000000000035340                rpl_mrhof
 .data          0x0000000000035364        0x0 /usr/lib/gcc/i686-linux-gnu/5/crtendS.o
 .data          0x0000000000035364        0x0 /usr/lib/gcc/i686-linux-gnu/5/../../../i386-linux-gnu/crtn.o

.tm_clone_table
                0x0000000000035364        0x0
 .tm_clone_table
                0x0000000000035364        0x0 /usr/lib/gcc/i686-linux-gnu/5/crtbeginS.o
 .tm_clone_table
                0x0000000000035364        0x0 /usr/lib/gcc/i686-linux-gnu/5/crtendS.o

.data1
 *(.data1)
                0x0000000000035364                _edata = .
                [!provide]                        PROVIDE (edata, .)
                0x0000000000035364                . = .
                0x0000000000035364                __bss_start = .

.bss            0x0000000000035380    0x14b80
 *(.dynbss)
 .dynbss        0x0000000000035380        0x0 /usr/lib/gcc/i686-linux-gnu/5/../../../i386-linux-gnu/crti.o
 *(.bss .bss.* .gnu.linkonce.b.*)
 .bss           0x0000000000035380        0x0 /usr/lib/gcc/i686-linux-gnu/5/../../../i386-linux-gnu/crti.o
 .bss           0x0000000000035380        0x1 /usr/lib/gcc/i686-linux-gnu/5/crtbeginS.o
 *fill*         0x0000000000035381       0x1f 
 .bss           0x00000000000353a0      0xbd8 udp-client.o
 *fill*         0x0000000000035f78        0x8 
 .bss           0x0000000000035f80     0x2030 obj_cooja/mtype293.o
 .bss           0x0000000000037fb0        0x1 obj_cooja/mtype293.a(simEnvChange.o)
                0x0000000000037fb0                simDontFallAsleep
 *fill*         0x0000000000037fb1        0x3 
 .bss           0x0000000000037fb4        0x4 obj_cooja/mtype293.a(cooja_mt.o)
 .bss           0x0000000000037fb8        0x4 obj_cooja/mtype293.a(cooja_mtarch.o)
 .bss           0x0000000000037fbc        0x0 obj_cooja/mtype293.a(rtimer-arch.o)
 .bss           0x0000000000037fbc        0x0 obj_cooja/mtype293.a(beep.o)
 .bss           0x0000000000037fbc        0x8 obj_cooja/mtype293.a(button-sensor.o)
 .bss           0x0000000000037fc4        0x0 obj_cooja/mtype293.a(leds-arch.o)
 .bss           0x0000000000037fc4        0x0 obj_cooja/mtype293.a(moteid.o)
 .bss           0x0000000000037fc4        0x1 obj_cooja/mtype293.a(pir-sensor.o)
                0x0000000000037fc4                simPirValue
 *fill*         0x0000000000037fc5        0x3 
 .bss           0x0000000000037fc8        0x4 obj_cooja/mtype293.a(rs232.o)
 .bss           0x0000000000037fcc        0x1 obj_cooja/mtype293.a(vib-sensor.o)
                0x0000000000037fcc                simVibValue
 .bss           0x0000000000037fcd        0x0 obj_cooja/mtype293.a(clock.o)
 *fill*         0x0000000000037fcd       0x13 
 .bss           0x0000000000037fe0     0x2020 obj_cooja/mtype293.a(cooja-log.o)
 .bss           0x000000000003a000      0xfc0 obj_cooja/mtype293.a(cfs-cooja.o)
                0x000000000003a000                simCFSData
                0x000000000003afa0                simCFSSize
                0x000000000003afa4                simCFSChanged
                0x000000000003afa8                simCFSRead
                0x000000000003afac                simCFSWritten
 .bss           0x000000000003afc0       0x24 obj_cooja/mtype293.a(cooja-radio.o)
                0x000000000003afc0                simReceiving
                0x000000000003afc4                simInSize
                0x000000000003afc8                simLastPacketTimestamp
                0x000000000003afd0                simOutSize
 .bss           0x000000000003afe4        0xc obj_cooja/mtype293.a(eeprom.o)
                0x000000000003afe4                simEEPROMChanged
                0x000000000003afe8                simEEPROMRead
                0x000000000003afec                simEEPROMWritten
 .bss           0x000000000003aff0        0x0 obj_cooja/mtype293.a(random.o)
 .bss           0x000000000003aff0        0xc obj_cooja/mtype293.a(sensors.o)
 .bss           0x000000000003affc        0x0 obj_cooja/mtype293.a(leds.o)
 .bss           0x000000000003affc       0x15 obj_cooja/mtype293.a(mqtt.o)
 .bss           0x000000000003b011        0x0 obj_cooja/mtype293.a(contiki-main.o)
 .bss           0x000000000003b011        0x0 obj_cooja/mtype293.a(autostart.o)
 *fill*         0x000000000003b011        0x3 
 .bss           0x000000000003b014        0x5 obj_cooja/mtype293.a(ctimer.o)
 .bss           0x000000000003b019        0x0 obj_cooja/mtype293.a(energest.o)
 *fill*         0x000000000003b019        0x3 
 .bss           0x000000000003b01c        0x8 obj_cooja/mtype293.a(etimer.o)
 .bss           0x000000000003b024       0x28 obj_cooja/mtype293.a(log.o)
                0x000000000003b024                curr_log_level_rpl
                0x000000000003b028                curr_log_level_tcpip
                0x000000000003b02c                curr_log_level_ipv6
                0x000000000003b030                curr_log_level_6lowpan
                0x000000000003b034                curr_log_level_nullnet
                0x000000000003b038                curr_log_level_mac
                0x000000000003b03c                curr_log_level_framer
                0x000000000003b040                curr_log_level_6top
                0x000000000003b044                curr_log_level_coap
                0x000000000003b048                curr_log_level_lwm2m
 *fill*         0x000000000003b04c       0x14 
 .bss           0x000000000003b060      0x1a1 obj_cooja/mtype293.a(process.o)
                0x000000000003b060                process_list
                0x000000000003b064                process_current
 *fill*         0x000000000003b201        0x3 
 .bss           0x000000000003b204        0x4 obj_cooja/mtype293.a(rtimer.o)
 .bss           0x000000000003b208        0x2 obj_cooja/mtype293.a(node-id.o)
                0x000000000003b208                node_id
 .bss           0x000000000003b20a        0x0 obj_cooja/mtype293.a(timer.o)
 *fill*         0x000000000003b20a       0x16 
 .bss           0x000000000003b220      0x140 obj_cooja/mtype293.a(serial-line.o)
 .bss           0x000000000003b360        0x0 obj_cooja/mtype293.a(list.o)
 .bss           0x000000000003b360        0x0 obj_cooja/mtype293.a(ringbuf.o)
 .bss           0x000000000003b360       0xa0 obj_cooja/mtype293.a(packetbuf.o)
 .bss           0x000000000003b400        0x4 obj_cooja/mtype293.a(netstack.o)
 .bss           0x000000000003b404        0x0 obj_cooja/mtype293.a(linkaddr.o)
 .bss           0x000000000003b404        0x0 obj_cooja/mtype293.a(csma.o)
 *fill*         0x000000000003b404       0x1c 
 .bss           0x000000000003b420      0x726 obj_cooja/mtype293.a(csma-output.o)
 *fill*         0x000000000003bb46        0x2 
 .bss           0x000000000003bb48       0x20 obj_cooja/mtype293.a(uip-ds6.o)
 .bss           0x000000000003bb68        0x5 obj_cooja/mtype293.a(tcp-socket.o)
 *fill*         0x000000000003bb6d       0x13 
 .bss           0x000000000003bb80       0xc4 obj_cooja/mtype293.a(tcpip.o)
 *fill*         0x000000000003bc44       0x1c 
 .bss           0x000000000003bc60       0x60 obj_cooja/mtype293.a(uip-ds6-route.o)
 .bss           0x000000000003bcc0        0xc obj_cooja/mtype293.a(uip6.o)
                0x000000000003bcc0                uip_ext_bitmap
                0x000000000003bcc1                uip_ext_len
                0x000000000003bcc2                uip_ext_opt_offset
 *fill*         0x000000000003bccc       0x14 
 .bss           0x000000000003bce0     0x1c20 obj_cooja/mtype293.a(uip-ds6-nbr.o)
 .bss           0x000000000003d900       0x10 obj_cooja/mtype293.a(uip-nd6.o)
 *fill*         0x000000000003d910       0x10 
 .bss           0x000000000003d920      0x520 obj_cooja/mtype293.a(simple-udp.o)
 .bss           0x000000000003de40      0x724 obj_cooja/mtype293.a(sicslowpan.o)
 .bss           0x000000000003e564        0x0 obj_cooja/mtype293.a(uiplib.o)
 .bss           0x000000000003e564        0x1 obj_cooja/mtype293.a(rpl.o)
 .bss           0x000000000003e565        0x0 obj_cooja/mtype293.a(rpl-icmp6.o)
 .bss           0x000000000003e565        0x0 obj_cooja/mtype293.a(rpl-dag.o)
 *fill*         0x000000000003e565        0x3 
 .bss           0x000000000003e568       0x11 obj_cooja/mtype293.a(rpl-dag-root.o)
 .bss           0x000000000003e579        0x0 obj_cooja/mtype293.a(watchdog.o)
 .bss           0x000000000003e579        0x0 obj_cooja/mtype293.a(stimer.o)
 .bss           0x000000000003e579        0x0 obj_cooja/mtype293.a(memb.o)
 *fill*         0x000000000003e579        0x7 
 .bss           0x000000000003e580     0x2c80 obj_cooja/mtype293.a(queuebuf.o)
 .bss           0x0000000000041200     0x1214 obj_cooja/mtype293.a(nbr-table.o)
 *fill*         0x0000000000042414        0xc 
 .bss           0x0000000000042420      0xe10 obj_cooja/mtype293.a(link-stats.o)
 *fill*         0x0000000000043230       0x10 
 .bss           0x0000000000043240      0x100 obj_cooja/mtype293.a(mac-sequence.o)
 .bss           0x0000000000043340        0x0 obj_cooja/mtype293.a(mac.o)
 .bss           0x0000000000043340        0x2 obj_cooja/mtype293.a(framer-802154.o)
 .bss           0x0000000000043342        0x0 obj_cooja/mtype293.a(frame802154.o)
 *fill*         0x0000000000043342        0x2 
 .bss           0x0000000000043344        0xc obj_cooja/mtype293.a(uipbuf.o)
 .bss           0x0000000000043350       0x18 obj_cooja/mtype293.a(uip-icmp6.o)
 *fill*         0x0000000000043368       0x18 
 .bss           0x0000000000043380     0x1d80 obj_cooja/mtype293.a(uip-sr.o)
 .bss           0x0000000000045100      0xa78 obj_cooja/mtype293.a(uip-packetqueue)
 .bss           0x0000000000045b78        0x0 obj_cooja/mtype293.a(uip-udp-packet.)
 .bss           0x0000000000045b78        0xe obj_cooja/mtype293.a(rpl-nbr-policy.)
 *fill*         0x0000000000045b86       0x1a 
 .bss           0x0000000000045ba0      0x960 obj_cooja/mtype293.a(rpl-neighbor.o)
 .bss           0x0000000000046500       0x40 obj_cooja/mtype293.a(rpl-timers.o)
 .bss           0x0000000000046540        0x0 obj_cooja/mtype293.a(rpl-ext-header.)
 .bss           0x0000000000046540        0x0 obj_cooja/mtype293.a(rpl-mrhof.o)
 .bss           0x0000000000046540        0x0 /usr/lib/gcc/i686-linux-gnu/5/crtendS.o
 .bss           0x0000000000046540        0x0 /usr/lib/gcc/i686-linux-gnu/5/../../../i386-linux-gnu/crtn.o
 *(COMMON)
 COMMON         0x0000000000046540        0x8 obj_cooja/mtype293.o
                0x0000000000046540                referenceVar
                0x0000000000046544                sensors_flags
 COMMON         0x0000000000046548        0xc obj_cooja/mtype293.a(simEnvChange.o)
                0x0000000000046548                simEtimerPending
                0x000000000004654c                simProcessRunValue
                0x0000000000046550                simEtimerNextExpirationTime
 *fill*         0x0000000000046554        0x4 
 COMMON         0x0000000000046558       0x18 obj_cooja/mtype293.a(rtimer-arch.o)
                0x0000000000046558                simRtimerPending
                0x0000000000046560                simRtimerCurrentTicks
                0x0000000000046568                simRtimerNextExpirationTime
 COMMON         0x0000000000046570        0x1 obj_cooja/mtype293.a(beep.o)
                0x0000000000046570                simBeeped
 COMMON         0x0000000000046571        0x3 obj_cooja/mtype293.a(button-sensor.o)
                0x0000000000046571                simButtonIsActive
                0x0000000000046572                simButtonIsDown
                0x0000000000046573                simButtonChanged
 COMMON         0x0000000000046574        0x1 obj_cooja/mtype293.a(leds-arch.o)
                0x0000000000046574                simLedsValue
 *fill*         0x0000000000046575        0x3 
 COMMON         0x0000000000046578        0xc obj_cooja/mtype293.a(moteid.o)
                0x0000000000046578                simRandomSeed
                0x000000000004657c                simMoteIDChanged
                0x0000000000046580                simMoteID
 COMMON         0x0000000000046584        0x2 obj_cooja/mtype293.a(pir-sensor.o)
                0x0000000000046584                simPirIsActive
                0x0000000000046585                simPirChanged
 *fill*         0x0000000000046586       0x1a 
 COMMON         0x00000000000465a0      0x820 obj_cooja/mtype293.a(rs232.o)
                0x00000000000465a0                simSerialReceivingFlag
                0x00000000000465a4                simSerialReceivingLength
                0x00000000000465c0                simSerialReceivingData
 COMMON         0x0000000000046dc0        0x2 obj_cooja/mtype293.a(vib-sensor.o)
                0x0000000000046dc0                simVibChanged
                0x0000000000046dc1                simVibIsActive
 *fill*         0x0000000000046dc2        0x2 
 COMMON         0x0000000000046dc4        0x4 obj_cooja/mtype293.a(clock.o)
                0x0000000000046dc4                simCurrentTime
 *fill*         0x0000000000046dc8       0x18 
 COMMON         0x0000000000046de0     0x2020 obj_cooja/mtype293.a(cooja-log.o)
                0x0000000000046de0                simLoggedLength
                0x0000000000046de4                simLoggedFlag
                0x0000000000046e00                simLoggedData
 COMMON         0x0000000000048e00      0x100 obj_cooja/mtype293.a(cooja-radio.o)
                0x0000000000048e00                simOutDataBuffer
                0x0000000000048e80                simInDataBuffer
 COMMON         0x0000000000048f00      0x400 obj_cooja/mtype293.a(eeprom.o)
                0x0000000000048f00                simEEPROMData
 COMMON         0x0000000000049300        0x1 obj_cooja/mtype293.a(sensors.o)
                0x0000000000049300                sensors_event
 COMMON         0x0000000000049301        0x1 obj_cooja/mtype293.a(mqtt.o)
                0x0000000000049301                mqtt_update_event
 *fill*         0x0000000000049302        0x2 
 COMMON         0x0000000000049304       0x50 obj_cooja/mtype293.a(contiki-main.o)
                0x0000000000049304                eb_per_time_source
                0x0000000000049318                unicast_per_neighbor_rpl_storing
                0x000000000004932c                unicast_per_neighbor_rpl_ns
                0x0000000000049340                default_common
 COMMON         0x0000000000049354        0x1 obj_cooja/mtype293.a(serial-line.o)
                0x0000000000049354                serial_line_event_message
 *fill*         0x0000000000049355        0x3 
 COMMON         0x0000000000049358       0x2c obj_cooja/mtype293.a(packetbuf.o)
                0x0000000000049358                packetbuf_attrs
                0x0000000000049374                packetbuf_addrs
 COMMON         0x0000000000049384        0x8 obj_cooja/mtype293.a(linkaddr.o)
                0x0000000000049384                linkaddr_node_addr
 *fill*         0x000000000004938c       0x14 
 COMMON         0x00000000000493a0      0x181 obj_cooja/mtype293.a(uip-ds6.o)
                0x00000000000493a0                uip_ds6_prefix_list
                0x0000000000049400                uip_ds6_timer_periodic
                0x0000000000049410                uip_ds6_netif_addr_list_offset
                0x0000000000049420                uip_ds6_if
                0x0000000000049518                uip_ds6_timer_ra
                0x0000000000049520                uip_ds6_addr_size
 COMMON         0x0000000000049521        0x1 obj_cooja/mtype293.a(tcpip.o)
                0x0000000000049521                tcpip_event
 *fill*         0x0000000000049522       0x1e 
 COMMON         0x0000000000049540      0x80c obj_cooja/mtype293.a(uip6.o)
                0x0000000000049540                uip_slen
                0x0000000000049544                uip_acc32
                0x0000000000049560                uip_conns
                0x00000000000496e0                uip_lladdr
                0x00000000000496e8                uip_appdata
                0x00000000000496ec                uip_flags
                0x0000000000049700                uip_aligned_buf
                0x0000000000049c00                uip_listenports
                0x0000000000049c28                uip_len
                0x0000000000049c2c                uip_sappdata
                0x0000000000049c40                uip_udp_conns
                0x0000000000049d40                uip_udp_conn
                0x0000000000049d44                uip_next_hdr
                0x0000000000049d48                uip_conn
 COMMON         0x0000000000049d4c       0x10 obj_cooja/mtype293.a(rpl.o)
                0x0000000000049d4c                rpl_multicast_addr
 *fill*         0x0000000000049d5c        0x4 
 COMMON         0x0000000000049d60      0x164 obj_cooja/mtype293.a(rpl-dag.o)
                0x0000000000049d60                curr_instance
 *fill*         0x0000000000049ec4       0x1c 
 COMMON         0x0000000000049ee0       0x20 obj_cooja/mtype293.a(link-stats.o)
                0x0000000000049ee0                periodic_timer
                0x0000000000049f00                . = ALIGN ((. != 0x0)?0x4:0x1)
                0x0000000000049f00                . = ALIGN (0x4)
                0x0000000000049f00                . = SEGMENT_START ("ldata-segment", .)
                0x0000000000049f00                . = ALIGN (0x4)
                0x0000000000049f00                _end = .
                [!provide]                        PROVIDE (end, .)
                0x0000000000049f00                . = DATA_SEGMENT_END (.)

.stab
 *(.stab)

.stabstr
 *(.stabstr)

.stab.excl
 *(.stab.excl)

.stab.exclstr
 *(.stab.exclstr)

.stab.index
 *(.stab.index)

.stab.indexstr
 *(.stab.indexstr)

.comment        0x0000000000000000       0x35
 *(.comment)
 .comment       0x0000000000000000       0x35 /usr/lib/gcc/i686-linux-gnu/5/crtbeginS.o
                                         0x36 (size before relaxing)
 .comment       0x0000000000000035       0x36 udp-client.o
 .comment       0x0000000000000035       0x36 obj_cooja/mtype293.o
 .comment       0x0000000000000035       0x36 obj_cooja/mtype293.a(simEnvChange.o)
 .comment       0x0000000000000035       0x36 obj_cooja/mtype293.a(cooja_mt.o)
 .comment       0x0000000000000035       0x36 obj_cooja/mtype293.a(cooja_mtarch.o)
 .comment       0x0000000000000035       0x36 obj_cooja/mtype293.a(rtimer-arch.o)
 .comment       0x0000000000000035       0x36 obj_cooja/mtype293.a(beep.o)
 .comment       0x0000000000000035       0x36 obj_cooja/mtype293.a(button-sensor.o)
 .comment       0x0000000000000035       0x36 obj_cooja/mtype293.a(leds-arch.o)
 .comment       0x0000000000000035       0x36 obj_cooja/mtype293.a(moteid.o)
 .comment       0x0000000000000035       0x36 obj_cooja/mtype293.a(pir-sensor.o)
 .comment       0x0000000000000035       0x36 obj_cooja/mtype293.a(rs232.o)
 .comment       0x0000000000000035       0x36 obj_cooja/mtype293.a(vib-sensor.o)
 .comment       0x0000000000000035       0x36 obj_cooja/mtype293.a(clock.o)
 .comment       0x0000000000000035       0x36 obj_cooja/mtype293.a(cooja-log.o)
 .comment       0x0000000000000035       0x36 obj_cooja/mtype293.a(cfs-cooja.o)
 .comment       0x0000000000000035       0x36 obj_cooja/mtype293.a(cooja-radio.o)
 .comment       0x0000000000000035       0x36 obj_cooja/mtype293.a(eeprom.o)
 .comment       0x0000000000000035       0x36 obj_cooja/mtype293.a(random.o)
 .comment       0x0000000000000035       0x36 obj_cooja/mtype293.a(sensors.o)
 .comment       0x0000000000000035       0x36 obj_cooja/mtype293.a(leds.o)
 .comment       0x0000000000000035       0x36 obj_cooja/mtype293.a(mqtt.o)
 .comment       0x0000000000000035       0x36 obj_cooja/mtype293.a(contiki-main.o)
 .comment       0x0000000000000035       0x36 obj_cooja/mtype293.a(autostart.o)
 .comment       0x0000000000000035       0x36 obj_cooja/mtype293.a(ctimer.o)
 .comment       0x0000000000000035       0x36 obj_cooja/mtype293.a(energest.o)
 .comment       0x0000000000000035       0x36 obj_cooja/mtype293.a(etimer.o)
 .comment       0x0000000000000035       0x36 obj_cooja/mtype293.a(log.o)
 .comment       0x0000000000000035       0x36 obj_cooja/mtype293.a(process.o)
 .comment       0x0000000000000035       0x36 obj_cooja/mtype293.a(rtimer.o)
 .comment       0x0000000000000035       0x36 obj_cooja/mtype293.a(node-id.o)
 .comment       0x0000000000000035       0x36 obj_cooja/mtype293.a(timer.o)
 .comment       0x0000000000000035       0x36 obj_cooja/mtype293.a(serial-line.o)
 .comment       0x0000000000000035       0x36 obj_cooja/mtype293.a(list.o)
 .comment       0x0000000000000035       0x36 obj_cooja/mtype293.a(ringbuf.o)
 .comment       0x0000000000000035       0x36 obj_cooja/mtype293.a(packetbuf.o)
 .comment       0x0000000000000035       0x36 obj_cooja/mtype293.a(netstack.o)
 .comment       0x0000000000000035       0x36 obj_cooja/mtype293.a(linkaddr.o)
 .comment       0x0000000000000035       0x36 obj_cooja/mtype293.a(csma.o)
 .comment       0x0000000000000035       0x36 obj_cooja/mtype293.a(csma-output.o)
 .comment       0x0000000000000035       0x36 obj_cooja/mtype293.a(uip-ds6.o)
 .comment       0x0000000000000035       0x36 obj_cooja/mtype293.a(tcp-socket.o)
 .comment       0x0000000000000035       0x36 obj_cooja/mtype293.a(tcpip.o)
 .comment       0x0000000000000035       0x36 obj_cooja/mtype293.a(uip-ds6-route.o)
 .comment       0x0000000000000035       0x36 obj_cooja/mtype293.a(uip6.o)
 .comment       0x0000000000000035       0x36 obj_cooja/mtype293.a(uip-ds6-nbr.o)
 .comment       0x0000000000000035       0x36 obj_cooja/mtype293.a(uip-nd6.o)
 .comment       0x0000000000000035       0x36 obj_cooja/mtype293.a(simple-udp.o)
 .comment       0x0000000000000035       0x36 obj_cooja/mtype293.a(sicslowpan.o)
 .comment       0x0000000000000035       0x36 obj_cooja/mtype293.a(uiplib.o)
 .comment       0x0000000000000035       0x36 obj_cooja/mtype293.a(rpl.o)
 .comment       0x0000000000000035       0x36 obj_cooja/mtype293.a(rpl-icmp6.o)
 .comment       0x0000000000000035       0x36 obj_cooja/mtype293.a(rpl-dag.o)
 .comment       0x0000000000000035       0x36 obj_cooja/mtype293.a(rpl-dag-root.o)
 .comment       0x0000000000000035       0x36 obj_cooja/mtype293.a(watchdog.o)
 .comment       0x0000000000000035       0x36 obj_cooja/mtype293.a(stimer.o)
 .comment       0x0000000000000035       0x36 obj_cooja/mtype293.a(memb.o)
 .comment       0x0000000000000035       0x36 obj_cooja/mtype293.a(queuebuf.o)
 .comment       0x0000000000000035       0x36 obj_cooja/mtype293.a(nbr-table.o)
 .comment       0x0000000000000035       0x36 obj_cooja/mtype293.a(link-stats.o)
 .comment       0x0000000000000035       0x36 obj_cooja/mtype293.a(mac-sequence.o)
 .comment       0x0000000000000035       0x36 obj_cooja/mtype293.a(mac.o)
 .comment       0x0000000000000035       0x36 obj_cooja/mtype293.a(framer-802154.o)
 .comment       0x0000000000000035       0x36 obj_cooja/mtype293.a(frame802154.o)
 .comment       0x0000000000000035       0x36 obj_cooja/mtype293.a(uipbuf.o)
 .comment       0x0000000000000035       0x36 obj_cooja/mtype293.a(uip-icmp6.o)
 .comment       0x0000000000000035       0x36 obj_cooja/mtype293.a(uip-sr.o)
 .comment       0x0000000000000035       0x36 obj_cooja/mtype293.a(uip-packetqueue)
 .comment       0x0000000000000035       0x36 obj_cooja/mtype293.a(uip-udp-packet.)
 .comment       0x0000000000000035       0x36 obj_cooja/mtype293.a(rpl-nbr-policy.)