Archive member included to satisfy reference by file (symbol)

obj_cooja/mtype133.a(simEnvChange.o)
                              obj_cooja/mtype133.o (simDontFallAsleep)
obj_cooja/mtype133.a(cooja_mt.o)
                              obj_cooja/mtype133.o (cooja_mt_start)
obj_cooja/mtype133.a(cooja_mtarch.o)
                              obj_cooja/mtype133.a(cooja_mt.o) (cooja_mtarch_start)
obj_cooja/mtype133.a(rtimer-arch.o)
                              obj_cooja/mtype133.o (rtimer_arch_check)
obj_cooja/mtype133.a(beep.o)  obj_cooja/mtype133.o (beep_interface)
obj_cooja/mtype133.a(button-sensor.o)
                              obj_cooja/mtype133.o (button_interface)
obj_cooja/mtype133.a(leds-arch.o)
                              obj_cooja/mtype133.o (leds_interface)
obj_cooja/mtype133.a(moteid.o)
                              obj_cooja/mtype133.o (moteid_interface)
obj_cooja/mtype133.a(pir-sensor.o)
                              obj_cooja/mtype133.o (pir_interface)
obj_cooja/mtype133.a(rs232.o)
                              obj_cooja/mtype133.o (rs232_interface)
obj_cooja/mtype133.a(vib-sensor.o)
                              obj_cooja/mtype133.o (vib_interface)
obj_cooja/mtype133.a(clock.o)
                              obj_cooja/mtype133.o (clock_interface)
obj_cooja/mtype133.a(cooja-log.o)
                              obj_cooja/mtype133.o (simlog_interface)
obj_cooja/mtype133.a(cfs-cooja.o)
                              obj_cooja/mtype133.o (cfs_interface)
obj_cooja/mtype133.a(cooja-radio.o)
                              obj_cooja/mtype133.o (radio_interface)
obj_cooja/mtype133.a(eeprom.o)
                              obj_cooja/mtype133.o (eeprom_interface)
obj_cooja/mtype133.a(random.o)
                              obj_cooja/mtype133.a(moteid.o) (random_init)
obj_cooja/mtype133.a(sensors.o)
                              obj_cooja/mtype133.a(button-sensor.o) (sensors_changed)
obj_cooja/mtype133.a(leds.o)  udp-client.o (leds_on)
obj_cooja/mtype133.a(mqtt.o)  udp-client.o (mqtt_disconnect)
obj_cooja/mtype133.a(contiki-main.o)
                              obj_cooja/mtype133.o (main)
obj_cooja/mtype133.a(autostart.o)
                              obj_cooja/mtype133.a(contiki-main.o) (autostart_start)
obj_cooja/mtype133.a(ctimer.o)
                              obj_cooja/mtype133.a(contiki-main.o) (ctimer_init)
obj_cooja/mtype133.a(energest.o)
                              obj_cooja/mtype133.a(contiki-main.o) (energest_init)
obj_cooja/mtype133.a(etimer.o)
                              obj_cooja/mtype133.a(contiki-main.o) (etimer_process)
obj_cooja/mtype133.a(log.o)   obj_cooja/mtype133.a(contiki-main.o) (curr_log_level_main)
obj_cooja/mtype133.a(process.o)
                              udp-client.o (process_current)
obj_cooja/mtype133.a(rtimer.o)
                              obj_cooja/mtype133.a(contiki-main.o) (rtimer_init)
obj_cooja/mtype133.a(node-id.o)
                              udp-client.o (node_id)
obj_cooja/mtype133.a(timer.o)
                              obj_cooja/mtype133.a(button-sensor.o) (timer_set)
obj_cooja/mtype133.a(serial-line.o)
                              obj_cooja/mtype133.a(rs232.o) (serial_line_input_byte)
obj_cooja/mtype133.a(list.o)  obj_cooja/mtype133.a(mqtt.o) (list_init)
obj_cooja/mtype133.a(ringbuf.o)
                              obj_cooja/mtype133.a(serial-line.o) (ringbuf_init)
obj_cooja/mtype133.a(packetbuf.o)
                              obj_cooja/mtype133.a(cooja-radio.o) (packetbuf_clear)
obj_cooja/mtype133.a(netstack.o)
                              obj_cooja/mtype133.a(contiki-main.o) (netstack_init)
obj_cooja/mtype133.a(linkaddr.o)
                              udp-client.o (linkaddr_node_addr)
obj_cooja/mtype133.a(csma.o)  obj_cooja/mtype133.a(cooja-radio.o) (csma_driver)
obj_cooja/mtype133.a(csma-output.o)
                              obj_cooja/mtype133.a(csma.o) (csma_output_packet)
obj_cooja/mtype133.a(uip-ds6.o)
                              obj_cooja/mtype133.a(contiki-main.o) (uip_ds6_get_link_local)
obj_cooja/mtype133.a(tcp-socket.o)
                              obj_cooja/mtype133.a(mqtt.o) (tcp_socket_register)
obj_cooja/mtype133.a(tcpip.o)
                              obj_cooja/mtype133.a(tcp-socket.o) (tcpip_event)
obj_cooja/mtype133.a(uip-ds6-route.o)
                              obj_cooja/mtype133.a(uip-ds6.o) (uip_ds6_route_init)
obj_cooja/mtype133.a(uip6.o)  obj_cooja/mtype133.a(contiki-main.o) (uip_lladdr)
obj_cooja/mtype133.a(uip-ds6-nbr.o)
                              obj_cooja/mtype133.a(uip-ds6.o) (uip_ds6_neighbors_init)
obj_cooja/mtype133.a(uip-nd6.o)
                              obj_cooja/mtype133.a(uip6.o) (uip_nd6_init)
obj_cooja/mtype133.a(simple-udp.o)
                              udp-client.o (simple_udp_sendto)
obj_cooja/mtype133.a(sicslowpan.o)
                              obj_cooja/mtype133.a(contiki-main.o) (sicslowpan_driver)
obj_cooja/mtype133.a(uiplib.o)
[...]
Memory Configuration

Name             Origin             Length             Attributes
*default*        0x0000000000000000 0xffffffffffffffff

Linker script and memory map

LOAD /usr/lib/gcc/i686-linux-gnu/5/../../../i386-linux-gnu/crti.o
LOAD /usr/lib/gcc/i686-linux-gnu/5/crtbeginS.o
LOAD udp-client.o
LOAD obj_cooja/mtype133.o
LOAD obj_cooja/mtype133.a
LOAD /usr/lib/gcc/i686-linux-gnu/5/libgcc.a
LOAD /usr/lib/gcc/i686-linux-gnu/5/libgcc_s.so
LOAD /usr/lib/gcc/i686-linux-gnu/5/../../../i386-linux-gnu/libc.so
START GROUP
LOAD /lib/i386-linux-gnu/libc.so.6
LOAD /usr/lib/i386-linux-gnu/libc_nonshared.a
LOAD /lib/i386-linux-gnu/ld-linux.so.2
END GROUP
LOAD /usr/lib/gcc/i686-linux-gnu/5/libgcc.a
LOAD /usr/lib/gcc/i686-linux-gnu/5/libgcc_s.so
LOAD /usr/lib/gcc/i686-linux-gnu/5/crtendS.o
LOAD /usr/lib/gcc/i686-linux-gnu/5/../../../i386-linux-gnu/crtn.o
                0x0000000000000114                . = (0x0 + SIZEOF_HEADERS)

.note.gnu.build-id
                0x0000000000000114       0x24
 *(.note.gnu.build-id)
 .note.gnu.build-id
                0x0000000000000114       0x24 /usr/lib/gcc/i686-linux-gnu/5/../../../i386-linux-gnu/crti.o

.hash
 *(.hash)

.gnu.hash       0x0000000000000138     0x13e8
 *(.gnu.hash)
 .gnu.hash      0x0000000000000138     0x13e8 /usr/lib/gcc/i686-linux-gnu/5/../../../i386-linux-gnu/crti.o

.dynsym         0x0000000000001520     0x27f0
 *(.dynsym)
 .dynsym        0x0000000000001520     0x27f0 /usr/lib/gcc/i686-linux-gnu/5/../../../i386-linux-gnu/crti.o

.dynstr         0x0000000000003d10     0x2b7d
 *(.dynstr)
 .dynstr        0x0000000000003d10     0x2b7d /usr/lib/gcc/i686-linux-gnu/5/../../../i386-linux-gnu/crti.o

.gnu.version    0x000000000000688e      0x4fe
 *(.gnu.version)
 .gnu.version   0x000000000000688e      0x4fe /usr/lib/gcc/i686-linux-gnu/5/../../../i386-linux-gnu/crti.o

.gnu.version_d  0x0000000000006d8c        0x0
 *(.gnu.version_d)
 .gnu.version_d
                0x0000000000006d8c        0x0 /usr/lib/gcc/i686-linux-gnu/5/../../../i386-linux-gnu/crti.o

.gnu.version_r  0x0000000000006d8c       0x40
 *(.gnu.version_r)
 .gnu.version_r
                0x0000000000006d8c       0x40 /usr/lib/gcc/i686-linux-gnu/5/../../../i386-linux-gnu/crti.o

.rel.dyn        0x0000000000006dcc     0xa678
 *(.rel.init)
 .rel.init      0x0000000000006dcc        0x0 /usr/lib/gcc/i686-linux-gnu/5/../../../i386-linux-gnu/crti.o
 *(.rel.text .rel.text.* .rel.gnu.linkonce.t.*)
 .rel.text      0x0000000000006dcc     0x9d48 /usr/lib/gcc/i686-linux-gnu/5/../../../i386-linux-gnu/crti.o
 *(.rel.fini)
 .rel.fini      0x0000000000010b14        0x0 /usr/lib/gcc/i686-linux-gnu/5/../../../i386-linux-gnu/crti.o
 *(.rel.rodata .rel.rodata.* .rel.gnu.linkonce.r.*)
 .rel.rodata    0x0000000000010b14      0x580 /usr/lib/gcc/i686-linux-gnu/5/../../../i386-linux-gnu/crti.o
 *(.rel.data.rel.ro .rel.data.rel.ro.* .rel.gnu.linkonce.d.rel.ro.*)
 *(.rel.data .rel.data.* .rel.gnu.linkonce.d.*)
 .rel.data.rel.local
                0x0000000000011094        0x8 /usr/lib/gcc/i686-linux-gnu/5/../../../i386-linux-gnu/crti.o
 .rel.data      0x000000000001109c      0x370 /usr/lib/gcc/i686-linux-gnu/5/../../../i386-linux-gnu/crti.o
 *(.rel.tdata .rel.tdata.* .rel.gnu.linkonce.td.*)
 *(.rel.tbss .rel.tbss.* .rel.gnu.linkonce.tb.*)
 *(.rel.ctors)
 *(.rel.dtors)
 *(.rel.got)
 .rel.got       0x000000000001140c       0x28 /usr/lib/gcc/i686-linux-gnu/5/../../../i386-linux-gnu/crti.o
 *(.rel.bss .rel.bss.* .rel.gnu.linkonce.b.*)
 *(.rel.ifunc)
 .rel.ifunc     0x0000000000011434        0x0 /usr/lib/gcc/i686-linux-gnu/5/../../../i386-linux-gnu/crti.o
 .rel.fini_array
                0x0000000000011434        0x8 /usr/lib/gcc/i686-linux-gnu/5/../../../i386-linux-gnu/crti.o
 .rel.init_array
                0x000000000001143c        0x8 /usr/lib/gcc/i686-linux-gnu/5/../../../i386-linux-gnu/crti.o

.rel.plt        0x0000000000011444        0x0
 *(.rel.plt)
 .rel.plt       0x0000000000011444        0x0 /usr/lib/gcc/i686-linux-gnu/5/../../../i386-linux-gnu/crti.o
 *(.rel.iplt)

.init           0x0000000000011444       0x23
 *(SORT(.init))
 .init          0x0000000000011444       0x1e /usr/lib/gcc/i686-linux-gnu/5/../../../i386-linux-gnu/crti.o
                0x0000000000011444                _init
 .init          0x0000000000011462        0x5 /usr/lib/gcc/i686-linux-gnu/5/../../../i386-linux-gnu/crtn.o

.plt            0x0000000000011470       0x10
 *(.plt)
 .plt           0x0000000000011470       0x10 /usr/lib/gcc/i686-linux-gnu/5/../../../i386-linux-gnu/crti.o
 *(.iplt)

.plt.got        0x0000000000011480       0x10
 *(.plt.got)
 .plt.got       0x0000000000011480       0x10 /usr/lib/gcc/i686-linux-gnu/5/../../../i386-linux-gnu/crti.o

.text           0x0000000000011490    0x1a01d
 *(.text.unlikely .text.*_unlikely .text.unlikely.*)
 .text.unlikely
                0x0000000000011490        0x0 /usr/lib/gcc/i686-linux-gnu/5/crtbeginS.o
 *(.text.exit .text.exit.*)
 *(.text.startup .text.startup.*)
 *(.text.hot .text.hot.*)
 *(.text .stub .text.* .gnu.linkonce.t.*)
 .text          0x0000000000011490        0x0 /usr/lib/gcc/i686-linux-gnu/5/../../../i386-linux-gnu/crti.o
 .gnu.linkonce.t.__x86.get_pc_thunk.bx
                0x0000000000011490        0x4 /usr/lib/gcc/i686-linux-gnu/5/../../../i386-linux-gnu/crti.o
                0x0000000000011490                __x86.get_pc_thunk.bx
 *fill*         0x0000000000011494        0xc 
 .text          0x00000000000114a0      0x11c /usr/lib/gcc/i686-linux-gnu/5/crtbeginS.o
 .text.__x86.get_pc_thunk.dx
                0x00000000000115bc        0x4 /usr/lib/gcc/i686-linux-gnu/5/crtbeginS.o
                0x00000000000115bc                __x86.get_pc_thunk.dx
 .text          0x00000000000115c0     0x1374 udp-client.o
                0x00000000000115c0                ipaddr_sprintf
 .text          0x0000000000012934      0x271 obj_cooja/mtype133.o
                0x00000000000129c6                platform_init_stage_one
                0x00000000000129cc                platform_init_stage_two
                0x00000000000129da                platform_init_stage_three
                0x00000000000129ed                platform_main_loop
                0x0000000000012a60                Java_org_contikios_cooja_corecomm_Lib2_init
                0x0000000000012a97                Java_org_contikios_cooja_corecomm_Lib2_getMemory
                0x0000000000012aca                Java_org_contikios_cooja_corecomm_Lib2_setMemory
                0x0000000000012b2a                Java_org_contikios_cooja_corecomm_Lib2_tick
                0x0000000000012b92                Java_org_contikios_cooja_corecomm_Lib2_setReferenceAddress
 .text          0x0000000000012ba5       0x65 obj_cooja/mtype133.a(simEnvChange.o)
                0x0000000000012ba5                doActionsBeforeTick
                0x0000000000012bd7                doActionsAfterTick
 .text          0x0000000000012c0a       0x83 obj_cooja/mtype133.a(cooja_mt.o)
                0x0000000000012c0a                cooja_mt_start
                0x0000000000012c34                cooja_mt_exec
                0x0000000000012c6a                cooja_mt_yield
 .text          0x0000000000012c8d       0xbe obj_cooja/mtype133.a(cooja_mtarch.o)
                0x0000000000012c8d                cooja_mtarch_start
                0x0000000000012d00                cooja_sw
                0x0000000000012d23                cooja_mtarch_exec
                0x0000000000012d40                cooja_mtarch_yield
 .text          0x0000000000012d4b       0xc5 obj_cooja/mtype133.a(rtimer-arch.o)
                0x0000000000012d4b                rtimer_arch_init
                0x0000000000012d6f                rtimer_arch_schedule
                0x0000000000012d9f                rtimer_arch_next
                0x0000000000012daf                rtimer_arch_pending
                0x0000000000012db9                rtimer_arch_check
                0x0000000000012e00                rtimer_arch_now
 .text          0x0000000000012e10       0x81 obj_cooja/mtype133.a(beep.o)
                0x0000000000012e10                beep_alarm
                0x0000000000012e1d                beep_beep
                0x0000000000012e2a                beep
                0x0000000000012e37                beep_down
                0x0000000000012e44                beep_on
                0x0000000000012e51                beep_off
                0x0000000000012e5e                beep_spinup
                0x0000000000012e6b                beep_quick
                0x0000000000012e78                beep_long
 .text          0x0000000000012e91      0x10d obj_cooja/mtype133.a(button-sensor.o)
 .text          0x0000000000012f9e       0x49 obj_cooja/mtype133.a(leds-arch.o)
                0x0000000000012f9e                leds_arch_init
                0x0000000000012fab                leds_arch_get
                0x0000000000012fb7                leds_arch_set
 .text          0x0000000000012fe7       0x35 obj_cooja/mtype133.a(moteid.o)
 .text          0x000000000001301c       0xb7 obj_cooja/mtype133.a(pir-sensor.o)
 .text          0x00000000000130d3      0x148 obj_cooja/mtype133.a(rs232.o)
                0x00000000000130d3                rs232_init
                0x00000000000130d9                rs232_set_speed
                0x00000000000130e8                rs232_set_input
                0x00000000000130f6                rs232_send
                0x000000000001311a                rs232_print
                0x0000000000013136                slip_arch_writeb
 .text          0x000000000001321b       0xb7 obj_cooja/mtype133.a(vib-sensor.o)
 .text          0x00000000000132d2       0x38 obj_cooja/mtype133.a(clock.o)
                0x00000000000132d2                clock_init
                0x00000000000132d8                clock_time
                0x00000000000132e2                clock_seconds
                0x00000000000132f8                clock_delay
 .text          0x000000000001330a      0x219 obj_cooja/mtype133.a(cooja-log.o)
                0x000000000001330a                simlog_char
                0x000000000001334d                simlog
                0x00000000000133c3                log_message
                0x00000000000133f4                log_set_putchar_with_slip
                0x0000000000013402                log_putchar
                0x000000000001347d                log_puts
                0x00000000000134a5                log_printf
 .text          0x0000000000013523      0x2b9 obj_cooja/mtype133.a(cfs-cooja.o)
                0x0000000000013523                cfs_open
                0x000000000001358c                cfs_close
                0x0000000000013599                cfs_read
                0x000000000001362e                cfs_write
                0x000000000001370a                cfs_seek
                0x0000000000013792                cfs_remove
                0x00000000000137b6                cfs_opendir
                0x00000000000137c0                cfs_readdir
                0x00000000000137ca                cfs_closedir
 .text          0x00000000000137dc      0x605 obj_cooja/mtype133.a(cooja-radio.o)
                0x000000000001381e                radio_set_channel
                0x000000000001382c                radio_set_txpower
                0x0000000000013844                radio_signal_strength_last
                0x000000000001384e                radio_signal_strength_current
                0x0000000000013858                radio_LQI
 .text          0x0000000000013de1       0xee obj_cooja/mtype133.a(eeprom.o)
                0x0000000000013de1                eeprom_init
                0x0000000000013de7                eeprom_read
                0x0000000000013e55                eeprom_write
 .text          0x0000000000013ecf       0x2d obj_cooja/mtype133.a(random.o)
                0x0000000000013ecf                random_init
                0x0000000000013eef                random_rand
 .text          0x0000000000013efc      0x29c obj_cooja/mtype133.a(sensors.o)
                0x0000000000013f37                sensors_first
                0x0000000000013f41                sensors_next
                0x0000000000013f5b                sensors_changed
                0x0000000000013f8f                sensors_find
 .text          0x0000000000014198       0xf6 obj_cooja/mtype133.a(leds.o)
                0x0000000000014198                leds_init
                0x00000000000141a6                leds_blink
                0x00000000000141e9                leds_get
                0x00000000000141f6                leds_set
                0x0000000000014215                leds_on
                0x000000000001423b                leds_off
                0x0000000000014268                leds_toggle
 .text          0x000000000001428e     0x3779 obj_cooja/mtype133.a(mqtt.o)
                0x0000000000017431                mqtt_init
                0x00000000000174ef                mqtt_register
                0x000000000001758c                mqtt_connect
                0x000000000001769e                mqtt_disconnect
                0x00000000000176dc                mqtt_subscribe
                0x0000000000017799                mqtt_unsubscribe
                0x0000000000017847                mqtt_publish
                0x0000000000017928                mqtt_set_username_password
                0x00000000000179b3                mqtt_set_last_will
 .text          0x0000000000017a07      0x328 obj_cooja/mtype133.a(contiki-main.o)
                0x0000000000017a07                main
 .text          0x0000000000017d2f       0x92 obj_cooja/mtype133.a(autostart.o)
                0x0000000000017d2f                autostart_start
                0x0000000000017d79                autostart_exit
 .text          0x0000000000017dc1      0x355 obj_cooja/mtype133.a(ctimer.o)
                0x0000000000017ee9                ctimer_init
                0x0000000000017f1c                ctimer_set
                0x0000000000017f42                ctimer_set_with_process
                0x0000000000017fbf                ctimer_reset
                0x0000000000018013                ctimer_restart
                0x0000000000018067                ctimer_stop
                0x00000000000180b7                ctimer_expired
 .text          0x0000000000018116       0x1b obj_cooja/mtype133.a(energest.o)
                0x0000000000018116                energest_init
                0x000000000001811c                energest_flush
                0x0000000000018122                energest_get_total_time
 .text          0x0000000000018131      0x43f obj_cooja/mtype133.a(etimer.o)
                0x0000000000018355                etimer_request_poll
                0x00000000000183de                etimer_set
                0x0000000000018407                etimer_reset_with_new_interval
                0x0000000000018436                etimer_reset
                0x000000000001845c                etimer_restart
                0x0000000000018482                etimer_adjust
                0x000000000001849f                etimer_expired
                0x00000000000184b2                etimer_expiration_time
                0x00000000000184c4                etimer_start_time
                0x00000000000184ce                etimer_pending
                0x00000000000184e0                etimer_next_expiration_time
                0x00000000000184fa                etimer_stop
 .text          0x0000000000018570      0x394 obj_cooja/mtype133.a(log.o)
                0x0000000000018570                log_6addr
                0x00000000000185c3                log_6addr_compact_snprint
                0x0000000000018661                log_6addr_compact
                0x00000000000186b4                log_lladdr
                0x0000000000018726                log_lladdr_compact
                0x000000000001878e                log_set_level
                0x0000000000018849                log_get_level
                0x00000000000188c2                log_level_to_str
 .text          0x0000000000018904      0x4fb obj_cooja/mtype133.a(process.o)
                0x0000000000018904                process_alloc_event
                0x0000000000018919                process_start
                0x0000000000018af3                process_exit
                0x0000000000018b10                process_init
                0x0000000000018ca5                process_run
                0x0000000000018cd8                process_nevents
                0x0000000000018cf3                process_post
                0x0000000000018d86                process_post_synch
                0x0000000000018dbb                process_poll
                0x0000000000018deb                process_is_running
 .text          0x0000000000018dff       0xeb obj_cooja/mtype133.a(rtimer.o)
                0x0000000000018dff                rtimer_init
                0x0000000000018e0d                rtimer_set
                0x0000000000018e88                rtimer_run_next
 .text          0x0000000000018eea       0x25 obj_cooja/mtype133.a(node-id.o)
                0x0000000000018eea                node_id_init
 .text          0x0000000000018f0f       0x9c obj_cooja/mtype133.a(timer.o)
                0x0000000000018f0f                timer_set
                0x0000000000018f2d                timer_reset
                0x0000000000018f45                timer_restart
                0x0000000000018f5a                timer_expired
                0x0000000000018f87                timer_remaining
 .text          0x0000000000018fab      0x1eb obj_cooja/mtype133.a(serial-line.o)
                0x0000000000018fab                serial_line_input_byte
                0x0000000000019161                serial_line_init
 .text          0x0000000000019196      0x28f obj_cooja/mtype133.a(list.o)
                0x0000000000019196                list_init
                0x00000000000191a5                list_head
                0x00000000000191af                list_copy
                0x00000000000191bf                list_tail
                0x00000000000191f5                list_add
                0x0000000000019241                list_push
                0x000000000001926d                list_chop
                0x00000000000192d7                list_pop
                0x00000000000192ff                list_remove
                0x0000000000019367                list_length
                0x0000000000019395                list_insert
                0x00000000000193da                list_item_next
                0x00000000000193f1                list_contains
 .text          0x0000000000019425      0x156 obj_cooja/mtype133.a(ringbuf.o)
                0x0000000000019425                ringbuf_init
                0x0000000000019457                ringbuf_put
                0x00000000000194d5                ringbuf_get
                0x0000000000019542                ringbuf_size
                0x0000000000019554                ringbuf_elements
 .text          0x000000000001957b      0x407 obj_cooja/mtype133.a(packetbuf.o)
                0x000000000001957b                packetbuf_clear
                0x00000000000195a6                packetbuf_copyfrom
                0x00000000000195f5                packetbuf_copyto
                0x0000000000019688                packetbuf_hdralloc
                0x0000000000019704                packetbuf_hdrreduce
                0x000000000001974a                packetbuf_set_datalen
                0x0000000000019764                packetbuf_dataptr
                0x0000000000019781                packetbuf_hdrptr
                0x000000000001978b                packetbuf_datalen
                0x0000000000019797                packetbuf_hdrlen
                0x00000000000197ae                packetbuf_totlen
                0x00000000000197c4                packetbuf_remaininglen
                0x00000000000197d7                packetbuf_attr_clear
                0x0000000000019823                packetbuf_attr_copyto
                0x000000000001987b                packetbuf_attr_copyfrom
                0x00000000000198d3                packetbuf_set_attr
                0x00000000000198fd                packetbuf_attr
                0x0000000000019917                packetbuf_set_addr
                0x0000000000019948                packetbuf_addr
                0x0000000000019965                packetbuf_holds_broadcast
 .text          0x0000000000019982       0xef obj_cooja/mtype133.a(netstack.o)
                0x0000000000019982                netstack_process_ip_callback
                0x0000000000019a13                netstack_ip_packet_processor_add
                0x0000000000019a36                uip_ds6_ip_packet_processor_rm
                0x0000000000019a53                netstack_init
 .text          0x0000000000019a71       0x4f obj_cooja/mtype133.a(linkaddr.o)
                0x0000000000019a71                linkaddr_copy
                0x0000000000019a87                linkaddr_cmp
                0x0000000000019aaa                linkaddr_set_node_addr
 .text          0x0000000000019ac0      0x165 obj_cooja/mtype133.a(csma.o)
 .text          0x0000000000019c25      0x944 obj_cooja/mtype133.a(csma-output.o)
                0x000000000001a29e                csma_output_packet
                0x000000000001a52b                csma_output_init
 .text          0x000000000001a569      0xb25 obj_cooja/mtype133.a(uip-ds6.o)
                0x000000000001a569                uip_ds6_init
                0x000000000001a714                uip_ds6_periodic
                0x000000000001a79b                uip_ds6_list_loop
                0x000000000001a85b                uip_ds6_prefix_add
                0x000000000001a907                uip_ds6_prefix_rm
                0x000000000001a91a                uip_ds6_prefix_lookup
                0x000000000001a959                uip_ds6_is_addr_onlink
                0x000000000001a9cc                uip_ds6_addr_add
                0x000000000001aaec                uip_ds6_addr_rm
                0x000000000001ab95                uip_ds6_addr_lookup
                0x000000000001abce                uip_ds6_get_link_local
                0x000000000001ac4f                uip_ds6_get_global
                0x000000000001acd0                uip_ds6_maddr_add
                0x000000000001ad30                uip_ds6_maddr_rm
                0x000000000001ad43                uip_ds6_maddr_lookup
                0x000000000001ad7c                uip_ds6_aaddr_add
                0x000000000001addc                uip_ds6_aaddr_rm
                0x000000000001adef                uip_ds6_aaddr_lookup
                0x000000000001ae28                uip_ds6_select_src
                0x000000000001af71                uip_ds6_set_addr_iid
                0x000000000001af9c                uip_ds6_set_lladdr_from_iid
                0x000000000001afc5                get_match_length
                0x000000000001b056                uip_ds6_compute_reachable_time
 .text          0x000000000001b08e      0x9d5 obj_cooja/mtype133.a(tcp-socket.o)
                0x000000000001b6d9                tcp_socket_register
                0x000000000001b76a                tcp_socket_connect
                0x000000000001b801                tcp_socket_listen
                0x000000000001b878                tcp_socket_unlisten
                0x000000000001b8ec                tcp_socket_send
                0x000000000001b98c                tcp_socket_send_str
                0x000000000001b9b4                tcp_socket_close
                0x000000000001b9dd                tcp_socket_unregister
                0x000000000001ba37                tcp_socket_max_sendlen
                0x000000000001ba54                tcp_socket_queuelen
 .text          0x000000000001ba63      0xa72 obj_cooja/mtype133.a(tcpip.o)
                0x000000000001ba7d                tcpip_output
                0x000000000001bb61                tcp_connect
                0x000000000001bbb9                tcp_unlisten
                0x000000000001bc19                tcp_listen
                0x000000000001bc77                tcp_attach
                0x000000000001bc8f                udp_attach
                0x000000000001bca7                udp_new
                0x000000000001bcf1                udp_broadcast_new
                0x000000000001bf76                tcpip_input
                0x000000000001c116                tcpip_ipv6_output
                0x000000000001c32a                tcpip_poll_udp
                0x000000000001c348                tcpip_poll_tcp
                0x000000000001c366                tcpip_uipcall
 .text          0x000000000001c4d5      0x35b obj_cooja/mtype133.a(uip-ds6-route.o)
                0x000000000001c526                uip_ds6_route_init
                0x000000000001c550                uip_ds6_route_nexthop
                0x000000000001c55a                uip_ds6_route_head
                0x000000000001c564                uip_ds6_route_next
                0x000000000001c56e                uip_ds6_route_is_nexthop
                0x000000000001c578                uip_ds6_route_num_routes
                0x000000000001c582                uip_ds6_route_lookup
                0x000000000001c58c                uip_ds6_route_add
                0x000000000001c59f                uip_ds6_route_rm
                0x000000000001c5a5                uip_ds6_route_rm_by_nexthop
                0x000000000001c5ab                uip_ds6_defrt_head
                0x000000000001c5c4                uip_ds6_defrt_add
                0x000000000001c672                uip_ds6_defrt_rm
                0x000000000001c6d8                uip_ds6_defrt_lookup
                0x000000000001c73f                uip_ds6_defrt_choose
                0x000000000001c7b5                uip_ds6_defrt_periodic
 .text          0x000000000001c830     0x2802 obj_cooja/mtype133.a(uip6.o)
                0x000000000001c830                uip_add32
                0x000000000001c9ca                uip_chksum
                0x000000000001caab                uip_icmp6chksum
                0x000000000001cac0                uip_tcpchksum
                0x000000000001cad5                uip_udpchksum
                0x000000000001caea                uip_init
                0x000000000001cb75                uip_connect
                0x000000000001ccfe                remove_ext_hdr
                0x000000000001cde3                uip_udp_new
                0x000000000001cf05                uip_unlisten
                0x000000000001cf47                uip_listen
                0x000000000001d1e8                uip_process
                0x000000000001ef2d                uip_htons
                0x000000000001ef4f                uip_htonl
                0x000000000001ef8d                uip_send
 .text          0x000000000001f032      0x374 obj_cooja/mtype133.a(uip-ds6-nbr.o)
                0x000000000001f032                uip_ds6_neighbors_init
                0x000000000001f056                uip_ds6_nbr_add
                0x000000000001f0dc                uip_ds6_nbr_rm
                0x000000000001f127                uip_ds6_nbr_update_ll
                0x000000000001f215                uip_ds6_nbr_get_ipaddr
                0x000000000001f22a                uip_ds6_nbr_get_ll
                0x000000000001f246                uip_ds6_nbr_num
                0x000000000001f28f                uip_ds6_nbr_head
                0x000000000001f2a8                uip_ds6_nbr_next
                0x000000000001f2c4                uip_ds6_nbr_lookup
                0x000000000001f327                uip_ds6_nbr_ll_lookup
                0x000000000001f343                uip_ds6_nbr_ipaddr_from_lladdr
                0x000000000001f36c                uip_ds6_nbr_lladdr_from_ipaddr
                0x000000000001f3a0                uip_ds6_link_callback
 .text          0x000000000001f3a6      0x6b5 obj_cooja/mtype133.a(uip-nd6.o)
                0x000000000001fa42                uip_nd6_init
 .text          0x000000000001fa5b      0x37a obj_cooja/mtype133.a(simple-udp.o)
                0x000000000001fa88                simple_udp_send
                0x000000000001faeb                simple_udp_sendto
                0x000000000001fb46                simple_udp_sendto_port
                0x000000000001fb9f                simple_udp_register
 .text          0x000000000001fdd5     0x2a78 obj_cooja/mtype133.a(sicslowpan.o)
                0x00000000000202d3                netstack_sniffer_add
                0x00000000000202e1                netstack_sniffer_remove
                0x0000000000022819                sicslowpan_init
                0x0000000000022843                sicslowpan_get_last_rssi
 .text          0x000000000002284d      0x4d1 obj_cooja/mtype133.a(uiplib.o)
                0x000000000002284d                uiplib_ip6addrconv
                0x0000000000022a05                uiplib_ip4addrconv
                0x0000000000022ac8                uiplib_ipaddr_print
                0x0000000000022b1b                uiplib_ipaddr_snprint
 .text          0x0000000000022d1e      0x4c9 obj_cooja/mtype133.a(rpl.o)
                0x0000000000022d1e                rpl_lollipop_greater_than
                0x0000000000022d78                rpl_get_global_address
                0x0000000000022e70                rpl_link_callback
                0x0000000000022eb4                rpl_has_joined
                0x0000000000022ed9                rpl_is_reachable
                0x0000000000022f5a                rpl_reset_prefix
                0x0000000000022fc4                rpl_set_prefix_from_addr
                0x00000000000230a9                rpl_set_prefix
                0x00000000000231c3                rpl_set_leaf_only
                0x00000000000231db                rpl_get_leaf_only
 .text          0x00000000000231e7     0x13cb obj_cooja/mtype133.a(rpl-icmp6.o)
                0x000000000002330c                rpl_icmp6_update_nbr_table
                0x00000000000233a5                rpl_icmp6_dis_output
                0x00000000000239fb                rpl_icmp6_dio_output
                0x0000000000024208                rpl_icmp6_dao_output
                0x00000000000244f9                rpl_icmp6_dao_ack_output
                0x0000000000024569                rpl_icmp6_init
 .text          0x00000000000245b2      0xe51 obj_cooja/mtype133.a(rpl-dag.o)
                0x00000000000245b2                rpl_dag_state_to_str
                0x00000000000245f1                rpl_dag_get_root_ipaddr
                0x0000000000024639                rpl_dag_leave
                0x00000000000246c2                rpl_dag_poison_and_leave
                0x00000000000246da                rpl_dag_periodic
                0x0000000000024762                rpl_is_addr_in_our_dag
                0x00000000000247a6                rpl_get_default_instance
                0x00000000000247c2                rpl_get_any_dag
                0x000000000002481b                rpl_refresh_routes
                0x000000000002485b                rpl_global_repair
                0x00000000000248e7                rpl_local_repair
                0x0000000000024931                rpl_dag_ready_to_advertise
                0x0000000000024974                rpl_dag_update_state
                0x0000000000025098                rpl_process_dio
                0x0000000000025119                rpl_process_dis
                0x000000000002515e                rpl_process_dao
                0x00000000000251ed                rpl_process_dao_ack
                0x000000000002527f                rpl_process_hbh
                0x00000000000252cf                rpl_dag_init_root
                0x00000000000253e3                rpl_dag_init
 .text          0x0000000000025403      0x286 obj_cooja/mtype133.a(rpl-dag-root.o)
                0x0000000000025403                rpl_dag_root_print_links
                0x0000000000025551                rpl_dag_root_set_prefix
                0x000000000002557d                rpl_dag_root_start
                0x000000000002565a                rpl_dag_root_is_root
 .text          0x0000000000025689       0x1e obj_cooja/mtype133.a(watchdog.o)
                0x0000000000025689                watchdog_init
                0x000000000002568f                watchdog_start
                0x0000000000025695                watchdog_periodic
                0x000000000002569b                watchdog_stop
                0x00000000000256a1                watchdog_reboot
 .text          0x00000000000256a7       0xb2 obj_cooja/mtype133.a(stimer.o)
                0x00000000000256a7                stimer_set
                0x00000000000256c5                stimer_reset
                0x00000000000256dd                stimer_restart
                0x00000000000256f2                stimer_expired
                0x000000000002571d                stimer_remaining
                0x0000000000025741                stimer_elapsed
 .text          0x0000000000025759      0x1b8 obj_cooja/mtype133.a(memb.o)
                0x0000000000025759                memb_init
                0x00000000000257ae                memb_alloc
                0x0000000000025813                memb_free
                0x000000000002588e                memb_inmemb
                0x00000000000258cd                memb_numfree
 .text          0x0000000000025911      0x2e7 obj_cooja/mtype133.a(queuebuf.o)
                0x000000000002591b                queuebuf_init
                0x0000000000025944                queuebuf_numfree
                0x000000000002595c                queuebuf_new_from_packetbuf
                0x00000000000259fb                queuebuf_update_attr_from_packetbuf
                0x0000000000025a30                queuebuf_update_from_packetbuf
                0x0000000000025a80                queuebuf_free
                0x0000000000025ac9                queuebuf_to_packetbuf
                0x0000000000025b35                queuebuf_dataptr
                0x0000000000025b6f                queuebuf_datalen
                0x0000000000025b92                queuebuf_addr
                0x0000000000025bc7                queuebuf_attr
                0x0000000000025bf2                queuebuf_debug_print
 .text          0x0000000000025bf8      0x78b obj_cooja/mtype133.a(nbr-table.o)
                0x0000000000026071                nbr_table_register
                0x00000000000260de                nbr_table_is_registered
                0x0000000000026119                nbr_table_head
                0x0000000000026174                nbr_table_next
                0x00000000000261d5                nbr_table_add_lladdr
                0x000000000002629f                nbr_table_get_from_lladdr
                0x00000000000262eb                nbr_table_remove
                0x0000000000026323                nbr_table_lock
                0x000000000002633d                nbr_table_unlock
                0x0000000000026357                nbr_table_get_lladdr
 .text          0x0000000000026383      0x37c obj_cooja/mtype133.a(link-stats.o)
                0x0000000000026383                link_stats_from_lladdr
                0x000000000002639f                link_stats_is_fresh
                0x00000000000263db                guess_etx_from_rssi
                0x0000000000026457                link_stats_packet_sent
                0x000000000002656a                link_stats_input_callback
                0x000000000002667a                link_stats_reset
                0x00000000000266ca                link_stats_init
 .text          0x00000000000266ff      0x187 obj_cooja/mtype133.a(mac-sequence.o)
                0x00000000000266ff                mac_sequence_is_duplicate
                0x000000000002679f                mac_sequence_register_seqno
 .text          0x0000000000026886       0x23 obj_cooja/mtype133.a(mac.o)
                0x0000000000026886                mac_call_sent_callback
 .text          0x00000000000268a9      0x41d obj_cooja/mtype133.a(framer-802154.o)
                0x0000000000026a38                framer_802154_setup_params
 .text          0x0000000000026cc6      0xb6f obj_cooja/mtype133.a(frame802154.o)
                0x0000000000026cf7                frame802154_get_pan_id
                0x0000000000026d03                frame802154_set_pan_id
                0x0000000000026d1d                frame802154_has_panid
                0x0000000000026ecc                frame802154_check_dest_panid
                0x0000000000026f54                frame802154_is_broadcast_addr
                0x0000000000026fa1                frame802154_extract_linkaddr
                0x0000000000027206                frame802154_hdrlen
                0x0000000000027279                frame802154_create_fcf
                0x0000000000027331                frame802154_create
                0x00000000000274a6                frame802154_parse_fcf
                0x0000000000027588                frame802154_parse
 .text          0x0000000000027835      0x1ec obj_cooja/mtype133.a(uipbuf.o)
                0x0000000000027835                uipbuf_get_next_header
                0x00000000000278a4                uipbuf_get_last_header
                0x000000000002792b                uipbuf_get_attr
                0x0000000000027952                uipbuf_set_attr
                0x0000000000027989                uipbuf_clear_attr
                0x00000000000279b5                uipbuf_set_attr_flag
                0x00000000000279d6                uipbuf_clr_attr_flag
                0x00000000000279fd                uipbuf_is_attr_flag
 .text          0x0000000000027a21      0x96e obj_cooja/mtype133.a(uip-icmp6.o)
                0x0000000000027a96                uip_icmp6_input
                0x0000000000027aed                uip_icmp6_register_input_handler
                0x0000000000027cf9                uip_icmp6_error_output
                0x0000000000028058                uip_icmp6_send
                0x0000000000028317                uip_icmp6_echo_reply_callback_add
                0x0000000000028349                uip_icmp6_echo_reply_callback_rm
                0x0000000000028366                uip_icmp6_init
 .text          0x000000000002838f      0x69b obj_cooja/mtype133.a(uip-sr.o)
                0x000000000002838f                uip_sr_num_nodes
                0x000000000002841d                uip_sr_get_node
                0x0000000000028474                uip_sr_is_addr_reachable
                0x0000000000028522                uip_sr_expire_parent
                0x000000000002856b                uip_sr_update_node
                0x000000000002869b                uip_sr_init
                0x00000000000286cf                uip_sr_node_head
                0x00000000000286e8                uip_sr_node_next
                0x00000000000286fe                uip_sr_periodic
                0x0000000000028804                uip_sr_free_all
                0x0000000000028874                uip_sr_link_snprint
 .text          0x0000000000028a2a      0x146 obj_cooja/mtype133.a(uip-packetqueue)
                0x0000000000028a58                uip_packetqueue_new
                0x0000000000028a67                uip_packetqueue_alloc
                0x0000000000028ac2                uip_packetqueue_free
                0x0000000000028b09                uip_packetqueue_buf
                0x0000000000028b26                uip_packetqueue_buflen
                0x0000000000028b47                uip_packetqueue_set_buflen
 .text          0x0000000000028b70      0x128 obj_cooja/mtype133.a(uip-udp-packet.)
                0x0000000000028b70                uip_udp_packet_send
                0x0000000000028bcb                uip_udp_packet_sendto
 .text          0x0000000000028c98      0x1c8 obj_cooja/mtype133.a(rpl-nbr-policy.)
                0x0000000000028e1d                rpl_nbr_policy_find_removable
 .text          0x0000000000028e60      0x8ed obj_cooja/mtype133.a(rpl-neighbor.o)
                0x0000000000028edc                rpl_neighbor_snprint
                0x0000000000029189                rpl_neighbor_print_list
                0x000000000002923e                rpl_neighbor_count
                0x00000000000292e5                rpl_neighbor_get_from_lladdr
                0x0000000000029301                rpl_neighbor_is_acceptable_parent
                0x0000000000029335                rpl_neighbor_get_link_metric
                0x0000000000029369                rpl_neighbor_rank_via_nbr
                0x000000000002939d                rpl_neighbor_get_lladdr
                0x00000000000293b9                rpl_neighbor_get_ipaddr
                0x00000000000293e0                rpl_neighbor_get_link_stats
                0x0000000000029407                rpl_neighbor_is_fresh
                0x000000000002942e                rpl_neighbor_is_reachable
                0x0000000000029479                rpl_neighbor_is_parent
                0x00000000000294a3                rpl_neighbor_set_preferred_parent
                0x000000000002952f                rpl_neighbor_remove_all
                0x000000000002957e                rpl_neighbor_get_from_ipaddr
                0x0000000000029682                rpl_neighbor_select_best
                0x000000000002972e                rpl_neighbor_init
 .text          0x000000000002974d      0xa19 obj_cooja/mtype133.a(rpl-timers.o)
                0x000000000002974d                rpl_timers_schedule_periodic_dis
                0x000000000002989b                rpl_timers_dio_reset
                0x000000000002998c                rpl_timers_schedule_unicast_dio
                0x0000000000029b12                rpl_timers_schedule_dao
                0x0000000000029c4c                rpl_timers_schedule_dao_ack
                0x0000000000029cd2                get_probing_delay
                0x0000000000029d06                get_probing_target
                0x0000000000029ef0                rpl_schedule_probing
                0x0000000000029f1e                rpl_schedule_probing_now
                0x0000000000029f88                rpl_timers_unschedule_leaving
                0x0000000000029fc0                rpl_timers_schedule_leaving
                0x000000000002a001                rpl_timers_init
                0x000000000002a091                rpl_timers_stop_dag_timers
                0x000000000002a10a                rpl_timers_unschedule_state_update
                0x000000000002a12e                rpl_timers_schedule_state_update
 .text          0x000000000002a166     0x102c obj_cooja/mtype133.a(rpl-ext-header.)
                0x000000000002a166                rpl_ext_header_srh_get_next_hop
                0x000000000002a2e2                rpl_ext_header_srh_update
                0x000000000002a9db                rpl_ext_header_hbh_update
                0x000000000002af30                rpl_ext_header_update
                0x000000000002afb9                rpl_ext_header_remove
 .text          0x000000000002b192      0x31b obj_cooja/mtype133.a(rpl-mrhof.o)
 .text          0x000000000002b4ad        0x0 /usr/lib/gcc/i686-linux-gnu/5/crtendS.o
 .text          0x000000000002b4ad        0x0 /usr/lib/gcc/i686-linux-gnu/5/../../../i386-linux-gnu/crtn.o
 *(.gnu.warning)

.fini           0x000000000002b4b0       0x14
 *(SORT(.fini))
 .fini          0x000000000002b4b0        0xf /usr/lib/gcc/i686-linux-gnu/5/../../../i386-linux-gnu/crti.o
                0x000000000002b4b0                _fini
 .fini          0x000000000002b4bf        0x5 /usr/lib/gcc/i686-linux-gnu/5/../../../i386-linux-gnu/crtn.o
                [!provide]                        PROVIDE (__etext, .)
                [!provide]                        PROVIDE (_etext, .)
                [!provide]                        PROVIDE (etext, .)

.rodata         0x000000000002b4e0      0xc20
 *(.rodata .rodata.* .gnu.linkonce.r.*)
 .rodata        0x000000000002b4e0      0x492 udp-client.o
                0x000000000002b500                autostart_processes
 *fill*         0x000000000002b972        0x2 
 .rodata        0x000000000002b974        0x8 obj_cooja/mtype133.a(beep.o)
                0x000000000002b974                beep_interface
 .rodata        0x000000000002b97c       0x20 obj_cooja/mtype133.a(button-sensor.o)
                0x000000000002b97c                button_interface
                0x000000000002b98c                button_sensor
 .rodata        0x000000000002b99c        0x8 obj_cooja/mtype133.a(leds-arch.o)
                0x000000000002b99c                leds_interface
 .rodata        0x000000000002b9a4        0x8 obj_cooja/mtype133.a(moteid.o)
                0x000000000002b9a4                moteid_interface
 .rodata        0x000000000002b9ac       0x1c obj_cooja/mtype133.a(pir-sensor.o)
                0x000000000002b9ac                pir_interface
                0x000000000002b9b8                pir_sensor
 .rodata        0x000000000002b9c8        0xe obj_cooja/mtype133.a(rs232.o)
                0x000000000002b9c8                rs232_interface
 *fill*         0x000000000002b9d6        0x2 
 .rodata        0x000000000002b9d8       0x24 obj_cooja/mtype133.a(vib-sensor.o)
                0x000000000002b9d8                vib_interface
                0x000000000002b9ec                vib_sensor
 .rodata        0x000000000002b9fc        0x8 obj_cooja/mtype133.a(clock.o)
                0x000000000002b9fc                clock_interface
 .rodata        0x000000000002ba04        0x8 obj_cooja/mtype133.a(cooja-log.o)
                0x000000000002ba04                simlog_interface
 .rodata        0x000000000002ba0c       0x2f obj_cooja/mtype133.a(cfs-cooja.o)
                0x000000000002ba0c                cfs_interface
 *fill*         0x000000000002ba3b        0x5 
 .rodata        0x000000000002ba40       0x58 obj_cooja/mtype133.a(cooja-radio.o)
                0x000000000002ba40                radio_interface
                0x000000000002ba60                cooja_radio_driver
 .rodata        0x000000000002ba98        0x8 obj_cooja/mtype133.a(eeprom.o)
                0x000000000002ba98                eeprom_interface
 .rodata        0x000000000002baa0        0x8 obj_cooja/mtype133.a(sensors.o)
 .rodata        0x000000000002baa8       0x14 obj_cooja/mtype133.a(mqtt.o)
 .rodata        0x000000000002babc       0xf8 obj_cooja/mtype133.a(contiki-main.o)
 .rodata        0x000000000002bbb4        0xf obj_cooja/mtype133.a(ctimer.o)
 .rodata        0x000000000002bbc3        0xc obj_cooja/mtype133.a(etimer.o)
 *fill*         0x000000000002bbcf        0x1 
 .rodata        0x000000000002bbd0       0xc0 obj_cooja/mtype133.a(log.o)
 .rodata        0x000000000002bc90        0xe obj_cooja/mtype133.a(serial-line.o)
 *fill*         0x000000000002bc9e        0x2 
 .rodata        0x000000000002bca0        0x8 obj_cooja/mtype133.a(linkaddr.o)
                0x000000000002bca0                linkaddr_null
 .rodata        0x000000000002bca8       0x20 obj_cooja/mtype133.a(csma.o)
                0x000000000002bcb0                csma_driver
 .rodata        0x000000000002bcc8       0x13 obj_cooja/mtype133.a(tcp-socket.o)
 .rodata        0x000000000002bcdb        0xd obj_cooja/mtype133.a(tcpip.o)
 .rodata        0x000000000002bce8       0x4d obj_cooja/mtype133.a(uip-ds6-route.o)
 *fill*         0x000000000002bd35        0x3 
 .rodata        0x000000000002bd38      0x13c obj_cooja/mtype133.a(uip6.o)
 .rodata        0x000000000002be74       0x13 obj_cooja/mtype133.a(simple-udp.o)
 *fill*         0x000000000002be87        0x1 
 .rodata        0x000000000002be88       0x30 obj_cooja/mtype133.a(sicslowpan.o)
                0x000000000002be88                unc_llconf
                0x000000000002be8c                unc_ctxconf
                0x000000000002be90                unc_mxconf
                0x000000000002be94                llprefix
                0x000000000002bea8                sicslowpan_driver
 .rodata        0x000000000002beb8       0x2d obj_cooja/mtype133.a(uiplib.o)
 *fill*         0x000000000002bee5       0x1b 
 .rodata        0x000000000002bf00       0x70 obj_cooja/mtype133.a(rpl.o)
                0x000000000002bf20                rpl_lite_driver
 .rodata        0x000000000002bf70       0xdb obj_cooja/mtype133.a(rpl-dag.o)
 *fill*         0x000000000002c04b        0x1 
 .rodata        0x000000000002c04c        0xc obj_cooja/mtype133.a(framer-802154.o)
                0x000000000002c04c                framer_802154
 .rodata        0x000000000002c058       0x44 obj_cooja/mtype133.a(uip-sr.o)
 .rodata        0x000000000002c09c       0x58 obj_cooja/mtype133.a(rpl-neighbor.o)
 .rodata        0x000000000002c0f4        0xc obj_cooja/mtype133.a(rpl-timers.o)

.rodata1
 *(.rodata1)

.eh_frame_hdr   0x000000000002c100     0x16a4
 *(.eh_frame_hdr)
 .eh_frame_hdr  0x000000000002c100     0x16a4 udp-client.o
                0x000000000002c100                __GNU_EH_FRAME_HDR
 *(.eh_frame_entry .eh_frame_entry.*)

.eh_frame       0x000000000002d7a4     0x5bc4
 *(.eh_frame)
 .eh_frame      0x000000000002d7a4       0x3c /usr/lib/gcc/i686-linux-gnu/5/../../../i386-linux-gnu/crti.o
                                         0x40 (size before relaxing)
 .eh_frame      0x000000000002d7e0      0x200 udp-client.o
                                        0x218 (size before relaxing)
 .eh_frame      0x000000000002d9e0      0x178 obj_cooja/mtype133.o
                                        0x190 (size before relaxing)
 .eh_frame      0x000000000002db58       0x40 obj_cooja/mtype133.a(simEnvChange.o)
                                         0x58 (size before relaxing)
 .eh_frame      0x000000000002db98       0x60 obj_cooja/mtype133.a(cooja_mt.o)
                                         0x78 (size before relaxing)
 .eh_frame      0x000000000002dbf8       0x80 obj_cooja/mtype133.a(cooja_mtarch.o)
                                         0x98 (size before relaxing)
 .eh_frame      0x000000000002dc78       0xc8 obj_cooja/mtype133.a(rtimer-arch.o)
                                         0xe0 (size before relaxing)
 .eh_frame      0x000000000002dd40      0x160 obj_cooja/mtype133.a(beep.o)
                                        0x178 (size before relaxing)
 .eh_frame      0x000000000002dea0       0xa0 obj_cooja/mtype133.a(button-sensor.o)
                                         0xb8 (size before relaxing)
 .eh_frame      0x000000000002df40       0xa0 obj_cooja/mtype133.a(leds-arch.o)
                                         0xb8 (size before relaxing)
 .eh_frame      0x000000000002dfe0       0x40 obj_cooja/mtype133.a(moteid.o)
                                         0x58 (size before relaxing)
 .eh_frame      0x000000000002e020       0xa0 obj_cooja/mtype133.a(pir-sensor.o)
                                         0xb8 (size before relaxing)
 .eh_frame      0x000000000002e0c0      0x100 obj_cooja/mtype133.a(rs232.o)
                                        0x118 (size before relaxing)
 .eh_frame      0x000000000002e1c0       0xa0 obj_cooja/mtype133.a(vib-sensor.o)
                                         0xb8 (size before relaxing)
 .eh_frame      0x000000000002e260       0xc0 obj_cooja/mtype133.a(clock.o)
                                         0xd8 (size before relaxing)
 .eh_frame      0x000000000002e320      0x120 obj_cooja/mtype133.a(cooja-log.o)
                                        0x138 (size before relaxing)
 .eh_frame      0x000000000002e440      0x160 obj_cooja/mtype133.a(cfs-cooja.o)
                                        0x178 (size before relaxing)
 .eh_frame      0x000000000002e5a0      0x340 obj_cooja/mtype133.a(cooja-radio.o)
                                        0x358 (size before relaxing)
 .eh_frame      0x000000000002e8e0       0xa0 obj_cooja/mtype133.a(eeprom.o)
                                         0xb8 (size before relaxing)
 .eh_frame      0x000000000002e980       0x40 obj_cooja/mtype133.a(random.o)
                                         0x58 (size before relaxing)
 .eh_frame      0x000000000002e9c0       0xc0 obj_cooja/mtype133.a(sensors.o)
                                         0xd8 (size before relaxing)
 .eh_frame      0x000000000002ea80       0xe0 obj_cooja/mtype133.a(leds.o)
                                         0xf8 (size before relaxing)
 .eh_frame      0x000000000002eb60      0x4a4 obj_cooja/mtype133.a(mqtt.o)
                                        0x4bc (size before relaxing)
 .eh_frame      0x000000000002f004       0x30 obj_cooja/mtype133.a(contiki-main.o)
                                         0x48 (size before relaxing)
 .eh_frame      0x000000000002f034       0x40 obj_cooja/mtype133.a(autostart.o)
                                         0x58 (size before relaxing)
 .eh_frame      0x000000000002f074      0x100 obj_cooja/mtype133.a(ctimer.o)
                                        0x118 (size before relaxing)
 .eh_frame      0x000000000002f174       0x60 obj_cooja/mtype133.a(energest.o)
                                         0x78 (size before relaxing)
 .eh_frame      0x000000000002f1d4      0x1e0 obj_cooja/mtype133.a(etimer.o)
                                        0x1f8 (size before relaxing)
 .eh_frame      0x000000000002f3b4      0x100 obj_cooja/mtype133.a(log.o)
                                        0x118 (size before relaxing)
 .eh_frame      0x000000000002f4b4      0x1c4 obj_cooja/mtype133.a(process.o)
                                        0x1dc (size before relaxing)
 .eh_frame      0x000000000002f678       0x60 obj_cooja/mtype133.a(rtimer.o)
                                         0x78 (size before relaxing)
 .eh_frame      0x000000000002f6d8       0x20 obj_cooja/mtype133.a(node-id.o)
                                         0x38 (size before relaxing)
 .eh_frame      0x000000000002f6f8       0xa4 obj_cooja/mtype133.a(timer.o)
                                         0xbc (size before relaxing)
 .eh_frame      0x000000000002f79c       0x60 obj_cooja/mtype133.a(serial-line.o)
                                         0x78 (size before relaxing)
 .eh_frame      0x000000000002f7fc      0x1a0 obj_cooja/mtype133.a(list.o)
                                        0x1b8 (size before relaxing)
 .eh_frame      0x000000000002f99c       0xa0 obj_cooja/mtype133.a(ringbuf.o)
                                         0xb8 (size before relaxing)
 .eh_frame      0x000000000002fa3c      0x28c obj_cooja/mtype133.a(packetbuf.o)
                                        0x2a4 (size before relaxing)
 .eh_frame      0x000000000002fcc8       0x80 obj_cooja/mtype133.a(netstack.o)
                                         0x98 (size before relaxing)
 .eh_frame      0x000000000002fd48       0x60 obj_cooja/mtype133.a(linkaddr.o)
                                         0x78 (size before relaxing)
 .eh_frame      0x000000000002fda8       0xa0 obj_cooja/mtype133.a(csma.o)
                                         0xb8 (size before relaxing)
 .eh_frame      0x000000000002fe48      0x1d4 obj_cooja/mtype133.a(csma-output.o)
                                        0x1ec (size before relaxing)
 .eh_frame      0x000000000003001c      0x2e8 obj_cooja/mtype133.a(uip-ds6.o)
                                        0x300 (size before relaxing)
 .eh_frame      0x0000000000030304      0x248 obj_cooja/mtype133.a(tcp-socket.o)
                                        0x260 (size before relaxing)
 .eh_frame      0x000000000003054c      0x308 obj_cooja/mtype133.a(tcpip.o)
                                        0x320 (size before relaxing)
 .eh_frame      0x0000000000030854      0x220 obj_cooja/mtype133.a(uip-ds6-route.o)
                                        0x238 (size before relaxing)
 .eh_frame      0x0000000000030a74      0x274 obj_cooja/mtype133.a(uip6.o)
                                        0x28c (size before relaxing)
 .eh_frame      0x0000000000030ce8      0x1c0 obj_cooja/mtype133.a(uip-ds6-nbr.o)
                                        0x1d8 (size before relaxing)
 .eh_frame      0x0000000000030ea8       0x84 obj_cooja/mtype133.a(uip-nd6.o)
                                         0x9c (size before relaxing)
 .eh_frame      0x0000000000030f2c       0xd4 obj_cooja/mtype133.a(simple-udp.o)
                                         0xec (size before relaxing)
 .eh_frame      0x0000000000031000      0x2f8 obj_cooja/mtype133.a(sicslowpan.o)
                                        0x310 (size before relaxing)
 .eh_frame      0x00000000000312f8       0x88 obj_cooja/mtype133.a(uiplib.o)
                                         0xa0 (size before relaxing)
 .eh_frame      0x0000000000031380      0x1e0 obj_cooja/mtype133.a(rpl.o)
                                        0x1f8 (size before relaxing)
 .eh_frame      0x0000000000031560      0x1c4 obj_cooja/mtype133.a(rpl-icmp6.o)
                                        0x1dc (size before relaxing)
 .eh_frame      0x0000000000031724      0x370 obj_cooja/mtype133.a(rpl-dag.o)
                                        0x388 (size before relaxing)
 .eh_frame      0x0000000000031a94       0xa0 obj_cooja/mtype133.a(rpl-dag-root.o)
                                         0xb8 (size before relaxing)
 .eh_frame      0x0000000000031b34       0xa0 obj_cooja/mtype133.a(watchdog.o)
                                         0xb8 (size before relaxing)
 .eh_frame      0x0000000000031bd4       0xc4 obj_cooja/mtype133.a(stimer.o)
                                         0xdc (size before relaxing)
 .eh_frame      0x0000000000031c98       0xa0 obj_cooja/mtype133.a(memb.o)
                                         0xb8 (size before relaxing)
 .eh_frame      0x0000000000031d38      0x1a0 obj_cooja/mtype133.a(queuebuf.o)
                                        0x1b8 (size before relaxing)
 .eh_frame      0x0000000000031ed8      0x2ac obj_cooja/mtype133.a(nbr-table.o)
                                        0x2c4 (size before relaxing)
 .eh_frame      0x0000000000032184      0x100 obj_cooja/mtype133.a(link-stats.o)
                                        0x118 (size before relaxing)
 .eh_frame      0x0000000000032284       0x48 obj_cooja/mtype133.a(mac-sequence.o)
                                         0x60 (size before relaxing)
 .eh_frame      0x00000000000322cc       0x20 obj_cooja/mtype133.a(mac.o)
                                         0x38 (size before relaxing)
 .eh_frame      0x00000000000322ec       0xa4 obj_cooja/mtype133.a(framer-802154.o)
                                         0xbc (size before relaxing)
 .eh_frame      0x0000000000032390      0x1a4 obj_cooja/mtype133.a(frame802154.o)
                                        0x1bc (size before relaxing)
 .eh_frame      0x0000000000032534      0x100 obj_cooja/mtype133.a(uipbuf.o)
                                        0x118 (size before relaxing)
 .eh_frame      0x0000000000032634      0x160 obj_cooja/mtype133.a(uip-icmp6.o)
                                        0x178 (size before relaxing)
 .eh_frame      0x0000000000032794      0x184 obj_cooja/mtype133.a(uip-sr.o)
                                        0x19c (size before relaxing)
 .eh_frame      0x0000000000032918       0xe0 obj_cooja/mtype133.a(uip-packetqueue)
                                         0xf8 (size before relaxing)
 .eh_frame      0x00000000000329f8       0x40 obj_cooja/mtype133.a(uip-udp-packet.)
                                         0x58 (size before relaxing)
 .eh_frame      0x0000000000032a38       0x80 obj_cooja/mtype133.a(rpl-nbr-policy.)
                                         0x98 (size before relaxing)
 .eh_frame      0x0000000000032ab8      0x2d4 obj_cooja/mtype133.a(rpl-neighbor.o)
                                        0x2ec (size before relaxing)
 .eh_frame      0x0000000000032d8c      0x368 obj_cooja/mtype133.a(rpl-timers.o)
                                        0x380 (size before relaxing)
 .eh_frame      0x00000000000330f4      0x128 obj_cooja/mtype133.a(rpl-ext-header.)
                                        0x140 (size before relaxing)
 .eh_frame      0x000000000003321c      0x148 obj_cooja/mtype133.a(rpl-mrhof.o)
                                        0x160 (size before relaxing)
 .eh_frame      0x0000000000033364        0x4 /usr/lib/gcc/i686-linux-gnu/5/crtendS.o
 *(.eh_frame.*)

.gcc_except_table
 *(.gcc_except_table .gcc_except_table.*)

.gnu_extab
 *(.gnu_extab*)

.exception_ranges
 *(.exception_ranges .exception_ranges*)
                0x0000000000034f10                . = DATA_SEGMENT_ALIGN (0x1000, 0x1000)

.eh_frame
 *(.eh_frame)
 *(.eh_frame.*)

.gnu_extab
 *(.gnu_extab)

.gcc_except_table
 *(.gcc_except_table .gcc_except_table.*)

.exception_ranges
 *(.exception_ranges .exception_ranges*)

.tdata
 *(.tdata .tdata.* .gnu.linkonce.td.*)

.tbss
 *(.tbss .tbss.* .gnu.linkonce.tb.*)
 *(.tcommon)

.preinit_array
 *(.preinit_array)

.init_array     0x0000000000034f10        0x4
 *(SORT(.init_array.*) SORT(.ctors.*))
 *(.init_array EXCLUDE_FILE(*crtend?.o *crtend.o *crtbegin?.o *crtbegin.o) .ctors)
 .init_array    0x0000000000034f10        0x4 /usr/lib/gcc/i686-linux-gnu/5/crtbeginS.o

.fini_array     0x0000000000034f14        0x4
 *(SORT(.fini_array.*) SORT(.dtors.*))
 *(.fini_array EXCLUDE_FILE(*crtend?.o *crtend.o *crtbegin?.o *crtbegin.o) .dtors)
 .fini_array    0x0000000000034f14        0x4 /usr/lib/gcc/i686-linux-gnu/5/crtbeginS.o

.ctors
 *crtbegin.o(.ctors)
 *crtbegin?.o(.ctors)
 *(EXCLUDE_FILE(*crtend?.o *crtend.o) .ctors)
 *(SORT(.ctors.*))
 *(.ctors)

.dtors
 *crtbegin.o(.dtors)
 *crtbegin?.o(.dtors)
 *(EXCLUDE_FILE(*crtend?.o *crtend.o) .dtors)
 *(SORT(.dtors.*))
 *(.dtors)

.jcr            0x0000000000034f18        0x4
 *(.jcr)
 .jcr           0x0000000000034f18        0x0 /usr/lib/gcc/i686-linux-gnu/5/crtbeginS.o
 .jcr           0x0000000000034f18        0x4 /usr/lib/gcc/i686-linux-gnu/5/crtendS.o

.data.rel.ro
 *(.data.rel.ro.local* .gnu.linkonce.d.rel.ro.local.*)
 *(.data.rel.ro .data.rel.ro.* .gnu.linkonce.d.rel.ro.*)

.dynamic        0x0000000000034f1c       0xd0
 *(.dynamic)
 .dynamic       0x0000000000034f1c       0xd0 /usr/lib/gcc/i686-linux-gnu/5/../../../i386-linux-gnu/crti.o
                0x0000000000034f1c                _DYNAMIC

.got            0x0000000000034fec       0x14
 *(.got)
 .got           0x0000000000034fec       0x14 /usr/lib/gcc/i686-linux-gnu/5/../../../i386-linux-gnu/crti.o
 *(.igot)
                0x0000000000035ff4                . = DATA_SEGMENT_RELRO_END (., (SIZEOF (.got.plt) >= 0xc)?0xc:0x0)

.got.plt        0x0000000000035000        0xc
 *(.got.plt)
 .got.plt       0x0000000000035000        0xc /usr/lib/gcc/i686-linux-gnu/5/../../../i386-linux-gnu/crti.o
                0x0000000000035000                _GLOBAL_OFFSET_TABLE_
 *(.igot.plt)

.data           0x0000000000035020      0x344
 *(.data .data.* .gnu.linkonce.d.*)
 .data          0x0000000000035020        0x0 /usr/lib/gcc/i686-linux-gnu/5/../../../i386-linux-gnu/crti.o
 .data          0x0000000000035020        0x0 /usr/lib/gcc/i686-linux-gnu/5/crtbeginS.o
 .data.rel.local
                0x0000000000035020        0x4 /usr/lib/gcc/i686-linux-gnu/5/crtbeginS.o
                0x0000000000035020                __dso_handle
 .data          0x0000000000035024       0x24 udp-client.o
                0x0000000000035028                udp_client_process
                0x0000000000035038                mqtt_client_process
 *fill*         0x0000000000035048       0x18 
 .data          0x0000000000035060       0x44 obj_cooja/mtype133.o
                0x0000000000035060                simInterfaces
                0x0000000000035094                sensors
 .data          0x00000000000350a4        0x0 obj_cooja/mtype133.a(simEnvChange.o)
 .data          0x00000000000350a4        0x0 obj_cooja/mtype133.a(cooja_mt.o)
 .data          0x00000000000350a4        0x0 obj_cooja/mtype133.a(cooja_mtarch.o)
 .data          0x00000000000350a4        0x0 obj_cooja/mtype133.a(rtimer-arch.o)
 .data          0x00000000000350a4        0x0 obj_cooja/mtype133.a(beep.o)
 .data          0x00000000000350a4        0x0 obj_cooja/mtype133.a(button-sensor.o)
 .data          0x00000000000350a4        0x0 obj_cooja/mtype133.a(leds-arch.o)
 .data          0x00000000000350a4        0x0 obj_cooja/mtype133.a(moteid.o)
 .data          0x00000000000350a4        0x0 obj_cooja/mtype133.a(pir-sensor.o)
 .data          0x00000000000350a4        0x0 obj_cooja/mtype133.a(rs232.o)
 .data          0x00000000000350a4        0x0 obj_cooja/mtype133.a(vib-sensor.o)
 .data          0x00000000000350a4        0x0 obj_cooja/mtype133.a(clock.o)
 .data          0x00000000000350a4        0x0 obj_cooja/mtype133.a(cooja-log.o)
 .data          0x00000000000350a4        0x0 obj_cooja/mtype133.a(cfs-cooja.o)
 .data          0x00000000000350a4       0x2c obj_cooja/mtype133.a(cooja-radio.o)
                0x00000000000350a4                simRadioHWOn
                0x00000000000350a8                simSignalStrength
                0x00000000000350ac                simLastSignalStrength
                0x00000000000350b0                simPower
                0x00000000000350b4                simRadioChannel
                0x00000000000350b8                simLQI
                0x00000000000350c0                cooja_radio_process
 .data          0x00000000000350d0        0x0 obj_cooja/mtype133.a(eeprom.o)
 .data          0x00000000000350d0        0x0 obj_cooja/mtype133.a(random.o)
 .data          0x00000000000350d0       0x10 obj_cooja/mtype133.a(sensors.o)
                0x00000000000350d0                sensors_process
 .data          0x00000000000350e0        0x0 obj_cooja/mtype133.a(leds.o)
 .data          0x00000000000350e0       0x14 obj_cooja/mtype133.a(mqtt.o)
                0x00000000000350e4                mqtt_process
 .data          0x00000000000350f4        0x0 obj_cooja/mtype133.a(contiki-main.o)
 .data          0x00000000000350f4        0x0 obj_cooja/mtype133.a(autostart.o)
 .data          0x00000000000350f4       0x14 obj_cooja/mtype133.a(ctimer.o)
                0x00000000000350f8                ctimer_process
 .data          0x0000000000035108        0x0 obj_cooja/mtype133.a(energest.o)
 .data          0x0000000000035108       0x10 obj_cooja/mtype133.a(etimer.o)
                0x0000000000035108                etimer_process
 *fill*         0x0000000000035118        0x8 
 .data          0x0000000000035120       0xb0 obj_cooja/mtype133.a(log.o)
                0x0000000000035120                curr_log_level_main
                0x0000000000035140                all_modules
 .data          0x00000000000351d0        0x0 obj_cooja/mtype133.a(process.o)
 .data          0x00000000000351d0        0x0 obj_cooja/mtype133.a(rtimer.o)
 .data          0x00000000000351d0        0x0 obj_cooja/mtype133.a(node-id.o)
 .data          0x00000000000351d0        0x0 obj_cooja/mtype133.a(timer.o)
 .data          0x00000000000351d0       0x10 obj_cooja/mtype133.a(serial-line.o)
                0x00000000000351d0                serial_line_process
 .data          0x00000000000351e0        0x0 obj_cooja/mtype133.a(list.o)
 .data          0x00000000000351e0        0x0 obj_cooja/mtype133.a(ringbuf.o)
 .data          0x00000000000351e0        0x4 obj_cooja/mtype133.a(packetbuf.o)
 .data          0x00000000000351e4        0x4 obj_cooja/mtype133.a(netstack.o)
 .data          0x00000000000351e8        0x0 obj_cooja/mtype133.a(linkaddr.o)
 .data          0x00000000000351e8        0x0 obj_cooja/mtype133.a(csma.o)
 .data          0x00000000000351e8       0x28 obj_cooja/mtype133.a(csma-output.o)
 .data          0x0000000000035210        0x0 obj_cooja/mtype133.a(uip-ds6.o)
 .data          0x0000000000035210       0x14 obj_cooja/mtype133.a(tcp-socket.o)
                0x0000000000035214                tcp_socket_process
 .data          0x0000000000035224       0x10 obj_cooja/mtype133.a(tcpip.o)
                0x0000000000035224                tcpip_process
 .data          0x0000000000035234       0x10 obj_cooja/mtype133.a(uip-ds6-route.o)
 .data          0x0000000000035244        0x0 obj_cooja/mtype133.a(uip6.o)
 .data          0x0000000000035244       0x14 obj_cooja/mtype133.a(uip-ds6-nbr.o)
                0x0000000000035254                ds6_neighbors
 .data          0x0000000000035258        0xc obj_cooja/mtype133.a(uip-nd6.o)
 .data          0x0000000000035264       0x10 obj_cooja/mtype133.a(simple-udp.o)
                0x0000000000035264                simple_udp_process
 .data          0x0000000000035274        0x0 obj_cooja/mtype133.a(sicslowpan.o)
 .data          0x0000000000035274        0x0 obj_cooja/mtype133.a(uiplib.o)
 .data          0x0000000000035274        0x0 obj_cooja/mtype133.a(rpl.o)
 .data          0x0000000000035274       0x30 obj_cooja/mtype133.a(rpl-icmp6.o)
 .data          0x00000000000352a4        0x0 obj_cooja/mtype133.a(rpl-dag.o)
 .data          0x00000000000352a4        0x0 obj_cooja/mtype133.a(rpl-dag-root.o)
 .data          0x00000000000352a4        0x0 obj_cooja/mtype133.a(watchdog.o)
 .data          0x00000000000352a4        0x0 obj_cooja/mtype133.a(stimer.o)
 .data          0x00000000000352a4        0x0 obj_cooja/mtype133.a(memb.o)
 .data          0x00000000000352a4       0x18 obj_cooja/mtype133.a(queuebuf.o)
 .data          0x00000000000352bc       0x10 obj_cooja/mtype133.a(nbr-table.o)
 .data          0x00000000000352cc       0x14 obj_cooja/mtype133.a(link-stats.o)
 .data          0x00000000000352e0        0x0 obj_cooja/mtype133.a(mac-sequence.o)
 .data          0x00000000000352e0        0x0 obj_cooja/mtype133.a(mac.o)
 .data          0x00000000000352e0        0x0 obj_cooja/mtype133.a(framer-802154.o)
 .data          0x00000000000352e0        0x2 obj_cooja/mtype133.a(frame802154.o)
 .data          0x00000000000352e2        0x0 obj_cooja/mtype133.a(uipbuf.o)
 *fill*         0x00000000000352e2        0x2 
 .data          0x00000000000352e4       0x20 obj_cooja/mtype133.a(uip-icmp6.o)
 .data          0x0000000000035304       0x10 obj_cooja/mtype133.a(uip-sr.o)
 .data          0x0000000000035314        0xc obj_cooja/mtype133.a(uip-packetqueue)
 .data          0x0000000000035320        0x0 obj_cooja/mtype133.a(uip-udp-packet.)
 .data          0x0000000000035320        0x0 obj_cooja/mtype133.a(rpl-nbr-policy.)
 .data          0x0000000000035320       0x14 obj_cooja/mtype133.a(rpl-neighbor.o)
                0x0000000000035330                rpl_neighbors
 .data          0x0000000000035334        0x0 obj_cooja/mtype133.a(rpl-timers.o)
 .data          0x0000000000035334        0x0 obj_cooja/mtype133.a(rpl-ext-header.)
 *fill*         0x0000000000035334        0xc 
 .data          0x0000000000035340       0x24 obj_cooja/mtype133.a(rpl-mrhof.o)
                0x0000000000035340                rpl_mrhof
 .data          0x0000000000035364        0x0 /usr/lib/gcc/i686-linux-gnu/5/crtendS.o
 .data          0x0000000000035364        0x0 /usr/lib/gcc/i686-linux-gnu/5/../../../i386-linux-gnu/crtn.o

.tm_clone_table
                0x0000000000035364        0x0
 .tm_clone_table
                0x0000000000035364        0x0 /usr/lib/gcc/i686-linux-gnu/5/crtbeginS.o
 .tm_clone_table
                0x0000000000035364        0x0 /usr/lib/gcc/i686-linux-gnu/5/crtendS.o

.data1
 *(.data1)
                0x0000000000035364                _edata = .
                [!provide]                        PROVIDE (edata, .)
                0x0000000000035364                . = .
                0x0000000000035364                __bss_start = .

.bss            0x0000000000035380    0x14ba0
 *(.dynbss)
 .dynbss        0x0000000000035380        0x0 /usr/lib/gcc/i686-linux-gnu/5/../../../i386-linux-gnu/crti.o
 *(.bss .bss.* .gnu.linkonce.b.*)
 .bss           0x0000000000035380        0x0 /usr/lib/gcc/i686-linux-gnu/5/../../../i386-linux-gnu/crti.o
 .bss           0x0000000000035380        0x1 /usr/lib/gcc/i686-linux-gnu/5/crtbeginS.o
 *fill*         0x0000000000035381       0x1f 
 .bss           0x00000000000353a0      0xc00 udp-client.o
 .bss           0x0000000000035fa0     0x2030 obj_cooja/mtype133.o
 .bss           0x0000000000037fd0        0x1 obj_cooja/mtype133.a(simEnvChange.o)
                0x0000000000037fd0                simDontFallAsleep
 *fill*         0x0000000000037fd1        0x3 
 .bss           0x0000000000037fd4        0x4 obj_cooja/mtype133.a(cooja_mt.o)
 .bss           0x0000000000037fd8        0x4 obj_cooja/mtype133.a(cooja_mtarch.o)
 .bss           0x0000000000037fdc        0x0 obj_cooja/mtype133.a(rtimer-arch.o)
 .bss           0x0000000000037fdc        0x0 obj_cooja/mtype133.a(beep.o)
 .bss           0x0000000000037fdc        0x8 obj_cooja/mtype133.a(button-sensor.o)
 .bss           0x0000000000037fe4        0x0 obj_cooja/mtype133.a(leds-arch.o)
 .bss           0x0000000000037fe4        0x0 obj_cooja/mtype133.a(moteid.o)
 .bss           0x0000000000037fe4        0x1 obj_cooja/mtype133.a(pir-sensor.o)
                0x0000000000037fe4                simPirValue
 *fill*         0x0000000000037fe5        0x3 
 .bss           0x0000000000037fe8        0x4 obj_cooja/mtype133.a(rs232.o)
 .bss           0x0000000000037fec        0x1 obj_cooja/mtype133.a(vib-sensor.o)
                0x0000000000037fec                simVibValue
 .bss           0x0000000000037fed        0x0 obj_cooja/mtype133.a(clock.o)
 *fill*         0x0000000000037fed       0x13 
 .bss           0x0000000000038000     0x2020 obj_cooja/mtype133.a(cooja-log.o)
 .bss           0x000000000003a020      0xfc0 obj_cooja/mtype133.a(cfs-cooja.o)
                0x000000000003a020                simCFSData
                0x000000000003afc0                simCFSSize
                0x000000000003afc4                simCFSChanged
                0x000000000003afc8                simCFSRead
                0x000000000003afcc                simCFSWritten
 .bss           0x000000000003afe0       0x24 obj_cooja/mtype133.a(cooja-radio.o)
                0x000000000003afe0                simReceiving
                0x000000000003afe4                simInSize
                0x000000000003afe8                simLastPacketTimestamp
                0x000000000003aff0                simOutSize
 .bss           0x000000000003b004        0xc obj_cooja/mtype133.a(eeprom.o)
                0x000000000003b004                simEEPROMChanged
                0x000000000003b008                simEEPROMRead
                0x000000000003b00c                simEEPROMWritten
 .bss           0x000000000003b010        0x0 obj_cooja/mtype133.a(random.o)
 .bss           0x000000000003b010        0xc obj_cooja/mtype133.a(sensors.o)
 .bss           0x000000000003b01c        0x0 obj_cooja/mtype133.a(leds.o)
 .bss           0x000000000003b01c       0x15 obj_cooja/mtype133.a(mqtt.o)
 .bss           0x000000000003b031        0x0 obj_cooja/mtype133.a(contiki-main.o)
 .bss           0x000000000003b031        0x0 obj_cooja/mtype133.a(autostart.o)
 *fill*         0x000000000003b031        0x3 
 .bss           0x000000000003b034        0x5 obj_cooja/mtype133.a(ctimer.o)
 .bss           0x000000000003b039        0x0 obj_cooja/mtype133.a(energest.o)
 *fill*         0x000000000003b039        0x3 
 .bss           0x000000000003b03c        0x8 obj_cooja/mtype133.a(etimer.o)
 .bss           0x000000000003b044       0x28 obj_cooja/mtype133.a(log.o)
                0x000000000003b044                curr_log_level_rpl
                0x000000000003b048                curr_log_level_tcpip
                0x000000000003b04c                curr_log_level_ipv6
                0x000000000003b050                curr_log_level_6lowpan
                0x000000000003b054                curr_log_level_nullnet
                0x000000000003b058                curr_log_level_mac
                0x000000000003b05c                curr_log_level_framer
                0x000000000003b060                curr_log_level_6top
                0x000000000003b064                curr_log_level_coap
                0x000000000003b068                curr_log_level_lwm2m
 *fill*         0x000000000003b06c       0x14 
 .bss           0x000000000003b080      0x1a1 obj_cooja/mtype133.a(process.o)
                0x000000000003b080                process_list
                0x000000000003b084                process_current
 *fill*         0x000000000003b221        0x3 
 .bss           0x000000000003b224        0x4 obj_cooja/mtype133.a(rtimer.o)
 .bss           0x000000000003b228        0x2 obj_cooja/mtype133.a(node-id.o)
                0x000000000003b228                node_id
 .bss           0x000000000003b22a        0x0 obj_cooja/mtype133.a(timer.o)
 *fill*         0x000000000003b22a       0x16 
 .bss           0x000000000003b240      0x140 obj_cooja/mtype133.a(serial-line.o)
 .bss           0x000000000003b380        0x0 obj_cooja/mtype133.a(list.o)
 .bss           0x000000000003b380        0x0 obj_cooja/mtype133.a(ringbuf.o)
 .bss           0x000000000003b380       0xa0 obj_cooja/mtype133.a(packetbuf.o)
 .bss           0x000000000003b420        0x4 obj_cooja/mtype133.a(netstack.o)
 .bss           0x000000000003b424        0x0 obj_cooja/mtype133.a(linkaddr.o)
 .bss           0x000000000003b424        0x0 obj_cooja/mtype133.a(csma.o)
 *fill*         0x000000000003b424       0x1c 
 .bss           0x000000000003b440      0x726 obj_cooja/mtype133.a(csma-output.o)
 *fill*         0x000000000003bb66        0x2 
 .bss           0x000000000003bb68       0x20 obj_cooja/mtype133.a(uip-ds6.o)
 .bss           0x000000000003bb88        0x5 obj_cooja/mtype133.a(tcp-socket.o)
 *fill*         0x000000000003bb8d       0x13 
 .bss           0x000000000003bba0       0xc4 obj_cooja/mtype133.a(tcpip.o)
 *fill*         0x000000000003bc64       0x1c 
 .bss           0x000000000003bc80       0x60 obj_cooja/mtype133.a(uip-ds6-route.o)
 .bss           0x000000000003bce0        0xc obj_cooja/mtype133.a(uip6.o)
                0x000000000003bce0                uip_ext_bitmap
                0x000000000003bce1                uip_ext_len
                0x000000000003bce2                uip_ext_opt_offset
 *fill*         0x000000000003bcec       0x14 
 .bss           0x000000000003bd00     0x1c20 obj_cooja/mtype133.a(uip-ds6-nbr.o)
 .bss           0x000000000003d920       0x10 obj_cooja/mtype133.a(uip-nd6.o)
 *fill*         0x000000000003d930       0x10 
 .bss           0x000000000003d940      0x520 obj_cooja/mtype133.a(simple-udp.o)
 .bss           0x000000000003de60      0x724 obj_cooja/mtype133.a(sicslowpan.o)
 .bss           0x000000000003e584        0x0 obj_cooja/mtype133.a(uiplib.o)
 .bss           0x000000000003e584        0x1 obj_cooja/mtype133.a(rpl.o)
 .bss           0x000000000003e585        0x0 obj_cooja/mtype133.a(rpl-icmp6.o)
 .bss           0x000000000003e585        0x0 obj_cooja/mtype133.a(rpl-dag.o)
 *fill*         0x000000000003e585        0x3 
 .bss           0x000000000003e588       0x11 obj_cooja/mtype133.a(rpl-dag-root.o)
 .bss           0x000000000003e599        0x0 obj_cooja/mtype133.a(watchdog.o)
 .bss           0x000000000003e599        0x0 obj_cooja/mtype133.a(stimer.o)
 .bss           0x000000000003e599        0x0 obj_cooja/mtype133.a(memb.o)
 *fill*         0x000000000003e599        0x7 
 .bss           0x000000000003e5a0     0x2c80 obj_cooja/mtype133.a(queuebuf.o)
 .bss           0x0000000000041220     0x1214 obj_cooja/mtype133.a(nbr-table.o)
 *fill*         0x0000000000042434        0xc 
 .bss           0x0000000000042440      0xe10 obj_cooja/mtype133.a(link-stats.o)
 *fill*         0x0000000000043250       0x10 
 .bss           0x0000000000043260      0x100 obj_cooja/mtype133.a(mac-sequence.o)
 .bss           0x0000000000043360        0x0 obj_cooja/mtype133.a(mac.o)
 .bss           0x0000000000043360        0x2 obj_cooja/mtype133.a(framer-802154.o)
 .bss           0x0000000000043362        0x0 obj_cooja/mtype133.a(frame802154.o)
 *fill*         0x0000000000043362        0x2 
 .bss           0x0000000000043364        0xc obj_cooja/mtype133.a(uipbuf.o)
 .bss           0x0000000000043370       0x18 obj_cooja/mtype133.a(uip-icmp6.o)
 *fill*         0x0000000000043388       0x18 
 .bss           0x00000000000433a0     0x1d80 obj_cooja/mtype133.a(uip-sr.o)
 .bss           0x0000000000045120      0xa78 obj_cooja/mtype133.a(uip-packetqueue)
 .bss           0x0000000000045b98        0x0 obj_cooja/mtype133.a(uip-udp-packet.)
 .bss           0x0000000000045b98        0xe obj_cooja/mtype133.a(rpl-nbr-policy.)
 *fill*         0x0000000000045ba6       0x1a 
 .bss           0x0000000000045bc0      0x960 obj_cooja/mtype133.a(rpl-neighbor.o)
 .bss           0x0000000000046520       0x40 obj_cooja/mtype133.a(rpl-timers.o)
 .bss           0x0000000000046560        0x0 obj_cooja/mtype133.a(rpl-ext-header.)
 .bss           0x0000000000046560        0x0 obj_cooja/mtype133.a(rpl-mrhof.o)
 .bss           0x0000000000046560        0x0 /usr/lib/gcc/i686-linux-gnu/5/crtendS.o
 .bss           0x0000000000046560        0x0 /usr/lib/gcc/i686-linux-gnu/5/../../../i386-linux-gnu/crtn.o
 *(COMMON)
 COMMON         0x0000000000046560        0x8 obj_cooja/mtype133.o
                0x0000000000046560                referenceVar
                0x0000000000046564                sensors_flags
 COMMON         0x0000000000046568        0xc obj_cooja/mtype133.a(simEnvChange.o)
                0x0000000000046568                simEtimerPending
                0x000000000004656c                simProcessRunValue
                0x0000000000046570                simEtimerNextExpirationTime
 *fill*         0x0000000000046574        0x4 
 COMMON         0x0000000000046578       0x18 obj_cooja/mtype133.a(rtimer-arch.o)
                0x0000000000046578                simRtimerPending
                0x0000000000046580                simRtimerCurrentTicks
                0x0000000000046588                simRtimerNextExpirationTime
 COMMON         0x0000000000046590        0x1 obj_cooja/mtype133.a(beep.o)
                0x0000000000046590                simBeeped
 COMMON         0x0000000000046591        0x3 obj_cooja/mtype133.a(button-sensor.o)
                0x0000000000046591                simButtonIsActive
                0x0000000000046592                simButtonIsDown
                0x0000000000046593                simButtonChanged
 COMMON         0x0000000000046594        0x1 obj_cooja/mtype133.a(leds-arch.o)
                0x0000000000046594                simLedsValue
 *fill*         0x0000000000046595        0x3 
 COMMON         0x0000000000046598        0xc obj_cooja/mtype133.a(moteid.o)
                0x0000000000046598                simRandomSeed
                0x000000000004659c                simMoteIDChanged
                0x00000000000465a0                simMoteID
 COMMON         0x00000000000465a4        0x2 obj_cooja/mtype133.a(pir-sensor.o)
                0x00000000000465a4                simPirIsActive
                0x00000000000465a5                simPirChanged
 *fill*         0x00000000000465a6       0x1a 
 COMMON         0x00000000000465c0      0x820 obj_cooja/mtype133.a(rs232.o)
                0x00000000000465c0                simSerialReceivingFlag
                0x00000000000465c4                simSerialReceivingLength
                0x00000000000465e0                simSerialReceivingData
 COMMON         0x0000000000046de0        0x2 obj_cooja/mtype133.a(vib-sensor.o)
                0x0000000000046de0                simVibChanged
                0x0000000000046de1                simVibIsActive
 *fill*         0x0000000000046de2        0x2 
 COMMON         0x0000000000046de4        0x4 obj_cooja/mtype133.a(clock.o)
                0x0000000000046de4                simCurrentTime
 *fill*         0x0000000000046de8       0x18 
 COMMON         0x0000000000046e00     0x2020 obj_cooja/mtype133.a(cooja-log.o)
                0x0000000000046e00                simLoggedLength
                0x0000000000046e04                simLoggedFlag
                0x0000000000046e20                simLoggedData
 COMMON         0x0000000000048e20      0x100 obj_cooja/mtype133.a(cooja-radio.o)
                0x0000000000048e20                simOutDataBuffer
                0x0000000000048ea0                simInDataBuffer
 COMMON         0x0000000000048f20      0x400 obj_cooja/mtype133.a(eeprom.o)
                0x0000000000048f20                simEEPROMData
 COMMON         0x0000000000049320        0x1 obj_cooja/mtype133.a(sensors.o)
                0x0000000000049320                sensors_event
 COMMON         0x0000000000049321        0x1 obj_cooja/mtype133.a(mqtt.o)
                0x0000000000049321                mqtt_update_event
 *fill*         0x0000000000049322        0x2 
 COMMON         0x0000000000049324       0x50 obj_cooja/mtype133.a(contiki-main.o)
                0x0000000000049324                eb_per_time_source
                0x0000000000049338                unicast_per_neighbor_rpl_storing
                0x000000000004934c                unicast_per_neighbor_rpl_ns
                0x0000000000049360                default_common
 COMMON         0x0000000000049374        0x1 obj_cooja/mtype133.a(serial-line.o)
                0x0000000000049374                serial_line_event_message
 *fill*         0x0000000000049375        0x3 
 COMMON         0x0000000000049378       0x2c obj_cooja/mtype133.a(packetbuf.o)
                0x0000000000049378                packetbuf_attrs
                0x0000000000049394                packetbuf_addrs
 COMMON         0x00000000000493a4        0x8 obj_cooja/mtype133.a(linkaddr.o)
                0x00000000000493a4                linkaddr_node_addr
 *fill*         0x00000000000493ac       0x14 
 COMMON         0x00000000000493c0      0x181 obj_cooja/mtype133.a(uip-ds6.o)
                0x00000000000493c0                uip_ds6_prefix_list
                0x0000000000049420                uip_ds6_timer_periodic
                0x0000000000049430                uip_ds6_netif_addr_list_offset
                0x0000000000049440                uip_ds6_if
                0x0000000000049538                uip_ds6_timer_ra
                0x0000000000049540                uip_ds6_addr_size
 COMMON         0x0000000000049541        0x1 obj_cooja/mtype133.a(tcpip.o)
                0x0000000000049541                tcpip_event
 *fill*         0x0000000000049542       0x1e 
 COMMON         0x0000000000049560      0x80c obj_cooja/mtype133.a(uip6.o)
                0x0000000000049560                uip_slen
                0x0000000000049564                uip_acc32
                0x0000000000049580                uip_conns
                0x0000000000049700                uip_lladdr
                0x0000000000049708                uip_appdata
                0x000000000004970c                uip_flags
                0x0000000000049720                uip_aligned_buf
                0x0000000000049c20                uip_listenports
                0x0000000000049c48                uip_len
                0x0000000000049c4c                uip_sappdata
                0x0000000000049c60                uip_udp_conns
                0x0000000000049d60                uip_udp_conn
                0x0000000000049d64                uip_next_hdr
                0x0000000000049d68                uip_conn
 COMMON         0x0000000000049d6c       0x10 obj_cooja/mtype133.a(rpl.o)
                0x0000000000049d6c                rpl_multicast_addr
 *fill*         0x0000000000049d7c        0x4 
 COMMON         0x0000000000049d80      0x164 obj_cooja/mtype133.a(rpl-dag.o)
                0x0000000000049d80                curr_instance
 *fill*         0x0000000000049ee4       0x1c 
 COMMON         0x0000000000049f00       0x20 obj_cooja/mtype133.a(link-stats.o)
                0x0000000000049f00                periodic_timer
                0x0000000000049f20                . = ALIGN ((. != 0x0)?0x4:0x1)
                0x0000000000049f20                . = ALIGN (0x4)
                0x0000000000049f20                . = SEGMENT_START ("ldata-segment", .)
                0x0000000000049f20                . = ALIGN (0x4)
                0x0000000000049f20                _end = .
                [!provide]                        PROVIDE (end, .)
                0x0000000000049f20                . = DATA_SEGMENT_END (.)

.stab
 *(.stab)

.stabstr
 *(.stabstr)

.stab.excl
 *(.stab.excl)

.stab.exclstr
 *(.stab.exclstr)

.stab.index
 *(.stab.index)

.stab.indexstr
 *(.stab.indexstr)

.comment        0x0000000000000000       0x35
 *(.comment)
 .comment       0x0000000000000000       0x35 /usr/lib/gcc/i686-linux-gnu/5/crtbeginS.o
                                         0x36 (size before relaxing)
 .comment       0x0000000000000035       0x36 udp-client.o
 .comment       0x0000000000000035       0x36 obj_cooja/mtype133.o
 .comment       0x0000000000000035       0x36 obj_cooja/mtype133.a(simEnvChange.o)
 .comment       0x0000000000000035       0x36 obj_cooja/mtype133.a(cooja_mt.o)
 .comment       0x0000000000000035       0x36 obj_cooja/mtype133.a(cooja_mtarch.o)
 .comment       0x0000000000000035       0x36 obj_cooja/mtype133.a(rtimer-arch.o)
 .comment       0x0000000000000035       0x36 obj_cooja/mtype133.a(beep.o)
 .comment       0x0000000000000035       0x36 obj_cooja/mtype133.a(button-sensor.o)
 .comment       0x0000000000000035       0x36 obj_cooja/mtype133.a(leds-arch.o)
 .comment       0x0000000000000035       0x36 obj_cooja/mtype133.a(moteid.o)
 .comment       0x0000000000000035       0x36 obj_cooja/mtype133.a(pir-sensor.o)
 .comment       0x0000000000000035       0x36 obj_cooja/mtype133.a(rs232.o)
 .comment       0x0000000000000035       0x36 obj_cooja/mtype133.a(vib-sensor.o)
 .comment       0x0000000000000035       0x36 obj_cooja/mtype133.a(clock.o)
 .comment       0x0000000000000035       0x36 obj_cooja/mtype133.a(cooja-log.o)
 .comment       0x0000000000000035       0x36 obj_cooja/mtype133.a(cfs-cooja.o)
 .comment       0x0000000000000035       0x36 obj_cooja/mtype133.a(cooja-radio.o)
 .comment       0x0000000000000035       0x36 obj_cooja/mtype133.a(eeprom.o)
 .comment       0x0000000000000035       0x36 obj_cooja/mtype133.a(random.o)
 .comment       0x0000000000000035       0x36 obj_cooja/mtype133.a(sensors.o)
 .comment       0x0000000000000035       0x36 obj_cooja/mtype133.a(leds.o)
 .comment       0x0000000000000035       0x36 obj_cooja/mtype133.a(mqtt.o)
 .comment       0x0000000000000035       0x36 obj_cooja/mtype133.a(contiki-main.o)
 .comment       0x0000000000000035       0x36 obj_cooja/mtype133.a(autostart.o)
 .comment       0x0000000000000035       0x36 obj_cooja/mtype133.a(ctimer.o)
 .comment       0x0000000000000035       0x36 obj_cooja/mtype133.a(energest.o)
 .comment       0x0000000000000035       0x36 obj_cooja/mtype133.a(etimer.o)
 .comment       0x0000000000000035       0x36 obj_cooja/mtype133.a(log.o)
 .comment       0x0000000000000035       0x36 obj_cooja/mtype133.a(process.o)
 .comment       0x0000000000000035       0x36 obj_cooja/mtype133.a(rtimer.o)
 .comment       0x0000000000000035       0x36 obj_cooja/mtype133.a(node-id.o)
 .comment       0x0000000000000035       0x36 obj_cooja/mtype133.a(timer.o)
 .comment       0x0000000000000035       0x36 obj_cooja/mtype133.a(serial-line.o)
 .comment       0x0000000000000035       0x36 obj_cooja/mtype133.a(list.o)
 .comment       0x0000000000000035       0x36 obj_cooja/mtype133.a(ringbuf.o)
 .comment       0x0000000000000035       0x36 obj_cooja/mtype133.a(packetbuf.o)
 .comment       0x0000000000000035       0x36 obj_cooja/mtype133.a(netstack.o)
 .comment       0x0000000000000035       0x36 obj_cooja/mtype133.a(linkaddr.o)
 .comment       0x0000000000000035       0x36 obj_cooja/mtype133.a(csma.o)
 .comment       0x0000000000000035       0x36 obj_cooja/mtype133.a(csma-output.o)
 .comment       0x0000000000000035       0x36 obj_cooja/mtype133.a(uip-ds6.o)
 .comment       0x0000000000000035       0x36 obj_cooja/mtype133.a(tcp-socket.o)
 .comment       0x0000000000000035       0x36 obj_cooja/mtype133.a(tcpip.o)
 .comment       0x0000000000000035       0x36 obj_cooja/mtype133.a(uip-ds6-route.o)
 .comment       0x0000000000000035       0x36 obj_cooja/mtype133.a(uip6.o)
 .comment       0x0000000000000035       0x36 obj_cooja/mtype133.a(uip-ds6-nbr.o)
 .comment       0x0000000000000035       0x36 obj_cooja/mtype133.a(uip-nd6.o)
 .comment       0x0000000000000035       0x36 obj_cooja/mtype133.a(simple-udp.o)
 .comment       0x0000000000000035       0x36 obj_cooja/mtype133.a(sicslowpan.o)
 .comment       0x0000000000000035       0x36 obj_cooja/mtype133.a(uiplib.o)
 .comment       0x0000000000000035       0x36 obj_cooja/mtype133.a(rpl.o)
 .comment       0x0000000000000035       0x36 obj_cooja/mtype133.a(rpl-icmp6.o)
 .comment       0x0000000000000035       0x36 obj_cooja/mtype133.a(rpl-dag.o)
 .comment       0x0000000000000035       0x36 obj_cooja/mtype133.a(rpl-dag-root.o)
 .comment       0x0000000000000035       0x36 obj_cooja/mtype133.a(watchdog.o)
 .comment       0x0000000000000035       0x36 obj_cooja/mtype133.a(stimer.o)
 .comment       0x0000000000000035       0x36 obj_cooja/mtype133.a(memb.o)
 .comment       0x0000000000000035       0x36 obj_cooja/mtype133.a(queuebuf.o)
 .comment       0x0000000000000035       0x36 obj_cooja/mtype133.a(nbr-table.o)
 .comment       0x0000000000000035       0x36 obj_cooja/mtype133.a(link-stats.o)
 .comment       0x0000000000000035       0x36 obj_cooja/mtype133.a(mac-sequence.o)
 .comment       0x0000000000000035       0x36 obj_cooja/mtype133.a(mac.o)
 .comment       0x0000000000000035       0x36 obj_cooja/mtype133.a(framer-802154.o)
 .comment       0x0000000000000035       0x36 obj_cooja/mtype133.a(frame802154.o)
 .comment       0x0000000000000035       0x36 obj_cooja/mtype133.a(uipbuf.o)
 .comment       0x0000000000000035       0x36 obj_cooja/mtype133.a(uip-icmp6.o)
 .comment       0x0000000000000035       0x36 obj_cooja/mtype133.a(uip-sr.o)
 .comment       0x0000000000000035       0x36 obj_cooja/mtype133.a(uip-packetqueue)
 .comment       0x0000000000000035       0x36 obj_cooja/mtype133.a(uip-udp-packet.)
 .comment       0x0000000000000035       0x36 obj_cooja/mtype133.a(rpl-nbr-policy.)
 .comment       0x0000000000000035       0x36 obj_cooja/mtype133.a(rpl-neighbor.o)