Archive member included to satisfy reference by file (symbol)

obj_cooja/mtype712.a(simEnvChange.o)
                              obj_cooja/mtype712.o (simDontFallAsleep)
obj_cooja/mtype712.a(cooja_mt.o)
                              obj_cooja/mtype712.o (cooja_mt_start)
obj_cooja/mtype712.a(cooja_mtarch.o)
                              obj_cooja/mtype712.a(cooja_mt.o) (cooja_mtarch_start)
obj_cooja/mtype712.a(rtimer-arch.o)
                              obj_cooja/mtype712.o (rtimer_arch_check)
obj_cooja/mtype712.a(beep.o)  obj_cooja/mtype712.o (beep_interface)
obj_cooja/mtype712.a(button-sensor.o)
                              obj_cooja/mtype712.o (button_interface)
obj_cooja/mtype712.a(leds-arch.o)
                              obj_cooja/mtype712.o (leds_interface)
obj_cooja/mtype712.a(moteid.o)
                              obj_cooja/mtype712.o (moteid_interface)
obj_cooja/mtype712.a(pir-sensor.o)
                              obj_cooja/mtype712.o (pir_interface)
obj_cooja/mtype712.a(rs232.o)
                              obj_cooja/mtype712.o (rs232_interface)
obj_cooja/mtype712.a(vib-sensor.o)
                              obj_cooja/mtype712.o (vib_interface)
obj_cooja/mtype712.a(clock.o)
                              obj_cooja/mtype712.o (clock_interface)
obj_cooja/mtype712.a(cooja-log.o)
                              obj_cooja/mtype712.o (simlog_interface)
obj_cooja/mtype712.a(cfs-cooja.o)
                              obj_cooja/mtype712.o (cfs_interface)
obj_cooja/mtype712.a(cooja-radio.o)
                              obj_cooja/mtype712.o (radio_interface)
obj_cooja/mtype712.a(eeprom.o)
                              obj_cooja/mtype712.o (eeprom_interface)
obj_cooja/mtype712.a(random.o)
                              obj_cooja/mtype712.a(moteid.o) (random_init)
obj_cooja/mtype712.a(sensors.o)
                              obj_cooja/mtype712.a(button-sensor.o) (sensors_changed)
obj_cooja/mtype712.a(leds.o)  udp-client.o (leds_on)
obj_cooja/mtype712.a(mqtt.o)  udp-client.o (mqtt_disconnect)
obj_cooja/mtype712.a(contiki-main.o)
                              obj_cooja/mtype712.o (main)
obj_cooja/mtype712.a(autostart.o)
                              obj_cooja/mtype712.a(contiki-main.o) (autostart_start)
obj_cooja/mtype712.a(ctimer.o)
                              obj_cooja/mtype712.a(contiki-main.o) (ctimer_init)
obj_cooja/mtype712.a(energest.o)
                              obj_cooja/mtype712.a(contiki-main.o) (energest_init)
obj_cooja/mtype712.a(etimer.o)
                              obj_cooja/mtype712.a(contiki-main.o) (etimer_process)
obj_cooja/mtype712.a(log.o)   obj_cooja/mtype712.a(contiki-main.o) (curr_log_level_main)
obj_cooja/mtype712.a(process.o)
                              udp-client.o (process_current)
obj_cooja/mtype712.a(rtimer.o)
                              obj_cooja/mtype712.a(contiki-main.o) (rtimer_init)
obj_cooja/mtype712.a(node-id.o)
                              udp-client.o (node_id)
obj_cooja/mtype712.a(timer.o)
                              obj_cooja/mtype712.a(button-sensor.o) (timer_set)
obj_cooja/mtype712.a(serial-line.o)
                              obj_cooja/mtype712.a(rs232.o) (serial_line_input_byte)
obj_cooja/mtype712.a(list.o)  obj_cooja/mtype712.a(mqtt.o) (list_init)
obj_cooja/mtype712.a(ringbuf.o)
                              obj_cooja/mtype712.a(serial-line.o) (ringbuf_init)
obj_cooja/mtype712.a(packetbuf.o)
                              obj_cooja/mtype712.a(cooja-radio.o) (packetbuf_clear)
obj_cooja/mtype712.a(netstack.o)
                              obj_cooja/mtype712.a(contiki-main.o) (netstack_init)
obj_cooja/mtype712.a(linkaddr.o)
                              udp-client.o (linkaddr_node_addr)
obj_cooja/mtype712.a(csma.o)  obj_cooja/mtype712.a(cooja-radio.o) (csma_driver)
obj_cooja/mtype712.a(csma-output.o)
                              obj_cooja/mtype712.a(csma.o) (csma_output_packet)
obj_cooja/mtype712.a(uip-ds6.o)
                              obj_cooja/mtype712.a(contiki-main.o) (uip_ds6_get_link_local)
obj_cooja/mtype712.a(tcp-socket.o)
                              obj_cooja/mtype712.a(mqtt.o) (tcp_socket_register)
obj_cooja/mtype712.a(tcpip.o)
                              obj_cooja/mtype712.a(tcp-socket.o) (tcpip_event)
obj_cooja/mtype712.a(uip-ds6-route.o)
                              obj_cooja/mtype712.a(uip-ds6.o) (uip_ds6_route_init)
obj_cooja/mtype712.a(uip6.o)  obj_cooja/mtype712.a(contiki-main.o) (uip_lladdr)
obj_cooja/mtype712.a(uip-ds6-nbr.o)
                              obj_cooja/mtype712.a(uip-ds6.o) (uip_ds6_neighbors_init)
obj_cooja/mtype712.a(uip-nd6.o)
                              obj_cooja/mtype712.a(uip6.o) (uip_nd6_init)
obj_cooja/mtype712.a(simple-udp.o)
                              udp-client.o (simple_udp_sendto)
obj_cooja/mtype712.a(sicslowpan.o)
                              obj_cooja/mtype712.a(contiki-main.o) (sicslowpan_driver)
obj_cooja/mtype712.a(uiplib.o)
[...]
Memory Configuration

Name             Origin             Length             Attributes
*default*        0x0000000000000000 0xffffffffffffffff

Linker script and memory map

LOAD /usr/lib/gcc/i686-linux-gnu/5/../../../i386-linux-gnu/crti.o
LOAD /usr/lib/gcc/i686-linux-gnu/5/crtbeginS.o
LOAD udp-client.o
LOAD obj_cooja/mtype712.o
LOAD obj_cooja/mtype712.a
LOAD /usr/lib/gcc/i686-linux-gnu/5/libgcc.a
LOAD /usr/lib/gcc/i686-linux-gnu/5/libgcc_s.so
LOAD /usr/lib/gcc/i686-linux-gnu/5/../../../i386-linux-gnu/libc.so
START GROUP
LOAD /lib/i386-linux-gnu/libc.so.6
LOAD /usr/lib/i386-linux-gnu/libc_nonshared.a
LOAD /lib/i386-linux-gnu/ld-linux.so.2
END GROUP
LOAD /usr/lib/gcc/i686-linux-gnu/5/libgcc.a
LOAD /usr/lib/gcc/i686-linux-gnu/5/libgcc_s.so
LOAD /usr/lib/gcc/i686-linux-gnu/5/crtendS.o
LOAD /usr/lib/gcc/i686-linux-gnu/5/../../../i386-linux-gnu/crtn.o
                0x0000000000000114                . = (0x0 + SIZEOF_HEADERS)

.note.gnu.build-id
                0x0000000000000114       0x24
 *(.note.gnu.build-id)
 .note.gnu.build-id
                0x0000000000000114       0x24 /usr/lib/gcc/i686-linux-gnu/5/../../../i386-linux-gnu/crti.o

.hash
 *(.hash)

.gnu.hash       0x0000000000000138     0x13ec
 *(.gnu.hash)
 .gnu.hash      0x0000000000000138     0x13ec /usr/lib/gcc/i686-linux-gnu/5/../../../i386-linux-gnu/crti.o

.dynsym         0x0000000000001524     0x2800
 *(.dynsym)
 .dynsym        0x0000000000001524     0x2800 /usr/lib/gcc/i686-linux-gnu/5/../../../i386-linux-gnu/crti.o

.dynstr         0x0000000000003d24     0x2b9a
 *(.dynstr)
 .dynstr        0x0000000000003d24     0x2b9a /usr/lib/gcc/i686-linux-gnu/5/../../../i386-linux-gnu/crti.o

.gnu.version    0x00000000000068be      0x500
 *(.gnu.version)
 .gnu.version   0x00000000000068be      0x500 /usr/lib/gcc/i686-linux-gnu/5/../../../i386-linux-gnu/crti.o

.gnu.version_d  0x0000000000006dc0        0x0
 *(.gnu.version_d)
 .gnu.version_d
                0x0000000000006dc0        0x0 /usr/lib/gcc/i686-linux-gnu/5/../../../i386-linux-gnu/crti.o

.gnu.version_r  0x0000000000006dc0       0x40
 *(.gnu.version_r)
 .gnu.version_r
                0x0000000000006dc0       0x40 /usr/lib/gcc/i686-linux-gnu/5/../../../i386-linux-gnu/crti.o

.rel.dyn        0x0000000000006e00     0xa798
 *(.rel.init)
 .rel.init      0x0000000000006e00        0x0 /usr/lib/gcc/i686-linux-gnu/5/../../../i386-linux-gnu/crti.o
 *(.rel.text .rel.text.* .rel.gnu.linkonce.t.*)
 .rel.text      0x0000000000006e00     0x9e50 /usr/lib/gcc/i686-linux-gnu/5/../../../i386-linux-gnu/crti.o
 *(.rel.fini)
 .rel.fini      0x0000000000010c50        0x0 /usr/lib/gcc/i686-linux-gnu/5/../../../i386-linux-gnu/crti.o
 *(.rel.rodata .rel.rodata.* .rel.gnu.linkonce.r.*)
 .rel.rodata    0x0000000000010c50      0x588 /usr/lib/gcc/i686-linux-gnu/5/../../../i386-linux-gnu/crti.o
 *(.rel.data.rel.ro .rel.data.rel.ro.* .rel.gnu.linkonce.d.rel.ro.*)
 *(.rel.data .rel.data.* .rel.gnu.linkonce.d.*)
 .rel.data.rel.local
                0x00000000000111d8        0x8 /usr/lib/gcc/i686-linux-gnu/5/../../../i386-linux-gnu/crti.o
 .rel.data      0x00000000000111e0      0x380 /usr/lib/gcc/i686-linux-gnu/5/../../../i386-linux-gnu/crti.o
 *(.rel.tdata .rel.tdata.* .rel.gnu.linkonce.td.*)
 *(.rel.tbss .rel.tbss.* .rel.gnu.linkonce.tb.*)
 *(.rel.ctors)
 *(.rel.dtors)
 *(.rel.got)
 .rel.got       0x0000000000011560       0x28 /usr/lib/gcc/i686-linux-gnu/5/../../../i386-linux-gnu/crti.o
 *(.rel.bss .rel.bss.* .rel.gnu.linkonce.b.*)
 *(.rel.ifunc)
 .rel.ifunc     0x0000000000011588        0x0 /usr/lib/gcc/i686-linux-gnu/5/../../../i386-linux-gnu/crti.o
 .rel.fini_array
                0x0000000000011588        0x8 /usr/lib/gcc/i686-linux-gnu/5/../../../i386-linux-gnu/crti.o
 .rel.init_array
                0x0000000000011590        0x8 /usr/lib/gcc/i686-linux-gnu/5/../../../i386-linux-gnu/crti.o

.rel.plt        0x0000000000011598        0x0
 *(.rel.plt)
 .rel.plt       0x0000000000011598        0x0 /usr/lib/gcc/i686-linux-gnu/5/../../../i386-linux-gnu/crti.o
 *(.rel.iplt)

.init           0x0000000000011598       0x23
 *(SORT(.init))
 .init          0x0000000000011598       0x1e /usr/lib/gcc/i686-linux-gnu/5/../../../i386-linux-gnu/crti.o
                0x0000000000011598                _init
 .init          0x00000000000115b6        0x5 /usr/lib/gcc/i686-linux-gnu/5/../../../i386-linux-gnu/crtn.o

.plt            0x00000000000115c0       0x10
 *(.plt)
 .plt           0x00000000000115c0       0x10 /usr/lib/gcc/i686-linux-gnu/5/../../../i386-linux-gnu/crti.o
 *(.iplt)

.plt.got        0x00000000000115d0       0x10
 *(.plt.got)
 .plt.got       0x00000000000115d0       0x10 /usr/lib/gcc/i686-linux-gnu/5/../../../i386-linux-gnu/crti.o

.text           0x00000000000115e0    0x1a22b
 *(.text.unlikely .text.*_unlikely .text.unlikely.*)
 .text.unlikely
                0x00000000000115e0        0x0 /usr/lib/gcc/i686-linux-gnu/5/crtbeginS.o
 *(.text.exit .text.exit.*)
 *(.text.startup .text.startup.*)
 *(.text.hot .text.hot.*)
 *(.text .stub .text.* .gnu.linkonce.t.*)
 .text          0x00000000000115e0        0x0 /usr/lib/gcc/i686-linux-gnu/5/../../../i386-linux-gnu/crti.o
 .gnu.linkonce.t.__x86.get_pc_thunk.bx
                0x00000000000115e0        0x4 /usr/lib/gcc/i686-linux-gnu/5/../../../i386-linux-gnu/crti.o
                0x00000000000115e0                __x86.get_pc_thunk.bx
 *fill*         0x00000000000115e4        0xc 
 .text          0x00000000000115f0      0x11c /usr/lib/gcc/i686-linux-gnu/5/crtbeginS.o
 .text.__x86.get_pc_thunk.dx
                0x000000000001170c        0x4 /usr/lib/gcc/i686-linux-gnu/5/crtbeginS.o
                0x000000000001170c                __x86.get_pc_thunk.dx
 .text          0x0000000000011710     0x1582 udp-client.o
                0x0000000000011710                ipaddr_sprintf
 .text          0x0000000000012c92      0x271 obj_cooja/mtype712.o
                0x0000000000012d24                platform_init_stage_one
                0x0000000000012d2a                platform_init_stage_two
                0x0000000000012d38                platform_init_stage_three
                0x0000000000012d4b                platform_main_loop
                0x0000000000012dbe                Java_org_contikios_cooja_corecomm_Lib2_init
                0x0000000000012df5                Java_org_contikios_cooja_corecomm_Lib2_getMemory
                0x0000000000012e28                Java_org_contikios_cooja_corecomm_Lib2_setMemory
                0x0000000000012e88                Java_org_contikios_cooja_corecomm_Lib2_tick
                0x0000000000012ef0                Java_org_contikios_cooja_corecomm_Lib2_setReferenceAddress
 .text          0x0000000000012f03       0x65 obj_cooja/mtype712.a(simEnvChange.o)
                0x0000000000012f03                doActionsBeforeTick
                0x0000000000012f35                doActionsAfterTick
 .text          0x0000000000012f68       0x83 obj_cooja/mtype712.a(cooja_mt.o)
                0x0000000000012f68                cooja_mt_start
                0x0000000000012f92                cooja_mt_exec
                0x0000000000012fc8                cooja_mt_yield
 .text          0x0000000000012feb       0xbe obj_cooja/mtype712.a(cooja_mtarch.o)
                0x0000000000012feb                cooja_mtarch_start
                0x000000000001305e                cooja_sw
                0x0000000000013081                cooja_mtarch_exec
                0x000000000001309e                cooja_mtarch_yield
 .text          0x00000000000130a9       0xc5 obj_cooja/mtype712.a(rtimer-arch.o)
                0x00000000000130a9                rtimer_arch_init
                0x00000000000130cd                rtimer_arch_schedule
                0x00000000000130fd                rtimer_arch_next
                0x000000000001310d                rtimer_arch_pending
                0x0000000000013117                rtimer_arch_check
                0x000000000001315e                rtimer_arch_now
 .text          0x000000000001316e       0x81 obj_cooja/mtype712.a(beep.o)
                0x000000000001316e                beep_alarm
                0x000000000001317b                beep_beep
                0x0000000000013188                beep
                0x0000000000013195                beep_down
                0x00000000000131a2                beep_on
                0x00000000000131af                beep_off
                0x00000000000131bc                beep_spinup
                0x00000000000131c9                beep_quick
                0x00000000000131d6                beep_long
 .text          0x00000000000131ef      0x10d obj_cooja/mtype712.a(button-sensor.o)
 .text          0x00000000000132fc       0x49 obj_cooja/mtype712.a(leds-arch.o)
                0x00000000000132fc                leds_arch_init
                0x0000000000013309                leds_arch_get
                0x0000000000013315                leds_arch_set
 .text          0x0000000000013345       0x35 obj_cooja/mtype712.a(moteid.o)
 .text          0x000000000001337a       0xb7 obj_cooja/mtype712.a(pir-sensor.o)
 .text          0x0000000000013431      0x148 obj_cooja/mtype712.a(rs232.o)
                0x0000000000013431                rs232_init
                0x0000000000013437                rs232_set_speed
                0x0000000000013446                rs232_set_input
                0x0000000000013454                rs232_send
                0x0000000000013478                rs232_print
                0x0000000000013494                slip_arch_writeb
 .text          0x0000000000013579       0xb7 obj_cooja/mtype712.a(vib-sensor.o)
 .text          0x0000000000013630       0x38 obj_cooja/mtype712.a(clock.o)
                0x0000000000013630                clock_init
                0x0000000000013636                clock_time
                0x0000000000013640                clock_seconds
                0x0000000000013656                clock_delay
 .text          0x0000000000013668      0x219 obj_cooja/mtype712.a(cooja-log.o)
                0x0000000000013668                simlog_char
                0x00000000000136ab                simlog
                0x0000000000013721                log_message
                0x0000000000013752                log_set_putchar_with_slip
                0x0000000000013760                log_putchar
                0x00000000000137db                log_puts
                0x0000000000013803                log_printf
 .text          0x0000000000013881      0x2b9 obj_cooja/mtype712.a(cfs-cooja.o)
                0x0000000000013881                cfs_open
                0x00000000000138ea                cfs_close
                0x00000000000138f7                cfs_read
                0x000000000001398c                cfs_write
                0x0000000000013a68                cfs_seek
                0x0000000000013af0                cfs_remove
                0x0000000000013b14                cfs_opendir
                0x0000000000013b1e                cfs_readdir
                0x0000000000013b28                cfs_closedir
 .text          0x0000000000013b3a      0x605 obj_cooja/mtype712.a(cooja-radio.o)
                0x0000000000013b7c                radio_set_channel
                0x0000000000013b8a                radio_set_txpower
                0x0000000000013ba2                radio_signal_strength_last
                0x0000000000013bac                radio_signal_strength_current
                0x0000000000013bb6                radio_LQI
 .text          0x000000000001413f       0xee obj_cooja/mtype712.a(eeprom.o)
                0x000000000001413f                eeprom_init
                0x0000000000014145                eeprom_read
                0x00000000000141b3                eeprom_write
 .text          0x000000000001422d       0x2d obj_cooja/mtype712.a(random.o)
                0x000000000001422d                random_init
                0x000000000001424d                random_rand
 .text          0x000000000001425a      0x29c obj_cooja/mtype712.a(sensors.o)
                0x0000000000014295                sensors_first
                0x000000000001429f                sensors_next
                0x00000000000142b9                sensors_changed
                0x00000000000142ed                sensors_find
 .text          0x00000000000144f6       0xf6 obj_cooja/mtype712.a(leds.o)
                0x00000000000144f6                leds_init
                0x0000000000014504                leds_blink
                0x0000000000014547                leds_get
                0x0000000000014554                leds_set
                0x0000000000014573                leds_on
                0x0000000000014599                leds_off
                0x00000000000145c6                leds_toggle
 .text          0x00000000000145ec     0x3779 obj_cooja/mtype712.a(mqtt.o)
                0x000000000001778f                mqtt_init
                0x000000000001784d                mqtt_register
                0x00000000000178ea                mqtt_connect
                0x00000000000179fc                mqtt_disconnect
                0x0000000000017a3a                mqtt_subscribe
                0x0000000000017af7                mqtt_unsubscribe
                0x0000000000017ba5                mqtt_publish
                0x0000000000017c86                mqtt_set_username_password
                0x0000000000017d11                mqtt_set_last_will
 .text          0x0000000000017d65      0x328 obj_cooja/mtype712.a(contiki-main.o)
                0x0000000000017d65                main
 .text          0x000000000001808d       0x92 obj_cooja/mtype712.a(autostart.o)
                0x000000000001808d                autostart_start
                0x00000000000180d7                autostart_exit
 .text          0x000000000001811f      0x355 obj_cooja/mtype712.a(ctimer.o)
                0x0000000000018247                ctimer_init
                0x000000000001827a                ctimer_set
                0x00000000000182a0                ctimer_set_with_process
                0x000000000001831d                ctimer_reset
                0x0000000000018371                ctimer_restart
                0x00000000000183c5                ctimer_stop
                0x0000000000018415                ctimer_expired
 .text          0x0000000000018474       0x1b obj_cooja/mtype712.a(energest.o)
                0x0000000000018474                energest_init
                0x000000000001847a                energest_flush
                0x0000000000018480                energest_get_total_time
 .text          0x000000000001848f      0x43f obj_cooja/mtype712.a(etimer.o)
                0x00000000000186b3                etimer_request_poll
                0x000000000001873c                etimer_set
                0x0000000000018765                etimer_reset_with_new_interval
                0x0000000000018794                etimer_reset
                0x00000000000187ba                etimer_restart
                0x00000000000187e0                etimer_adjust
                0x00000000000187fd                etimer_expired
                0x0000000000018810                etimer_expiration_time
                0x0000000000018822                etimer_start_time
                0x000000000001882c                etimer_pending
                0x000000000001883e                etimer_next_expiration_time
                0x0000000000018858                etimer_stop
 .text          0x00000000000188ce      0x394 obj_cooja/mtype712.a(log.o)
                0x00000000000188ce                log_6addr
                0x0000000000018921                log_6addr_compact_snprint
                0x00000000000189bf                log_6addr_compact
                0x0000000000018a12                log_lladdr
                0x0000000000018a84                log_lladdr_compact
                0x0000000000018aec                log_set_level
                0x0000000000018ba7                log_get_level
                0x0000000000018c20                log_level_to_str
 .text          0x0000000000018c62      0x4fb obj_cooja/mtype712.a(process.o)
                0x0000000000018c62                process_alloc_event
                0x0000000000018c77                process_start
                0x0000000000018e51                process_exit
                0x0000000000018e6e                process_init
                0x0000000000019003                process_run
                0x0000000000019036                process_nevents
                0x0000000000019051                process_post
                0x00000000000190e4                process_post_synch
                0x0000000000019119                process_poll
                0x0000000000019149                process_is_running
 .text          0x000000000001915d       0xeb obj_cooja/mtype712.a(rtimer.o)
                0x000000000001915d                rtimer_init
                0x000000000001916b                rtimer_set
                0x00000000000191e6                rtimer_run_next
 .text          0x0000000000019248       0x25 obj_cooja/mtype712.a(node-id.o)
                0x0000000000019248                node_id_init
 .text          0x000000000001926d       0x9c obj_cooja/mtype712.a(timer.o)
                0x000000000001926d                timer_set
                0x000000000001928b                timer_reset
                0x00000000000192a3                timer_restart
                0x00000000000192b8                timer_expired
                0x00000000000192e5                timer_remaining
 .text          0x0000000000019309      0x1eb obj_cooja/mtype712.a(serial-line.o)
                0x0000000000019309                serial_line_input_byte
                0x00000000000194bf                serial_line_init
 .text          0x00000000000194f4      0x28f obj_cooja/mtype712.a(list.o)
                0x00000000000194f4                list_init
                0x0000000000019503                list_head
                0x000000000001950d                list_copy
                0x000000000001951d                list_tail
                0x0000000000019553                list_add
                0x000000000001959f                list_push
                0x00000000000195cb                list_chop
                0x0000000000019635                list_pop
                0x000000000001965d                list_remove
                0x00000000000196c5                list_length
                0x00000000000196f3                list_insert
                0x0000000000019738                list_item_next
                0x000000000001974f                list_contains
 .text          0x0000000000019783      0x156 obj_cooja/mtype712.a(ringbuf.o)
                0x0000000000019783                ringbuf_init
                0x00000000000197b5                ringbuf_put
                0x0000000000019833                ringbuf_get
                0x00000000000198a0                ringbuf_size
                0x00000000000198b2                ringbuf_elements
 .text          0x00000000000198d9      0x407 obj_cooja/mtype712.a(packetbuf.o)
                0x00000000000198d9                packetbuf_clear
                0x0000000000019904                packetbuf_copyfrom
                0x0000000000019953                packetbuf_copyto
                0x00000000000199e6                packetbuf_hdralloc
                0x0000000000019a62                packetbuf_hdrreduce
                0x0000000000019aa8                packetbuf_set_datalen
                0x0000000000019ac2                packetbuf_dataptr
                0x0000000000019adf                packetbuf_hdrptr
                0x0000000000019ae9                packetbuf_datalen
                0x0000000000019af5                packetbuf_hdrlen
                0x0000000000019b0c                packetbuf_totlen
                0x0000000000019b22                packetbuf_remaininglen
                0x0000000000019b35                packetbuf_attr_clear
                0x0000000000019b81                packetbuf_attr_copyto
                0x0000000000019bd9                packetbuf_attr_copyfrom
                0x0000000000019c31                packetbuf_set_attr
                0x0000000000019c5b                packetbuf_attr
                0x0000000000019c75                packetbuf_set_addr
                0x0000000000019ca6                packetbuf_addr
                0x0000000000019cc3                packetbuf_holds_broadcast
 .text          0x0000000000019ce0       0xef obj_cooja/mtype712.a(netstack.o)
                0x0000000000019ce0                netstack_process_ip_callback
                0x0000000000019d71                netstack_ip_packet_processor_add
                0x0000000000019d94                uip_ds6_ip_packet_processor_rm
                0x0000000000019db1                netstack_init
 .text          0x0000000000019dcf       0x4f obj_cooja/mtype712.a(linkaddr.o)
                0x0000000000019dcf                linkaddr_copy
                0x0000000000019de5                linkaddr_cmp
                0x0000000000019e08                linkaddr_set_node_addr
 .text          0x0000000000019e1e      0x165 obj_cooja/mtype712.a(csma.o)
 .text          0x0000000000019f83      0x944 obj_cooja/mtype712.a(csma-output.o)
                0x000000000001a5fc                csma_output_packet
                0x000000000001a889                csma_output_init
 .text          0x000000000001a8c7      0xb25 obj_cooja/mtype712.a(uip-ds6.o)
                0x000000000001a8c7                uip_ds6_init
                0x000000000001aa72                uip_ds6_periodic
                0x000000000001aaf9                uip_ds6_list_loop
                0x000000000001abb9                uip_ds6_prefix_add
                0x000000000001ac65                uip_ds6_prefix_rm
                0x000000000001ac78                uip_ds6_prefix_lookup
                0x000000000001acb7                uip_ds6_is_addr_onlink
                0x000000000001ad2a                uip_ds6_addr_add
                0x000000000001ae4a                uip_ds6_addr_rm
                0x000000000001aef3                uip_ds6_addr_lookup
                0x000000000001af2c                uip_ds6_get_link_local
                0x000000000001afad                uip_ds6_get_global
                0x000000000001b02e                uip_ds6_maddr_add
                0x000000000001b08e                uip_ds6_maddr_rm
                0x000000000001b0a1                uip_ds6_maddr_lookup
                0x000000000001b0da                uip_ds6_aaddr_add
                0x000000000001b13a                uip_ds6_aaddr_rm
                0x000000000001b14d                uip_ds6_aaddr_lookup
                0x000000000001b186                uip_ds6_select_src
                0x000000000001b2cf                uip_ds6_set_addr_iid
                0x000000000001b2fa                uip_ds6_set_lladdr_from_iid
                0x000000000001b323                get_match_length
                0x000000000001b3b4                uip_ds6_compute_reachable_time
 .text          0x000000000001b3ec      0x9d5 obj_cooja/mtype712.a(tcp-socket.o)
                0x000000000001ba37                tcp_socket_register
                0x000000000001bac8                tcp_socket_connect
                0x000000000001bb5f                tcp_socket_listen
                0x000000000001bbd6                tcp_socket_unlisten
                0x000000000001bc4a                tcp_socket_send
                0x000000000001bcea                tcp_socket_send_str
                0x000000000001bd12                tcp_socket_close
                0x000000000001bd3b                tcp_socket_unregister
                0x000000000001bd95                tcp_socket_max_sendlen
                0x000000000001bdb2                tcp_socket_queuelen
 .text          0x000000000001bdc1      0xa72 obj_cooja/mtype712.a(tcpip.o)
                0x000000000001bddb                tcpip_output
                0x000000000001bebf                tcp_connect
                0x000000000001bf17                tcp_unlisten
                0x000000000001bf77                tcp_listen
                0x000000000001bfd5                tcp_attach
                0x000000000001bfed                udp_attach
                0x000000000001c005                udp_new
                0x000000000001c04f                udp_broadcast_new
                0x000000000001c2d4                tcpip_input
                0x000000000001c474                tcpip_ipv6_output
                0x000000000001c688                tcpip_poll_udp
                0x000000000001c6a6                tcpip_poll_tcp
                0x000000000001c6c4                tcpip_uipcall
 .text          0x000000000001c833      0x35b obj_cooja/mtype712.a(uip-ds6-route.o)
                0x000000000001c884                uip_ds6_route_init
                0x000000000001c8ae                uip_ds6_route_nexthop
                0x000000000001c8b8                uip_ds6_route_head
                0x000000000001c8c2                uip_ds6_route_next
                0x000000000001c8cc                uip_ds6_route_is_nexthop
                0x000000000001c8d6                uip_ds6_route_num_routes
                0x000000000001c8e0                uip_ds6_route_lookup
                0x000000000001c8ea                uip_ds6_route_add
                0x000000000001c8fd                uip_ds6_route_rm
                0x000000000001c903                uip_ds6_route_rm_by_nexthop
                0x000000000001c909                uip_ds6_defrt_head
                0x000000000001c922                uip_ds6_defrt_add
                0x000000000001c9d0                uip_ds6_defrt_rm
                0x000000000001ca36                uip_ds6_defrt_lookup
                0x000000000001ca9d                uip_ds6_defrt_choose
                0x000000000001cb13                uip_ds6_defrt_periodic
 .text          0x000000000001cb8e     0x2802 obj_cooja/mtype712.a(uip6.o)
                0x000000000001cb8e                uip_add32
                0x000000000001cd28                uip_chksum
                0x000000000001ce09                uip_icmp6chksum
                0x000000000001ce1e                uip_tcpchksum
                0x000000000001ce33                uip_udpchksum
                0x000000000001ce48                uip_init
                0x000000000001ced3                uip_connect
                0x000000000001d05c                remove_ext_hdr
                0x000000000001d141                uip_udp_new
                0x000000000001d263                uip_unlisten
                0x000000000001d2a5                uip_listen
                0x000000000001d546                uip_process
                0x000000000001f28b                uip_htons
                0x000000000001f2ad                uip_htonl
                0x000000000001f2eb                uip_send
 .text          0x000000000001f390      0x374 obj_cooja/mtype712.a(uip-ds6-nbr.o)
                0x000000000001f390                uip_ds6_neighbors_init
                0x000000000001f3b4                uip_ds6_nbr_add
                0x000000000001f43a                uip_ds6_nbr_rm
                0x000000000001f485                uip_ds6_nbr_update_ll
                0x000000000001f573                uip_ds6_nbr_get_ipaddr
                0x000000000001f588                uip_ds6_nbr_get_ll
                0x000000000001f5a4                uip_ds6_nbr_num
                0x000000000001f5ed                uip_ds6_nbr_head
                0x000000000001f606                uip_ds6_nbr_next
                0x000000000001f622                uip_ds6_nbr_lookup
                0x000000000001f685                uip_ds6_nbr_ll_lookup
                0x000000000001f6a1                uip_ds6_nbr_ipaddr_from_lladdr
                0x000000000001f6ca                uip_ds6_nbr_lladdr_from_ipaddr
                0x000000000001f6fe                uip_ds6_link_callback
 .text          0x000000000001f704      0x6b5 obj_cooja/mtype712.a(uip-nd6.o)
                0x000000000001fda0                uip_nd6_init
 .text          0x000000000001fdb9      0x37a obj_cooja/mtype712.a(simple-udp.o)
                0x000000000001fde6                simple_udp_send
                0x000000000001fe49                simple_udp_sendto
                0x000000000001fea4                simple_udp_sendto_port
                0x000000000001fefd                simple_udp_register
 .text          0x0000000000020133     0x2a78 obj_cooja/mtype712.a(sicslowpan.o)
                0x0000000000020631                netstack_sniffer_add
                0x000000000002063f                netstack_sniffer_remove
                0x0000000000022b77                sicslowpan_init
                0x0000000000022ba1                sicslowpan_get_last_rssi
 .text          0x0000000000022bab      0x4d1 obj_cooja/mtype712.a(uiplib.o)
                0x0000000000022bab                uiplib_ip6addrconv
                0x0000000000022d63                uiplib_ip4addrconv
                0x0000000000022e26                uiplib_ipaddr_print
                0x0000000000022e79                uiplib_ipaddr_snprint
 .text          0x000000000002307c      0x4c9 obj_cooja/mtype712.a(rpl.o)
                0x000000000002307c                rpl_lollipop_greater_than
                0x00000000000230d6                rpl_get_global_address
                0x00000000000231ce                rpl_link_callback
                0x0000000000023212                rpl_has_joined
                0x0000000000023237                rpl_is_reachable
                0x00000000000232b8                rpl_reset_prefix
                0x0000000000023322                rpl_set_prefix_from_addr
                0x0000000000023407                rpl_set_prefix
                0x0000000000023521                rpl_set_leaf_only
                0x0000000000023539                rpl_get_leaf_only
 .text          0x0000000000023545     0x13cb obj_cooja/mtype712.a(rpl-icmp6.o)
                0x000000000002366a                rpl_icmp6_update_nbr_table
                0x0000000000023703                rpl_icmp6_dis_output
                0x0000000000023d59                rpl_icmp6_dio_output
                0x0000000000024566                rpl_icmp6_dao_output
                0x0000000000024857                rpl_icmp6_dao_ack_output
                0x00000000000248c7                rpl_icmp6_init
 .text          0x0000000000024910      0xe51 obj_cooja/mtype712.a(rpl-dag.o)
                0x0000000000024910                rpl_dag_state_to_str
                0x000000000002494f                rpl_dag_get_root_ipaddr
                0x0000000000024997                rpl_dag_leave
                0x0000000000024a20                rpl_dag_poison_and_leave
                0x0000000000024a38                rpl_dag_periodic
                0x0000000000024ac0                rpl_is_addr_in_our_dag
                0x0000000000024b04                rpl_get_default_instance
                0x0000000000024b20                rpl_get_any_dag
                0x0000000000024b79                rpl_refresh_routes
                0x0000000000024bb9                rpl_global_repair
                0x0000000000024c45                rpl_local_repair
                0x0000000000024c8f                rpl_dag_ready_to_advertise
                0x0000000000024cd2                rpl_dag_update_state
                0x00000000000253f6                rpl_process_dio
                0x0000000000025477                rpl_process_dis
                0x00000000000254bc                rpl_process_dao
                0x000000000002554b                rpl_process_dao_ack
                0x00000000000255dd                rpl_process_hbh
                0x000000000002562d                rpl_dag_init_root
                0x0000000000025741                rpl_dag_init
 .text          0x0000000000025761      0x286 obj_cooja/mtype712.a(rpl-dag-root.o)
                0x0000000000025761                rpl_dag_root_print_links
                0x00000000000258af                rpl_dag_root_set_prefix
                0x00000000000258db                rpl_dag_root_start
                0x00000000000259b8                rpl_dag_root_is_root
 .text          0x00000000000259e7       0x1e obj_cooja/mtype712.a(watchdog.o)
                0x00000000000259e7                watchdog_init
                0x00000000000259ed                watchdog_start
                0x00000000000259f3                watchdog_periodic
                0x00000000000259f9                watchdog_stop
                0x00000000000259ff                watchdog_reboot
 .text          0x0000000000025a05       0xb2 obj_cooja/mtype712.a(stimer.o)
                0x0000000000025a05                stimer_set
                0x0000000000025a23                stimer_reset
                0x0000000000025a3b                stimer_restart
                0x0000000000025a50                stimer_expired
                0x0000000000025a7b                stimer_remaining
                0x0000000000025a9f                stimer_elapsed
 .text          0x0000000000025ab7      0x1b8 obj_cooja/mtype712.a(memb.o)
                0x0000000000025ab7                memb_init
                0x0000000000025b0c                memb_alloc
                0x0000000000025b71                memb_free
                0x0000000000025bec                memb_inmemb
                0x0000000000025c2b                memb_numfree
 .text          0x0000000000025c6f      0x2e7 obj_cooja/mtype712.a(queuebuf.o)
                0x0000000000025c79                queuebuf_init
                0x0000000000025ca2                queuebuf_numfree
                0x0000000000025cba                queuebuf_new_from_packetbuf
                0x0000000000025d59                queuebuf_update_attr_from_packetbuf
                0x0000000000025d8e                queuebuf_update_from_packetbuf
                0x0000000000025dde                queuebuf_free
                0x0000000000025e27                queuebuf_to_packetbuf
                0x0000000000025e93                queuebuf_dataptr
                0x0000000000025ecd                queuebuf_datalen
                0x0000000000025ef0                queuebuf_addr
                0x0000000000025f25                queuebuf_attr
                0x0000000000025f50                queuebuf_debug_print
 .text          0x0000000000025f56      0x78b obj_cooja/mtype712.a(nbr-table.o)
                0x00000000000263cf                nbr_table_register
                0x000000000002643c                nbr_table_is_registered
                0x0000000000026477                nbr_table_head
                0x00000000000264d2                nbr_table_next
                0x0000000000026533                nbr_table_add_lladdr
                0x00000000000265fd                nbr_table_get_from_lladdr
                0x0000000000026649                nbr_table_remove
                0x0000000000026681                nbr_table_lock
                0x000000000002669b                nbr_table_unlock
                0x00000000000266b5                nbr_table_get_lladdr
 .text          0x00000000000266e1      0x37c obj_cooja/mtype712.a(link-stats.o)
                0x00000000000266e1                link_stats_from_lladdr
                0x00000000000266fd                link_stats_is_fresh
                0x0000000000026739                guess_etx_from_rssi
                0x00000000000267b5                link_stats_packet_sent
                0x00000000000268c8                link_stats_input_callback
                0x00000000000269d8                link_stats_reset
                0x0000000000026a28                link_stats_init
 .text          0x0000000000026a5d      0x187 obj_cooja/mtype712.a(mac-sequence.o)
                0x0000000000026a5d                mac_sequence_is_duplicate
                0x0000000000026afd                mac_sequence_register_seqno
 .text          0x0000000000026be4       0x23 obj_cooja/mtype712.a(mac.o)
                0x0000000000026be4                mac_call_sent_callback
 .text          0x0000000000026c07      0x41d obj_cooja/mtype712.a(framer-802154.o)
                0x0000000000026d96                framer_802154_setup_params
 .text          0x0000000000027024      0xb6f obj_cooja/mtype712.a(frame802154.o)
                0x0000000000027055                frame802154_get_pan_id
                0x0000000000027061                frame802154_set_pan_id
                0x000000000002707b                frame802154_has_panid
                0x000000000002722a                frame802154_check_dest_panid
                0x00000000000272b2                frame802154_is_broadcast_addr
                0x00000000000272ff                frame802154_extract_linkaddr
                0x0000000000027564                frame802154_hdrlen
                0x00000000000275d7                frame802154_create_fcf
                0x000000000002768f                frame802154_create
                0x0000000000027804                frame802154_parse_fcf
                0x00000000000278e6                frame802154_parse
 .text          0x0000000000027b93      0x1ec obj_cooja/mtype712.a(uipbuf.o)
                0x0000000000027b93                uipbuf_get_next_header
                0x0000000000027c02                uipbuf_get_last_header
                0x0000000000027c89                uipbuf_get_attr
                0x0000000000027cb0                uipbuf_set_attr
                0x0000000000027ce7                uipbuf_clear_attr
                0x0000000000027d13                uipbuf_set_attr_flag
                0x0000000000027d34                uipbuf_clr_attr_flag
                0x0000000000027d5b                uipbuf_is_attr_flag
 .text          0x0000000000027d7f      0x96e obj_cooja/mtype712.a(uip-icmp6.o)
                0x0000000000027df4                uip_icmp6_input
                0x0000000000027e4b                uip_icmp6_register_input_handler
                0x0000000000028057                uip_icmp6_error_output
                0x00000000000283b6                uip_icmp6_send
                0x0000000000028675                uip_icmp6_echo_reply_callback_add
                0x00000000000286a7                uip_icmp6_echo_reply_callback_rm
                0x00000000000286c4                uip_icmp6_init
 .text          0x00000000000286ed      0x69b obj_cooja/mtype712.a(uip-sr.o)
                0x00000000000286ed                uip_sr_num_nodes
                0x000000000002877b                uip_sr_get_node
                0x00000000000287d2                uip_sr_is_addr_reachable
                0x0000000000028880                uip_sr_expire_parent
                0x00000000000288c9                uip_sr_update_node
                0x00000000000289f9                uip_sr_init
                0x0000000000028a2d                uip_sr_node_head
                0x0000000000028a46                uip_sr_node_next
                0x0000000000028a5c                uip_sr_periodic
                0x0000000000028b62                uip_sr_free_all
                0x0000000000028bd2                uip_sr_link_snprint
 .text          0x0000000000028d88      0x146 obj_cooja/mtype712.a(uip-packetqueue)
                0x0000000000028db6                uip_packetqueue_new
                0x0000000000028dc5                uip_packetqueue_alloc
                0x0000000000028e20                uip_packetqueue_free
                0x0000000000028e67                uip_packetqueue_buf
                0x0000000000028e84                uip_packetqueue_buflen
                0x0000000000028ea5                uip_packetqueue_set_buflen
 .text          0x0000000000028ece      0x128 obj_cooja/mtype712.a(uip-udp-packet.)
                0x0000000000028ece                uip_udp_packet_send
                0x0000000000028f29                uip_udp_packet_sendto
 .text          0x0000000000028ff6      0x1c8 obj_cooja/mtype712.a(rpl-nbr-policy.)
                0x000000000002917b                rpl_nbr_policy_find_removable
 .text          0x00000000000291be      0x8ed obj_cooja/mtype712.a(rpl-neighbor.o)
                0x000000000002923a                rpl_neighbor_snprint
                0x00000000000294e7                rpl_neighbor_print_list
                0x000000000002959c                rpl_neighbor_count
                0x0000000000029643                rpl_neighbor_get_from_lladdr
                0x000000000002965f                rpl_neighbor_is_acceptable_parent
                0x0000000000029693                rpl_neighbor_get_link_metric
                0x00000000000296c7                rpl_neighbor_rank_via_nbr
                0x00000000000296fb                rpl_neighbor_get_lladdr
                0x0000000000029717                rpl_neighbor_get_ipaddr
                0x000000000002973e                rpl_neighbor_get_link_stats
                0x0000000000029765                rpl_neighbor_is_fresh
                0x000000000002978c                rpl_neighbor_is_reachable
                0x00000000000297d7                rpl_neighbor_is_parent
                0x0000000000029801                rpl_neighbor_set_preferred_parent
                0x000000000002988d                rpl_neighbor_remove_all
                0x00000000000298dc                rpl_neighbor_get_from_ipaddr
                0x00000000000299e0                rpl_neighbor_select_best
                0x0000000000029a8c                rpl_neighbor_init
 .text          0x0000000000029aab      0xa19 obj_cooja/mtype712.a(rpl-timers.o)
                0x0000000000029aab                rpl_timers_schedule_periodic_dis
                0x0000000000029bf9                rpl_timers_dio_reset
                0x0000000000029cea                rpl_timers_schedule_unicast_dio
                0x0000000000029e70                rpl_timers_schedule_dao
                0x0000000000029faa                rpl_timers_schedule_dao_ack
                0x000000000002a030                get_probing_delay
                0x000000000002a064                get_probing_target
                0x000000000002a24e                rpl_schedule_probing
                0x000000000002a27c                rpl_schedule_probing_now
                0x000000000002a2e6                rpl_timers_unschedule_leaving
                0x000000000002a31e                rpl_timers_schedule_leaving
                0x000000000002a35f                rpl_timers_init
                0x000000000002a3ef                rpl_timers_stop_dag_timers
                0x000000000002a468                rpl_timers_unschedule_state_update
                0x000000000002a48c                rpl_timers_schedule_state_update
 .text          0x000000000002a4c4     0x102c obj_cooja/mtype712.a(rpl-ext-header.)
                0x000000000002a4c4                rpl_ext_header_srh_get_next_hop
                0x000000000002a640                rpl_ext_header_srh_update
                0x000000000002ad39                rpl_ext_header_hbh_update
                0x000000000002b28e                rpl_ext_header_update
                0x000000000002b317                rpl_ext_header_remove
 .text          0x000000000002b4f0      0x31b obj_cooja/mtype712.a(rpl-mrhof.o)
 .text          0x000000000002b80b        0x0 /usr/lib/gcc/i686-linux-gnu/5/crtendS.o
 .text          0x000000000002b80b        0x0 /usr/lib/gcc/i686-linux-gnu/5/../../../i386-linux-gnu/crtn.o
 *(.gnu.warning)

.fini           0x000000000002b80c       0x14
 *(SORT(.fini))
 .fini          0x000000000002b80c        0xf /usr/lib/gcc/i686-linux-gnu/5/../../../i386-linux-gnu/crti.o
                0x000000000002b80c                _fini
 .fini          0x000000000002b81b        0x5 /usr/lib/gcc/i686-linux-gnu/5/../../../i386-linux-gnu/crtn.o
                [!provide]                        PROVIDE (__etext, .)
                [!provide]                        PROVIDE (_etext, .)
                [!provide]                        PROVIDE (etext, .)

.rodata         0x000000000002b820      0xc60
 *(.rodata .rodata.* .gnu.linkonce.r.*)
 .rodata        0x000000000002b820      0x4c3 udp-client.o
                0x000000000002b844                autostart_processes
 *fill*         0x000000000002bce3        0x1 
 .rodata        0x000000000002bce4        0x8 obj_cooja/mtype712.a(beep.o)
                0x000000000002bce4                beep_interface
 .rodata        0x000000000002bcec       0x20 obj_cooja/mtype712.a(button-sensor.o)
                0x000000000002bcec                button_interface
                0x000000000002bcfc                button_sensor
 .rodata        0x000000000002bd0c        0x8 obj_cooja/mtype712.a(leds-arch.o)
                0x000000000002bd0c                leds_interface
 .rodata        0x000000000002bd14        0x8 obj_cooja/mtype712.a(moteid.o)
                0x000000000002bd14                moteid_interface
 .rodata        0x000000000002bd1c       0x1c obj_cooja/mtype712.a(pir-sensor.o)
                0x000000000002bd1c                pir_interface
                0x000000000002bd28                pir_sensor
 .rodata        0x000000000002bd38        0xe obj_cooja/mtype712.a(rs232.o)
                0x000000000002bd38                rs232_interface
 *fill*         0x000000000002bd46        0x2 
 .rodata        0x000000000002bd48       0x24 obj_cooja/mtype712.a(vib-sensor.o)
                0x000000000002bd48                vib_interface
                0x000000000002bd5c                vib_sensor
 .rodata        0x000000000002bd6c        0x8 obj_cooja/mtype712.a(clock.o)
                0x000000000002bd6c                clock_interface
 .rodata        0x000000000002bd74        0x8 obj_cooja/mtype712.a(cooja-log.o)
                0x000000000002bd74                simlog_interface
 .rodata        0x000000000002bd7c       0x2f obj_cooja/mtype712.a(cfs-cooja.o)
                0x000000000002bd7c                cfs_interface
 *fill*         0x000000000002bdab       0x15 
 .rodata        0x000000000002bdc0       0x58 obj_cooja/mtype712.a(cooja-radio.o)
                0x000000000002bdc0                radio_interface
                0x000000000002bde0                cooja_radio_driver
 .rodata        0x000000000002be18        0x8 obj_cooja/mtype712.a(eeprom.o)
                0x000000000002be18                eeprom_interface
 .rodata        0x000000000002be20        0x8 obj_cooja/mtype712.a(sensors.o)
 .rodata        0x000000000002be28       0x14 obj_cooja/mtype712.a(mqtt.o)
 .rodata        0x000000000002be3c       0xf8 obj_cooja/mtype712.a(contiki-main.o)
 .rodata        0x000000000002bf34        0xf obj_cooja/mtype712.a(ctimer.o)
 .rodata        0x000000000002bf43        0xc obj_cooja/mtype712.a(etimer.o)
 *fill*         0x000000000002bf4f        0x1 
 .rodata        0x000000000002bf50       0xc0 obj_cooja/mtype712.a(log.o)
 .rodata        0x000000000002c010        0xe obj_cooja/mtype712.a(serial-line.o)
 *fill*         0x000000000002c01e        0x2 
 .rodata        0x000000000002c020        0x8 obj_cooja/mtype712.a(linkaddr.o)
                0x000000000002c020                linkaddr_null
 .rodata        0x000000000002c028       0x20 obj_cooja/mtype712.a(csma.o)
                0x000000000002c030                csma_driver
 .rodata        0x000000000002c048       0x13 obj_cooja/mtype712.a(tcp-socket.o)
 .rodata        0x000000000002c05b        0xd obj_cooja/mtype712.a(tcpip.o)
 .rodata        0x000000000002c068       0x4d obj_cooja/mtype712.a(uip-ds6-route.o)
 *fill*         0x000000000002c0b5        0x3 
 .rodata        0x000000000002c0b8      0x13c obj_cooja/mtype712.a(uip6.o)
 .rodata        0x000000000002c1f4       0x13 obj_cooja/mtype712.a(simple-udp.o)
 *fill*         0x000000000002c207        0x1 
 .rodata        0x000000000002c208       0x30 obj_cooja/mtype712.a(sicslowpan.o)
                0x000000000002c208                unc_llconf
                0x000000000002c20c                unc_ctxconf
                0x000000000002c210                unc_mxconf
                0x000000000002c214                llprefix
                0x000000000002c228                sicslowpan_driver
 .rodata        0x000000000002c238       0x2d obj_cooja/mtype712.a(uiplib.o)
 *fill*         0x000000000002c265       0x1b 
 .rodata        0x000000000002c280       0x70 obj_cooja/mtype712.a(rpl.o)
                0x000000000002c2a0                rpl_lite_driver
 .rodata        0x000000000002c2f0       0xdb obj_cooja/mtype712.a(rpl-dag.o)
 *fill*         0x000000000002c3cb        0x1 
 .rodata        0x000000000002c3cc        0xc obj_cooja/mtype712.a(framer-802154.o)
                0x000000000002c3cc                framer_802154
 .rodata        0x000000000002c3d8       0x44 obj_cooja/mtype712.a(uip-sr.o)
 .rodata        0x000000000002c41c       0x58 obj_cooja/mtype712.a(rpl-neighbor.o)
 .rodata        0x000000000002c474        0xc obj_cooja/mtype712.a(rpl-timers.o)

.rodata1
 *(.rodata1)

.eh_frame_hdr   0x000000000002c480     0x16ac
 *(.eh_frame_hdr)
 .eh_frame_hdr  0x000000000002c480     0x16ac udp-client.o
                0x000000000002c480                __GNU_EH_FRAME_HDR
 *(.eh_frame_entry .eh_frame_entry.*)

.eh_frame       0x000000000002db2c     0x5bec
 *(.eh_frame)
 .eh_frame      0x000000000002db2c       0x3c /usr/lib/gcc/i686-linux-gnu/5/../../../i386-linux-gnu/crti.o
                                         0x40 (size before relaxing)
 .eh_frame      0x000000000002db68      0x228 udp-client.o
                                        0x240 (size before relaxing)
 .eh_frame      0x000000000002dd90      0x178 obj_cooja/mtype712.o
                                        0x190 (size before relaxing)
 .eh_frame      0x000000000002df08       0x40 obj_cooja/mtype712.a(simEnvChange.o)
                                         0x58 (size before relaxing)
 .eh_frame      0x000000000002df48       0x60 obj_cooja/mtype712.a(cooja_mt.o)
                                         0x78 (size before relaxing)
 .eh_frame      0x000000000002dfa8       0x80 obj_cooja/mtype712.a(cooja_mtarch.o)
                                         0x98 (size before relaxing)
 .eh_frame      0x000000000002e028       0xc8 obj_cooja/mtype712.a(rtimer-arch.o)
                                         0xe0 (size before relaxing)
 .eh_frame      0x000000000002e0f0      0x160 obj_cooja/mtype712.a(beep.o)
                                        0x178 (size before relaxing)
 .eh_frame      0x000000000002e250       0xa0 obj_cooja/mtype712.a(button-sensor.o)
                                         0xb8 (size before relaxing)
 .eh_frame      0x000000000002e2f0       0xa0 obj_cooja/mtype712.a(leds-arch.o)
                                         0xb8 (size before relaxing)
 .eh_frame      0x000000000002e390       0x40 obj_cooja/mtype712.a(moteid.o)
                                         0x58 (size before relaxing)
 .eh_frame      0x000000000002e3d0       0xa0 obj_cooja/mtype712.a(pir-sensor.o)
                                         0xb8 (size before relaxing)
 .eh_frame      0x000000000002e470      0x100 obj_cooja/mtype712.a(rs232.o)
                                        0x118 (size before relaxing)
 .eh_frame      0x000000000002e570       0xa0 obj_cooja/mtype712.a(vib-sensor.o)
                                         0xb8 (size before relaxing)
 .eh_frame      0x000000000002e610       0xc0 obj_cooja/mtype712.a(clock.o)
                                         0xd8 (size before relaxing)
 .eh_frame      0x000000000002e6d0      0x120 obj_cooja/mtype712.a(cooja-log.o)
                                        0x138 (size before relaxing)
 .eh_frame      0x000000000002e7f0      0x160 obj_cooja/mtype712.a(cfs-cooja.o)
                                        0x178 (size before relaxing)
 .eh_frame      0x000000000002e950      0x340 obj_cooja/mtype712.a(cooja-radio.o)
                                        0x358 (size before relaxing)
 .eh_frame      0x000000000002ec90       0xa0 obj_cooja/mtype712.a(eeprom.o)
                                         0xb8 (size before relaxing)
 .eh_frame      0x000000000002ed30       0x40 obj_cooja/mtype712.a(random.o)
                                         0x58 (size before relaxing)
 .eh_frame      0x000000000002ed70       0xc0 obj_cooja/mtype712.a(sensors.o)
                                         0xd8 (size before relaxing)
 .eh_frame      0x000000000002ee30       0xe0 obj_cooja/mtype712.a(leds.o)
                                         0xf8 (size before relaxing)
 .eh_frame      0x000000000002ef10      0x4a4 obj_cooja/mtype712.a(mqtt.o)
                                        0x4bc (size before relaxing)
 .eh_frame      0x000000000002f3b4       0x30 obj_cooja/mtype712.a(contiki-main.o)
                                         0x48 (size before relaxing)
 .eh_frame      0x000000000002f3e4       0x40 obj_cooja/mtype712.a(autostart.o)
                                         0x58 (size before relaxing)
 .eh_frame      0x000000000002f424      0x100 obj_cooja/mtype712.a(ctimer.o)
                                        0x118 (size before relaxing)
 .eh_frame      0x000000000002f524       0x60 obj_cooja/mtype712.a(energest.o)
                                         0x78 (size before relaxing)
 .eh_frame      0x000000000002f584      0x1e0 obj_cooja/mtype712.a(etimer.o)
                                        0x1f8 (size before relaxing)
 .eh_frame      0x000000000002f764      0x100 obj_cooja/mtype712.a(log.o)
                                        0x118 (size before relaxing)
 .eh_frame      0x000000000002f864      0x1c4 obj_cooja/mtype712.a(process.o)
                                        0x1dc (size before relaxing)
 .eh_frame      0x000000000002fa28       0x60 obj_cooja/mtype712.a(rtimer.o)
                                         0x78 (size before relaxing)
 .eh_frame      0x000000000002fa88       0x20 obj_cooja/mtype712.a(node-id.o)
                                         0x38 (size before relaxing)
 .eh_frame      0x000000000002faa8       0xa4 obj_cooja/mtype712.a(timer.o)
                                         0xbc (size before relaxing)
 .eh_frame      0x000000000002fb4c       0x60 obj_cooja/mtype712.a(serial-line.o)
                                         0x78 (size before relaxing)
 .eh_frame      0x000000000002fbac      0x1a0 obj_cooja/mtype712.a(list.o)
                                        0x1b8 (size before relaxing)
 .eh_frame      0x000000000002fd4c       0xa0 obj_cooja/mtype712.a(ringbuf.o)
                                         0xb8 (size before relaxing)
 .eh_frame      0x000000000002fdec      0x28c obj_cooja/mtype712.a(packetbuf.o)
                                        0x2a4 (size before relaxing)
 .eh_frame      0x0000000000030078       0x80 obj_cooja/mtype712.a(netstack.o)
                                         0x98 (size before relaxing)
 .eh_frame      0x00000000000300f8       0x60 obj_cooja/mtype712.a(linkaddr.o)
                                         0x78 (size before relaxing)
 .eh_frame      0x0000000000030158       0xa0 obj_cooja/mtype712.a(csma.o)
                                         0xb8 (size before relaxing)
 .eh_frame      0x00000000000301f8      0x1d4 obj_cooja/mtype712.a(csma-output.o)
                                        0x1ec (size before relaxing)
 .eh_frame      0x00000000000303cc      0x2e8 obj_cooja/mtype712.a(uip-ds6.o)
                                        0x300 (size before relaxing)
 .eh_frame      0x00000000000306b4      0x248 obj_cooja/mtype712.a(tcp-socket.o)
                                        0x260 (size before relaxing)
 .eh_frame      0x00000000000308fc      0x308 obj_cooja/mtype712.a(tcpip.o)
                                        0x320 (size before relaxing)
 .eh_frame      0x0000000000030c04      0x220 obj_cooja/mtype712.a(uip-ds6-route.o)
                                        0x238 (size before relaxing)
 .eh_frame      0x0000000000030e24      0x274 obj_cooja/mtype712.a(uip6.o)
                                        0x28c (size before relaxing)
 .eh_frame      0x0000000000031098      0x1c0 obj_cooja/mtype712.a(uip-ds6-nbr.o)
                                        0x1d8 (size before relaxing)
 .eh_frame      0x0000000000031258       0x84 obj_cooja/mtype712.a(uip-nd6.o)
                                         0x9c (size before relaxing)
 .eh_frame      0x00000000000312dc       0xd4 obj_cooja/mtype712.a(simple-udp.o)
                                         0xec (size before relaxing)
 .eh_frame      0x00000000000313b0      0x2f8 obj_cooja/mtype712.a(sicslowpan.o)
                                        0x310 (size before relaxing)
 .eh_frame      0x00000000000316a8       0x88 obj_cooja/mtype712.a(uiplib.o)
                                         0xa0 (size before relaxing)
 .eh_frame      0x0000000000031730      0x1e0 obj_cooja/mtype712.a(rpl.o)
                                        0x1f8 (size before relaxing)
 .eh_frame      0x0000000000031910      0x1c4 obj_cooja/mtype712.a(rpl-icmp6.o)
                                        0x1dc (size before relaxing)
 .eh_frame      0x0000000000031ad4      0x370 obj_cooja/mtype712.a(rpl-dag.o)
                                        0x388 (size before relaxing)
 .eh_frame      0x0000000000031e44       0xa0 obj_cooja/mtype712.a(rpl-dag-root.o)
                                         0xb8 (size before relaxing)
 .eh_frame      0x0000000000031ee4       0xa0 obj_cooja/mtype712.a(watchdog.o)
                                         0xb8 (size before relaxing)
 .eh_frame      0x0000000000031f84       0xc4 obj_cooja/mtype712.a(stimer.o)
                                         0xdc (size before relaxing)
 .eh_frame      0x0000000000032048       0xa0 obj_cooja/mtype712.a(memb.o)
                                         0xb8 (size before relaxing)
 .eh_frame      0x00000000000320e8      0x1a0 obj_cooja/mtype712.a(queuebuf.o)
                                        0x1b8 (size before relaxing)
 .eh_frame      0x0000000000032288      0x2ac obj_cooja/mtype712.a(nbr-table.o)
                                        0x2c4 (size before relaxing)
 .eh_frame      0x0000000000032534      0x100 obj_cooja/mtype712.a(link-stats.o)
                                        0x118 (size before relaxing)
 .eh_frame      0x0000000000032634       0x48 obj_cooja/mtype712.a(mac-sequence.o)
                                         0x60 (size before relaxing)
 .eh_frame      0x000000000003267c       0x20 obj_cooja/mtype712.a(mac.o)
                                         0x38 (size before relaxing)
 .eh_frame      0x000000000003269c       0xa4 obj_cooja/mtype712.a(framer-802154.o)
                                         0xbc (size before relaxing)
 .eh_frame      0x0000000000032740      0x1a4 obj_cooja/mtype712.a(frame802154.o)
                                        0x1bc (size before relaxing)
 .eh_frame      0x00000000000328e4      0x100 obj_cooja/mtype712.a(uipbuf.o)
                                        0x118 (size before relaxing)
 .eh_frame      0x00000000000329e4      0x160 obj_cooja/mtype712.a(uip-icmp6.o)
                                        0x178 (size before relaxing)
 .eh_frame      0x0000000000032b44      0x184 obj_cooja/mtype712.a(uip-sr.o)
                                        0x19c (size before relaxing)
 .eh_frame      0x0000000000032cc8       0xe0 obj_cooja/mtype712.a(uip-packetqueue)
                                         0xf8 (size before relaxing)
 .eh_frame      0x0000000000032da8       0x40 obj_cooja/mtype712.a(uip-udp-packet.)
                                         0x58 (size before relaxing)
 .eh_frame      0x0000000000032de8       0x80 obj_cooja/mtype712.a(rpl-nbr-policy.)
                                         0x98 (size before relaxing)
 .eh_frame      0x0000000000032e68      0x2d4 obj_cooja/mtype712.a(rpl-neighbor.o)
                                        0x2ec (size before relaxing)
 .eh_frame      0x000000000003313c      0x368 obj_cooja/mtype712.a(rpl-timers.o)
                                        0x380 (size before relaxing)
 .eh_frame      0x00000000000334a4      0x128 obj_cooja/mtype712.a(rpl-ext-header.)
                                        0x140 (size before relaxing)
 .eh_frame      0x00000000000335cc      0x148 obj_cooja/mtype712.a(rpl-mrhof.o)
                                        0x160 (size before relaxing)
 .eh_frame      0x0000000000033714        0x4 /usr/lib/gcc/i686-linux-gnu/5/crtendS.o
 *(.eh_frame.*)

.gcc_except_table
 *(.gcc_except_table .gcc_except_table.*)

.gnu_extab
 *(.gnu_extab*)

.exception_ranges
 *(.exception_ranges .exception_ranges*)
                0x0000000000034f10                . = DATA_SEGMENT_ALIGN (0x1000, 0x1000)

.eh_frame
 *(.eh_frame)
 *(.eh_frame.*)

.gnu_extab
 *(.gnu_extab)

.gcc_except_table
 *(.gcc_except_table .gcc_except_table.*)

.exception_ranges
 *(.exception_ranges .exception_ranges*)

.tdata
 *(.tdata .tdata.* .gnu.linkonce.td.*)

.tbss
 *(.tbss .tbss.* .gnu.linkonce.tb.*)
 *(.tcommon)

.preinit_array
 *(.preinit_array)

.init_array     0x0000000000034f10        0x4
 *(SORT(.init_array.*) SORT(.ctors.*))
 *(.init_array EXCLUDE_FILE(*crtend?.o *crtend.o *crtbegin?.o *crtbegin.o) .ctors)
 .init_array    0x0000000000034f10        0x4 /usr/lib/gcc/i686-linux-gnu/5/crtbeginS.o

.fini_array     0x0000000000034f14        0x4
 *(SORT(.fini_array.*) SORT(.dtors.*))
 *(.fini_array EXCLUDE_FILE(*crtend?.o *crtend.o *crtbegin?.o *crtbegin.o) .dtors)
 .fini_array    0x0000000000034f14        0x4 /usr/lib/gcc/i686-linux-gnu/5/crtbeginS.o

.ctors
 *crtbegin.o(.ctors)
 *crtbegin?.o(.ctors)
 *(EXCLUDE_FILE(*crtend?.o *crtend.o) .ctors)
 *(SORT(.ctors.*))
 *(.ctors)

.dtors
 *crtbegin.o(.dtors)
 *crtbegin?.o(.dtors)
 *(EXCLUDE_FILE(*crtend?.o *crtend.o) .dtors)
 *(SORT(.dtors.*))
 *(.dtors)

.jcr            0x0000000000034f18        0x4
 *(.jcr)
 .jcr           0x0000000000034f18        0x0 /usr/lib/gcc/i686-linux-gnu/5/crtbeginS.o
 .jcr           0x0000000000034f18        0x4 /usr/lib/gcc/i686-linux-gnu/5/crtendS.o

.data.rel.ro
 *(.data.rel.ro.local* .gnu.linkonce.d.rel.ro.local.*)
 *(.data.rel.ro .data.rel.ro.* .gnu.linkonce.d.rel.ro.*)

.dynamic        0x0000000000034f1c       0xd0
 *(.dynamic)
 .dynamic       0x0000000000034f1c       0xd0 /usr/lib/gcc/i686-linux-gnu/5/../../../i386-linux-gnu/crti.o
                0x0000000000034f1c                _DYNAMIC

.got            0x0000000000034fec       0x14
 *(.got)
 .got           0x0000000000034fec       0x14 /usr/lib/gcc/i686-linux-gnu/5/../../../i386-linux-gnu/crti.o
 *(.igot)
                0x0000000000035ff4                . = DATA_SEGMENT_RELRO_END (., (SIZEOF (.got.plt) >= 0xc)?0xc:0x0)

.got.plt        0x0000000000035000        0xc
 *(.got.plt)
 .got.plt       0x0000000000035000        0xc /usr/lib/gcc/i686-linux-gnu/5/../../../i386-linux-gnu/crti.o
                0x0000000000035000                _GLOBAL_OFFSET_TABLE_
 *(.igot.plt)

.data           0x0000000000035020      0x344
 *(.data .data.* .gnu.linkonce.d.*)
 .data          0x0000000000035020        0x0 /usr/lib/gcc/i686-linux-gnu/5/../../../i386-linux-gnu/crti.o
 .data          0x0000000000035020        0x0 /usr/lib/gcc/i686-linux-gnu/5/crtbeginS.o
 .data.rel.local
                0x0000000000035020        0x4 /usr/lib/gcc/i686-linux-gnu/5/crtbeginS.o
                0x0000000000035020                __dso_handle
 .data          0x0000000000035024       0x34 udp-client.o
                0x0000000000035028                udp_client_process
                0x0000000000035038                udp_client_send_root_process
                0x0000000000035048                mqtt_client_process
 *fill*         0x0000000000035058        0x8 
 .data          0x0000000000035060       0x44 obj_cooja/mtype712.o
                0x0000000000035060                simInterfaces
                0x0000000000035094                sensors
 .data          0x00000000000350a4        0x0 obj_cooja/mtype712.a(simEnvChange.o)
 .data          0x00000000000350a4        0x0 obj_cooja/mtype712.a(cooja_mt.o)
 .data          0x00000000000350a4        0x0 obj_cooja/mtype712.a(cooja_mtarch.o)
 .data          0x00000000000350a4        0x0 obj_cooja/mtype712.a(rtimer-arch.o)
 .data          0x00000000000350a4        0x0 obj_cooja/mtype712.a(beep.o)
 .data          0x00000000000350a4        0x0 obj_cooja/mtype712.a(button-sensor.o)
 .data          0x00000000000350a4        0x0 obj_cooja/mtype712.a(leds-arch.o)
 .data          0x00000000000350a4        0x0 obj_cooja/mtype712.a(moteid.o)
 .data          0x00000000000350a4        0x0 obj_cooja/mtype712.a(pir-sensor.o)
 .data          0x00000000000350a4        0x0 obj_cooja/mtype712.a(rs232.o)
 .data          0x00000000000350a4        0x0 obj_cooja/mtype712.a(vib-sensor.o)
 .data          0x00000000000350a4        0x0 obj_cooja/mtype712.a(clock.o)
 .data          0x00000000000350a4        0x0 obj_cooja/mtype712.a(cooja-log.o)
 .data          0x00000000000350a4        0x0 obj_cooja/mtype712.a(cfs-cooja.o)
 .data          0x00000000000350a4       0x2c obj_cooja/mtype712.a(cooja-radio.o)
                0x00000000000350a4                simRadioHWOn
                0x00000000000350a8                simSignalStrength
                0x00000000000350ac                simLastSignalStrength
                0x00000000000350b0                simPower
                0x00000000000350b4                simRadioChannel
                0x00000000000350b8                simLQI
                0x00000000000350c0                cooja_radio_process
 .data          0x00000000000350d0        0x0 obj_cooja/mtype712.a(eeprom.o)
 .data          0x00000000000350d0        0x0 obj_cooja/mtype712.a(random.o)
 .data          0x00000000000350d0       0x10 obj_cooja/mtype712.a(sensors.o)
                0x00000000000350d0                sensors_process
 .data          0x00000000000350e0        0x0 obj_cooja/mtype712.a(leds.o)
 .data          0x00000000000350e0       0x14 obj_cooja/mtype712.a(mqtt.o)
                0x00000000000350e4                mqtt_process
 .data          0x00000000000350f4        0x0 obj_cooja/mtype712.a(contiki-main.o)
 .data          0x00000000000350f4        0x0 obj_cooja/mtype712.a(autostart.o)
 .data          0x00000000000350f4       0x14 obj_cooja/mtype712.a(ctimer.o)
                0x00000000000350f8                ctimer_process
 .data          0x0000000000035108        0x0 obj_cooja/mtype712.a(energest.o)
 .data          0x0000000000035108       0x10 obj_cooja/mtype712.a(etimer.o)
                0x0000000000035108                etimer_process
 *fill*         0x0000000000035118        0x8 
 .data          0x0000000000035120       0xb0 obj_cooja/mtype712.a(log.o)
                0x0000000000035120                curr_log_level_main
                0x0000000000035140                all_modules
 .data          0x00000000000351d0        0x0 obj_cooja/mtype712.a(process.o)
 .data          0x00000000000351d0        0x0 obj_cooja/mtype712.a(rtimer.o)
 .data          0x00000000000351d0        0x0 obj_cooja/mtype712.a(node-id.o)
 .data          0x00000000000351d0        0x0 obj_cooja/mtype712.a(timer.o)
 .data          0x00000000000351d0       0x10 obj_cooja/mtype712.a(serial-line.o)
                0x00000000000351d0                serial_line_process
 .data          0x00000000000351e0        0x0 obj_cooja/mtype712.a(list.o)
 .data          0x00000000000351e0        0x0 obj_cooja/mtype712.a(ringbuf.o)
 .data          0x00000000000351e0        0x4 obj_cooja/mtype712.a(packetbuf.o)
 .data          0x00000000000351e4        0x4 obj_cooja/mtype712.a(netstack.o)
 .data          0x00000000000351e8        0x0 obj_cooja/mtype712.a(linkaddr.o)
 .data          0x00000000000351e8        0x0 obj_cooja/mtype712.a(csma.o)
 .data          0x00000000000351e8       0x28 obj_cooja/mtype712.a(csma-output.o)
 .data          0x0000000000035210        0x0 obj_cooja/mtype712.a(uip-ds6.o)
 .data          0x0000000000035210       0x14 obj_cooja/mtype712.a(tcp-socket.o)
                0x0000000000035214                tcp_socket_process
 .data          0x0000000000035224       0x10 obj_cooja/mtype712.a(tcpip.o)
                0x0000000000035224                tcpip_process
 .data          0x0000000000035234       0x10 obj_cooja/mtype712.a(uip-ds6-route.o)
 .data          0x0000000000035244        0x0 obj_cooja/mtype712.a(uip6.o)
 .data          0x0000000000035244       0x14 obj_cooja/mtype712.a(uip-ds6-nbr.o)
                0x0000000000035254                ds6_neighbors
 .data          0x0000000000035258        0xc obj_cooja/mtype712.a(uip-nd6.o)
 .data          0x0000000000035264       0x10 obj_cooja/mtype712.a(simple-udp.o)
                0x0000000000035264                simple_udp_process
 .data          0x0000000000035274        0x0 obj_cooja/mtype712.a(sicslowpan.o)
 .data          0x0000000000035274        0x0 obj_cooja/mtype712.a(uiplib.o)
 .data          0x0000000000035274        0x0 obj_cooja/mtype712.a(rpl.o)
 .data          0x0000000000035274       0x30 obj_cooja/mtype712.a(rpl-icmp6.o)
 .data          0x00000000000352a4        0x0 obj_cooja/mtype712.a(rpl-dag.o)
 .data          0x00000000000352a4        0x0 obj_cooja/mtype712.a(rpl-dag-root.o)
 .data          0x00000000000352a4        0x0 obj_cooja/mtype712.a(watchdog.o)
 .data          0x00000000000352a4        0x0 obj_cooja/mtype712.a(stimer.o)
 .data          0x00000000000352a4        0x0 obj_cooja/mtype712.a(memb.o)
 .data          0x00000000000352a4       0x18 obj_cooja/mtype712.a(queuebuf.o)
 .data          0x00000000000352bc       0x10 obj_cooja/mtype712.a(nbr-table.o)
 .data          0x00000000000352cc       0x14 obj_cooja/mtype712.a(link-stats.o)
 .data          0x00000000000352e0        0x0 obj_cooja/mtype712.a(mac-sequence.o)
 .data          0x00000000000352e0        0x0 obj_cooja/mtype712.a(mac.o)
 .data          0x00000000000352e0        0x0 obj_cooja/mtype712.a(framer-802154.o)
 .data          0x00000000000352e0        0x2 obj_cooja/mtype712.a(frame802154.o)
 .data          0x00000000000352e2        0x0 obj_cooja/mtype712.a(uipbuf.o)
 *fill*         0x00000000000352e2        0x2 
 .data          0x00000000000352e4       0x20 obj_cooja/mtype712.a(uip-icmp6.o)
 .data          0x0000000000035304       0x10 obj_cooja/mtype712.a(uip-sr.o)
 .data          0x0000000000035314        0xc obj_cooja/mtype712.a(uip-packetqueue)
 .data          0x0000000000035320        0x0 obj_cooja/mtype712.a(uip-udp-packet.)
 .data          0x0000000000035320        0x0 obj_cooja/mtype712.a(rpl-nbr-policy.)
 .data          0x0000000000035320       0x14 obj_cooja/mtype712.a(rpl-neighbor.o)
                0x0000000000035330                rpl_neighbors
 .data          0x0000000000035334        0x0 obj_cooja/mtype712.a(rpl-timers.o)
 .data          0x0000000000035334        0x0 obj_cooja/mtype712.a(rpl-ext-header.)
 *fill*         0x0000000000035334        0xc 
 .data          0x0000000000035340       0x24 obj_cooja/mtype712.a(rpl-mrhof.o)
                0x0000000000035340                rpl_mrhof
 .data          0x0000000000035364        0x0 /usr/lib/gcc/i686-linux-gnu/5/crtendS.o
 .data          0x0000000000035364        0x0 /usr/lib/gcc/i686-linux-gnu/5/../../../i386-linux-gnu/crtn.o

.tm_clone_table
                0x0000000000035364        0x0
 .tm_clone_table
                0x0000000000035364        0x0 /usr/lib/gcc/i686-linux-gnu/5/crtbeginS.o
 .tm_clone_table
                0x0000000000035364        0x0 /usr/lib/gcc/i686-linux-gnu/5/crtendS.o

.data1
 *(.data1)
                0x0000000000035364                _edata = .
                [!provide]                        PROVIDE (edata, .)
                0x0000000000035364                . = .
                0x0000000000035364                __bss_start = .

.bss            0x0000000000035380    0x14c20
 *(.dynbss)
 .dynbss        0x0000000000035380        0x0 /usr/lib/gcc/i686-linux-gnu/5/../../../i386-linux-gnu/crti.o
 *(.bss .bss.* .gnu.linkonce.b.*)
 .bss           0x0000000000035380        0x0 /usr/lib/gcc/i686-linux-gnu/5/../../../i386-linux-gnu/crti.o
 .bss           0x0000000000035380        0x1 /usr/lib/gcc/i686-linux-gnu/5/crtbeginS.o
 *fill*         0x0000000000035381       0x1f 
 .bss           0x00000000000353a0      0xc64 udp-client.o
 *fill*         0x0000000000036004       0x1c 
 .bss           0x0000000000036020     0x2030 obj_cooja/mtype712.o
 .bss           0x0000000000038050        0x1 obj_cooja/mtype712.a(simEnvChange.o)
                0x0000000000038050                simDontFallAsleep
 *fill*         0x0000000000038051        0x3 
 .bss           0x0000000000038054        0x4 obj_cooja/mtype712.a(cooja_mt.o)
 .bss           0x0000000000038058        0x4 obj_cooja/mtype712.a(cooja_mtarch.o)
 .bss           0x000000000003805c        0x0 obj_cooja/mtype712.a(rtimer-arch.o)
 .bss           0x000000000003805c        0x0 obj_cooja/mtype712.a(beep.o)
 .bss           0x000000000003805c        0x8 obj_cooja/mtype712.a(button-sensor.o)
 .bss           0x0000000000038064        0x0 obj_cooja/mtype712.a(leds-arch.o)
 .bss           0x0000000000038064        0x0 obj_cooja/mtype712.a(moteid.o)
 .bss           0x0000000000038064        0x1 obj_cooja/mtype712.a(pir-sensor.o)
                0x0000000000038064                simPirValue
 *fill*         0x0000000000038065        0x3 
 .bss           0x0000000000038068        0x4 obj_cooja/mtype712.a(rs232.o)
 .bss           0x000000000003806c        0x1 obj_cooja/mtype712.a(vib-sensor.o)
                0x000000000003806c                simVibValue
 .bss           0x000000000003806d        0x0 obj_cooja/mtype712.a(clock.o)
 *fill*         0x000000000003806d       0x13 
 .bss           0x0000000000038080     0x2020 obj_cooja/mtype712.a(cooja-log.o)
 .bss           0x000000000003a0a0      0xfc0 obj_cooja/mtype712.a(cfs-cooja.o)
                0x000000000003a0a0                simCFSData
                0x000000000003b040                simCFSSize
                0x000000000003b044                simCFSChanged
                0x000000000003b048                simCFSRead
                0x000000000003b04c                simCFSWritten
 .bss           0x000000000003b060       0x24 obj_cooja/mtype712.a(cooja-radio.o)
                0x000000000003b060                simReceiving
                0x000000000003b064                simInSize
                0x000000000003b068                simLastPacketTimestamp
                0x000000000003b070                simOutSize
 .bss           0x000000000003b084        0xc obj_cooja/mtype712.a(eeprom.o)
                0x000000000003b084                simEEPROMChanged
                0x000000000003b088                simEEPROMRead
                0x000000000003b08c                simEEPROMWritten
 .bss           0x000000000003b090        0x0 obj_cooja/mtype712.a(random.o)
 .bss           0x000000000003b090        0xc obj_cooja/mtype712.a(sensors.o)
 .bss           0x000000000003b09c        0x0 obj_cooja/mtype712.a(leds.o)
 .bss           0x000000000003b09c       0x15 obj_cooja/mtype712.a(mqtt.o)
 .bss           0x000000000003b0b1        0x0 obj_cooja/mtype712.a(contiki-main.o)
 .bss           0x000000000003b0b1        0x0 obj_cooja/mtype712.a(autostart.o)
 *fill*         0x000000000003b0b1        0x3 
 .bss           0x000000000003b0b4        0x5 obj_cooja/mtype712.a(ctimer.o)
 .bss           0x000000000003b0b9        0x0 obj_cooja/mtype712.a(energest.o)
 *fill*         0x000000000003b0b9        0x3 
 .bss           0x000000000003b0bc        0x8 obj_cooja/mtype712.a(etimer.o)
 .bss           0x000000000003b0c4       0x28 obj_cooja/mtype712.a(log.o)
                0x000000000003b0c4                curr_log_level_rpl
                0x000000000003b0c8                curr_log_level_tcpip
                0x000000000003b0cc                curr_log_level_ipv6
                0x000000000003b0d0                curr_log_level_6lowpan
                0x000000000003b0d4                curr_log_level_nullnet
                0x000000000003b0d8                curr_log_level_mac
                0x000000000003b0dc                curr_log_level_framer
                0x000000000003b0e0                curr_log_level_6top
                0x000000000003b0e4                curr_log_level_coap
                0x000000000003b0e8                curr_log_level_lwm2m
 *fill*         0x000000000003b0ec       0x14 
 .bss           0x000000000003b100      0x1a1 obj_cooja/mtype712.a(process.o)
                0x000000000003b100                process_list
                0x000000000003b104                process_current
 *fill*         0x000000000003b2a1        0x3 
 .bss           0x000000000003b2a4        0x4 obj_cooja/mtype712.a(rtimer.o)
 .bss           0x000000000003b2a8        0x2 obj_cooja/mtype712.a(node-id.o)
                0x000000000003b2a8                node_id
 .bss           0x000000000003b2aa        0x0 obj_cooja/mtype712.a(timer.o)
 *fill*         0x000000000003b2aa       0x16 
 .bss           0x000000000003b2c0      0x140 obj_cooja/mtype712.a(serial-line.o)
 .bss           0x000000000003b400        0x0 obj_cooja/mtype712.a(list.o)
 .bss           0x000000000003b400        0x0 obj_cooja/mtype712.a(ringbuf.o)
 .bss           0x000000000003b400       0xa0 obj_cooja/mtype712.a(packetbuf.o)
 .bss           0x000000000003b4a0        0x4 obj_cooja/mtype712.a(netstack.o)
 .bss           0x000000000003b4a4        0x0 obj_cooja/mtype712.a(linkaddr.o)
 .bss           0x000000000003b4a4        0x0 obj_cooja/mtype712.a(csma.o)
 *fill*         0x000000000003b4a4       0x1c 
 .bss           0x000000000003b4c0      0x726 obj_cooja/mtype712.a(csma-output.o)
 *fill*         0x000000000003bbe6        0x2 
 .bss           0x000000000003bbe8       0x20 obj_cooja/mtype712.a(uip-ds6.o)
 .bss           0x000000000003bc08        0x5 obj_cooja/mtype712.a(tcp-socket.o)
 *fill*         0x000000000003bc0d       0x13 
 .bss           0x000000000003bc20       0xc4 obj_cooja/mtype712.a(tcpip.o)
 *fill*         0x000000000003bce4       0x1c 
 .bss           0x000000000003bd00       0x60 obj_cooja/mtype712.a(uip-ds6-route.o)
 .bss           0x000000000003bd60        0xc obj_cooja/mtype712.a(uip6.o)
                0x000000000003bd60                uip_ext_bitmap
                0x000000000003bd61                uip_ext_len
                0x000000000003bd62                uip_ext_opt_offset
 *fill*         0x000000000003bd6c       0x14 
 .bss           0x000000000003bd80     0x1c20 obj_cooja/mtype712.a(uip-ds6-nbr.o)
 .bss           0x000000000003d9a0       0x10 obj_cooja/mtype712.a(uip-nd6.o)
 *fill*         0x000000000003d9b0       0x10 
 .bss           0x000000000003d9c0      0x520 obj_cooja/mtype712.a(simple-udp.o)
 .bss           0x000000000003dee0      0x724 obj_cooja/mtype712.a(sicslowpan.o)
 .bss           0x000000000003e604        0x0 obj_cooja/mtype712.a(uiplib.o)
 .bss           0x000000000003e604        0x1 obj_cooja/mtype712.a(rpl.o)
 .bss           0x000000000003e605        0x0 obj_cooja/mtype712.a(rpl-icmp6.o)
 .bss           0x000000000003e605        0x0 obj_cooja/mtype712.a(rpl-dag.o)
 *fill*         0x000000000003e605        0x3 
 .bss           0x000000000003e608       0x11 obj_cooja/mtype712.a(rpl-dag-root.o)
 .bss           0x000000000003e619        0x0 obj_cooja/mtype712.a(watchdog.o)
 .bss           0x000000000003e619        0x0 obj_cooja/mtype712.a(stimer.o)
 .bss           0x000000000003e619        0x0 obj_cooja/mtype712.a(memb.o)
 *fill*         0x000000000003e619        0x7 
 .bss           0x000000000003e620     0x2c80 obj_cooja/mtype712.a(queuebuf.o)
 .bss           0x00000000000412a0     0x1214 obj_cooja/mtype712.a(nbr-table.o)
 *fill*         0x00000000000424b4        0xc 
 .bss           0x00000000000424c0      0xe10 obj_cooja/mtype712.a(link-stats.o)
 *fill*         0x00000000000432d0       0x10 
 .bss           0x00000000000432e0      0x100 obj_cooja/mtype712.a(mac-sequence.o)
 .bss           0x00000000000433e0        0x0 obj_cooja/mtype712.a(mac.o)
 .bss           0x00000000000433e0        0x2 obj_cooja/mtype712.a(framer-802154.o)
 .bss           0x00000000000433e2        0x0 obj_cooja/mtype712.a(frame802154.o)
 *fill*         0x00000000000433e2        0x2 
 .bss           0x00000000000433e4        0xc obj_cooja/mtype712.a(uipbuf.o)
 .bss           0x00000000000433f0       0x18 obj_cooja/mtype712.a(uip-icmp6.o)
 *fill*         0x0000000000043408       0x18 
 .bss           0x0000000000043420     0x1d80 obj_cooja/mtype712.a(uip-sr.o)
 .bss           0x00000000000451a0      0xa78 obj_cooja/mtype712.a(uip-packetqueue)
 .bss           0x0000000000045c18        0x0 obj_cooja/mtype712.a(uip-udp-packet.)
 .bss           0x0000000000045c18        0xe obj_cooja/mtype712.a(rpl-nbr-policy.)
 *fill*         0x0000000000045c26       0x1a 
 .bss           0x0000000000045c40      0x960 obj_cooja/mtype712.a(rpl-neighbor.o)
 .bss           0x00000000000465a0       0x40 obj_cooja/mtype712.a(rpl-timers.o)
 .bss           0x00000000000465e0        0x0 obj_cooja/mtype712.a(rpl-ext-header.)
 .bss           0x00000000000465e0        0x0 obj_cooja/mtype712.a(rpl-mrhof.o)
 .bss           0x00000000000465e0        0x0 /usr/lib/gcc/i686-linux-gnu/5/crtendS.o
 .bss           0x00000000000465e0        0x0 /usr/lib/gcc/i686-linux-gnu/5/../../../i386-linux-gnu/crtn.o
 *(COMMON)
 COMMON         0x00000000000465e0        0x8 obj_cooja/mtype712.o
                0x00000000000465e0                referenceVar
                0x00000000000465e4                sensors_flags
 COMMON         0x00000000000465e8        0xc obj_cooja/mtype712.a(simEnvChange.o)
                0x00000000000465e8                simEtimerPending
                0x00000000000465ec                simProcessRunValue
                0x00000000000465f0                simEtimerNextExpirationTime
 *fill*         0x00000000000465f4        0x4 
 COMMON         0x00000000000465f8       0x18 obj_cooja/mtype712.a(rtimer-arch.o)
                0x00000000000465f8                simRtimerPending
                0x0000000000046600                simRtimerCurrentTicks
                0x0000000000046608                simRtimerNextExpirationTime
 COMMON         0x0000000000046610        0x1 obj_cooja/mtype712.a(beep.o)
                0x0000000000046610                simBeeped
 COMMON         0x0000000000046611        0x3 obj_cooja/mtype712.a(button-sensor.o)
                0x0000000000046611                simButtonIsActive
                0x0000000000046612                simButtonIsDown
                0x0000000000046613                simButtonChanged
 COMMON         0x0000000000046614        0x1 obj_cooja/mtype712.a(leds-arch.o)
                0x0000000000046614                simLedsValue
 *fill*         0x0000000000046615        0x3 
 COMMON         0x0000000000046618        0xc obj_cooja/mtype712.a(moteid.o)
                0x0000000000046618                simRandomSeed
                0x000000000004661c                simMoteIDChanged
                0x0000000000046620                simMoteID
 COMMON         0x0000000000046624        0x2 obj_cooja/mtype712.a(pir-sensor.o)
                0x0000000000046624                simPirIsActive
                0x0000000000046625                simPirChanged
 *fill*         0x0000000000046626       0x1a 
 COMMON         0x0000000000046640      0x820 obj_cooja/mtype712.a(rs232.o)
                0x0000000000046640                simSerialReceivingFlag
                0x0000000000046644                simSerialReceivingLength
                0x0000000000046660                simSerialReceivingData
 COMMON         0x0000000000046e60        0x2 obj_cooja/mtype712.a(vib-sensor.o)
                0x0000000000046e60                simVibChanged
                0x0000000000046e61                simVibIsActive
 *fill*         0x0000000000046e62        0x2 
 COMMON         0x0000000000046e64        0x4 obj_cooja/mtype712.a(clock.o)
                0x0000000000046e64                simCurrentTime
 *fill*         0x0000000000046e68       0x18 
 COMMON         0x0000000000046e80     0x2020 obj_cooja/mtype712.a(cooja-log.o)
                0x0000000000046e80                simLoggedLength
                0x0000000000046e84                simLoggedFlag
                0x0000000000046ea0                simLoggedData
 COMMON         0x0000000000048ea0      0x100 obj_cooja/mtype712.a(cooja-radio.o)
                0x0000000000048ea0                simOutDataBuffer
                0x0000000000048f20                simInDataBuffer
 COMMON         0x0000000000048fa0      0x400 obj_cooja/mtype712.a(eeprom.o)
                0x0000000000048fa0                simEEPROMData
 COMMON         0x00000000000493a0        0x1 obj_cooja/mtype712.a(sensors.o)
                0x00000000000493a0                sensors_event
 COMMON         0x00000000000493a1        0x1 obj_cooja/mtype712.a(mqtt.o)
                0x00000000000493a1                mqtt_update_event
 *fill*         0x00000000000493a2        0x2 
 COMMON         0x00000000000493a4       0x50 obj_cooja/mtype712.a(contiki-main.o)
                0x00000000000493a4                eb_per_time_source
                0x00000000000493b8                unicast_per_neighbor_rpl_storing
                0x00000000000493cc                unicast_per_neighbor_rpl_ns
                0x00000000000493e0                default_common
 COMMON         0x00000000000493f4        0x1 obj_cooja/mtype712.a(serial-line.o)
                0x00000000000493f4                serial_line_event_message
 *fill*         0x00000000000493f5        0x3 
 COMMON         0x00000000000493f8       0x2c obj_cooja/mtype712.a(packetbuf.o)
                0x00000000000493f8                packetbuf_attrs
                0x0000000000049414                packetbuf_addrs
 COMMON         0x0000000000049424        0x8 obj_cooja/mtype712.a(linkaddr.o)
                0x0000000000049424                linkaddr_node_addr
 *fill*         0x000000000004942c       0x14 
 COMMON         0x0000000000049440      0x181 obj_cooja/mtype712.a(uip-ds6.o)
                0x0000000000049440                uip_ds6_prefix_list
                0x00000000000494a0                uip_ds6_timer_periodic
                0x00000000000494b0                uip_ds6_netif_addr_list_offset
                0x00000000000494c0                uip_ds6_if
                0x00000000000495b8                uip_ds6_timer_ra
                0x00000000000495c0                uip_ds6_addr_size
 COMMON         0x00000000000495c1        0x1 obj_cooja/mtype712.a(tcpip.o)
                0x00000000000495c1                tcpip_event
 *fill*         0x00000000000495c2       0x1e 
 COMMON         0x00000000000495e0      0x80c obj_cooja/mtype712.a(uip6.o)
                0x00000000000495e0                uip_slen
                0x00000000000495e4                uip_acc32
                0x0000000000049600                uip_conns
                0x0000000000049780                uip_lladdr
                0x0000000000049788                uip_appdata
                0x000000000004978c                uip_flags
                0x00000000000497a0                uip_aligned_buf
                0x0000000000049ca0                uip_listenports
                0x0000000000049cc8                uip_len
                0x0000000000049ccc                uip_sappdata
                0x0000000000049ce0                uip_udp_conns
                0x0000000000049de0                uip_udp_conn
                0x0000000000049de4                uip_next_hdr
                0x0000000000049de8                uip_conn
 COMMON         0x0000000000049dec       0x10 obj_cooja/mtype712.a(rpl.o)
                0x0000000000049dec                rpl_multicast_addr
 *fill*         0x0000000000049dfc        0x4 
 COMMON         0x0000000000049e00      0x164 obj_cooja/mtype712.a(rpl-dag.o)
                0x0000000000049e00                curr_instance
 *fill*         0x0000000000049f64       0x1c 
 COMMON         0x0000000000049f80       0x20 obj_cooja/mtype712.a(link-stats.o)
                0x0000000000049f80                periodic_timer
                0x0000000000049fa0                . = ALIGN ((. != 0x0)?0x4:0x1)
                0x0000000000049fa0                . = ALIGN (0x4)
                0x0000000000049fa0                . = SEGMENT_START ("ldata-segment", .)
                0x0000000000049fa0                . = ALIGN (0x4)
                0x0000000000049fa0                _end = .
                [!provide]                        PROVIDE (end, .)
                0x0000000000049fa0                . = DATA_SEGMENT_END (.)

.stab
 *(.stab)

.stabstr
 *(.stabstr)

.stab.excl
 *(.stab.excl)

.stab.exclstr
 *(.stab.exclstr)

.stab.index
 *(.stab.index)

.stab.indexstr
 *(.stab.indexstr)

.comment        0x0000000000000000       0x35
 *(.comment)
 .comment       0x0000000000000000       0x35 /usr/lib/gcc/i686-linux-gnu/5/crtbeginS.o
                                         0x36 (size before relaxing)
 .comment       0x0000000000000035       0x36 udp-client.o
 .comment       0x0000000000000035       0x36 obj_cooja/mtype712.o
 .comment       0x0000000000000035       0x36 obj_cooja/mtype712.a(simEnvChange.o)
 .comment       0x0000000000000035       0x36 obj_cooja/mtype712.a(cooja_mt.o)
 .comment       0x0000000000000035       0x36 obj_cooja/mtype712.a(cooja_mtarch.o)
 .comment       0x0000000000000035       0x36 obj_cooja/mtype712.a(rtimer-arch.o)
 .comment       0x0000000000000035       0x36 obj_cooja/mtype712.a(beep.o)
 .comment       0x0000000000000035       0x36 obj_cooja/mtype712.a(button-sensor.o)
 .comment       0x0000000000000035       0x36 obj_cooja/mtype712.a(leds-arch.o)
 .comment       0x0000000000000035       0x36 obj_cooja/mtype712.a(moteid.o)
 .comment       0x0000000000000035       0x36 obj_cooja/mtype712.a(pir-sensor.o)
 .comment       0x0000000000000035       0x36 obj_cooja/mtype712.a(rs232.o)
 .comment       0x0000000000000035       0x36 obj_cooja/mtype712.a(vib-sensor.o)
 .comment       0x0000000000000035       0x36 obj_cooja/mtype712.a(clock.o)
 .comment       0x0000000000000035       0x36 obj_cooja/mtype712.a(cooja-log.o)
 .comment       0x0000000000000035       0x36 obj_cooja/mtype712.a(cfs-cooja.o)
 .comment       0x0000000000000035       0x36 obj_cooja/mtype712.a(cooja-radio.o)
 .comment       0x0000000000000035       0x36 obj_cooja/mtype712.a(eeprom.o)
 .comment       0x0000000000000035       0x36 obj_cooja/mtype712.a(random.o)
 .comment       0x0000000000000035       0x36 obj_cooja/mtype712.a(sensors.o)
 .comment       0x0000000000000035       0x36 obj_cooja/mtype712.a(leds.o)
 .comment       0x0000000000000035       0x36 obj_cooja/mtype712.a(mqtt.o)
 .comment       0x0000000000000035       0x36 obj_cooja/mtype712.a(contiki-main.o)
 .comment       0x0000000000000035       0x36 obj_cooja/mtype712.a(autostart.o)
 .comment       0x0000000000000035       0x36 obj_cooja/mtype712.a(ctimer.o)
 .comment       0x0000000000000035       0x36 obj_cooja/mtype712.a(energest.o)
 .comment       0x0000000000000035       0x36 obj_cooja/mtype712.a(etimer.o)
 .comment       0x0000000000000035       0x36 obj_cooja/mtype712.a(log.o)
 .comment       0x0000000000000035       0x36 obj_cooja/mtype712.a(process.o)
 .comment       0x0000000000000035       0x36 obj_cooja/mtype712.a(rtimer.o)
 .comment       0x0000000000000035       0x36 obj_cooja/mtype712.a(node-id.o)
 .comment       0x0000000000000035       0x36 obj_cooja/mtype712.a(timer.o)
 .comment       0x0000000000000035       0x36 obj_cooja/mtype712.a(serial-line.o)
 .comment       0x0000000000000035       0x36 obj_cooja/mtype712.a(list.o)
 .comment       0x0000000000000035       0x36 obj_cooja/mtype712.a(ringbuf.o)
 .comment       0x0000000000000035       0x36 obj_cooja/mtype712.a(packetbuf.o)
 .comment       0x0000000000000035       0x36 obj_cooja/mtype712.a(netstack.o)
 .comment       0x0000000000000035       0x36 obj_cooja/mtype712.a(linkaddr.o)
 .comment       0x0000000000000035       0x36 obj_cooja/mtype712.a(csma.o)
 .comment       0x0000000000000035       0x36 obj_cooja/mtype712.a(csma-output.o)
 .comment       0x0000000000000035       0x36 obj_cooja/mtype712.a(uip-ds6.o)
 .comment       0x0000000000000035       0x36 obj_cooja/mtype712.a(tcp-socket.o)
 .comment       0x0000000000000035       0x36 obj_cooja/mtype712.a(tcpip.o)
 .comment       0x0000000000000035       0x36 obj_cooja/mtype712.a(uip-ds6-route.o)
 .comment       0x0000000000000035       0x36 obj_cooja/mtype712.a(uip6.o)
 .comment       0x0000000000000035       0x36 obj_cooja/mtype712.a(uip-ds6-nbr.o)
 .comment       0x0000000000000035       0x36 obj_cooja/mtype712.a(uip-nd6.o)
 .comment       0x0000000000000035       0x36 obj_cooja/mtype712.a(simple-udp.o)
 .comment       0x0000000000000035       0x36 obj_cooja/mtype712.a(sicslowpan.o)
 .comment       0x0000000000000035       0x36 obj_cooja/mtype712.a(uiplib.o)
 .comment       0x0000000000000035       0x36 obj_cooja/mtype712.a(rpl.o)
 .comment       0x0000000000000035       0x36 obj_cooja/mtype712.a(rpl-icmp6.o)
 .comment       0x0000000000000035       0x36 obj_cooja/mtype712.a(rpl-dag.o)
 .comment       0x0000000000000035       0x36 obj_cooja/mtype712.a(rpl-dag-root.o)
 .comment       0x0000000000000035       0x36 obj_cooja/mtype712.a(watchdog.o)
 .comment       0x0000000000000035       0x36 obj_cooja/mtype712.a(stimer.o)
 .comment       0x0000000000000035       0x36 obj_cooja/mtype712.a(memb.o)
 .comment       0x0000000000000035       0x36 obj_cooja/mtype712.a(queuebuf.o)
 .comment       0x0000000000000035       0x36 obj_cooja/mtype712.a(nbr-table.o)
 .comment       0x0000000000000035       0x36 obj_cooja/mtype712.a(link-stats.o)
 .comment       0x0000000000000035       0x36 obj_cooja/mtype712.a(mac-sequence.o)
 .comment       0x0000000000000035       0x36 obj_cooja/mtype712.a(mac.o)
 .comment       0x0000000000000035       0x36 obj_cooja/mtype712.a(framer-802154.o)
 .comment       0x0000000000000035       0x36 obj_cooja/mtype712.a(frame802154.o)
 .comment       0x0000000000000035       0x36 obj_cooja/mtype712.a(uipbuf.o)
 .comment       0x0000000000000035       0x36 obj_cooja/mtype712.a(uip-icmp6.o)
 .comment       0x0000000000000035       0x36 obj_cooja/mtype712.a(uip-sr.o)
 .comment       0x0000000000000035       0x36 obj_cooja/mtype712.a(uip-packetqueue)
 .comment       0x0000000000000035       0x36 obj_cooja/mtype712.a(uip-udp-packet.)
 .comment       0x0000000000000035       0x36 obj_cooja/mtype712.a(rpl-nbr-policy.)