Archive member included to satisfy reference by file (symbol)

obj_cooja/mtype336.a(simEnvChange.o)
                              obj_cooja/mtype336.o (simDontFallAsleep)
obj_cooja/mtype336.a(cooja_mt.o)
                              obj_cooja/mtype336.o (cooja_mt_start)
obj_cooja/mtype336.a(cooja_mtarch.o)
                              obj_cooja/mtype336.a(cooja_mt.o) (cooja_mtarch_start)
obj_cooja/mtype336.a(rtimer-arch.o)
                              obj_cooja/mtype336.o (rtimer_arch_check)
obj_cooja/mtype336.a(beep.o)  obj_cooja/mtype336.o (beep_interface)
obj_cooja/mtype336.a(button-sensor.o)
                              obj_cooja/mtype336.o (button_interface)
obj_cooja/mtype336.a(leds-arch.o)
                              obj_cooja/mtype336.o (leds_interface)
obj_cooja/mtype336.a(moteid.o)
                              obj_cooja/mtype336.o (moteid_interface)
obj_cooja/mtype336.a(pir-sensor.o)
                              obj_cooja/mtype336.o (pir_interface)
obj_cooja/mtype336.a(rs232.o)
                              obj_cooja/mtype336.o (rs232_interface)
obj_cooja/mtype336.a(vib-sensor.o)
                              obj_cooja/mtype336.o (vib_interface)
obj_cooja/mtype336.a(clock.o)
                              obj_cooja/mtype336.o (clock_interface)
obj_cooja/mtype336.a(cooja-log.o)
                              obj_cooja/mtype336.o (simlog_interface)
obj_cooja/mtype336.a(cfs-cooja.o)
                              obj_cooja/mtype336.o (cfs_interface)
obj_cooja/mtype336.a(cooja-radio.o)
                              obj_cooja/mtype336.o (radio_interface)
obj_cooja/mtype336.a(eeprom.o)
                              obj_cooja/mtype336.o (eeprom_interface)
obj_cooja/mtype336.a(random.o)
                              obj_cooja/mtype336.a(moteid.o) (random_init)
obj_cooja/mtype336.a(sensors.o)
                              obj_cooja/mtype336.a(button-sensor.o) (sensors_changed)
obj_cooja/mtype336.a(leds.o)  udp-client.o (leds_on)
obj_cooja/mtype336.a(mqtt.o)  udp-client.o (mqtt_disconnect)
obj_cooja/mtype336.a(contiki-main.o)
                              obj_cooja/mtype336.o (main)
obj_cooja/mtype336.a(autostart.o)
                              obj_cooja/mtype336.a(contiki-main.o) (autostart_start)
obj_cooja/mtype336.a(ctimer.o)
                              obj_cooja/mtype336.a(contiki-main.o) (ctimer_init)
obj_cooja/mtype336.a(energest.o)
                              obj_cooja/mtype336.a(contiki-main.o) (energest_init)
obj_cooja/mtype336.a(etimer.o)
                              obj_cooja/mtype336.a(contiki-main.o) (etimer_process)
obj_cooja/mtype336.a(log.o)   obj_cooja/mtype336.a(contiki-main.o) (curr_log_level_main)
obj_cooja/mtype336.a(process.o)
                              udp-client.o (process_current)
obj_cooja/mtype336.a(rtimer.o)
                              obj_cooja/mtype336.a(contiki-main.o) (rtimer_init)
obj_cooja/mtype336.a(node-id.o)
                              udp-client.o (node_id)
obj_cooja/mtype336.a(timer.o)
                              obj_cooja/mtype336.a(button-sensor.o) (timer_set)
obj_cooja/mtype336.a(serial-line.o)
                              obj_cooja/mtype336.a(rs232.o) (serial_line_input_byte)
obj_cooja/mtype336.a(list.o)  obj_cooja/mtype336.a(mqtt.o) (list_init)
obj_cooja/mtype336.a(ringbuf.o)
                              obj_cooja/mtype336.a(serial-line.o) (ringbuf_init)
obj_cooja/mtype336.a(packetbuf.o)
                              obj_cooja/mtype336.a(cooja-radio.o) (packetbuf_clear)
obj_cooja/mtype336.a(netstack.o)
                              obj_cooja/mtype336.a(contiki-main.o) (netstack_init)
obj_cooja/mtype336.a(linkaddr.o)
                              udp-client.o (linkaddr_node_addr)
obj_cooja/mtype336.a(csma.o)  obj_cooja/mtype336.a(cooja-radio.o) (csma_driver)
obj_cooja/mtype336.a(csma-output.o)
                              obj_cooja/mtype336.a(csma.o) (csma_output_packet)
obj_cooja/mtype336.a(uip-ds6.o)
                              obj_cooja/mtype336.a(contiki-main.o) (uip_ds6_get_link_local)
obj_cooja/mtype336.a(tcp-socket.o)
                              obj_cooja/mtype336.a(mqtt.o) (tcp_socket_register)
obj_cooja/mtype336.a(tcpip.o)
                              obj_cooja/mtype336.a(tcp-socket.o) (tcpip_event)
obj_cooja/mtype336.a(uip-ds6-route.o)
                              obj_cooja/mtype336.a(uip-ds6.o) (uip_ds6_route_init)
obj_cooja/mtype336.a(uip6.o)  obj_cooja/mtype336.a(contiki-main.o) (uip_lladdr)
obj_cooja/mtype336.a(uip-ds6-nbr.o)
                              obj_cooja/mtype336.a(uip-ds6.o) (uip_ds6_neighbors_init)
obj_cooja/mtype336.a(uip-nd6.o)
                              obj_cooja/mtype336.a(uip6.o) (uip_nd6_init)
obj_cooja/mtype336.a(simple-udp.o)
                              udp-client.o (simple_udp_sendto)
obj_cooja/mtype336.a(sicslowpan.o)
                              obj_cooja/mtype336.a(contiki-main.o) (sicslowpan_driver)
obj_cooja/mtype336.a(uiplib.o)
[...]
Memory Configuration

Name             Origin             Length             Attributes
*default*        0x0000000000000000 0xffffffffffffffff

Linker script and memory map

LOAD /usr/lib/gcc/i686-linux-gnu/5/../../../i386-linux-gnu/crti.o
LOAD /usr/lib/gcc/i686-linux-gnu/5/crtbeginS.o
LOAD udp-client.o
LOAD obj_cooja/mtype336.o
LOAD obj_cooja/mtype336.a
LOAD /usr/lib/gcc/i686-linux-gnu/5/libgcc.a
LOAD /usr/lib/gcc/i686-linux-gnu/5/libgcc_s.so
LOAD /usr/lib/gcc/i686-linux-gnu/5/../../../i386-linux-gnu/libc.so
START GROUP
LOAD /lib/i386-linux-gnu/libc.so.6
LOAD /usr/lib/i386-linux-gnu/libc_nonshared.a
LOAD /lib/i386-linux-gnu/ld-linux.so.2
END GROUP
LOAD /usr/lib/gcc/i686-linux-gnu/5/libgcc.a
LOAD /usr/lib/gcc/i686-linux-gnu/5/libgcc_s.so
LOAD /usr/lib/gcc/i686-linux-gnu/5/crtendS.o
LOAD /usr/lib/gcc/i686-linux-gnu/5/../../../i386-linux-gnu/crtn.o
                0x0000000000000114                . = (0x0 + SIZEOF_HEADERS)

.note.gnu.build-id
                0x0000000000000114       0x24
 *(.note.gnu.build-id)
 .note.gnu.build-id
                0x0000000000000114       0x24 /usr/lib/gcc/i686-linux-gnu/5/../../../i386-linux-gnu/crti.o

.hash
 *(.hash)

.gnu.hash       0x0000000000000138     0x13ec
 *(.gnu.hash)
 .gnu.hash      0x0000000000000138     0x13ec /usr/lib/gcc/i686-linux-gnu/5/../../../i386-linux-gnu/crti.o

.dynsym         0x0000000000001524     0x2800
 *(.dynsym)
 .dynsym        0x0000000000001524     0x2800 /usr/lib/gcc/i686-linux-gnu/5/../../../i386-linux-gnu/crti.o

.dynstr         0x0000000000003d24     0x2b9f
 *(.dynstr)
 .dynstr        0x0000000000003d24     0x2b9f /usr/lib/gcc/i686-linux-gnu/5/../../../i386-linux-gnu/crti.o

.gnu.version    0x00000000000068c4      0x500
 *(.gnu.version)
 .gnu.version   0x00000000000068c4      0x500 /usr/lib/gcc/i686-linux-gnu/5/../../../i386-linux-gnu/crti.o

.gnu.version_d  0x0000000000006dc4        0x0
 *(.gnu.version_d)
 .gnu.version_d
                0x0000000000006dc4        0x0 /usr/lib/gcc/i686-linux-gnu/5/../../../i386-linux-gnu/crti.o

.gnu.version_r  0x0000000000006dc4       0x40
 *(.gnu.version_r)
 .gnu.version_r
                0x0000000000006dc4       0x40 /usr/lib/gcc/i686-linux-gnu/5/../../../i386-linux-gnu/crti.o

.rel.dyn        0x0000000000006e04     0xa670
 *(.rel.init)
 .rel.init      0x0000000000006e04        0x0 /usr/lib/gcc/i686-linux-gnu/5/../../../i386-linux-gnu/crti.o
 *(.rel.text .rel.text.* .rel.gnu.linkonce.t.*)
 .rel.text      0x0000000000006e04     0x9d28 /usr/lib/gcc/i686-linux-gnu/5/../../../i386-linux-gnu/crti.o
 *(.rel.fini)
 .rel.fini      0x0000000000010b2c        0x0 /usr/lib/gcc/i686-linux-gnu/5/../../../i386-linux-gnu/crti.o
 *(.rel.rodata .rel.rodata.* .rel.gnu.linkonce.r.*)
 .rel.rodata    0x0000000000010b2c      0x588 /usr/lib/gcc/i686-linux-gnu/5/../../../i386-linux-gnu/crti.o
 *(.rel.data.rel.ro .rel.data.rel.ro.* .rel.gnu.linkonce.d.rel.ro.*)
 *(.rel.data .rel.data.* .rel.gnu.linkonce.d.*)
 .rel.data.rel.local
                0x00000000000110b4        0x8 /usr/lib/gcc/i686-linux-gnu/5/../../../i386-linux-gnu/crti.o
 .rel.data      0x00000000000110bc      0x380 /usr/lib/gcc/i686-linux-gnu/5/../../../i386-linux-gnu/crti.o
 *(.rel.tdata .rel.tdata.* .rel.gnu.linkonce.td.*)
 *(.rel.tbss .rel.tbss.* .rel.gnu.linkonce.tb.*)
 *(.rel.ctors)
 *(.rel.dtors)
 *(.rel.got)
 .rel.got       0x000000000001143c       0x28 /usr/lib/gcc/i686-linux-gnu/5/../../../i386-linux-gnu/crti.o
 *(.rel.bss .rel.bss.* .rel.gnu.linkonce.b.*)
 *(.rel.ifunc)
 .rel.ifunc     0x0000000000011464        0x0 /usr/lib/gcc/i686-linux-gnu/5/../../../i386-linux-gnu/crti.o
 .rel.fini_array
                0x0000000000011464        0x8 /usr/lib/gcc/i686-linux-gnu/5/../../../i386-linux-gnu/crti.o
 .rel.init_array
                0x000000000001146c        0x8 /usr/lib/gcc/i686-linux-gnu/5/../../../i386-linux-gnu/crti.o

.rel.plt        0x0000000000011474        0x0
 *(.rel.plt)
 .rel.plt       0x0000000000011474        0x0 /usr/lib/gcc/i686-linux-gnu/5/../../../i386-linux-gnu/crti.o
 *(.rel.iplt)

.init           0x0000000000011474       0x23
 *(SORT(.init))
 .init          0x0000000000011474       0x1e /usr/lib/gcc/i686-linux-gnu/5/../../../i386-linux-gnu/crti.o
                0x0000000000011474                _init
 .init          0x0000000000011492        0x5 /usr/lib/gcc/i686-linux-gnu/5/../../../i386-linux-gnu/crtn.o

.plt            0x00000000000114a0       0x10
 *(.plt)
 .plt           0x00000000000114a0       0x10 /usr/lib/gcc/i686-linux-gnu/5/../../../i386-linux-gnu/crti.o
 *(.iplt)

.plt.got        0x00000000000114b0       0x10
 *(.plt.got)
 .plt.got       0x00000000000114b0       0x10 /usr/lib/gcc/i686-linux-gnu/5/../../../i386-linux-gnu/crti.o

.text           0x00000000000114c0    0x1a142
 *(.text.unlikely .text.*_unlikely .text.unlikely.*)
 .text.unlikely
                0x00000000000114c0        0x0 /usr/lib/gcc/i686-linux-gnu/5/crtbeginS.o
 *(.text.exit .text.exit.*)
 *(.text.startup .text.startup.*)
 *(.text.hot .text.hot.*)
 *(.text .stub .text.* .gnu.linkonce.t.*)
 .text          0x00000000000114c0        0x0 /usr/lib/gcc/i686-linux-gnu/5/../../../i386-linux-gnu/crti.o
 .gnu.linkonce.t.__x86.get_pc_thunk.bx
                0x00000000000114c0        0x4 /usr/lib/gcc/i686-linux-gnu/5/../../../i386-linux-gnu/crti.o
                0x00000000000114c0                __x86.get_pc_thunk.bx
 *fill*         0x00000000000114c4        0xc 
 .text          0x00000000000114d0      0x11c /usr/lib/gcc/i686-linux-gnu/5/crtbeginS.o
 .text.__x86.get_pc_thunk.dx
                0x00000000000115ec        0x4 /usr/lib/gcc/i686-linux-gnu/5/crtbeginS.o
                0x00000000000115ec                __x86.get_pc_thunk.dx
 .text          0x00000000000115f0     0x1499 udp-client.o
                0x00000000000115f0                ipaddr_sprintf
 .text          0x0000000000012a89      0x271 obj_cooja/mtype336.o
                0x0000000000012b1b                platform_init_stage_one
                0x0000000000012b21                platform_init_stage_two
                0x0000000000012b2f                platform_init_stage_three
                0x0000000000012b42                platform_main_loop
                0x0000000000012bb5                Java_org_contikios_cooja_corecomm_Lib22_init
                0x0000000000012bec                Java_org_contikios_cooja_corecomm_Lib22_getMemory
                0x0000000000012c1f                Java_org_contikios_cooja_corecomm_Lib22_setMemory
                0x0000000000012c7f                Java_org_contikios_cooja_corecomm_Lib22_tick
                0x0000000000012ce7                Java_org_contikios_cooja_corecomm_Lib22_setReferenceAddress
 .text          0x0000000000012cfa       0x65 obj_cooja/mtype336.a(simEnvChange.o)
                0x0000000000012cfa                doActionsBeforeTick
                0x0000000000012d2c                doActionsAfterTick
 .text          0x0000000000012d5f       0x83 obj_cooja/mtype336.a(cooja_mt.o)
                0x0000000000012d5f                cooja_mt_start
                0x0000000000012d89                cooja_mt_exec
                0x0000000000012dbf                cooja_mt_yield
 .text          0x0000000000012de2       0xbe obj_cooja/mtype336.a(cooja_mtarch.o)
                0x0000000000012de2                cooja_mtarch_start
                0x0000000000012e55                cooja_sw
                0x0000000000012e78                cooja_mtarch_exec
                0x0000000000012e95                cooja_mtarch_yield
 .text          0x0000000000012ea0       0xc5 obj_cooja/mtype336.a(rtimer-arch.o)
                0x0000000000012ea0                rtimer_arch_init
                0x0000000000012ec4                rtimer_arch_schedule
                0x0000000000012ef4                rtimer_arch_next
                0x0000000000012f04                rtimer_arch_pending
                0x0000000000012f0e                rtimer_arch_check
                0x0000000000012f55                rtimer_arch_now
 .text          0x0000000000012f65       0x81 obj_cooja/mtype336.a(beep.o)
                0x0000000000012f65                beep_alarm
                0x0000000000012f72                beep_beep
                0x0000000000012f7f                beep
                0x0000000000012f8c                beep_down
                0x0000000000012f99                beep_on
                0x0000000000012fa6                beep_off
                0x0000000000012fb3                beep_spinup
                0x0000000000012fc0                beep_quick
                0x0000000000012fcd                beep_long
 .text          0x0000000000012fe6      0x10d obj_cooja/mtype336.a(button-sensor.o)
 .text          0x00000000000130f3       0x49 obj_cooja/mtype336.a(leds-arch.o)
                0x00000000000130f3                leds_arch_init
                0x0000000000013100                leds_arch_get
                0x000000000001310c                leds_arch_set
 .text          0x000000000001313c       0x35 obj_cooja/mtype336.a(moteid.o)
 .text          0x0000000000013171       0xb7 obj_cooja/mtype336.a(pir-sensor.o)
 .text          0x0000000000013228      0x148 obj_cooja/mtype336.a(rs232.o)
                0x0000000000013228                rs232_init
                0x000000000001322e                rs232_set_speed
                0x000000000001323d                rs232_set_input
                0x000000000001324b                rs232_send
                0x000000000001326f                rs232_print
                0x000000000001328b                slip_arch_writeb
 .text          0x0000000000013370       0xb7 obj_cooja/mtype336.a(vib-sensor.o)
 .text          0x0000000000013427       0x38 obj_cooja/mtype336.a(clock.o)
                0x0000000000013427                clock_init
                0x000000000001342d                clock_time
                0x0000000000013437                clock_seconds
                0x000000000001344d                clock_delay
 .text          0x000000000001345f      0x219 obj_cooja/mtype336.a(cooja-log.o)
                0x000000000001345f                simlog_char
                0x00000000000134a2                simlog
                0x0000000000013518                log_message
                0x0000000000013549                log_set_putchar_with_slip
                0x0000000000013557                log_putchar
                0x00000000000135d2                log_puts
                0x00000000000135fa                log_printf
 .text          0x0000000000013678      0x2b9 obj_cooja/mtype336.a(cfs-cooja.o)
                0x0000000000013678                cfs_open
                0x00000000000136e1                cfs_close
                0x00000000000136ee                cfs_read
                0x0000000000013783                cfs_write
                0x000000000001385f                cfs_seek
                0x00000000000138e7                cfs_remove
                0x000000000001390b                cfs_opendir
                0x0000000000013915                cfs_readdir
                0x000000000001391f                cfs_closedir
 .text          0x0000000000013931      0x605 obj_cooja/mtype336.a(cooja-radio.o)
                0x0000000000013973                radio_set_channel
                0x0000000000013981                radio_set_txpower
                0x0000000000013999                radio_signal_strength_last
                0x00000000000139a3                radio_signal_strength_current
                0x00000000000139ad                radio_LQI
 .text          0x0000000000013f36       0xee obj_cooja/mtype336.a(eeprom.o)
                0x0000000000013f36                eeprom_init
                0x0000000000013f3c                eeprom_read
                0x0000000000013faa                eeprom_write
 .text          0x0000000000014024       0x2d obj_cooja/mtype336.a(random.o)
                0x0000000000014024                random_init
                0x0000000000014044                random_rand
 .text          0x0000000000014051      0x29c obj_cooja/mtype336.a(sensors.o)
                0x000000000001408c                sensors_first
                0x0000000000014096                sensors_next
                0x00000000000140b0                sensors_changed
                0x00000000000140e4                sensors_find
 .text          0x00000000000142ed       0xf6 obj_cooja/mtype336.a(leds.o)
                0x00000000000142ed                leds_init
                0x00000000000142fb                leds_blink
                0x000000000001433e                leds_get
                0x000000000001434b                leds_set
                0x000000000001436a                leds_on
                0x0000000000014390                leds_off
                0x00000000000143bd                leds_toggle
 .text          0x00000000000143e3     0x3779 obj_cooja/mtype336.a(mqtt.o)
                0x0000000000017586                mqtt_init
                0x0000000000017644                mqtt_register
                0x00000000000176e1                mqtt_connect
                0x00000000000177f3                mqtt_disconnect
                0x0000000000017831                mqtt_subscribe
                0x00000000000178ee                mqtt_unsubscribe
                0x000000000001799c                mqtt_publish
                0x0000000000017a7d                mqtt_set_username_password
                0x0000000000017b08                mqtt_set_last_will
 .text          0x0000000000017b5c      0x328 obj_cooja/mtype336.a(contiki-main.o)
                0x0000000000017b5c                main
 .text          0x0000000000017e84       0x92 obj_cooja/mtype336.a(autostart.o)
                0x0000000000017e84                autostart_start
                0x0000000000017ece                autostart_exit
 .text          0x0000000000017f16      0x355 obj_cooja/mtype336.a(ctimer.o)
                0x000000000001803e                ctimer_init
                0x0000000000018071                ctimer_set
                0x0000000000018097                ctimer_set_with_process
                0x0000000000018114                ctimer_reset
                0x0000000000018168                ctimer_restart
                0x00000000000181bc                ctimer_stop
                0x000000000001820c                ctimer_expired
 .text          0x000000000001826b       0x1b obj_cooja/mtype336.a(energest.o)
                0x000000000001826b                energest_init
                0x0000000000018271                energest_flush
                0x0000000000018277                energest_get_total_time
 .text          0x0000000000018286      0x43f obj_cooja/mtype336.a(etimer.o)
                0x00000000000184aa                etimer_request_poll
                0x0000000000018533                etimer_set
                0x000000000001855c                etimer_reset_with_new_interval
                0x000000000001858b                etimer_reset
                0x00000000000185b1                etimer_restart
                0x00000000000185d7                etimer_adjust
                0x00000000000185f4                etimer_expired
                0x0000000000018607                etimer_expiration_time
                0x0000000000018619                etimer_start_time
                0x0000000000018623                etimer_pending
                0x0000000000018635                etimer_next_expiration_time
                0x000000000001864f                etimer_stop
 .text          0x00000000000186c5      0x394 obj_cooja/mtype336.a(log.o)
                0x00000000000186c5                log_6addr
                0x0000000000018718                log_6addr_compact_snprint
                0x00000000000187b6                log_6addr_compact
                0x0000000000018809                log_lladdr
                0x000000000001887b                log_lladdr_compact
                0x00000000000188e3                log_set_level
                0x000000000001899e                log_get_level
                0x0000000000018a17                log_level_to_str
 .text          0x0000000000018a59      0x4fb obj_cooja/mtype336.a(process.o)
                0x0000000000018a59                process_alloc_event
                0x0000000000018a6e                process_start
                0x0000000000018c48                process_exit
                0x0000000000018c65                process_init
                0x0000000000018dfa                process_run
                0x0000000000018e2d                process_nevents
                0x0000000000018e48                process_post
                0x0000000000018edb                process_post_synch
                0x0000000000018f10                process_poll
                0x0000000000018f40                process_is_running
 .text          0x0000000000018f54       0xeb obj_cooja/mtype336.a(rtimer.o)
                0x0000000000018f54                rtimer_init
                0x0000000000018f62                rtimer_set
                0x0000000000018fdd                rtimer_run_next
 .text          0x000000000001903f       0x25 obj_cooja/mtype336.a(node-id.o)
                0x000000000001903f                node_id_init
 .text          0x0000000000019064       0x9c obj_cooja/mtype336.a(timer.o)
                0x0000000000019064                timer_set
                0x0000000000019082                timer_reset
                0x000000000001909a                timer_restart
                0x00000000000190af                timer_expired
                0x00000000000190dc                timer_remaining
 .text          0x0000000000019100      0x1eb obj_cooja/mtype336.a(serial-line.o)
                0x0000000000019100                serial_line_input_byte
                0x00000000000192b6                serial_line_init
 .text          0x00000000000192eb      0x28f obj_cooja/mtype336.a(list.o)
                0x00000000000192eb                list_init
                0x00000000000192fa                list_head
                0x0000000000019304                list_copy
                0x0000000000019314                list_tail
                0x000000000001934a                list_add
                0x0000000000019396                list_push
                0x00000000000193c2                list_chop
                0x000000000001942c                list_pop
                0x0000000000019454                list_remove
                0x00000000000194bc                list_length
                0x00000000000194ea                list_insert
                0x000000000001952f                list_item_next
                0x0000000000019546                list_contains
 .text          0x000000000001957a      0x156 obj_cooja/mtype336.a(ringbuf.o)
                0x000000000001957a                ringbuf_init
                0x00000000000195ac                ringbuf_put
                0x000000000001962a                ringbuf_get
                0x0000000000019697                ringbuf_size
                0x00000000000196a9                ringbuf_elements
 .text          0x00000000000196d0      0x407 obj_cooja/mtype336.a(packetbuf.o)
                0x00000000000196d0                packetbuf_clear
                0x00000000000196fb                packetbuf_copyfrom
                0x000000000001974a                packetbuf_copyto
                0x00000000000197dd                packetbuf_hdralloc
                0x0000000000019859                packetbuf_hdrreduce
                0x000000000001989f                packetbuf_set_datalen
                0x00000000000198b9                packetbuf_dataptr
                0x00000000000198d6                packetbuf_hdrptr
                0x00000000000198e0                packetbuf_datalen
                0x00000000000198ec                packetbuf_hdrlen
                0x0000000000019903                packetbuf_totlen
                0x0000000000019919                packetbuf_remaininglen
                0x000000000001992c                packetbuf_attr_clear
                0x0000000000019978                packetbuf_attr_copyto
                0x00000000000199d0                packetbuf_attr_copyfrom
                0x0000000000019a28                packetbuf_set_attr
                0x0000000000019a52                packetbuf_attr
                0x0000000000019a6c                packetbuf_set_addr
                0x0000000000019a9d                packetbuf_addr
                0x0000000000019aba                packetbuf_holds_broadcast
 .text          0x0000000000019ad7       0xef obj_cooja/mtype336.a(netstack.o)
                0x0000000000019ad7                netstack_process_ip_callback
                0x0000000000019b68                netstack_ip_packet_processor_add
                0x0000000000019b8b                uip_ds6_ip_packet_processor_rm
                0x0000000000019ba8                netstack_init
 .text          0x0000000000019bc6       0x4f obj_cooja/mtype336.a(linkaddr.o)
                0x0000000000019bc6                linkaddr_copy
                0x0000000000019bdc                linkaddr_cmp
                0x0000000000019bff                linkaddr_set_node_addr
 .text          0x0000000000019c15      0x165 obj_cooja/mtype336.a(csma.o)
 .text          0x0000000000019d7a      0x944 obj_cooja/mtype336.a(csma-output.o)
                0x000000000001a3f3                csma_output_packet
                0x000000000001a680                csma_output_init
 .text          0x000000000001a6be      0xb25 obj_cooja/mtype336.a(uip-ds6.o)
                0x000000000001a6be                uip_ds6_init
                0x000000000001a869                uip_ds6_periodic
                0x000000000001a8f0                uip_ds6_list_loop
                0x000000000001a9b0                uip_ds6_prefix_add
                0x000000000001aa5c                uip_ds6_prefix_rm
                0x000000000001aa6f                uip_ds6_prefix_lookup
                0x000000000001aaae                uip_ds6_is_addr_onlink
                0x000000000001ab21                uip_ds6_addr_add
                0x000000000001ac41                uip_ds6_addr_rm
                0x000000000001acea                uip_ds6_addr_lookup
                0x000000000001ad23                uip_ds6_get_link_local
                0x000000000001ada4                uip_ds6_get_global
                0x000000000001ae25                uip_ds6_maddr_add
                0x000000000001ae85                uip_ds6_maddr_rm
                0x000000000001ae98                uip_ds6_maddr_lookup
                0x000000000001aed1                uip_ds6_aaddr_add
                0x000000000001af31                uip_ds6_aaddr_rm
                0x000000000001af44                uip_ds6_aaddr_lookup
                0x000000000001af7d                uip_ds6_select_src
                0x000000000001b0c6                uip_ds6_set_addr_iid
                0x000000000001b0f1                uip_ds6_set_lladdr_from_iid
                0x000000000001b11a                get_match_length
                0x000000000001b1ab                uip_ds6_compute_reachable_time
 .text          0x000000000001b1e3      0x9d5 obj_cooja/mtype336.a(tcp-socket.o)
                0x000000000001b82e                tcp_socket_register
                0x000000000001b8bf                tcp_socket_connect
                0x000000000001b956                tcp_socket_listen
                0x000000000001b9cd                tcp_socket_unlisten
                0x000000000001ba41                tcp_socket_send
                0x000000000001bae1                tcp_socket_send_str
                0x000000000001bb09                tcp_socket_close
                0x000000000001bb32                tcp_socket_unregister
                0x000000000001bb8c                tcp_socket_max_sendlen
                0x000000000001bba9                tcp_socket_queuelen
 .text          0x000000000001bbb8      0xa72 obj_cooja/mtype336.a(tcpip.o)
                0x000000000001bbd2                tcpip_output
                0x000000000001bcb6                tcp_connect
                0x000000000001bd0e                tcp_unlisten
                0x000000000001bd6e                tcp_listen
                0x000000000001bdcc                tcp_attach
                0x000000000001bde4                udp_attach
                0x000000000001bdfc                udp_new
                0x000000000001be46                udp_broadcast_new
                0x000000000001c0cb                tcpip_input
                0x000000000001c26b                tcpip_ipv6_output
                0x000000000001c47f                tcpip_poll_udp
                0x000000000001c49d                tcpip_poll_tcp
                0x000000000001c4bb                tcpip_uipcall
 .text          0x000000000001c62a      0x35b obj_cooja/mtype336.a(uip-ds6-route.o)
                0x000000000001c67b                uip_ds6_route_init
                0x000000000001c6a5                uip_ds6_route_nexthop
                0x000000000001c6af                uip_ds6_route_head
                0x000000000001c6b9                uip_ds6_route_next
                0x000000000001c6c3                uip_ds6_route_is_nexthop
                0x000000000001c6cd                uip_ds6_route_num_routes
                0x000000000001c6d7                uip_ds6_route_lookup
                0x000000000001c6e1                uip_ds6_route_add
                0x000000000001c6f4                uip_ds6_route_rm
                0x000000000001c6fa                uip_ds6_route_rm_by_nexthop
                0x000000000001c700                uip_ds6_defrt_head
                0x000000000001c719                uip_ds6_defrt_add
                0x000000000001c7c7                uip_ds6_defrt_rm
                0x000000000001c82d                uip_ds6_defrt_lookup
                0x000000000001c894                uip_ds6_defrt_choose
                0x000000000001c90a                uip_ds6_defrt_periodic
 .text          0x000000000001c985     0x2802 obj_cooja/mtype336.a(uip6.o)
                0x000000000001c985                uip_add32
                0x000000000001cb1f                uip_chksum
                0x000000000001cc00                uip_icmp6chksum
                0x000000000001cc15                uip_tcpchksum
                0x000000000001cc2a                uip_udpchksum
                0x000000000001cc3f                uip_init
                0x000000000001ccca                uip_connect
                0x000000000001ce53                remove_ext_hdr
                0x000000000001cf38                uip_udp_new
                0x000000000001d05a                uip_unlisten
                0x000000000001d09c                uip_listen
                0x000000000001d33d                uip_process
                0x000000000001f082                uip_htons
                0x000000000001f0a4                uip_htonl
                0x000000000001f0e2                uip_send
 .text          0x000000000001f187      0x374 obj_cooja/mtype336.a(uip-ds6-nbr.o)
                0x000000000001f187                uip_ds6_neighbors_init
                0x000000000001f1ab                uip_ds6_nbr_add
                0x000000000001f231                uip_ds6_nbr_rm
                0x000000000001f27c                uip_ds6_nbr_update_ll
                0x000000000001f36a                uip_ds6_nbr_get_ipaddr
                0x000000000001f37f                uip_ds6_nbr_get_ll
                0x000000000001f39b                uip_ds6_nbr_num
                0x000000000001f3e4                uip_ds6_nbr_head
                0x000000000001f3fd                uip_ds6_nbr_next
                0x000000000001f419                uip_ds6_nbr_lookup
                0x000000000001f47c                uip_ds6_nbr_ll_lookup
                0x000000000001f498                uip_ds6_nbr_ipaddr_from_lladdr
                0x000000000001f4c1                uip_ds6_nbr_lladdr_from_ipaddr
                0x000000000001f4f5                uip_ds6_link_callback
 .text          0x000000000001f4fb      0x6b5 obj_cooja/mtype336.a(uip-nd6.o)
                0x000000000001fb97                uip_nd6_init
 .text          0x000000000001fbb0      0x37a obj_cooja/mtype336.a(simple-udp.o)
                0x000000000001fbdd                simple_udp_send
                0x000000000001fc40                simple_udp_sendto
                0x000000000001fc9b                simple_udp_sendto_port
                0x000000000001fcf4                simple_udp_register
 .text          0x000000000001ff2a     0x2a78 obj_cooja/mtype336.a(sicslowpan.o)
                0x0000000000020428                netstack_sniffer_add
                0x0000000000020436                netstack_sniffer_remove
                0x000000000002296e                sicslowpan_init
                0x0000000000022998                sicslowpan_get_last_rssi
 .text          0x00000000000229a2      0x4d1 obj_cooja/mtype336.a(uiplib.o)
                0x00000000000229a2                uiplib_ip6addrconv
                0x0000000000022b5a                uiplib_ip4addrconv
                0x0000000000022c1d                uiplib_ipaddr_print
                0x0000000000022c70                uiplib_ipaddr_snprint
 .text          0x0000000000022e73      0x4c9 obj_cooja/mtype336.a(rpl.o)
                0x0000000000022e73                rpl_lollipop_greater_than
                0x0000000000022ecd                rpl_get_global_address
                0x0000000000022fc5                rpl_link_callback
                0x0000000000023009                rpl_has_joined
                0x000000000002302e                rpl_is_reachable
                0x00000000000230af                rpl_reset_prefix
                0x0000000000023119                rpl_set_prefix_from_addr
                0x00000000000231fe                rpl_set_prefix
                0x0000000000023318                rpl_set_leaf_only
                0x0000000000023330                rpl_get_leaf_only
 .text          0x000000000002333c     0x13cb obj_cooja/mtype336.a(rpl-icmp6.o)
                0x0000000000023461                rpl_icmp6_update_nbr_table
                0x00000000000234fa                rpl_icmp6_dis_output
                0x0000000000023b50                rpl_icmp6_dio_output
                0x000000000002435d                rpl_icmp6_dao_output
                0x000000000002464e                rpl_icmp6_dao_ack_output
                0x00000000000246be                rpl_icmp6_init
 .text          0x0000000000024707      0xe51 obj_cooja/mtype336.a(rpl-dag.o)
                0x0000000000024707                rpl_dag_state_to_str
                0x0000000000024746                rpl_dag_get_root_ipaddr
                0x000000000002478e                rpl_dag_leave
                0x0000000000024817                rpl_dag_poison_and_leave
                0x000000000002482f                rpl_dag_periodic
                0x00000000000248b7                rpl_is_addr_in_our_dag
                0x00000000000248fb                rpl_get_default_instance
                0x0000000000024917                rpl_get_any_dag
                0x0000000000024970                rpl_refresh_routes
                0x00000000000249b0                rpl_global_repair
                0x0000000000024a3c                rpl_local_repair
                0x0000000000024a86                rpl_dag_ready_to_advertise
                0x0000000000024ac9                rpl_dag_update_state
                0x00000000000251ed                rpl_process_dio
                0x000000000002526e                rpl_process_dis
                0x00000000000252b3                rpl_process_dao
                0x0000000000025342                rpl_process_dao_ack
                0x00000000000253d4                rpl_process_hbh
                0x0000000000025424                rpl_dag_init_root
                0x0000000000025538                rpl_dag_init
 .text          0x0000000000025558      0x286 obj_cooja/mtype336.a(rpl-dag-root.o)
                0x0000000000025558                rpl_dag_root_print_links
                0x00000000000256a6                rpl_dag_root_set_prefix
                0x00000000000256d2                rpl_dag_root_start
                0x00000000000257af                rpl_dag_root_is_root
 .text          0x00000000000257de       0x1e obj_cooja/mtype336.a(watchdog.o)
                0x00000000000257de                watchdog_init
                0x00000000000257e4                watchdog_start
                0x00000000000257ea                watchdog_periodic
                0x00000000000257f0                watchdog_stop
                0x00000000000257f6                watchdog_reboot
 .text          0x00000000000257fc       0xb2 obj_cooja/mtype336.a(stimer.o)
                0x00000000000257fc                stimer_set
                0x000000000002581a                stimer_reset
                0x0000000000025832                stimer_restart
                0x0000000000025847                stimer_expired
                0x0000000000025872                stimer_remaining
                0x0000000000025896                stimer_elapsed
 .text          0x00000000000258ae      0x1b8 obj_cooja/mtype336.a(memb.o)
                0x00000000000258ae                memb_init
                0x0000000000025903                memb_alloc
                0x0000000000025968                memb_free
                0x00000000000259e3                memb_inmemb
                0x0000000000025a22                memb_numfree
 .text          0x0000000000025a66      0x2e7 obj_cooja/mtype336.a(queuebuf.o)
                0x0000000000025a70                queuebuf_init
                0x0000000000025a99                queuebuf_numfree
                0x0000000000025ab1                queuebuf_new_from_packetbuf
                0x0000000000025b50                queuebuf_update_attr_from_packetbuf
                0x0000000000025b85                queuebuf_update_from_packetbuf
                0x0000000000025bd5                queuebuf_free
                0x0000000000025c1e                queuebuf_to_packetbuf
                0x0000000000025c8a                queuebuf_dataptr
                0x0000000000025cc4                queuebuf_datalen
                0x0000000000025ce7                queuebuf_addr
                0x0000000000025d1c                queuebuf_attr
                0x0000000000025d47                queuebuf_debug_print
 .text          0x0000000000025d4d      0x78b obj_cooja/mtype336.a(nbr-table.o)
                0x00000000000261c6                nbr_table_register
                0x0000000000026233                nbr_table_is_registered
                0x000000000002626e                nbr_table_head
                0x00000000000262c9                nbr_table_next
                0x000000000002632a                nbr_table_add_lladdr
                0x00000000000263f4                nbr_table_get_from_lladdr
                0x0000000000026440                nbr_table_remove
                0x0000000000026478                nbr_table_lock
                0x0000000000026492                nbr_table_unlock
                0x00000000000264ac                nbr_table_get_lladdr
 .text          0x00000000000264d8      0x37c obj_cooja/mtype336.a(link-stats.o)
                0x00000000000264d8                link_stats_from_lladdr
                0x00000000000264f4                link_stats_is_fresh
                0x0000000000026530                guess_etx_from_rssi
                0x00000000000265ac                link_stats_packet_sent
                0x00000000000266bf                link_stats_input_callback
                0x00000000000267cf                link_stats_reset
                0x000000000002681f                link_stats_init
 .text          0x0000000000026854      0x187 obj_cooja/mtype336.a(mac-sequence.o)
                0x0000000000026854                mac_sequence_is_duplicate
                0x00000000000268f4                mac_sequence_register_seqno
 .text          0x00000000000269db       0x23 obj_cooja/mtype336.a(mac.o)
                0x00000000000269db                mac_call_sent_callback
 .text          0x00000000000269fe      0x41d obj_cooja/mtype336.a(framer-802154.o)
                0x0000000000026b8d                framer_802154_setup_params
 .text          0x0000000000026e1b      0xb6f obj_cooja/mtype336.a(frame802154.o)
                0x0000000000026e4c                frame802154_get_pan_id
                0x0000000000026e58                frame802154_set_pan_id
                0x0000000000026e72                frame802154_has_panid
                0x0000000000027021                frame802154_check_dest_panid
                0x00000000000270a9                frame802154_is_broadcast_addr
                0x00000000000270f6                frame802154_extract_linkaddr
                0x000000000002735b                frame802154_hdrlen
                0x00000000000273ce                frame802154_create_fcf
                0x0000000000027486                frame802154_create
                0x00000000000275fb                frame802154_parse_fcf
                0x00000000000276dd                frame802154_parse
 .text          0x000000000002798a      0x1ec obj_cooja/mtype336.a(uipbuf.o)
                0x000000000002798a                uipbuf_get_next_header
                0x00000000000279f9                uipbuf_get_last_header
                0x0000000000027a80                uipbuf_get_attr
                0x0000000000027aa7                uipbuf_set_attr
                0x0000000000027ade                uipbuf_clear_attr
                0x0000000000027b0a                uipbuf_set_attr_flag
                0x0000000000027b2b                uipbuf_clr_attr_flag
                0x0000000000027b52                uipbuf_is_attr_flag
 .text          0x0000000000027b76      0x96e obj_cooja/mtype336.a(uip-icmp6.o)
                0x0000000000027beb                uip_icmp6_input
                0x0000000000027c42                uip_icmp6_register_input_handler
                0x0000000000027e4e                uip_icmp6_error_output
                0x00000000000281ad                uip_icmp6_send
                0x000000000002846c                uip_icmp6_echo_reply_callback_add
                0x000000000002849e                uip_icmp6_echo_reply_callback_rm
                0x00000000000284bb                uip_icmp6_init
 .text          0x00000000000284e4      0x69b obj_cooja/mtype336.a(uip-sr.o)
                0x00000000000284e4                uip_sr_num_nodes
                0x0000000000028572                uip_sr_get_node
                0x00000000000285c9                uip_sr_is_addr_reachable
                0x0000000000028677                uip_sr_expire_parent
                0x00000000000286c0                uip_sr_update_node
                0x00000000000287f0                uip_sr_init
                0x0000000000028824                uip_sr_node_head
                0x000000000002883d                uip_sr_node_next
                0x0000000000028853                uip_sr_periodic
                0x0000000000028959                uip_sr_free_all
                0x00000000000289c9                uip_sr_link_snprint
 .text          0x0000000000028b7f      0x146 obj_cooja/mtype336.a(uip-packetqueue)
                0x0000000000028bad                uip_packetqueue_new
                0x0000000000028bbc                uip_packetqueue_alloc
                0x0000000000028c17                uip_packetqueue_free
                0x0000000000028c5e                uip_packetqueue_buf
                0x0000000000028c7b                uip_packetqueue_buflen
                0x0000000000028c9c                uip_packetqueue_set_buflen
 .text          0x0000000000028cc5      0x128 obj_cooja/mtype336.a(uip-udp-packet.)
                0x0000000000028cc5                uip_udp_packet_send
                0x0000000000028d20                uip_udp_packet_sendto
 .text          0x0000000000028ded      0x1c8 obj_cooja/mtype336.a(rpl-nbr-policy.)
                0x0000000000028f72                rpl_nbr_policy_find_removable
 .text          0x0000000000028fb5      0x8ed obj_cooja/mtype336.a(rpl-neighbor.o)
                0x0000000000029031                rpl_neighbor_snprint
                0x00000000000292de                rpl_neighbor_print_list
                0x0000000000029393                rpl_neighbor_count
                0x000000000002943a                rpl_neighbor_get_from_lladdr
                0x0000000000029456                rpl_neighbor_is_acceptable_parent
                0x000000000002948a                rpl_neighbor_get_link_metric
                0x00000000000294be                rpl_neighbor_rank_via_nbr
                0x00000000000294f2                rpl_neighbor_get_lladdr
                0x000000000002950e                rpl_neighbor_get_ipaddr
                0x0000000000029535                rpl_neighbor_get_link_stats
                0x000000000002955c                rpl_neighbor_is_fresh
                0x0000000000029583                rpl_neighbor_is_reachable
                0x00000000000295ce                rpl_neighbor_is_parent
                0x00000000000295f8                rpl_neighbor_set_preferred_parent
                0x0000000000029684                rpl_neighbor_remove_all
                0x00000000000296d3                rpl_neighbor_get_from_ipaddr
                0x00000000000297d7                rpl_neighbor_select_best
                0x0000000000029883                rpl_neighbor_init
 .text          0x00000000000298a2      0xa19 obj_cooja/mtype336.a(rpl-timers.o)
                0x00000000000298a2                rpl_timers_schedule_periodic_dis
                0x00000000000299f0                rpl_timers_dio_reset
                0x0000000000029ae1                rpl_timers_schedule_unicast_dio
                0x0000000000029c67                rpl_timers_schedule_dao
                0x0000000000029da1                rpl_timers_schedule_dao_ack
                0x0000000000029e27                get_probing_delay
                0x0000000000029e5b                get_probing_target
                0x000000000002a045                rpl_schedule_probing
                0x000000000002a073                rpl_schedule_probing_now
                0x000000000002a0dd                rpl_timers_unschedule_leaving
                0x000000000002a115                rpl_timers_schedule_leaving
                0x000000000002a156                rpl_timers_init
                0x000000000002a1e6                rpl_timers_stop_dag_timers
                0x000000000002a25f                rpl_timers_unschedule_state_update
                0x000000000002a283                rpl_timers_schedule_state_update
 .text          0x000000000002a2bb     0x102c obj_cooja/mtype336.a(rpl-ext-header.)
                0x000000000002a2bb                rpl_ext_header_srh_get_next_hop
                0x000000000002a437                rpl_ext_header_srh_update
                0x000000000002ab30                rpl_ext_header_hbh_update
                0x000000000002b085                rpl_ext_header_update
                0x000000000002b10e                rpl_ext_header_remove
 .text          0x000000000002b2e7      0x31b obj_cooja/mtype336.a(rpl-mrhof.o)
 .text          0x000000000002b602        0x0 /usr/lib/gcc/i686-linux-gnu/5/crtendS.o
 .text          0x000000000002b602        0x0 /usr/lib/gcc/i686-linux-gnu/5/../../../i386-linux-gnu/crtn.o
 *(.gnu.warning)

.fini           0x000000000002b604       0x14
 *(SORT(.fini))
 .fini          0x000000000002b604        0xf /usr/lib/gcc/i686-linux-gnu/5/../../../i386-linux-gnu/crti.o
                0x000000000002b604                _fini
 .fini          0x000000000002b613        0x5 /usr/lib/gcc/i686-linux-gnu/5/../../../i386-linux-gnu/crtn.o
                [!provide]                        PROVIDE (__etext, .)
                [!provide]                        PROVIDE (_etext, .)
                [!provide]                        PROVIDE (etext, .)

.rodata         0x000000000002b620      0xc00
 *(.rodata .rodata.* .gnu.linkonce.r.*)
 .rodata        0x000000000002b620      0x467 udp-client.o
                0x000000000002b644                autostart_processes
 *fill*         0x000000000002ba87        0x1 
 .rodata        0x000000000002ba88        0x8 obj_cooja/mtype336.a(beep.o)
                0x000000000002ba88                beep_interface
 .rodata        0x000000000002ba90       0x20 obj_cooja/mtype336.a(button-sensor.o)
                0x000000000002ba90                button_interface
                0x000000000002baa0                button_sensor
 .rodata        0x000000000002bab0        0x8 obj_cooja/mtype336.a(leds-arch.o)
                0x000000000002bab0                leds_interface
 .rodata        0x000000000002bab8        0x8 obj_cooja/mtype336.a(moteid.o)
                0x000000000002bab8                moteid_interface
 .rodata        0x000000000002bac0       0x1c obj_cooja/mtype336.a(pir-sensor.o)
                0x000000000002bac0                pir_interface
                0x000000000002bacc                pir_sensor
 .rodata        0x000000000002badc        0xe obj_cooja/mtype336.a(rs232.o)
                0x000000000002badc                rs232_interface
 *fill*         0x000000000002baea        0x2 
 .rodata        0x000000000002baec       0x24 obj_cooja/mtype336.a(vib-sensor.o)
                0x000000000002baec                vib_interface
                0x000000000002bb00                vib_sensor
 .rodata        0x000000000002bb10        0x8 obj_cooja/mtype336.a(clock.o)
                0x000000000002bb10                clock_interface
 .rodata        0x000000000002bb18        0x8 obj_cooja/mtype336.a(cooja-log.o)
                0x000000000002bb18                simlog_interface
 .rodata        0x000000000002bb20       0x2f obj_cooja/mtype336.a(cfs-cooja.o)
                0x000000000002bb20                cfs_interface
 *fill*         0x000000000002bb4f       0x11 
 .rodata        0x000000000002bb60       0x58 obj_cooja/mtype336.a(cooja-radio.o)
                0x000000000002bb60                radio_interface
                0x000000000002bb80                cooja_radio_driver
 .rodata        0x000000000002bbb8        0x8 obj_cooja/mtype336.a(eeprom.o)
                0x000000000002bbb8                eeprom_interface
 .rodata        0x000000000002bbc0        0x8 obj_cooja/mtype336.a(sensors.o)
 .rodata        0x000000000002bbc8       0x14 obj_cooja/mtype336.a(mqtt.o)
 .rodata        0x000000000002bbdc       0xf8 obj_cooja/mtype336.a(contiki-main.o)
 .rodata        0x000000000002bcd4        0xf obj_cooja/mtype336.a(ctimer.o)
 .rodata        0x000000000002bce3        0xc obj_cooja/mtype336.a(etimer.o)
 *fill*         0x000000000002bcef        0x1 
 .rodata        0x000000000002bcf0       0xc0 obj_cooja/mtype336.a(log.o)
 .rodata        0x000000000002bdb0        0xe obj_cooja/mtype336.a(serial-line.o)
 *fill*         0x000000000002bdbe        0x2 
 .rodata        0x000000000002bdc0        0x8 obj_cooja/mtype336.a(linkaddr.o)
                0x000000000002bdc0                linkaddr_null
 .rodata        0x000000000002bdc8       0x20 obj_cooja/mtype336.a(csma.o)
                0x000000000002bdd0                csma_driver
 .rodata        0x000000000002bde8       0x13 obj_cooja/mtype336.a(tcp-socket.o)
 .rodata        0x000000000002bdfb        0xd obj_cooja/mtype336.a(tcpip.o)
 .rodata        0x000000000002be08       0x4d obj_cooja/mtype336.a(uip-ds6-route.o)
 *fill*         0x000000000002be55        0x3 
 .rodata        0x000000000002be58      0x13c obj_cooja/mtype336.a(uip6.o)
 .rodata        0x000000000002bf94       0x13 obj_cooja/mtype336.a(simple-udp.o)
 *fill*         0x000000000002bfa7        0x1 
 .rodata        0x000000000002bfa8       0x30 obj_cooja/mtype336.a(sicslowpan.o)
                0x000000000002bfa8                unc_llconf
                0x000000000002bfac                unc_ctxconf
                0x000000000002bfb0                unc_mxconf
                0x000000000002bfb4                llprefix
                0x000000000002bfc8                sicslowpan_driver
 .rodata        0x000000000002bfd8       0x2d obj_cooja/mtype336.a(uiplib.o)
 *fill*         0x000000000002c005       0x1b 
 .rodata        0x000000000002c020       0x70 obj_cooja/mtype336.a(rpl.o)
                0x000000000002c040                rpl_lite_driver
 .rodata        0x000000000002c090       0xdb obj_cooja/mtype336.a(rpl-dag.o)
 *fill*         0x000000000002c16b        0x1 
 .rodata        0x000000000002c16c        0xc obj_cooja/mtype336.a(framer-802154.o)
                0x000000000002c16c                framer_802154
 .rodata        0x000000000002c178       0x44 obj_cooja/mtype336.a(uip-sr.o)
 .rodata        0x000000000002c1bc       0x58 obj_cooja/mtype336.a(rpl-neighbor.o)
 .rodata        0x000000000002c214        0xc obj_cooja/mtype336.a(rpl-timers.o)

.rodata1
 *(.rodata1)

.eh_frame_hdr   0x000000000002c220     0x169c
 *(.eh_frame_hdr)
 .eh_frame_hdr  0x000000000002c220     0x169c udp-client.o
                0x000000000002c220                __GNU_EH_FRAME_HDR
 *(.eh_frame_entry .eh_frame_entry.*)

.eh_frame       0x000000000002d8bc     0x5ba4
 *(.eh_frame)
 .eh_frame      0x000000000002d8bc       0x3c /usr/lib/gcc/i686-linux-gnu/5/../../../i386-linux-gnu/crti.o
                                         0x40 (size before relaxing)
 .eh_frame      0x000000000002d8f8      0x1e0 udp-client.o
                                        0x1f8 (size before relaxing)
 .eh_frame      0x000000000002dad8      0x178 obj_cooja/mtype336.o
                                        0x190 (size before relaxing)
 .eh_frame      0x000000000002dc50       0x40 obj_cooja/mtype336.a(simEnvChange.o)
                                         0x58 (size before relaxing)
 .eh_frame      0x000000000002dc90       0x60 obj_cooja/mtype336.a(cooja_mt.o)
                                         0x78 (size before relaxing)
 .eh_frame      0x000000000002dcf0       0x80 obj_cooja/mtype336.a(cooja_mtarch.o)
                                         0x98 (size before relaxing)
 .eh_frame      0x000000000002dd70       0xc8 obj_cooja/mtype336.a(rtimer-arch.o)
                                         0xe0 (size before relaxing)
 .eh_frame      0x000000000002de38      0x160 obj_cooja/mtype336.a(beep.o)
                                        0x178 (size before relaxing)
 .eh_frame      0x000000000002df98       0xa0 obj_cooja/mtype336.a(button-sensor.o)
                                         0xb8 (size before relaxing)
 .eh_frame      0x000000000002e038       0xa0 obj_cooja/mtype336.a(leds-arch.o)
                                         0xb8 (size before relaxing)
 .eh_frame      0x000000000002e0d8       0x40 obj_cooja/mtype336.a(moteid.o)
                                         0x58 (size before relaxing)
 .eh_frame      0x000000000002e118       0xa0 obj_cooja/mtype336.a(pir-sensor.o)
                                         0xb8 (size before relaxing)
 .eh_frame      0x000000000002e1b8      0x100 obj_cooja/mtype336.a(rs232.o)
                                        0x118 (size before relaxing)
 .eh_frame      0x000000000002e2b8       0xa0 obj_cooja/mtype336.a(vib-sensor.o)
                                         0xb8 (size before relaxing)
 .eh_frame      0x000000000002e358       0xc0 obj_cooja/mtype336.a(clock.o)
                                         0xd8 (size before relaxing)
 .eh_frame      0x000000000002e418      0x120 obj_cooja/mtype336.a(cooja-log.o)
                                        0x138 (size before relaxing)
 .eh_frame      0x000000000002e538      0x160 obj_cooja/mtype336.a(cfs-cooja.o)
                                        0x178 (size before relaxing)
 .eh_frame      0x000000000002e698      0x340 obj_cooja/mtype336.a(cooja-radio.o)
                                        0x358 (size before relaxing)
 .eh_frame      0x000000000002e9d8       0xa0 obj_cooja/mtype336.a(eeprom.o)
                                         0xb8 (size before relaxing)
 .eh_frame      0x000000000002ea78       0x40 obj_cooja/mtype336.a(random.o)
                                         0x58 (size before relaxing)
 .eh_frame      0x000000000002eab8       0xc0 obj_cooja/mtype336.a(sensors.o)
                                         0xd8 (size before relaxing)
 .eh_frame      0x000000000002eb78       0xe0 obj_cooja/mtype336.a(leds.o)
                                         0xf8 (size before relaxing)
 .eh_frame      0x000000000002ec58      0x4a4 obj_cooja/mtype336.a(mqtt.o)
                                        0x4bc (size before relaxing)
 .eh_frame      0x000000000002f0fc       0x30 obj_cooja/mtype336.a(contiki-main.o)
                                         0x48 (size before relaxing)
 .eh_frame      0x000000000002f12c       0x40 obj_cooja/mtype336.a(autostart.o)
                                         0x58 (size before relaxing)
 .eh_frame      0x000000000002f16c      0x100 obj_cooja/mtype336.a(ctimer.o)
                                        0x118 (size before relaxing)
 .eh_frame      0x000000000002f26c       0x60 obj_cooja/mtype336.a(energest.o)
                                         0x78 (size before relaxing)
 .eh_frame      0x000000000002f2cc      0x1e0 obj_cooja/mtype336.a(etimer.o)
                                        0x1f8 (size before relaxing)
 .eh_frame      0x000000000002f4ac      0x100 obj_cooja/mtype336.a(log.o)
                                        0x118 (size before relaxing)
 .eh_frame      0x000000000002f5ac      0x1c4 obj_cooja/mtype336.a(process.o)
                                        0x1dc (size before relaxing)
 .eh_frame      0x000000000002f770       0x60 obj_cooja/mtype336.a(rtimer.o)
                                         0x78 (size before relaxing)
 .eh_frame      0x000000000002f7d0       0x20 obj_cooja/mtype336.a(node-id.o)
                                         0x38 (size before relaxing)
 .eh_frame      0x000000000002f7f0       0xa4 obj_cooja/mtype336.a(timer.o)
                                         0xbc (size before relaxing)
 .eh_frame      0x000000000002f894       0x60 obj_cooja/mtype336.a(serial-line.o)
                                         0x78 (size before relaxing)
 .eh_frame      0x000000000002f8f4      0x1a0 obj_cooja/mtype336.a(list.o)
                                        0x1b8 (size before relaxing)
 .eh_frame      0x000000000002fa94       0xa0 obj_cooja/mtype336.a(ringbuf.o)
                                         0xb8 (size before relaxing)
 .eh_frame      0x000000000002fb34      0x28c obj_cooja/mtype336.a(packetbuf.o)
                                        0x2a4 (size before relaxing)
 .eh_frame      0x000000000002fdc0       0x80 obj_cooja/mtype336.a(netstack.o)
                                         0x98 (size before relaxing)
 .eh_frame      0x000000000002fe40       0x60 obj_cooja/mtype336.a(linkaddr.o)
                                         0x78 (size before relaxing)
 .eh_frame      0x000000000002fea0       0xa0 obj_cooja/mtype336.a(csma.o)
                                         0xb8 (size before relaxing)
 .eh_frame      0x000000000002ff40      0x1d4 obj_cooja/mtype336.a(csma-output.o)
                                        0x1ec (size before relaxing)
 .eh_frame      0x0000000000030114      0x2e8 obj_cooja/mtype336.a(uip-ds6.o)
                                        0x300 (size before relaxing)
 .eh_frame      0x00000000000303fc      0x248 obj_cooja/mtype336.a(tcp-socket.o)
                                        0x260 (size before relaxing)
 .eh_frame      0x0000000000030644      0x308 obj_cooja/mtype336.a(tcpip.o)
                                        0x320 (size before relaxing)
 .eh_frame      0x000000000003094c      0x220 obj_cooja/mtype336.a(uip-ds6-route.o)
                                        0x238 (size before relaxing)
 .eh_frame      0x0000000000030b6c      0x274 obj_cooja/mtype336.a(uip6.o)
                                        0x28c (size before relaxing)
 .eh_frame      0x0000000000030de0      0x1c0 obj_cooja/mtype336.a(uip-ds6-nbr.o)
                                        0x1d8 (size before relaxing)
 .eh_frame      0x0000000000030fa0       0x84 obj_cooja/mtype336.a(uip-nd6.o)
                                         0x9c (size before relaxing)
 .eh_frame      0x0000000000031024       0xd4 obj_cooja/mtype336.a(simple-udp.o)
                                         0xec (size before relaxing)
 .eh_frame      0x00000000000310f8      0x2f8 obj_cooja/mtype336.a(sicslowpan.o)
                                        0x310 (size before relaxing)
 .eh_frame      0x00000000000313f0       0x88 obj_cooja/mtype336.a(uiplib.o)
                                         0xa0 (size before relaxing)
 .eh_frame      0x0000000000031478      0x1e0 obj_cooja/mtype336.a(rpl.o)
                                        0x1f8 (size before relaxing)
 .eh_frame      0x0000000000031658      0x1c4 obj_cooja/mtype336.a(rpl-icmp6.o)
                                        0x1dc (size before relaxing)
 .eh_frame      0x000000000003181c      0x370 obj_cooja/mtype336.a(rpl-dag.o)
                                        0x388 (size before relaxing)
 .eh_frame      0x0000000000031b8c       0xa0 obj_cooja/mtype336.a(rpl-dag-root.o)
                                         0xb8 (size before relaxing)
 .eh_frame      0x0000000000031c2c       0xa0 obj_cooja/mtype336.a(watchdog.o)
                                         0xb8 (size before relaxing)
 .eh_frame      0x0000000000031ccc       0xc4 obj_cooja/mtype336.a(stimer.o)
                                         0xdc (size before relaxing)
 .eh_frame      0x0000000000031d90       0xa0 obj_cooja/mtype336.a(memb.o)
                                         0xb8 (size before relaxing)
 .eh_frame      0x0000000000031e30      0x1a0 obj_cooja/mtype336.a(queuebuf.o)
                                        0x1b8 (size before relaxing)
 .eh_frame      0x0000000000031fd0      0x2ac obj_cooja/mtype336.a(nbr-table.o)
                                        0x2c4 (size before relaxing)
 .eh_frame      0x000000000003227c      0x100 obj_cooja/mtype336.a(link-stats.o)
                                        0x118 (size before relaxing)
 .eh_frame      0x000000000003237c       0x48 obj_cooja/mtype336.a(mac-sequence.o)
                                         0x60 (size before relaxing)
 .eh_frame      0x00000000000323c4       0x20 obj_cooja/mtype336.a(mac.o)
                                         0x38 (size before relaxing)
 .eh_frame      0x00000000000323e4       0xa4 obj_cooja/mtype336.a(framer-802154.o)
                                         0xbc (size before relaxing)
 .eh_frame      0x0000000000032488      0x1a4 obj_cooja/mtype336.a(frame802154.o)
                                        0x1bc (size before relaxing)
 .eh_frame      0x000000000003262c      0x100 obj_cooja/mtype336.a(uipbuf.o)
                                        0x118 (size before relaxing)
 .eh_frame      0x000000000003272c      0x160 obj_cooja/mtype336.a(uip-icmp6.o)
                                        0x178 (size before relaxing)
 .eh_frame      0x000000000003288c      0x184 obj_cooja/mtype336.a(uip-sr.o)
                                        0x19c (size before relaxing)
 .eh_frame      0x0000000000032a10       0xe0 obj_cooja/mtype336.a(uip-packetqueue)
                                         0xf8 (size before relaxing)
 .eh_frame      0x0000000000032af0       0x40 obj_cooja/mtype336.a(uip-udp-packet.)
                                         0x58 (size before relaxing)
 .eh_frame      0x0000000000032b30       0x80 obj_cooja/mtype336.a(rpl-nbr-policy.)
                                         0x98 (size before relaxing)
 .eh_frame      0x0000000000032bb0      0x2d4 obj_cooja/mtype336.a(rpl-neighbor.o)
                                        0x2ec (size before relaxing)
 .eh_frame      0x0000000000032e84      0x368 obj_cooja/mtype336.a(rpl-timers.o)
                                        0x380 (size before relaxing)
 .eh_frame      0x00000000000331ec      0x128 obj_cooja/mtype336.a(rpl-ext-header.)
                                        0x140 (size before relaxing)
 .eh_frame      0x0000000000033314      0x148 obj_cooja/mtype336.a(rpl-mrhof.o)
                                        0x160 (size before relaxing)
 .eh_frame      0x000000000003345c        0x4 /usr/lib/gcc/i686-linux-gnu/5/crtendS.o
 *(.eh_frame.*)

.gcc_except_table
 *(.gcc_except_table .gcc_except_table.*)

.gnu_extab
 *(.gnu_extab*)

.exception_ranges
 *(.exception_ranges .exception_ranges*)
                0x0000000000034f10                . = DATA_SEGMENT_ALIGN (0x1000, 0x1000)

.eh_frame
 *(.eh_frame)
 *(.eh_frame.*)

.gnu_extab
 *(.gnu_extab)

.gcc_except_table
 *(.gcc_except_table .gcc_except_table.*)

.exception_ranges
 *(.exception_ranges .exception_ranges*)

.tdata
 *(.tdata .tdata.* .gnu.linkonce.td.*)

.tbss
 *(.tbss .tbss.* .gnu.linkonce.tb.*)
 *(.tcommon)

.preinit_array
 *(.preinit_array)

.init_array     0x0000000000034f10        0x4
 *(SORT(.init_array.*) SORT(.ctors.*))
 *(.init_array EXCLUDE_FILE(*crtend?.o *crtend.o *crtbegin?.o *crtbegin.o) .ctors)
 .init_array    0x0000000000034f10        0x4 /usr/lib/gcc/i686-linux-gnu/5/crtbeginS.o

.fini_array     0x0000000000034f14        0x4
 *(SORT(.fini_array.*) SORT(.dtors.*))
 *(.fini_array EXCLUDE_FILE(*crtend?.o *crtend.o *crtbegin?.o *crtbegin.o) .dtors)
 .fini_array    0x0000000000034f14        0x4 /usr/lib/gcc/i686-linux-gnu/5/crtbeginS.o

.ctors
 *crtbegin.o(.ctors)
 *crtbegin?.o(.ctors)
 *(EXCLUDE_FILE(*crtend?.o *crtend.o) .ctors)
 *(SORT(.ctors.*))
 *(.ctors)

.dtors
 *crtbegin.o(.dtors)
 *crtbegin?.o(.dtors)
 *(EXCLUDE_FILE(*crtend?.o *crtend.o) .dtors)
 *(SORT(.dtors.*))
 *(.dtors)

.jcr            0x0000000000034f18        0x4
 *(.jcr)
 .jcr           0x0000000000034f18        0x0 /usr/lib/gcc/i686-linux-gnu/5/crtbeginS.o
 .jcr           0x0000000000034f18        0x4 /usr/lib/gcc/i686-linux-gnu/5/crtendS.o

.data.rel.ro
 *(.data.rel.ro.local* .gnu.linkonce.d.rel.ro.local.*)
 *(.data.rel.ro .data.rel.ro.* .gnu.linkonce.d.rel.ro.*)

.dynamic        0x0000000000034f1c       0xd0
 *(.dynamic)
 .dynamic       0x0000000000034f1c       0xd0 /usr/lib/gcc/i686-linux-gnu/5/../../../i386-linux-gnu/crti.o
                0x0000000000034f1c                _DYNAMIC

.got            0x0000000000034fec       0x14
 *(.got)
 .got           0x0000000000034fec       0x14 /usr/lib/gcc/i686-linux-gnu/5/../../../i386-linux-gnu/crti.o
 *(.igot)
                0x0000000000035ff4                . = DATA_SEGMENT_RELRO_END (., (SIZEOF (.got.plt) >= 0xc)?0xc:0x0)

.got.plt        0x0000000000035000        0xc
 *(.got.plt)
 .got.plt       0x0000000000035000        0xc /usr/lib/gcc/i686-linux-gnu/5/../../../i386-linux-gnu/crti.o
                0x0000000000035000                _GLOBAL_OFFSET_TABLE_
 *(.igot.plt)

.data           0x0000000000035020      0x344
 *(.data .data.* .gnu.linkonce.d.*)
 .data          0x0000000000035020        0x0 /usr/lib/gcc/i686-linux-gnu/5/../../../i386-linux-gnu/crti.o
 .data          0x0000000000035020        0x0 /usr/lib/gcc/i686-linux-gnu/5/crtbeginS.o
 .data.rel.local
                0x0000000000035020        0x4 /usr/lib/gcc/i686-linux-gnu/5/crtbeginS.o
                0x0000000000035020                __dso_handle
 .data          0x0000000000035024       0x34 udp-client.o
                0x0000000000035028                udp_client_process
                0x0000000000035038                udp_client_send_root_process
                0x0000000000035048                mqtt_client_process
 *fill*         0x0000000000035058        0x8 
 .data          0x0000000000035060       0x44 obj_cooja/mtype336.o
                0x0000000000035060                simInterfaces
                0x0000000000035094                sensors
 .data          0x00000000000350a4        0x0 obj_cooja/mtype336.a(simEnvChange.o)
 .data          0x00000000000350a4        0x0 obj_cooja/mtype336.a(cooja_mt.o)
 .data          0x00000000000350a4        0x0 obj_cooja/mtype336.a(cooja_mtarch.o)
 .data          0x00000000000350a4        0x0 obj_cooja/mtype336.a(rtimer-arch.o)
 .data          0x00000000000350a4        0x0 obj_cooja/mtype336.a(beep.o)
 .data          0x00000000000350a4        0x0 obj_cooja/mtype336.a(button-sensor.o)
 .data          0x00000000000350a4        0x0 obj_cooja/mtype336.a(leds-arch.o)
 .data          0x00000000000350a4        0x0 obj_cooja/mtype336.a(moteid.o)
 .data          0x00000000000350a4        0x0 obj_cooja/mtype336.a(pir-sensor.o)
 .data          0x00000000000350a4        0x0 obj_cooja/mtype336.a(rs232.o)
 .data          0x00000000000350a4        0x0 obj_cooja/mtype336.a(vib-sensor.o)
 .data          0x00000000000350a4        0x0 obj_cooja/mtype336.a(clock.o)
 .data          0x00000000000350a4        0x0 obj_cooja/mtype336.a(cooja-log.o)
 .data          0x00000000000350a4        0x0 obj_cooja/mtype336.a(cfs-cooja.o)
 .data          0x00000000000350a4       0x2c obj_cooja/mtype336.a(cooja-radio.o)
                0x00000000000350a4                simRadioHWOn
                0x00000000000350a8                simSignalStrength
                0x00000000000350ac                simLastSignalStrength
                0x00000000000350b0                simPower
                0x00000000000350b4                simRadioChannel
                0x00000000000350b8                simLQI
                0x00000000000350c0                cooja_radio_process
 .data          0x00000000000350d0        0x0 obj_cooja/mtype336.a(eeprom.o)
 .data          0x00000000000350d0        0x0 obj_cooja/mtype336.a(random.o)
 .data          0x00000000000350d0       0x10 obj_cooja/mtype336.a(sensors.o)
                0x00000000000350d0                sensors_process
 .data          0x00000000000350e0        0x0 obj_cooja/mtype336.a(leds.o)
 .data          0x00000000000350e0       0x14 obj_cooja/mtype336.a(mqtt.o)
                0x00000000000350e4                mqtt_process
 .data          0x00000000000350f4        0x0 obj_cooja/mtype336.a(contiki-main.o)
 .data          0x00000000000350f4        0x0 obj_cooja/mtype336.a(autostart.o)
 .data          0x00000000000350f4       0x14 obj_cooja/mtype336.a(ctimer.o)
                0x00000000000350f8                ctimer_process
 .data          0x0000000000035108        0x0 obj_cooja/mtype336.a(energest.o)
 .data          0x0000000000035108       0x10 obj_cooja/mtype336.a(etimer.o)
                0x0000000000035108                etimer_process
 *fill*         0x0000000000035118        0x8 
 .data          0x0000000000035120       0xb0 obj_cooja/mtype336.a(log.o)
                0x0000000000035120                curr_log_level_main
                0x0000000000035140                all_modules
 .data          0x00000000000351d0        0x0 obj_cooja/mtype336.a(process.o)
 .data          0x00000000000351d0        0x0 obj_cooja/mtype336.a(rtimer.o)
 .data          0x00000000000351d0        0x0 obj_cooja/mtype336.a(node-id.o)
 .data          0x00000000000351d0        0x0 obj_cooja/mtype336.a(timer.o)
 .data          0x00000000000351d0       0x10 obj_cooja/mtype336.a(serial-line.o)
                0x00000000000351d0                serial_line_process
 .data          0x00000000000351e0        0x0 obj_cooja/mtype336.a(list.o)
 .data          0x00000000000351e0        0x0 obj_cooja/mtype336.a(ringbuf.o)
 .data          0x00000000000351e0        0x4 obj_cooja/mtype336.a(packetbuf.o)
 .data          0x00000000000351e4        0x4 obj_cooja/mtype336.a(netstack.o)
 .data          0x00000000000351e8        0x0 obj_cooja/mtype336.a(linkaddr.o)
 .data          0x00000000000351e8        0x0 obj_cooja/mtype336.a(csma.o)
 .data          0x00000000000351e8       0x28 obj_cooja/mtype336.a(csma-output.o)
 .data          0x0000000000035210        0x0 obj_cooja/mtype336.a(uip-ds6.o)
 .data          0x0000000000035210       0x14 obj_cooja/mtype336.a(tcp-socket.o)
                0x0000000000035214                tcp_socket_process
 .data          0x0000000000035224       0x10 obj_cooja/mtype336.a(tcpip.o)
                0x0000000000035224                tcpip_process
 .data          0x0000000000035234       0x10 obj_cooja/mtype336.a(uip-ds6-route.o)
 .data          0x0000000000035244        0x0 obj_cooja/mtype336.a(uip6.o)
 .data          0x0000000000035244       0x14 obj_cooja/mtype336.a(uip-ds6-nbr.o)
                0x0000000000035254                ds6_neighbors
 .data          0x0000000000035258        0xc obj_cooja/mtype336.a(uip-nd6.o)
 .data          0x0000000000035264       0x10 obj_cooja/mtype336.a(simple-udp.o)
                0x0000000000035264                simple_udp_process
 .data          0x0000000000035274        0x0 obj_cooja/mtype336.a(sicslowpan.o)
 .data          0x0000000000035274        0x0 obj_cooja/mtype336.a(uiplib.o)
 .data          0x0000000000035274        0x0 obj_cooja/mtype336.a(rpl.o)
 .data          0x0000000000035274       0x30 obj_cooja/mtype336.a(rpl-icmp6.o)
 .data          0x00000000000352a4        0x0 obj_cooja/mtype336.a(rpl-dag.o)
 .data          0x00000000000352a4        0x0 obj_cooja/mtype336.a(rpl-dag-root.o)
 .data          0x00000000000352a4        0x0 obj_cooja/mtype336.a(watchdog.o)
 .data          0x00000000000352a4        0x0 obj_cooja/mtype336.a(stimer.o)
 .data          0x00000000000352a4        0x0 obj_cooja/mtype336.a(memb.o)
 .data          0x00000000000352a4       0x18 obj_cooja/mtype336.a(queuebuf.o)
 .data          0x00000000000352bc       0x10 obj_cooja/mtype336.a(nbr-table.o)
 .data          0x00000000000352cc       0x14 obj_cooja/mtype336.a(link-stats.o)
 .data          0x00000000000352e0        0x0 obj_cooja/mtype336.a(mac-sequence.o)
 .data          0x00000000000352e0        0x0 obj_cooja/mtype336.a(mac.o)
 .data          0x00000000000352e0        0x0 obj_cooja/mtype336.a(framer-802154.o)
 .data          0x00000000000352e0        0x2 obj_cooja/mtype336.a(frame802154.o)
 .data          0x00000000000352e2        0x0 obj_cooja/mtype336.a(uipbuf.o)
 *fill*         0x00000000000352e2        0x2 
 .data          0x00000000000352e4       0x20 obj_cooja/mtype336.a(uip-icmp6.o)
 .data          0x0000000000035304       0x10 obj_cooja/mtype336.a(uip-sr.o)
 .data          0x0000000000035314        0xc obj_cooja/mtype336.a(uip-packetqueue)
 .data          0x0000000000035320        0x0 obj_cooja/mtype336.a(uip-udp-packet.)
 .data          0x0000000000035320        0x0 obj_cooja/mtype336.a(rpl-nbr-policy.)
 .data          0x0000000000035320       0x14 obj_cooja/mtype336.a(rpl-neighbor.o)
                0x0000000000035330                rpl_neighbors
 .data          0x0000000000035334        0x0 obj_cooja/mtype336.a(rpl-timers.o)
 .data          0x0000000000035334        0x0 obj_cooja/mtype336.a(rpl-ext-header.)
 *fill*         0x0000000000035334        0xc 
 .data          0x0000000000035340       0x24 obj_cooja/mtype336.a(rpl-mrhof.o)
                0x0000000000035340                rpl_mrhof
 .data          0x0000000000035364        0x0 /usr/lib/gcc/i686-linux-gnu/5/crtendS.o
 .data          0x0000000000035364        0x0 /usr/lib/gcc/i686-linux-gnu/5/../../../i386-linux-gnu/crtn.o

.tm_clone_table
                0x0000000000035364        0x0
 .tm_clone_table
                0x0000000000035364        0x0 /usr/lib/gcc/i686-linux-gnu/5/crtbeginS.o
 .tm_clone_table
                0x0000000000035364        0x0 /usr/lib/gcc/i686-linux-gnu/5/crtendS.o

.data1
 *(.data1)
                0x0000000000035364                _edata = .
                [!provide]                        PROVIDE (edata, .)
                0x0000000000035364                . = .
                0x0000000000035364                __bss_start = .

.bss            0x0000000000035380    0x14b80
 *(.dynbss)
 .dynbss        0x0000000000035380        0x0 /usr/lib/gcc/i686-linux-gnu/5/../../../i386-linux-gnu/crti.o
 *(.bss .bss.* .gnu.linkonce.b.*)
 .bss           0x0000000000035380        0x0 /usr/lib/gcc/i686-linux-gnu/5/../../../i386-linux-gnu/crti.o
 .bss           0x0000000000035380        0x1 /usr/lib/gcc/i686-linux-gnu/5/crtbeginS.o
 *fill*         0x0000000000035381       0x1f 
 .bss           0x00000000000353a0      0xbd8 udp-client.o
 *fill*         0x0000000000035f78        0x8 
 .bss           0x0000000000035f80     0x2030 obj_cooja/mtype336.o
 .bss           0x0000000000037fb0        0x1 obj_cooja/mtype336.a(simEnvChange.o)
                0x0000000000037fb0                simDontFallAsleep
 *fill*         0x0000000000037fb1        0x3 
 .bss           0x0000000000037fb4        0x4 obj_cooja/mtype336.a(cooja_mt.o)
 .bss           0x0000000000037fb8        0x4 obj_cooja/mtype336.a(cooja_mtarch.o)
 .bss           0x0000000000037fbc        0x0 obj_cooja/mtype336.a(rtimer-arch.o)
 .bss           0x0000000000037fbc        0x0 obj_cooja/mtype336.a(beep.o)
 .bss           0x0000000000037fbc        0x8 obj_cooja/mtype336.a(button-sensor.o)
 .bss           0x0000000000037fc4        0x0 obj_cooja/mtype336.a(leds-arch.o)
 .bss           0x0000000000037fc4        0x0 obj_cooja/mtype336.a(moteid.o)
 .bss           0x0000000000037fc4        0x1 obj_cooja/mtype336.a(pir-sensor.o)
                0x0000000000037fc4                simPirValue
 *fill*         0x0000000000037fc5        0x3 
 .bss           0x0000000000037fc8        0x4 obj_cooja/mtype336.a(rs232.o)
 .bss           0x0000000000037fcc        0x1 obj_cooja/mtype336.a(vib-sensor.o)
                0x0000000000037fcc                simVibValue
 .bss           0x0000000000037fcd        0x0 obj_cooja/mtype336.a(clock.o)
 *fill*         0x0000000000037fcd       0x13 
 .bss           0x0000000000037fe0     0x2020 obj_cooja/mtype336.a(cooja-log.o)
 .bss           0x000000000003a000      0xfc0 obj_cooja/mtype336.a(cfs-cooja.o)
                0x000000000003a000                simCFSData
                0x000000000003afa0                simCFSSize
                0x000000000003afa4                simCFSChanged
                0x000000000003afa8                simCFSRead
                0x000000000003afac                simCFSWritten
 .bss           0x000000000003afc0       0x24 obj_cooja/mtype336.a(cooja-radio.o)
                0x000000000003afc0                simReceiving
                0x000000000003afc4                simInSize
                0x000000000003afc8                simLastPacketTimestamp
                0x000000000003afd0                simOutSize
 .bss           0x000000000003afe4        0xc obj_cooja/mtype336.a(eeprom.o)
                0x000000000003afe4                simEEPROMChanged
                0x000000000003afe8                simEEPROMRead
                0x000000000003afec                simEEPROMWritten
 .bss           0x000000000003aff0        0x0 obj_cooja/mtype336.a(random.o)
 .bss           0x000000000003aff0        0xc obj_cooja/mtype336.a(sensors.o)
 .bss           0x000000000003affc        0x0 obj_cooja/mtype336.a(leds.o)
 .bss           0x000000000003affc       0x15 obj_cooja/mtype336.a(mqtt.o)
 .bss           0x000000000003b011        0x0 obj_cooja/mtype336.a(contiki-main.o)
 .bss           0x000000000003b011        0x0 obj_cooja/mtype336.a(autostart.o)
 *fill*         0x000000000003b011        0x3 
 .bss           0x000000000003b014        0x5 obj_cooja/mtype336.a(ctimer.o)
 .bss           0x000000000003b019        0x0 obj_cooja/mtype336.a(energest.o)
 *fill*         0x000000000003b019        0x3 
 .bss           0x000000000003b01c        0x8 obj_cooja/mtype336.a(etimer.o)
 .bss           0x000000000003b024       0x28 obj_cooja/mtype336.a(log.o)
                0x000000000003b024                curr_log_level_rpl
                0x000000000003b028                curr_log_level_tcpip
                0x000000000003b02c                curr_log_level_ipv6
                0x000000000003b030                curr_log_level_6lowpan
                0x000000000003b034                curr_log_level_nullnet
                0x000000000003b038                curr_log_level_mac
                0x000000000003b03c                curr_log_level_framer
                0x000000000003b040                curr_log_level_6top
                0x000000000003b044                curr_log_level_coap
                0x000000000003b048                curr_log_level_lwm2m
 *fill*         0x000000000003b04c       0x14 
 .bss           0x000000000003b060      0x1a1 obj_cooja/mtype336.a(process.o)
                0x000000000003b060                process_list
                0x000000000003b064                process_current
 *fill*         0x000000000003b201        0x3 
 .bss           0x000000000003b204        0x4 obj_cooja/mtype336.a(rtimer.o)
 .bss           0x000000000003b208        0x2 obj_cooja/mtype336.a(node-id.o)
                0x000000000003b208                node_id
 .bss           0x000000000003b20a        0x0 obj_cooja/mtype336.a(timer.o)
 *fill*         0x000000000003b20a       0x16 
 .bss           0x000000000003b220      0x140 obj_cooja/mtype336.a(serial-line.o)
 .bss           0x000000000003b360        0x0 obj_cooja/mtype336.a(list.o)
 .bss           0x000000000003b360        0x0 obj_cooja/mtype336.a(ringbuf.o)
 .bss           0x000000000003b360       0xa0 obj_cooja/mtype336.a(packetbuf.o)
 .bss           0x000000000003b400        0x4 obj_cooja/mtype336.a(netstack.o)
 .bss           0x000000000003b404        0x0 obj_cooja/mtype336.a(linkaddr.o)
 .bss           0x000000000003b404        0x0 obj_cooja/mtype336.a(csma.o)
 *fill*         0x000000000003b404       0x1c 
 .bss           0x000000000003b420      0x726 obj_cooja/mtype336.a(csma-output.o)
 *fill*         0x000000000003bb46        0x2 
 .bss           0x000000000003bb48       0x20 obj_cooja/mtype336.a(uip-ds6.o)
 .bss           0x000000000003bb68        0x5 obj_cooja/mtype336.a(tcp-socket.o)
 *fill*         0x000000000003bb6d       0x13 
 .bss           0x000000000003bb80       0xc4 obj_cooja/mtype336.a(tcpip.o)
 *fill*         0x000000000003bc44       0x1c 
 .bss           0x000000000003bc60       0x60 obj_cooja/mtype336.a(uip-ds6-route.o)
 .bss           0x000000000003bcc0        0xc obj_cooja/mtype336.a(uip6.o)
                0x000000000003bcc0                uip_ext_bitmap
                0x000000000003bcc1                uip_ext_len
                0x000000000003bcc2                uip_ext_opt_offset
 *fill*         0x000000000003bccc       0x14 
 .bss           0x000000000003bce0     0x1c20 obj_cooja/mtype336.a(uip-ds6-nbr.o)
 .bss           0x000000000003d900       0x10 obj_cooja/mtype336.a(uip-nd6.o)
 *fill*         0x000000000003d910       0x10 
 .bss           0x000000000003d920      0x520 obj_cooja/mtype336.a(simple-udp.o)
 .bss           0x000000000003de40      0x724 obj_cooja/mtype336.a(sicslowpan.o)
 .bss           0x000000000003e564        0x0 obj_cooja/mtype336.a(uiplib.o)
 .bss           0x000000000003e564        0x1 obj_cooja/mtype336.a(rpl.o)
 .bss           0x000000000003e565        0x0 obj_cooja/mtype336.a(rpl-icmp6.o)
 .bss           0x000000000003e565        0x0 obj_cooja/mtype336.a(rpl-dag.o)
 *fill*         0x000000000003e565        0x3 
 .bss           0x000000000003e568       0x11 obj_cooja/mtype336.a(rpl-dag-root.o)
 .bss           0x000000000003e579        0x0 obj_cooja/mtype336.a(watchdog.o)
 .bss           0x000000000003e579        0x0 obj_cooja/mtype336.a(stimer.o)
 .bss           0x000000000003e579        0x0 obj_cooja/mtype336.a(memb.o)
 *fill*         0x000000000003e579        0x7 
 .bss           0x000000000003e580     0x2c80 obj_cooja/mtype336.a(queuebuf.o)
 .bss           0x0000000000041200     0x1214 obj_cooja/mtype336.a(nbr-table.o)
 *fill*         0x0000000000042414        0xc 
 .bss           0x0000000000042420      0xe10 obj_cooja/mtype336.a(link-stats.o)
 *fill*         0x0000000000043230       0x10 
 .bss           0x0000000000043240      0x100 obj_cooja/mtype336.a(mac-sequence.o)
 .bss           0x0000000000043340        0x0 obj_cooja/mtype336.a(mac.o)
 .bss           0x0000000000043340        0x2 obj_cooja/mtype336.a(framer-802154.o)
 .bss           0x0000000000043342        0x0 obj_cooja/mtype336.a(frame802154.o)
 *fill*         0x0000000000043342        0x2 
 .bss           0x0000000000043344        0xc obj_cooja/mtype336.a(uipbuf.o)
 .bss           0x0000000000043350       0x18 obj_cooja/mtype336.a(uip-icmp6.o)
 *fill*         0x0000000000043368       0x18 
 .bss           0x0000000000043380     0x1d80 obj_cooja/mtype336.a(uip-sr.o)
 .bss           0x0000000000045100      0xa78 obj_cooja/mtype336.a(uip-packetqueue)
 .bss           0x0000000000045b78        0x0 obj_cooja/mtype336.a(uip-udp-packet.)
 .bss           0x0000000000045b78        0xe obj_cooja/mtype336.a(rpl-nbr-policy.)
 *fill*         0x0000000000045b86       0x1a 
 .bss           0x0000000000045ba0      0x960 obj_cooja/mtype336.a(rpl-neighbor.o)
 .bss           0x0000000000046500       0x40 obj_cooja/mtype336.a(rpl-timers.o)
 .bss           0x0000000000046540        0x0 obj_cooja/mtype336.a(rpl-ext-header.)
 .bss           0x0000000000046540        0x0 obj_cooja/mtype336.a(rpl-mrhof.o)
 .bss           0x0000000000046540        0x0 /usr/lib/gcc/i686-linux-gnu/5/crtendS.o
 .bss           0x0000000000046540        0x0 /usr/lib/gcc/i686-linux-gnu/5/../../../i386-linux-gnu/crtn.o
 *(COMMON)
 COMMON         0x0000000000046540        0x8 obj_cooja/mtype336.o
                0x0000000000046540                referenceVar
                0x0000000000046544                sensors_flags
 COMMON         0x0000000000046548        0xc obj_cooja/mtype336.a(simEnvChange.o)
                0x0000000000046548                simEtimerPending
                0x000000000004654c                simProcessRunValue
                0x0000000000046550                simEtimerNextExpirationTime
 *fill*         0x0000000000046554        0x4 
 COMMON         0x0000000000046558       0x18 obj_cooja/mtype336.a(rtimer-arch.o)
                0x0000000000046558                simRtimerPending
                0x0000000000046560                simRtimerCurrentTicks
                0x0000000000046568                simRtimerNextExpirationTime
 COMMON         0x0000000000046570        0x1 obj_cooja/mtype336.a(beep.o)
                0x0000000000046570                simBeeped
 COMMON         0x0000000000046571        0x3 obj_cooja/mtype336.a(button-sensor.o)
                0x0000000000046571                simButtonIsActive
                0x0000000000046572                simButtonIsDown
                0x0000000000046573                simButtonChanged
 COMMON         0x0000000000046574        0x1 obj_cooja/mtype336.a(leds-arch.o)
                0x0000000000046574                simLedsValue
 *fill*         0x0000000000046575        0x3 
 COMMON         0x0000000000046578        0xc obj_cooja/mtype336.a(moteid.o)
                0x0000000000046578                simRandomSeed
                0x000000000004657c                simMoteIDChanged
                0x0000000000046580                simMoteID
 COMMON         0x0000000000046584        0x2 obj_cooja/mtype336.a(pir-sensor.o)
                0x0000000000046584                simPirIsActive
                0x0000000000046585                simPirChanged
 *fill*         0x0000000000046586       0x1a 
 COMMON         0x00000000000465a0      0x820 obj_cooja/mtype336.a(rs232.o)
                0x00000000000465a0                simSerialReceivingFlag
                0x00000000000465a4                simSerialReceivingLength
                0x00000000000465c0                simSerialReceivingData
 COMMON         0x0000000000046dc0        0x2 obj_cooja/mtype336.a(vib-sensor.o)
                0x0000000000046dc0                simVibChanged
                0x0000000000046dc1                simVibIsActive
 *fill*         0x0000000000046dc2        0x2 
 COMMON         0x0000000000046dc4        0x4 obj_cooja/mtype336.a(clock.o)
                0x0000000000046dc4                simCurrentTime
 *fill*         0x0000000000046dc8       0x18 
 COMMON         0x0000000000046de0     0x2020 obj_cooja/mtype336.a(cooja-log.o)
                0x0000000000046de0                simLoggedLength
                0x0000000000046de4                simLoggedFlag
                0x0000000000046e00                simLoggedData
 COMMON         0x0000000000048e00      0x100 obj_cooja/mtype336.a(cooja-radio.o)
                0x0000000000048e00                simOutDataBuffer
                0x0000000000048e80                simInDataBuffer
 COMMON         0x0000000000048f00      0x400 obj_cooja/mtype336.a(eeprom.o)
                0x0000000000048f00                simEEPROMData
 COMMON         0x0000000000049300        0x1 obj_cooja/mtype336.a(sensors.o)
                0x0000000000049300                sensors_event
 COMMON         0x0000000000049301        0x1 obj_cooja/mtype336.a(mqtt.o)
                0x0000000000049301                mqtt_update_event
 *fill*         0x0000000000049302        0x2 
 COMMON         0x0000000000049304       0x50 obj_cooja/mtype336.a(contiki-main.o)
                0x0000000000049304                eb_per_time_source
                0x0000000000049318                unicast_per_neighbor_rpl_storing
                0x000000000004932c                unicast_per_neighbor_rpl_ns
                0x0000000000049340                default_common
 COMMON         0x0000000000049354        0x1 obj_cooja/mtype336.a(serial-line.o)
                0x0000000000049354                serial_line_event_message
 *fill*         0x0000000000049355        0x3 
 COMMON         0x0000000000049358       0x2c obj_cooja/mtype336.a(packetbuf.o)
                0x0000000000049358                packetbuf_attrs
                0x0000000000049374                packetbuf_addrs
 COMMON         0x0000000000049384        0x8 obj_cooja/mtype336.a(linkaddr.o)
                0x0000000000049384                linkaddr_node_addr
 *fill*         0x000000000004938c       0x14 
 COMMON         0x00000000000493a0      0x181 obj_cooja/mtype336.a(uip-ds6.o)
                0x00000000000493a0                uip_ds6_prefix_list
                0x0000000000049400                uip_ds6_timer_periodic
                0x0000000000049410                uip_ds6_netif_addr_list_offset
                0x0000000000049420                uip_ds6_if
                0x0000000000049518                uip_ds6_timer_ra
                0x0000000000049520                uip_ds6_addr_size
 COMMON         0x0000000000049521        0x1 obj_cooja/mtype336.a(tcpip.o)
                0x0000000000049521                tcpip_event
 *fill*         0x0000000000049522       0x1e 
 COMMON         0x0000000000049540      0x80c obj_cooja/mtype336.a(uip6.o)
                0x0000000000049540                uip_slen
                0x0000000000049544                uip_acc32
                0x0000000000049560                uip_conns
                0x00000000000496e0                uip_lladdr
                0x00000000000496e8                uip_appdata
                0x00000000000496ec                uip_flags
                0x0000000000049700                uip_aligned_buf
                0x0000000000049c00                uip_listenports
                0x0000000000049c28                uip_len
                0x0000000000049c2c                uip_sappdata
                0x0000000000049c40                uip_udp_conns
                0x0000000000049d40                uip_udp_conn
                0x0000000000049d44                uip_next_hdr
                0x0000000000049d48                uip_conn
 COMMON         0x0000000000049d4c       0x10 obj_cooja/mtype336.a(rpl.o)
                0x0000000000049d4c                rpl_multicast_addr
 *fill*         0x0000000000049d5c        0x4 
 COMMON         0x0000000000049d60      0x164 obj_cooja/mtype336.a(rpl-dag.o)
                0x0000000000049d60                curr_instance
 *fill*         0x0000000000049ec4       0x1c 
 COMMON         0x0000000000049ee0       0x20 obj_cooja/mtype336.a(link-stats.o)
                0x0000000000049ee0                periodic_timer
                0x0000000000049f00                . = ALIGN ((. != 0x0)?0x4:0x1)
                0x0000000000049f00                . = ALIGN (0x4)
                0x0000000000049f00                . = SEGMENT_START ("ldata-segment", .)
                0x0000000000049f00                . = ALIGN (0x4)
                0x0000000000049f00                _end = .
                [!provide]                        PROVIDE (end, .)
                0x0000000000049f00                . = DATA_SEGMENT_END (.)

.stab
 *(.stab)

.stabstr
 *(.stabstr)

.stab.excl
 *(.stab.excl)

.stab.exclstr
 *(.stab.exclstr)

.stab.index
 *(.stab.index)

.stab.indexstr
 *(.stab.indexstr)

.comment        0x0000000000000000       0x35
 *(.comment)
 .comment       0x0000000000000000       0x35 /usr/lib/gcc/i686-linux-gnu/5/crtbeginS.o
                                         0x36 (size before relaxing)
 .comment       0x0000000000000035       0x36 udp-client.o
 .comment       0x0000000000000035       0x36 obj_cooja/mtype336.o
 .comment       0x0000000000000035       0x36 obj_cooja/mtype336.a(simEnvChange.o)
 .comment       0x0000000000000035       0x36 obj_cooja/mtype336.a(cooja_mt.o)
 .comment       0x0000000000000035       0x36 obj_cooja/mtype336.a(cooja_mtarch.o)
 .comment       0x0000000000000035       0x36 obj_cooja/mtype336.a(rtimer-arch.o)
 .comment       0x0000000000000035       0x36 obj_cooja/mtype336.a(beep.o)
 .comment       0x0000000000000035       0x36 obj_cooja/mtype336.a(button-sensor.o)
 .comment       0x0000000000000035       0x36 obj_cooja/mtype336.a(leds-arch.o)
 .comment       0x0000000000000035       0x36 obj_cooja/mtype336.a(moteid.o)
 .comment       0x0000000000000035       0x36 obj_cooja/mtype336.a(pir-sensor.o)
 .comment       0x0000000000000035       0x36 obj_cooja/mtype336.a(rs232.o)
 .comment       0x0000000000000035       0x36 obj_cooja/mtype336.a(vib-sensor.o)
 .comment       0x0000000000000035       0x36 obj_cooja/mtype336.a(clock.o)
 .comment       0x0000000000000035       0x36 obj_cooja/mtype336.a(cooja-log.o)
 .comment       0x0000000000000035       0x36 obj_cooja/mtype336.a(cfs-cooja.o)
 .comment       0x0000000000000035       0x36 obj_cooja/mtype336.a(cooja-radio.o)
 .comment       0x0000000000000035       0x36 obj_cooja/mtype336.a(eeprom.o)
 .comment       0x0000000000000035       0x36 obj_cooja/mtype336.a(random.o)
 .comment       0x0000000000000035       0x36 obj_cooja/mtype336.a(sensors.o)
 .comment       0x0000000000000035       0x36 obj_cooja/mtype336.a(leds.o)
 .comment       0x0000000000000035       0x36 obj_cooja/mtype336.a(mqtt.o)
 .comment       0x0000000000000035       0x36 obj_cooja/mtype336.a(contiki-main.o)
 .comment       0x0000000000000035       0x36 obj_cooja/mtype336.a(autostart.o)
 .comment       0x0000000000000035       0x36 obj_cooja/mtype336.a(ctimer.o)
 .comment       0x0000000000000035       0x36 obj_cooja/mtype336.a(energest.o)
 .comment       0x0000000000000035       0x36 obj_cooja/mtype336.a(etimer.o)
 .comment       0x0000000000000035       0x36 obj_cooja/mtype336.a(log.o)
 .comment       0x0000000000000035       0x36 obj_cooja/mtype336.a(process.o)
 .comment       0x0000000000000035       0x36 obj_cooja/mtype336.a(rtimer.o)
 .comment       0x0000000000000035       0x36 obj_cooja/mtype336.a(node-id.o)
 .comment       0x0000000000000035       0x36 obj_cooja/mtype336.a(timer.o)
 .comment       0x0000000000000035       0x36 obj_cooja/mtype336.a(serial-line.o)
 .comment       0x0000000000000035       0x36 obj_cooja/mtype336.a(list.o)
 .comment       0x0000000000000035       0x36 obj_cooja/mtype336.a(ringbuf.o)
 .comment       0x0000000000000035       0x36 obj_cooja/mtype336.a(packetbuf.o)
 .comment       0x0000000000000035       0x36 obj_cooja/mtype336.a(netstack.o)
 .comment       0x0000000000000035       0x36 obj_cooja/mtype336.a(linkaddr.o)
 .comment       0x0000000000000035       0x36 obj_cooja/mtype336.a(csma.o)
 .comment       0x0000000000000035       0x36 obj_cooja/mtype336.a(csma-output.o)
 .comment       0x0000000000000035       0x36 obj_cooja/mtype336.a(uip-ds6.o)
 .comment       0x0000000000000035       0x36 obj_cooja/mtype336.a(tcp-socket.o)
 .comment       0x0000000000000035       0x36 obj_cooja/mtype336.a(tcpip.o)
 .comment       0x0000000000000035       0x36 obj_cooja/mtype336.a(uip-ds6-route.o)
 .comment       0x0000000000000035       0x36 obj_cooja/mtype336.a(uip6.o)
 .comment       0x0000000000000035       0x36 obj_cooja/mtype336.a(uip-ds6-nbr.o)
 .comment       0x0000000000000035       0x36 obj_cooja/mtype336.a(uip-nd6.o)
 .comment       0x0000000000000035       0x36 obj_cooja/mtype336.a(simple-udp.o)
 .comment       0x0000000000000035       0x36 obj_cooja/mtype336.a(sicslowpan.o)
 .comment       0x0000000000000035       0x36 obj_cooja/mtype336.a(uiplib.o)
 .comment       0x0000000000000035       0x36 obj_cooja/mtype336.a(rpl.o)
 .comment       0x0000000000000035       0x36 obj_cooja/mtype336.a(rpl-icmp6.o)
 .comment       0x0000000000000035       0x36 obj_cooja/mtype336.a(rpl-dag.o)
 .comment       0x0000000000000035       0x36 obj_cooja/mtype336.a(rpl-dag-root.o)
 .comment       0x0000000000000035       0x36 obj_cooja/mtype336.a(watchdog.o)
 .comment       0x0000000000000035       0x36 obj_cooja/mtype336.a(stimer.o)
 .comment       0x0000000000000035       0x36 obj_cooja/mtype336.a(memb.o)
 .comment       0x0000000000000035       0x36 obj_cooja/mtype336.a(queuebuf.o)
 .comment       0x0000000000000035       0x36 obj_cooja/mtype336.a(nbr-table.o)
 .comment       0x0000000000000035       0x36 obj_cooja/mtype336.a(link-stats.o)
 .comment       0x0000000000000035       0x36 obj_cooja/mtype336.a(mac-sequence.o)
 .comment       0x0000000000000035       0x36 obj_cooja/mtype336.a(mac.o)
 .comment       0x0000000000000035       0x36 obj_cooja/mtype336.a(framer-802154.o)
 .comment       0x0000000000000035       0x36 obj_cooja/mtype336.a(frame802154.o)
 .comment       0x0000000000000035       0x36 obj_cooja/mtype336.a(uipbuf.o)
 .comment       0x0000000000000035       0x36 obj_cooja/mtype336.a(uip-icmp6.o)
 .comment       0x0000000000000035       0x36 obj_cooja/mtype336.a(uip-sr.o)
 .comment       0x0000000000000035       0x36 obj_cooja/mtype336.a(uip-packetqueue)
 .comment       0x0000000000000035       0x36 obj_cooja/mtype336.a(uip-udp-packet.)
 .comment       0x0000000000000035       0x36 obj_cooja/mtype336.a(rpl-nbr-policy.)