Archive member included to satisfy reference by file (symbol)

obj_cooja/mtype447.a(simEnvChange.o)
                              obj_cooja/mtype447.o (simDontFallAsleep)
obj_cooja/mtype447.a(cooja_mt.o)
                              obj_cooja/mtype447.o (cooja_mt_start)
obj_cooja/mtype447.a(cooja_mtarch.o)
                              obj_cooja/mtype447.a(cooja_mt.o) (cooja_mtarch_start)
obj_cooja/mtype447.a(rtimer-arch.o)
                              obj_cooja/mtype447.o (rtimer_arch_check)
obj_cooja/mtype447.a(beep.o)  obj_cooja/mtype447.o (beep_interface)
obj_cooja/mtype447.a(button-sensor.o)
                              obj_cooja/mtype447.o (button_interface)
obj_cooja/mtype447.a(leds-arch.o)
                              obj_cooja/mtype447.o (leds_interface)
obj_cooja/mtype447.a(moteid.o)
                              obj_cooja/mtype447.o (moteid_interface)
obj_cooja/mtype447.a(pir-sensor.o)
                              obj_cooja/mtype447.o (pir_interface)
obj_cooja/mtype447.a(rs232.o)
                              obj_cooja/mtype447.o (rs232_interface)
obj_cooja/mtype447.a(vib-sensor.o)
                              obj_cooja/mtype447.o (vib_interface)
obj_cooja/mtype447.a(clock.o)
                              obj_cooja/mtype447.o (clock_interface)
obj_cooja/mtype447.a(cooja-log.o)
                              obj_cooja/mtype447.o (simlog_interface)
obj_cooja/mtype447.a(cfs-cooja.o)
                              obj_cooja/mtype447.o (cfs_interface)
obj_cooja/mtype447.a(cooja-radio.o)
                              obj_cooja/mtype447.o (radio_interface)
obj_cooja/mtype447.a(eeprom.o)
                              obj_cooja/mtype447.o (eeprom_interface)
obj_cooja/mtype447.a(random.o)
                              obj_cooja/mtype447.a(moteid.o) (random_init)
obj_cooja/mtype447.a(sensors.o)
                              obj_cooja/mtype447.a(button-sensor.o) (sensors_changed)
obj_cooja/mtype447.a(leds.o)  udp-client.o (leds_on)
obj_cooja/mtype447.a(mqtt.o)  udp-client.o (mqtt_disconnect)
obj_cooja/mtype447.a(contiki-main.o)
                              obj_cooja/mtype447.o (main)
obj_cooja/mtype447.a(autostart.o)
                              obj_cooja/mtype447.a(contiki-main.o) (autostart_start)
obj_cooja/mtype447.a(ctimer.o)
                              obj_cooja/mtype447.a(contiki-main.o) (ctimer_init)
obj_cooja/mtype447.a(energest.o)
                              obj_cooja/mtype447.a(contiki-main.o) (energest_init)
obj_cooja/mtype447.a(etimer.o)
                              obj_cooja/mtype447.a(contiki-main.o) (etimer_process)
obj_cooja/mtype447.a(log.o)   obj_cooja/mtype447.a(contiki-main.o) (curr_log_level_main)
obj_cooja/mtype447.a(process.o)
                              udp-client.o (process_current)
obj_cooja/mtype447.a(rtimer.o)
                              obj_cooja/mtype447.a(contiki-main.o) (rtimer_init)
obj_cooja/mtype447.a(node-id.o)
                              udp-client.o (node_id)
obj_cooja/mtype447.a(timer.o)
                              obj_cooja/mtype447.a(button-sensor.o) (timer_set)
obj_cooja/mtype447.a(serial-line.o)
                              obj_cooja/mtype447.a(rs232.o) (serial_line_input_byte)
obj_cooja/mtype447.a(list.o)  obj_cooja/mtype447.a(mqtt.o) (list_init)
obj_cooja/mtype447.a(ringbuf.o)
                              obj_cooja/mtype447.a(serial-line.o) (ringbuf_init)
obj_cooja/mtype447.a(packetbuf.o)
                              obj_cooja/mtype447.a(cooja-radio.o) (packetbuf_clear)
obj_cooja/mtype447.a(netstack.o)
                              obj_cooja/mtype447.a(contiki-main.o) (netstack_init)
obj_cooja/mtype447.a(linkaddr.o)
                              udp-client.o (linkaddr_node_addr)
obj_cooja/mtype447.a(csma.o)  obj_cooja/mtype447.a(cooja-radio.o) (csma_driver)
obj_cooja/mtype447.a(csma-output.o)
                              obj_cooja/mtype447.a(csma.o) (csma_output_packet)
obj_cooja/mtype447.a(uip-ds6.o)
                              obj_cooja/mtype447.a(contiki-main.o) (uip_ds6_get_link_local)
obj_cooja/mtype447.a(tcp-socket.o)
                              obj_cooja/mtype447.a(mqtt.o) (tcp_socket_register)
obj_cooja/mtype447.a(tcpip.o)
                              obj_cooja/mtype447.a(tcp-socket.o) (tcpip_event)
obj_cooja/mtype447.a(uip-ds6-route.o)
                              obj_cooja/mtype447.a(uip-ds6.o) (uip_ds6_route_init)
obj_cooja/mtype447.a(uip6.o)  obj_cooja/mtype447.a(contiki-main.o) (uip_lladdr)
obj_cooja/mtype447.a(uip-ds6-nbr.o)
                              obj_cooja/mtype447.a(uip-ds6.o) (uip_ds6_neighbors_init)
obj_cooja/mtype447.a(uip-nd6.o)
                              obj_cooja/mtype447.a(uip6.o) (uip_nd6_init)
obj_cooja/mtype447.a(simple-udp.o)
                              udp-client.o (simple_udp_sendto)
obj_cooja/mtype447.a(sicslowpan.o)
                              obj_cooja/mtype447.a(contiki-main.o) (sicslowpan_driver)
obj_cooja/mtype447.a(uiplib.o)
[...]
Memory Configuration

Name             Origin             Length             Attributes
*default*        0x0000000000000000 0xffffffffffffffff

Linker script and memory map

LOAD /usr/lib/gcc/i686-linux-gnu/5/../../../i386-linux-gnu/crti.o
LOAD /usr/lib/gcc/i686-linux-gnu/5/crtbeginS.o
LOAD udp-client.o
LOAD obj_cooja/mtype447.o
LOAD obj_cooja/mtype447.a
LOAD /usr/lib/gcc/i686-linux-gnu/5/libgcc.a
LOAD /usr/lib/gcc/i686-linux-gnu/5/libgcc_s.so
LOAD /usr/lib/gcc/i686-linux-gnu/5/../../../i386-linux-gnu/libc.so
START GROUP
LOAD /lib/i386-linux-gnu/libc.so.6
LOAD /usr/lib/i386-linux-gnu/libc_nonshared.a
LOAD /lib/i386-linux-gnu/ld-linux.so.2
END GROUP
LOAD /usr/lib/gcc/i686-linux-gnu/5/libgcc.a
LOAD /usr/lib/gcc/i686-linux-gnu/5/libgcc_s.so
LOAD /usr/lib/gcc/i686-linux-gnu/5/crtendS.o
LOAD /usr/lib/gcc/i686-linux-gnu/5/../../../i386-linux-gnu/crtn.o
                0x0000000000000114                . = (0x0 + SIZEOF_HEADERS)

.note.gnu.build-id
                0x0000000000000114       0x24
 *(.note.gnu.build-id)
 .note.gnu.build-id
                0x0000000000000114       0x24 /usr/lib/gcc/i686-linux-gnu/5/../../../i386-linux-gnu/crti.o

.hash
 *(.hash)

.gnu.hash       0x0000000000000138     0x13e8
 *(.gnu.hash)
 .gnu.hash      0x0000000000000138     0x13e8 /usr/lib/gcc/i686-linux-gnu/5/../../../i386-linux-gnu/crti.o

.dynsym         0x0000000000001520     0x27f0
 *(.dynsym)
 .dynsym        0x0000000000001520     0x27f0 /usr/lib/gcc/i686-linux-gnu/5/../../../i386-linux-gnu/crti.o

.dynstr         0x0000000000003d10     0x2b7d
 *(.dynstr)
 .dynstr        0x0000000000003d10     0x2b7d /usr/lib/gcc/i686-linux-gnu/5/../../../i386-linux-gnu/crti.o

.gnu.version    0x000000000000688e      0x4fe
 *(.gnu.version)
 .gnu.version   0x000000000000688e      0x4fe /usr/lib/gcc/i686-linux-gnu/5/../../../i386-linux-gnu/crti.o

.gnu.version_d  0x0000000000006d8c        0x0
 *(.gnu.version_d)
 .gnu.version_d
                0x0000000000006d8c        0x0 /usr/lib/gcc/i686-linux-gnu/5/../../../i386-linux-gnu/crti.o

.gnu.version_r  0x0000000000006d8c       0x40
 *(.gnu.version_r)
 .gnu.version_r
                0x0000000000006d8c       0x40 /usr/lib/gcc/i686-linux-gnu/5/../../../i386-linux-gnu/crti.o

.rel.dyn        0x0000000000006dcc     0xa688
 *(.rel.init)
 .rel.init      0x0000000000006dcc        0x0 /usr/lib/gcc/i686-linux-gnu/5/../../../i386-linux-gnu/crti.o
 *(.rel.text .rel.text.* .rel.gnu.linkonce.t.*)
 .rel.text      0x0000000000006dcc     0x9d58 /usr/lib/gcc/i686-linux-gnu/5/../../../i386-linux-gnu/crti.o
 *(.rel.fini)
 .rel.fini      0x0000000000010b24        0x0 /usr/lib/gcc/i686-linux-gnu/5/../../../i386-linux-gnu/crti.o
 *(.rel.rodata .rel.rodata.* .rel.gnu.linkonce.r.*)
 .rel.rodata    0x0000000000010b24      0x580 /usr/lib/gcc/i686-linux-gnu/5/../../../i386-linux-gnu/crti.o
 *(.rel.data.rel.ro .rel.data.rel.ro.* .rel.gnu.linkonce.d.rel.ro.*)
 *(.rel.data .rel.data.* .rel.gnu.linkonce.d.*)
 .rel.data.rel.local
                0x00000000000110a4        0x8 /usr/lib/gcc/i686-linux-gnu/5/../../../i386-linux-gnu/crti.o
 .rel.data      0x00000000000110ac      0x370 /usr/lib/gcc/i686-linux-gnu/5/../../../i386-linux-gnu/crti.o
 *(.rel.tdata .rel.tdata.* .rel.gnu.linkonce.td.*)
 *(.rel.tbss .rel.tbss.* .rel.gnu.linkonce.tb.*)
 *(.rel.ctors)
 *(.rel.dtors)
 *(.rel.got)
 .rel.got       0x000000000001141c       0x28 /usr/lib/gcc/i686-linux-gnu/5/../../../i386-linux-gnu/crti.o
 *(.rel.bss .rel.bss.* .rel.gnu.linkonce.b.*)
 *(.rel.ifunc)
 .rel.ifunc     0x0000000000011444        0x0 /usr/lib/gcc/i686-linux-gnu/5/../../../i386-linux-gnu/crti.o
 .rel.fini_array
                0x0000000000011444        0x8 /usr/lib/gcc/i686-linux-gnu/5/../../../i386-linux-gnu/crti.o
 .rel.init_array
                0x000000000001144c        0x8 /usr/lib/gcc/i686-linux-gnu/5/../../../i386-linux-gnu/crti.o

.rel.plt        0x0000000000011454        0x0
 *(.rel.plt)
 .rel.plt       0x0000000000011454        0x0 /usr/lib/gcc/i686-linux-gnu/5/../../../i386-linux-gnu/crti.o
 *(.rel.iplt)

.init           0x0000000000011454       0x23
 *(SORT(.init))
 .init          0x0000000000011454       0x1e /usr/lib/gcc/i686-linux-gnu/5/../../../i386-linux-gnu/crti.o
                0x0000000000011454                _init
 .init          0x0000000000011472        0x5 /usr/lib/gcc/i686-linux-gnu/5/../../../i386-linux-gnu/crtn.o

.plt            0x0000000000011480       0x10
 *(.plt)
 .plt           0x0000000000011480       0x10 /usr/lib/gcc/i686-linux-gnu/5/../../../i386-linux-gnu/crti.o
 *(.iplt)

.plt.got        0x0000000000011490       0x10
 *(.plt.got)
 .plt.got       0x0000000000011490       0x10 /usr/lib/gcc/i686-linux-gnu/5/../../../i386-linux-gnu/crti.o

.text           0x00000000000114a0    0x1a032
 *(.text.unlikely .text.*_unlikely .text.unlikely.*)
 .text.unlikely
                0x00000000000114a0        0x0 /usr/lib/gcc/i686-linux-gnu/5/crtbeginS.o
 *(.text.exit .text.exit.*)
 *(.text.startup .text.startup.*)
 *(.text.hot .text.hot.*)
 *(.text .stub .text.* .gnu.linkonce.t.*)
 .text          0x00000000000114a0        0x0 /usr/lib/gcc/i686-linux-gnu/5/../../../i386-linux-gnu/crti.o
 .gnu.linkonce.t.__x86.get_pc_thunk.bx
                0x00000000000114a0        0x4 /usr/lib/gcc/i686-linux-gnu/5/../../../i386-linux-gnu/crti.o
                0x00000000000114a0                __x86.get_pc_thunk.bx
 *fill*         0x00000000000114a4        0xc 
 .text          0x00000000000114b0      0x11c /usr/lib/gcc/i686-linux-gnu/5/crtbeginS.o
 .text.__x86.get_pc_thunk.dx
                0x00000000000115cc        0x4 /usr/lib/gcc/i686-linux-gnu/5/crtbeginS.o
                0x00000000000115cc                __x86.get_pc_thunk.dx
 .text          0x00000000000115d0     0x1389 udp-client.o
                0x00000000000115d0                ipaddr_sprintf
 .text          0x0000000000012959      0x271 obj_cooja/mtype447.o
                0x00000000000129eb                platform_init_stage_one
                0x00000000000129f1                platform_init_stage_two
                0x00000000000129ff                platform_init_stage_three
                0x0000000000012a12                platform_main_loop
                0x0000000000012a85                Java_org_contikios_cooja_corecomm_Lib2_init
                0x0000000000012abc                Java_org_contikios_cooja_corecomm_Lib2_getMemory
                0x0000000000012aef                Java_org_contikios_cooja_corecomm_Lib2_setMemory
                0x0000000000012b4f                Java_org_contikios_cooja_corecomm_Lib2_tick
                0x0000000000012bb7                Java_org_contikios_cooja_corecomm_Lib2_setReferenceAddress
 .text          0x0000000000012bca       0x65 obj_cooja/mtype447.a(simEnvChange.o)
                0x0000000000012bca                doActionsBeforeTick
                0x0000000000012bfc                doActionsAfterTick
 .text          0x0000000000012c2f       0x83 obj_cooja/mtype447.a(cooja_mt.o)
                0x0000000000012c2f                cooja_mt_start
                0x0000000000012c59                cooja_mt_exec
                0x0000000000012c8f                cooja_mt_yield
 .text          0x0000000000012cb2       0xbe obj_cooja/mtype447.a(cooja_mtarch.o)
                0x0000000000012cb2                cooja_mtarch_start
                0x0000000000012d25                cooja_sw
                0x0000000000012d48                cooja_mtarch_exec
                0x0000000000012d65                cooja_mtarch_yield
 .text          0x0000000000012d70       0xc5 obj_cooja/mtype447.a(rtimer-arch.o)
                0x0000000000012d70                rtimer_arch_init
                0x0000000000012d94                rtimer_arch_schedule
                0x0000000000012dc4                rtimer_arch_next
                0x0000000000012dd4                rtimer_arch_pending
                0x0000000000012dde                rtimer_arch_check
                0x0000000000012e25                rtimer_arch_now
 .text          0x0000000000012e35       0x81 obj_cooja/mtype447.a(beep.o)
                0x0000000000012e35                beep_alarm
                0x0000000000012e42                beep_beep
                0x0000000000012e4f                beep
                0x0000000000012e5c                beep_down
                0x0000000000012e69                beep_on
                0x0000000000012e76                beep_off
                0x0000000000012e83                beep_spinup
                0x0000000000012e90                beep_quick
                0x0000000000012e9d                beep_long
 .text          0x0000000000012eb6      0x10d obj_cooja/mtype447.a(button-sensor.o)
 .text          0x0000000000012fc3       0x49 obj_cooja/mtype447.a(leds-arch.o)
                0x0000000000012fc3                leds_arch_init
                0x0000000000012fd0                leds_arch_get
                0x0000000000012fdc                leds_arch_set
 .text          0x000000000001300c       0x35 obj_cooja/mtype447.a(moteid.o)
 .text          0x0000000000013041       0xb7 obj_cooja/mtype447.a(pir-sensor.o)
 .text          0x00000000000130f8      0x148 obj_cooja/mtype447.a(rs232.o)
                0x00000000000130f8                rs232_init
                0x00000000000130fe                rs232_set_speed
                0x000000000001310d                rs232_set_input
                0x000000000001311b                rs232_send
                0x000000000001313f                rs232_print
                0x000000000001315b                slip_arch_writeb
 .text          0x0000000000013240       0xb7 obj_cooja/mtype447.a(vib-sensor.o)
 .text          0x00000000000132f7       0x38 obj_cooja/mtype447.a(clock.o)
                0x00000000000132f7                clock_init
                0x00000000000132fd                clock_time
                0x0000000000013307                clock_seconds
                0x000000000001331d                clock_delay
 .text          0x000000000001332f      0x219 obj_cooja/mtype447.a(cooja-log.o)
                0x000000000001332f                simlog_char
                0x0000000000013372                simlog
                0x00000000000133e8                log_message
                0x0000000000013419                log_set_putchar_with_slip
                0x0000000000013427                log_putchar
                0x00000000000134a2                log_puts
                0x00000000000134ca                log_printf
 .text          0x0000000000013548      0x2b9 obj_cooja/mtype447.a(cfs-cooja.o)
                0x0000000000013548                cfs_open
                0x00000000000135b1                cfs_close
                0x00000000000135be                cfs_read
                0x0000000000013653                cfs_write
                0x000000000001372f                cfs_seek
                0x00000000000137b7                cfs_remove
                0x00000000000137db                cfs_opendir
                0x00000000000137e5                cfs_readdir
                0x00000000000137ef                cfs_closedir
 .text          0x0000000000013801      0x605 obj_cooja/mtype447.a(cooja-radio.o)
                0x0000000000013843                radio_set_channel
                0x0000000000013851                radio_set_txpower
                0x0000000000013869                radio_signal_strength_last
                0x0000000000013873                radio_signal_strength_current
                0x000000000001387d                radio_LQI
 .text          0x0000000000013e06       0xee obj_cooja/mtype447.a(eeprom.o)
                0x0000000000013e06                eeprom_init
                0x0000000000013e0c                eeprom_read
                0x0000000000013e7a                eeprom_write
 .text          0x0000000000013ef4       0x2d obj_cooja/mtype447.a(random.o)
                0x0000000000013ef4                random_init
                0x0000000000013f14                random_rand
 .text          0x0000000000013f21      0x29c obj_cooja/mtype447.a(sensors.o)
                0x0000000000013f5c                sensors_first
                0x0000000000013f66                sensors_next
                0x0000000000013f80                sensors_changed
                0x0000000000013fb4                sensors_find
 .text          0x00000000000141bd       0xf6 obj_cooja/mtype447.a(leds.o)
                0x00000000000141bd                leds_init
                0x00000000000141cb                leds_blink
                0x000000000001420e                leds_get
                0x000000000001421b                leds_set
                0x000000000001423a                leds_on
                0x0000000000014260                leds_off
                0x000000000001428d                leds_toggle
 .text          0x00000000000142b3     0x3779 obj_cooja/mtype447.a(mqtt.o)
                0x0000000000017456                mqtt_init
                0x0000000000017514                mqtt_register
                0x00000000000175b1                mqtt_connect
                0x00000000000176c3                mqtt_disconnect
                0x0000000000017701                mqtt_subscribe
                0x00000000000177be                mqtt_unsubscribe
                0x000000000001786c                mqtt_publish
                0x000000000001794d                mqtt_set_username_password
                0x00000000000179d8                mqtt_set_last_will
 .text          0x0000000000017a2c      0x328 obj_cooja/mtype447.a(contiki-main.o)
                0x0000000000017a2c                main
 .text          0x0000000000017d54       0x92 obj_cooja/mtype447.a(autostart.o)
                0x0000000000017d54                autostart_start
                0x0000000000017d9e                autostart_exit
 .text          0x0000000000017de6      0x355 obj_cooja/mtype447.a(ctimer.o)
                0x0000000000017f0e                ctimer_init
                0x0000000000017f41                ctimer_set
                0x0000000000017f67                ctimer_set_with_process
                0x0000000000017fe4                ctimer_reset
                0x0000000000018038                ctimer_restart
                0x000000000001808c                ctimer_stop
                0x00000000000180dc                ctimer_expired
 .text          0x000000000001813b       0x1b obj_cooja/mtype447.a(energest.o)
                0x000000000001813b                energest_init
                0x0000000000018141                energest_flush
                0x0000000000018147                energest_get_total_time
 .text          0x0000000000018156      0x43f obj_cooja/mtype447.a(etimer.o)
                0x000000000001837a                etimer_request_poll
                0x0000000000018403                etimer_set
                0x000000000001842c                etimer_reset_with_new_interval
                0x000000000001845b                etimer_reset
                0x0000000000018481                etimer_restart
                0x00000000000184a7                etimer_adjust
                0x00000000000184c4                etimer_expired
                0x00000000000184d7                etimer_expiration_time
                0x00000000000184e9                etimer_start_time
                0x00000000000184f3                etimer_pending
                0x0000000000018505                etimer_next_expiration_time
                0x000000000001851f                etimer_stop
 .text          0x0000000000018595      0x394 obj_cooja/mtype447.a(log.o)
                0x0000000000018595                log_6addr
                0x00000000000185e8                log_6addr_compact_snprint
                0x0000000000018686                log_6addr_compact
                0x00000000000186d9                log_lladdr
                0x000000000001874b                log_lladdr_compact
                0x00000000000187b3                log_set_level
                0x000000000001886e                log_get_level
                0x00000000000188e7                log_level_to_str
 .text          0x0000000000018929      0x4fb obj_cooja/mtype447.a(process.o)
                0x0000000000018929                process_alloc_event
                0x000000000001893e                process_start
                0x0000000000018b18                process_exit
                0x0000000000018b35                process_init
                0x0000000000018cca                process_run
                0x0000000000018cfd                process_nevents
                0x0000000000018d18                process_post
                0x0000000000018dab                process_post_synch
                0x0000000000018de0                process_poll
                0x0000000000018e10                process_is_running
 .text          0x0000000000018e24       0xeb obj_cooja/mtype447.a(rtimer.o)
                0x0000000000018e24                rtimer_init
                0x0000000000018e32                rtimer_set
                0x0000000000018ead                rtimer_run_next
 .text          0x0000000000018f0f       0x25 obj_cooja/mtype447.a(node-id.o)
                0x0000000000018f0f                node_id_init
 .text          0x0000000000018f34       0x9c obj_cooja/mtype447.a(timer.o)
                0x0000000000018f34                timer_set
                0x0000000000018f52                timer_reset
                0x0000000000018f6a                timer_restart
                0x0000000000018f7f                timer_expired
                0x0000000000018fac                timer_remaining
 .text          0x0000000000018fd0      0x1eb obj_cooja/mtype447.a(serial-line.o)
                0x0000000000018fd0                serial_line_input_byte
                0x0000000000019186                serial_line_init
 .text          0x00000000000191bb      0x28f obj_cooja/mtype447.a(list.o)
                0x00000000000191bb                list_init
                0x00000000000191ca                list_head
                0x00000000000191d4                list_copy
                0x00000000000191e4                list_tail
                0x000000000001921a                list_add
                0x0000000000019266                list_push
                0x0000000000019292                list_chop
                0x00000000000192fc                list_pop
                0x0000000000019324                list_remove
                0x000000000001938c                list_length
                0x00000000000193ba                list_insert
                0x00000000000193ff                list_item_next
                0x0000000000019416                list_contains
 .text          0x000000000001944a      0x156 obj_cooja/mtype447.a(ringbuf.o)
                0x000000000001944a                ringbuf_init
                0x000000000001947c                ringbuf_put
                0x00000000000194fa                ringbuf_get
                0x0000000000019567                ringbuf_size
                0x0000000000019579                ringbuf_elements
 .text          0x00000000000195a0      0x407 obj_cooja/mtype447.a(packetbuf.o)
                0x00000000000195a0                packetbuf_clear
                0x00000000000195cb                packetbuf_copyfrom
                0x000000000001961a                packetbuf_copyto
                0x00000000000196ad                packetbuf_hdralloc
                0x0000000000019729                packetbuf_hdrreduce
                0x000000000001976f                packetbuf_set_datalen
                0x0000000000019789                packetbuf_dataptr
                0x00000000000197a6                packetbuf_hdrptr
                0x00000000000197b0                packetbuf_datalen
                0x00000000000197bc                packetbuf_hdrlen
                0x00000000000197d3                packetbuf_totlen
                0x00000000000197e9                packetbuf_remaininglen
                0x00000000000197fc                packetbuf_attr_clear
                0x0000000000019848                packetbuf_attr_copyto
                0x00000000000198a0                packetbuf_attr_copyfrom
                0x00000000000198f8                packetbuf_set_attr
                0x0000000000019922                packetbuf_attr
                0x000000000001993c                packetbuf_set_addr
                0x000000000001996d                packetbuf_addr
                0x000000000001998a                packetbuf_holds_broadcast
 .text          0x00000000000199a7       0xef obj_cooja/mtype447.a(netstack.o)
                0x00000000000199a7                netstack_process_ip_callback
                0x0000000000019a38                netstack_ip_packet_processor_add
                0x0000000000019a5b                uip_ds6_ip_packet_processor_rm
                0x0000000000019a78                netstack_init
 .text          0x0000000000019a96       0x4f obj_cooja/mtype447.a(linkaddr.o)
                0x0000000000019a96                linkaddr_copy
                0x0000000000019aac                linkaddr_cmp
                0x0000000000019acf                linkaddr_set_node_addr
 .text          0x0000000000019ae5      0x165 obj_cooja/mtype447.a(csma.o)
 .text          0x0000000000019c4a      0x944 obj_cooja/mtype447.a(csma-output.o)
                0x000000000001a2c3                csma_output_packet
                0x000000000001a550                csma_output_init
 .text          0x000000000001a58e      0xb25 obj_cooja/mtype447.a(uip-ds6.o)
                0x000000000001a58e                uip_ds6_init
                0x000000000001a739                uip_ds6_periodic
                0x000000000001a7c0                uip_ds6_list_loop
                0x000000000001a880                uip_ds6_prefix_add
                0x000000000001a92c                uip_ds6_prefix_rm
                0x000000000001a93f                uip_ds6_prefix_lookup
                0x000000000001a97e                uip_ds6_is_addr_onlink
                0x000000000001a9f1                uip_ds6_addr_add
                0x000000000001ab11                uip_ds6_addr_rm
                0x000000000001abba                uip_ds6_addr_lookup
                0x000000000001abf3                uip_ds6_get_link_local
                0x000000000001ac74                uip_ds6_get_global
                0x000000000001acf5                uip_ds6_maddr_add
                0x000000000001ad55                uip_ds6_maddr_rm
                0x000000000001ad68                uip_ds6_maddr_lookup
                0x000000000001ada1                uip_ds6_aaddr_add
                0x000000000001ae01                uip_ds6_aaddr_rm
                0x000000000001ae14                uip_ds6_aaddr_lookup
                0x000000000001ae4d                uip_ds6_select_src
                0x000000000001af96                uip_ds6_set_addr_iid
                0x000000000001afc1                uip_ds6_set_lladdr_from_iid
                0x000000000001afea                get_match_length
                0x000000000001b07b                uip_ds6_compute_reachable_time
 .text          0x000000000001b0b3      0x9d5 obj_cooja/mtype447.a(tcp-socket.o)
                0x000000000001b6fe                tcp_socket_register
                0x000000000001b78f                tcp_socket_connect
                0x000000000001b826                tcp_socket_listen
                0x000000000001b89d                tcp_socket_unlisten
                0x000000000001b911                tcp_socket_send
                0x000000000001b9b1                tcp_socket_send_str
                0x000000000001b9d9                tcp_socket_close
                0x000000000001ba02                tcp_socket_unregister
                0x000000000001ba5c                tcp_socket_max_sendlen
                0x000000000001ba79                tcp_socket_queuelen
 .text          0x000000000001ba88      0xa72 obj_cooja/mtype447.a(tcpip.o)
                0x000000000001baa2                tcpip_output
                0x000000000001bb86                tcp_connect
                0x000000000001bbde                tcp_unlisten
                0x000000000001bc3e                tcp_listen
                0x000000000001bc9c                tcp_attach
                0x000000000001bcb4                udp_attach
                0x000000000001bccc                udp_new
                0x000000000001bd16                udp_broadcast_new
                0x000000000001bf9b                tcpip_input
                0x000000000001c13b                tcpip_ipv6_output
                0x000000000001c34f                tcpip_poll_udp
                0x000000000001c36d                tcpip_poll_tcp
                0x000000000001c38b                tcpip_uipcall
 .text          0x000000000001c4fa      0x35b obj_cooja/mtype447.a(uip-ds6-route.o)
                0x000000000001c54b                uip_ds6_route_init
                0x000000000001c575                uip_ds6_route_nexthop
                0x000000000001c57f                uip_ds6_route_head
                0x000000000001c589                uip_ds6_route_next
                0x000000000001c593                uip_ds6_route_is_nexthop
                0x000000000001c59d                uip_ds6_route_num_routes
                0x000000000001c5a7                uip_ds6_route_lookup
                0x000000000001c5b1                uip_ds6_route_add
                0x000000000001c5c4                uip_ds6_route_rm
                0x000000000001c5ca                uip_ds6_route_rm_by_nexthop
                0x000000000001c5d0                uip_ds6_defrt_head
                0x000000000001c5e9                uip_ds6_defrt_add
                0x000000000001c697                uip_ds6_defrt_rm
                0x000000000001c6fd                uip_ds6_defrt_lookup
                0x000000000001c764                uip_ds6_defrt_choose
                0x000000000001c7da                uip_ds6_defrt_periodic
 .text          0x000000000001c855     0x2802 obj_cooja/mtype447.a(uip6.o)
                0x000000000001c855                uip_add32
                0x000000000001c9ef                uip_chksum
                0x000000000001cad0                uip_icmp6chksum
                0x000000000001cae5                uip_tcpchksum
                0x000000000001cafa                uip_udpchksum
                0x000000000001cb0f                uip_init
                0x000000000001cb9a                uip_connect
                0x000000000001cd23                remove_ext_hdr
                0x000000000001ce08                uip_udp_new
                0x000000000001cf2a                uip_unlisten
                0x000000000001cf6c                uip_listen
                0x000000000001d20d                uip_process
                0x000000000001ef52                uip_htons
                0x000000000001ef74                uip_htonl
                0x000000000001efb2                uip_send
 .text          0x000000000001f057      0x374 obj_cooja/mtype447.a(uip-ds6-nbr.o)
                0x000000000001f057                uip_ds6_neighbors_init
                0x000000000001f07b                uip_ds6_nbr_add
                0x000000000001f101                uip_ds6_nbr_rm
                0x000000000001f14c                uip_ds6_nbr_update_ll
                0x000000000001f23a                uip_ds6_nbr_get_ipaddr
                0x000000000001f24f                uip_ds6_nbr_get_ll
                0x000000000001f26b                uip_ds6_nbr_num
                0x000000000001f2b4                uip_ds6_nbr_head
                0x000000000001f2cd                uip_ds6_nbr_next
                0x000000000001f2e9                uip_ds6_nbr_lookup
                0x000000000001f34c                uip_ds6_nbr_ll_lookup
                0x000000000001f368                uip_ds6_nbr_ipaddr_from_lladdr
                0x000000000001f391                uip_ds6_nbr_lladdr_from_ipaddr
                0x000000000001f3c5                uip_ds6_link_callback
 .text          0x000000000001f3cb      0x6b5 obj_cooja/mtype447.a(uip-nd6.o)
                0x000000000001fa67                uip_nd6_init
 .text          0x000000000001fa80      0x37a obj_cooja/mtype447.a(simple-udp.o)
                0x000000000001faad                simple_udp_send
                0x000000000001fb10                simple_udp_sendto
                0x000000000001fb6b                simple_udp_sendto_port
                0x000000000001fbc4                simple_udp_register
 .text          0x000000000001fdfa     0x2a78 obj_cooja/mtype447.a(sicslowpan.o)
                0x00000000000202f8                netstack_sniffer_add
                0x0000000000020306                netstack_sniffer_remove
                0x000000000002283e                sicslowpan_init
                0x0000000000022868                sicslowpan_get_last_rssi
 .text          0x0000000000022872      0x4d1 obj_cooja/mtype447.a(uiplib.o)
                0x0000000000022872                uiplib_ip6addrconv
                0x0000000000022a2a                uiplib_ip4addrconv
                0x0000000000022aed                uiplib_ipaddr_print
                0x0000000000022b40                uiplib_ipaddr_snprint
 .text          0x0000000000022d43      0x4c9 obj_cooja/mtype447.a(rpl.o)
                0x0000000000022d43                rpl_lollipop_greater_than
                0x0000000000022d9d                rpl_get_global_address
                0x0000000000022e95                rpl_link_callback
                0x0000000000022ed9                rpl_has_joined
                0x0000000000022efe                rpl_is_reachable
                0x0000000000022f7f                rpl_reset_prefix
                0x0000000000022fe9                rpl_set_prefix_from_addr
                0x00000000000230ce                rpl_set_prefix
                0x00000000000231e8                rpl_set_leaf_only
                0x0000000000023200                rpl_get_leaf_only
 .text          0x000000000002320c     0x13cb obj_cooja/mtype447.a(rpl-icmp6.o)
                0x0000000000023331                rpl_icmp6_update_nbr_table
                0x00000000000233ca                rpl_icmp6_dis_output
                0x0000000000023a20                rpl_icmp6_dio_output
                0x000000000002422d                rpl_icmp6_dao_output
                0x000000000002451e                rpl_icmp6_dao_ack_output
                0x000000000002458e                rpl_icmp6_init
 .text          0x00000000000245d7      0xe51 obj_cooja/mtype447.a(rpl-dag.o)
                0x00000000000245d7                rpl_dag_state_to_str
                0x0000000000024616                rpl_dag_get_root_ipaddr
                0x000000000002465e                rpl_dag_leave
                0x00000000000246e7                rpl_dag_poison_and_leave
                0x00000000000246ff                rpl_dag_periodic
                0x0000000000024787                rpl_is_addr_in_our_dag
                0x00000000000247cb                rpl_get_default_instance
                0x00000000000247e7                rpl_get_any_dag
                0x0000000000024840                rpl_refresh_routes
                0x0000000000024880                rpl_global_repair
                0x000000000002490c                rpl_local_repair
                0x0000000000024956                rpl_dag_ready_to_advertise
                0x0000000000024999                rpl_dag_update_state
                0x00000000000250bd                rpl_process_dio
                0x000000000002513e                rpl_process_dis
                0x0000000000025183                rpl_process_dao
                0x0000000000025212                rpl_process_dao_ack
                0x00000000000252a4                rpl_process_hbh
                0x00000000000252f4                rpl_dag_init_root
                0x0000000000025408                rpl_dag_init
 .text          0x0000000000025428      0x286 obj_cooja/mtype447.a(rpl-dag-root.o)
                0x0000000000025428                rpl_dag_root_print_links
                0x0000000000025576                rpl_dag_root_set_prefix
                0x00000000000255a2                rpl_dag_root_start
                0x000000000002567f                rpl_dag_root_is_root
 .text          0x00000000000256ae       0x1e obj_cooja/mtype447.a(watchdog.o)
                0x00000000000256ae                watchdog_init
                0x00000000000256b4                watchdog_start
                0x00000000000256ba                watchdog_periodic
                0x00000000000256c0                watchdog_stop
                0x00000000000256c6                watchdog_reboot
 .text          0x00000000000256cc       0xb2 obj_cooja/mtype447.a(stimer.o)
                0x00000000000256cc                stimer_set
                0x00000000000256ea                stimer_reset
                0x0000000000025702                stimer_restart
                0x0000000000025717                stimer_expired
                0x0000000000025742                stimer_remaining
                0x0000000000025766                stimer_elapsed
 .text          0x000000000002577e      0x1b8 obj_cooja/mtype447.a(memb.o)
                0x000000000002577e                memb_init
                0x00000000000257d3                memb_alloc
                0x0000000000025838                memb_free
                0x00000000000258b3                memb_inmemb
                0x00000000000258f2                memb_numfree
 .text          0x0000000000025936      0x2e7 obj_cooja/mtype447.a(queuebuf.o)
                0x0000000000025940                queuebuf_init
                0x0000000000025969                queuebuf_numfree
                0x0000000000025981                queuebuf_new_from_packetbuf
                0x0000000000025a20                queuebuf_update_attr_from_packetbuf
                0x0000000000025a55                queuebuf_update_from_packetbuf
                0x0000000000025aa5                queuebuf_free
                0x0000000000025aee                queuebuf_to_packetbuf
                0x0000000000025b5a                queuebuf_dataptr
                0x0000000000025b94                queuebuf_datalen
                0x0000000000025bb7                queuebuf_addr
                0x0000000000025bec                queuebuf_attr
                0x0000000000025c17                queuebuf_debug_print
 .text          0x0000000000025c1d      0x78b obj_cooja/mtype447.a(nbr-table.o)
                0x0000000000026096                nbr_table_register
                0x0000000000026103                nbr_table_is_registered
                0x000000000002613e                nbr_table_head
                0x0000000000026199                nbr_table_next
                0x00000000000261fa                nbr_table_add_lladdr
                0x00000000000262c4                nbr_table_get_from_lladdr
                0x0000000000026310                nbr_table_remove
                0x0000000000026348                nbr_table_lock
                0x0000000000026362                nbr_table_unlock
                0x000000000002637c                nbr_table_get_lladdr
 .text          0x00000000000263a8      0x37c obj_cooja/mtype447.a(link-stats.o)
                0x00000000000263a8                link_stats_from_lladdr
                0x00000000000263c4                link_stats_is_fresh
                0x0000000000026400                guess_etx_from_rssi
                0x000000000002647c                link_stats_packet_sent
                0x000000000002658f                link_stats_input_callback
                0x000000000002669f                link_stats_reset
                0x00000000000266ef                link_stats_init
 .text          0x0000000000026724      0x187 obj_cooja/mtype447.a(mac-sequence.o)
                0x0000000000026724                mac_sequence_is_duplicate
                0x00000000000267c4                mac_sequence_register_seqno
 .text          0x00000000000268ab       0x23 obj_cooja/mtype447.a(mac.o)
                0x00000000000268ab                mac_call_sent_callback
 .text          0x00000000000268ce      0x41d obj_cooja/mtype447.a(framer-802154.o)
                0x0000000000026a5d                framer_802154_setup_params
 .text          0x0000000000026ceb      0xb6f obj_cooja/mtype447.a(frame802154.o)
                0x0000000000026d1c                frame802154_get_pan_id
                0x0000000000026d28                frame802154_set_pan_id
                0x0000000000026d42                frame802154_has_panid
                0x0000000000026ef1                frame802154_check_dest_panid
                0x0000000000026f79                frame802154_is_broadcast_addr
                0x0000000000026fc6                frame802154_extract_linkaddr
                0x000000000002722b                frame802154_hdrlen
                0x000000000002729e                frame802154_create_fcf
                0x0000000000027356                frame802154_create
                0x00000000000274cb                frame802154_parse_fcf
                0x00000000000275ad                frame802154_parse
 .text          0x000000000002785a      0x1ec obj_cooja/mtype447.a(uipbuf.o)
                0x000000000002785a                uipbuf_get_next_header
                0x00000000000278c9                uipbuf_get_last_header
                0x0000000000027950                uipbuf_get_attr
                0x0000000000027977                uipbuf_set_attr
                0x00000000000279ae                uipbuf_clear_attr
                0x00000000000279da                uipbuf_set_attr_flag
                0x00000000000279fb                uipbuf_clr_attr_flag
                0x0000000000027a22                uipbuf_is_attr_flag
 .text          0x0000000000027a46      0x96e obj_cooja/mtype447.a(uip-icmp6.o)
                0x0000000000027abb                uip_icmp6_input
                0x0000000000027b12                uip_icmp6_register_input_handler
                0x0000000000027d1e                uip_icmp6_error_output
                0x000000000002807d                uip_icmp6_send
                0x000000000002833c                uip_icmp6_echo_reply_callback_add
                0x000000000002836e                uip_icmp6_echo_reply_callback_rm
                0x000000000002838b                uip_icmp6_init
 .text          0x00000000000283b4      0x69b obj_cooja/mtype447.a(uip-sr.o)
                0x00000000000283b4                uip_sr_num_nodes
                0x0000000000028442                uip_sr_get_node
                0x0000000000028499                uip_sr_is_addr_reachable
                0x0000000000028547                uip_sr_expire_parent
                0x0000000000028590                uip_sr_update_node
                0x00000000000286c0                uip_sr_init
                0x00000000000286f4                uip_sr_node_head
                0x000000000002870d                uip_sr_node_next
                0x0000000000028723                uip_sr_periodic
                0x0000000000028829                uip_sr_free_all
                0x0000000000028899                uip_sr_link_snprint
 .text          0x0000000000028a4f      0x146 obj_cooja/mtype447.a(uip-packetqueue)
                0x0000000000028a7d                uip_packetqueue_new
                0x0000000000028a8c                uip_packetqueue_alloc
                0x0000000000028ae7                uip_packetqueue_free
                0x0000000000028b2e                uip_packetqueue_buf
                0x0000000000028b4b                uip_packetqueue_buflen
                0x0000000000028b6c                uip_packetqueue_set_buflen
 .text          0x0000000000028b95      0x128 obj_cooja/mtype447.a(uip-udp-packet.)
                0x0000000000028b95                uip_udp_packet_send
                0x0000000000028bf0                uip_udp_packet_sendto
 .text          0x0000000000028cbd      0x1c8 obj_cooja/mtype447.a(rpl-nbr-policy.)
                0x0000000000028e42                rpl_nbr_policy_find_removable
 .text          0x0000000000028e85      0x8ed obj_cooja/mtype447.a(rpl-neighbor.o)
                0x0000000000028f01                rpl_neighbor_snprint
                0x00000000000291ae                rpl_neighbor_print_list
                0x0000000000029263                rpl_neighbor_count
                0x000000000002930a                rpl_neighbor_get_from_lladdr
                0x0000000000029326                rpl_neighbor_is_acceptable_parent
                0x000000000002935a                rpl_neighbor_get_link_metric
                0x000000000002938e                rpl_neighbor_rank_via_nbr
                0x00000000000293c2                rpl_neighbor_get_lladdr
                0x00000000000293de                rpl_neighbor_get_ipaddr
                0x0000000000029405                rpl_neighbor_get_link_stats
                0x000000000002942c                rpl_neighbor_is_fresh
                0x0000000000029453                rpl_neighbor_is_reachable
                0x000000000002949e                rpl_neighbor_is_parent
                0x00000000000294c8                rpl_neighbor_set_preferred_parent
                0x0000000000029554                rpl_neighbor_remove_all
                0x00000000000295a3                rpl_neighbor_get_from_ipaddr
                0x00000000000296a7                rpl_neighbor_select_best
                0x0000000000029753                rpl_neighbor_init
 .text          0x0000000000029772      0xa19 obj_cooja/mtype447.a(rpl-timers.o)
                0x0000000000029772                rpl_timers_schedule_periodic_dis
                0x00000000000298c0                rpl_timers_dio_reset
                0x00000000000299b1                rpl_timers_schedule_unicast_dio
                0x0000000000029b37                rpl_timers_schedule_dao
                0x0000000000029c71                rpl_timers_schedule_dao_ack
                0x0000000000029cf7                get_probing_delay
                0x0000000000029d2b                get_probing_target
                0x0000000000029f15                rpl_schedule_probing
                0x0000000000029f43                rpl_schedule_probing_now
                0x0000000000029fad                rpl_timers_unschedule_leaving
                0x0000000000029fe5                rpl_timers_schedule_leaving
                0x000000000002a026                rpl_timers_init
                0x000000000002a0b6                rpl_timers_stop_dag_timers
                0x000000000002a12f                rpl_timers_unschedule_state_update
                0x000000000002a153                rpl_timers_schedule_state_update
 .text          0x000000000002a18b     0x102c obj_cooja/mtype447.a(rpl-ext-header.)
                0x000000000002a18b                rpl_ext_header_srh_get_next_hop
                0x000000000002a307                rpl_ext_header_srh_update
                0x000000000002aa00                rpl_ext_header_hbh_update
                0x000000000002af55                rpl_ext_header_update
                0x000000000002afde                rpl_ext_header_remove
 .text          0x000000000002b1b7      0x31b obj_cooja/mtype447.a(rpl-mrhof.o)
 .text          0x000000000002b4d2        0x0 /usr/lib/gcc/i686-linux-gnu/5/crtendS.o
 .text          0x000000000002b4d2        0x0 /usr/lib/gcc/i686-linux-gnu/5/../../../i386-linux-gnu/crtn.o
 *(.gnu.warning)

.fini           0x000000000002b4d4       0x14
 *(SORT(.fini))
 .fini          0x000000000002b4d4        0xf /usr/lib/gcc/i686-linux-gnu/5/../../../i386-linux-gnu/crti.o
                0x000000000002b4d4                _fini
 .fini          0x000000000002b4e3        0x5 /usr/lib/gcc/i686-linux-gnu/5/../../../i386-linux-gnu/crtn.o
                [!provide]                        PROVIDE (__etext, .)
                [!provide]                        PROVIDE (_etext, .)
                [!provide]                        PROVIDE (etext, .)

.rodata         0x000000000002b500      0xc20
 *(.rodata .rodata.* .gnu.linkonce.r.*)
 .rodata        0x000000000002b500      0x492 udp-client.o
                0x000000000002b520                autostart_processes
 *fill*         0x000000000002b992        0x2 
 .rodata        0x000000000002b994        0x8 obj_cooja/mtype447.a(beep.o)
                0x000000000002b994                beep_interface
 .rodata        0x000000000002b99c       0x20 obj_cooja/mtype447.a(button-sensor.o)
                0x000000000002b99c                button_interface
                0x000000000002b9ac                button_sensor
 .rodata        0x000000000002b9bc        0x8 obj_cooja/mtype447.a(leds-arch.o)
                0x000000000002b9bc                leds_interface
 .rodata        0x000000000002b9c4        0x8 obj_cooja/mtype447.a(moteid.o)
                0x000000000002b9c4                moteid_interface
 .rodata        0x000000000002b9cc       0x1c obj_cooja/mtype447.a(pir-sensor.o)
                0x000000000002b9cc                pir_interface
                0x000000000002b9d8                pir_sensor
 .rodata        0x000000000002b9e8        0xe obj_cooja/mtype447.a(rs232.o)
                0x000000000002b9e8                rs232_interface
 *fill*         0x000000000002b9f6        0x2 
 .rodata        0x000000000002b9f8       0x24 obj_cooja/mtype447.a(vib-sensor.o)
                0x000000000002b9f8                vib_interface
                0x000000000002ba0c                vib_sensor
 .rodata        0x000000000002ba1c        0x8 obj_cooja/mtype447.a(clock.o)
                0x000000000002ba1c                clock_interface
 .rodata        0x000000000002ba24        0x8 obj_cooja/mtype447.a(cooja-log.o)
                0x000000000002ba24                simlog_interface
 .rodata        0x000000000002ba2c       0x2f obj_cooja/mtype447.a(cfs-cooja.o)
                0x000000000002ba2c                cfs_interface
 *fill*         0x000000000002ba5b        0x5 
 .rodata        0x000000000002ba60       0x58 obj_cooja/mtype447.a(cooja-radio.o)
                0x000000000002ba60                radio_interface
                0x000000000002ba80                cooja_radio_driver
 .rodata        0x000000000002bab8        0x8 obj_cooja/mtype447.a(eeprom.o)
                0x000000000002bab8                eeprom_interface
 .rodata        0x000000000002bac0        0x8 obj_cooja/mtype447.a(sensors.o)
 .rodata        0x000000000002bac8       0x14 obj_cooja/mtype447.a(mqtt.o)
 .rodata        0x000000000002badc       0xf8 obj_cooja/mtype447.a(contiki-main.o)
 .rodata        0x000000000002bbd4        0xf obj_cooja/mtype447.a(ctimer.o)
 .rodata        0x000000000002bbe3        0xc obj_cooja/mtype447.a(etimer.o)
 *fill*         0x000000000002bbef        0x1 
 .rodata        0x000000000002bbf0       0xc0 obj_cooja/mtype447.a(log.o)
 .rodata        0x000000000002bcb0        0xe obj_cooja/mtype447.a(serial-line.o)
 *fill*         0x000000000002bcbe        0x2 
 .rodata        0x000000000002bcc0        0x8 obj_cooja/mtype447.a(linkaddr.o)
                0x000000000002bcc0                linkaddr_null
 .rodata        0x000000000002bcc8       0x20 obj_cooja/mtype447.a(csma.o)
                0x000000000002bcd0                csma_driver
 .rodata        0x000000000002bce8       0x13 obj_cooja/mtype447.a(tcp-socket.o)
 .rodata        0x000000000002bcfb        0xd obj_cooja/mtype447.a(tcpip.o)
 .rodata        0x000000000002bd08       0x4d obj_cooja/mtype447.a(uip-ds6-route.o)
 *fill*         0x000000000002bd55        0x3 
 .rodata        0x000000000002bd58      0x13c obj_cooja/mtype447.a(uip6.o)
 .rodata        0x000000000002be94       0x13 obj_cooja/mtype447.a(simple-udp.o)
 *fill*         0x000000000002bea7        0x1 
 .rodata        0x000000000002bea8       0x30 obj_cooja/mtype447.a(sicslowpan.o)
                0x000000000002bea8                unc_llconf
                0x000000000002beac                unc_ctxconf
                0x000000000002beb0                unc_mxconf
                0x000000000002beb4                llprefix
                0x000000000002bec8                sicslowpan_driver
 .rodata        0x000000000002bed8       0x2d obj_cooja/mtype447.a(uiplib.o)
 *fill*         0x000000000002bf05       0x1b 
 .rodata        0x000000000002bf20       0x70 obj_cooja/mtype447.a(rpl.o)
                0x000000000002bf40                rpl_lite_driver
 .rodata        0x000000000002bf90       0xdb obj_cooja/mtype447.a(rpl-dag.o)
 *fill*         0x000000000002c06b        0x1 
 .rodata        0x000000000002c06c        0xc obj_cooja/mtype447.a(framer-802154.o)
                0x000000000002c06c                framer_802154
 .rodata        0x000000000002c078       0x44 obj_cooja/mtype447.a(uip-sr.o)
 .rodata        0x000000000002c0bc       0x58 obj_cooja/mtype447.a(rpl-neighbor.o)
 .rodata        0x000000000002c114        0xc obj_cooja/mtype447.a(rpl-timers.o)

.rodata1
 *(.rodata1)

.eh_frame_hdr   0x000000000002c120     0x16a4
 *(.eh_frame_hdr)
 .eh_frame_hdr  0x000000000002c120     0x16a4 udp-client.o
                0x000000000002c120                __GNU_EH_FRAME_HDR
 *(.eh_frame_entry .eh_frame_entry.*)

.eh_frame       0x000000000002d7c4     0x5bc4
 *(.eh_frame)
 .eh_frame      0x000000000002d7c4       0x3c /usr/lib/gcc/i686-linux-gnu/5/../../../i386-linux-gnu/crti.o
                                         0x40 (size before relaxing)
 .eh_frame      0x000000000002d800      0x200 udp-client.o
                                        0x218 (size before relaxing)
 .eh_frame      0x000000000002da00      0x178 obj_cooja/mtype447.o
                                        0x190 (size before relaxing)
 .eh_frame      0x000000000002db78       0x40 obj_cooja/mtype447.a(simEnvChange.o)
                                         0x58 (size before relaxing)
 .eh_frame      0x000000000002dbb8       0x60 obj_cooja/mtype447.a(cooja_mt.o)
                                         0x78 (size before relaxing)
 .eh_frame      0x000000000002dc18       0x80 obj_cooja/mtype447.a(cooja_mtarch.o)
                                         0x98 (size before relaxing)
 .eh_frame      0x000000000002dc98       0xc8 obj_cooja/mtype447.a(rtimer-arch.o)
                                         0xe0 (size before relaxing)
 .eh_frame      0x000000000002dd60      0x160 obj_cooja/mtype447.a(beep.o)
                                        0x178 (size before relaxing)
 .eh_frame      0x000000000002dec0       0xa0 obj_cooja/mtype447.a(button-sensor.o)
                                         0xb8 (size before relaxing)
 .eh_frame      0x000000000002df60       0xa0 obj_cooja/mtype447.a(leds-arch.o)
                                         0xb8 (size before relaxing)
 .eh_frame      0x000000000002e000       0x40 obj_cooja/mtype447.a(moteid.o)
                                         0x58 (size before relaxing)
 .eh_frame      0x000000000002e040       0xa0 obj_cooja/mtype447.a(pir-sensor.o)
                                         0xb8 (size before relaxing)
 .eh_frame      0x000000000002e0e0      0x100 obj_cooja/mtype447.a(rs232.o)
                                        0x118 (size before relaxing)
 .eh_frame      0x000000000002e1e0       0xa0 obj_cooja/mtype447.a(vib-sensor.o)
                                         0xb8 (size before relaxing)
 .eh_frame      0x000000000002e280       0xc0 obj_cooja/mtype447.a(clock.o)
                                         0xd8 (size before relaxing)
 .eh_frame      0x000000000002e340      0x120 obj_cooja/mtype447.a(cooja-log.o)
                                        0x138 (size before relaxing)
 .eh_frame      0x000000000002e460      0x160 obj_cooja/mtype447.a(cfs-cooja.o)
                                        0x178 (size before relaxing)
 .eh_frame      0x000000000002e5c0      0x340 obj_cooja/mtype447.a(cooja-radio.o)
                                        0x358 (size before relaxing)
 .eh_frame      0x000000000002e900       0xa0 obj_cooja/mtype447.a(eeprom.o)
                                         0xb8 (size before relaxing)
 .eh_frame      0x000000000002e9a0       0x40 obj_cooja/mtype447.a(random.o)
                                         0x58 (size before relaxing)
 .eh_frame      0x000000000002e9e0       0xc0 obj_cooja/mtype447.a(sensors.o)
                                         0xd8 (size before relaxing)
 .eh_frame      0x000000000002eaa0       0xe0 obj_cooja/mtype447.a(leds.o)
                                         0xf8 (size before relaxing)
 .eh_frame      0x000000000002eb80      0x4a4 obj_cooja/mtype447.a(mqtt.o)
                                        0x4bc (size before relaxing)
 .eh_frame      0x000000000002f024       0x30 obj_cooja/mtype447.a(contiki-main.o)
                                         0x48 (size before relaxing)
 .eh_frame      0x000000000002f054       0x40 obj_cooja/mtype447.a(autostart.o)
                                         0x58 (size before relaxing)
 .eh_frame      0x000000000002f094      0x100 obj_cooja/mtype447.a(ctimer.o)
                                        0x118 (size before relaxing)
 .eh_frame      0x000000000002f194       0x60 obj_cooja/mtype447.a(energest.o)
                                         0x78 (size before relaxing)
 .eh_frame      0x000000000002f1f4      0x1e0 obj_cooja/mtype447.a(etimer.o)
                                        0x1f8 (size before relaxing)
 .eh_frame      0x000000000002f3d4      0x100 obj_cooja/mtype447.a(log.o)
                                        0x118 (size before relaxing)
 .eh_frame      0x000000000002f4d4      0x1c4 obj_cooja/mtype447.a(process.o)
                                        0x1dc (size before relaxing)
 .eh_frame      0x000000000002f698       0x60 obj_cooja/mtype447.a(rtimer.o)
                                         0x78 (size before relaxing)
 .eh_frame      0x000000000002f6f8       0x20 obj_cooja/mtype447.a(node-id.o)
                                         0x38 (size before relaxing)
 .eh_frame      0x000000000002f718       0xa4 obj_cooja/mtype447.a(timer.o)
                                         0xbc (size before relaxing)
 .eh_frame      0x000000000002f7bc       0x60 obj_cooja/mtype447.a(serial-line.o)
                                         0x78 (size before relaxing)
 .eh_frame      0x000000000002f81c      0x1a0 obj_cooja/mtype447.a(list.o)
                                        0x1b8 (size before relaxing)
 .eh_frame      0x000000000002f9bc       0xa0 obj_cooja/mtype447.a(ringbuf.o)
                                         0xb8 (size before relaxing)
 .eh_frame      0x000000000002fa5c      0x28c obj_cooja/mtype447.a(packetbuf.o)
                                        0x2a4 (size before relaxing)
 .eh_frame      0x000000000002fce8       0x80 obj_cooja/mtype447.a(netstack.o)
                                         0x98 (size before relaxing)
 .eh_frame      0x000000000002fd68       0x60 obj_cooja/mtype447.a(linkaddr.o)
                                         0x78 (size before relaxing)
 .eh_frame      0x000000000002fdc8       0xa0 obj_cooja/mtype447.a(csma.o)
                                         0xb8 (size before relaxing)
 .eh_frame      0x000000000002fe68      0x1d4 obj_cooja/mtype447.a(csma-output.o)
                                        0x1ec (size before relaxing)
 .eh_frame      0x000000000003003c      0x2e8 obj_cooja/mtype447.a(uip-ds6.o)
                                        0x300 (size before relaxing)
 .eh_frame      0x0000000000030324      0x248 obj_cooja/mtype447.a(tcp-socket.o)
                                        0x260 (size before relaxing)
 .eh_frame      0x000000000003056c      0x308 obj_cooja/mtype447.a(tcpip.o)
                                        0x320 (size before relaxing)
 .eh_frame      0x0000000000030874      0x220 obj_cooja/mtype447.a(uip-ds6-route.o)
                                        0x238 (size before relaxing)
 .eh_frame      0x0000000000030a94      0x274 obj_cooja/mtype447.a(uip6.o)
                                        0x28c (size before relaxing)
 .eh_frame      0x0000000000030d08      0x1c0 obj_cooja/mtype447.a(uip-ds6-nbr.o)
                                        0x1d8 (size before relaxing)
 .eh_frame      0x0000000000030ec8       0x84 obj_cooja/mtype447.a(uip-nd6.o)
                                         0x9c (size before relaxing)
 .eh_frame      0x0000000000030f4c       0xd4 obj_cooja/mtype447.a(simple-udp.o)
                                         0xec (size before relaxing)
 .eh_frame      0x0000000000031020      0x2f8 obj_cooja/mtype447.a(sicslowpan.o)
                                        0x310 (size before relaxing)
 .eh_frame      0x0000000000031318       0x88 obj_cooja/mtype447.a(uiplib.o)
                                         0xa0 (size before relaxing)
 .eh_frame      0x00000000000313a0      0x1e0 obj_cooja/mtype447.a(rpl.o)
                                        0x1f8 (size before relaxing)
 .eh_frame      0x0000000000031580      0x1c4 obj_cooja/mtype447.a(rpl-icmp6.o)
                                        0x1dc (size before relaxing)
 .eh_frame      0x0000000000031744      0x370 obj_cooja/mtype447.a(rpl-dag.o)
                                        0x388 (size before relaxing)
 .eh_frame      0x0000000000031ab4       0xa0 obj_cooja/mtype447.a(rpl-dag-root.o)
                                         0xb8 (size before relaxing)
 .eh_frame      0x0000000000031b54       0xa0 obj_cooja/mtype447.a(watchdog.o)
                                         0xb8 (size before relaxing)
 .eh_frame      0x0000000000031bf4       0xc4 obj_cooja/mtype447.a(stimer.o)
                                         0xdc (size before relaxing)
 .eh_frame      0x0000000000031cb8       0xa0 obj_cooja/mtype447.a(memb.o)
                                         0xb8 (size before relaxing)
 .eh_frame      0x0000000000031d58      0x1a0 obj_cooja/mtype447.a(queuebuf.o)
                                        0x1b8 (size before relaxing)
 .eh_frame      0x0000000000031ef8      0x2ac obj_cooja/mtype447.a(nbr-table.o)
                                        0x2c4 (size before relaxing)
 .eh_frame      0x00000000000321a4      0x100 obj_cooja/mtype447.a(link-stats.o)
                                        0x118 (size before relaxing)
 .eh_frame      0x00000000000322a4       0x48 obj_cooja/mtype447.a(mac-sequence.o)
                                         0x60 (size before relaxing)
 .eh_frame      0x00000000000322ec       0x20 obj_cooja/mtype447.a(mac.o)
                                         0x38 (size before relaxing)
 .eh_frame      0x000000000003230c       0xa4 obj_cooja/mtype447.a(framer-802154.o)
                                         0xbc (size before relaxing)
 .eh_frame      0x00000000000323b0      0x1a4 obj_cooja/mtype447.a(frame802154.o)
                                        0x1bc (size before relaxing)
 .eh_frame      0x0000000000032554      0x100 obj_cooja/mtype447.a(uipbuf.o)
                                        0x118 (size before relaxing)
 .eh_frame      0x0000000000032654      0x160 obj_cooja/mtype447.a(uip-icmp6.o)
                                        0x178 (size before relaxing)
 .eh_frame      0x00000000000327b4      0x184 obj_cooja/mtype447.a(uip-sr.o)
                                        0x19c (size before relaxing)
 .eh_frame      0x0000000000032938       0xe0 obj_cooja/mtype447.a(uip-packetqueue)
                                         0xf8 (size before relaxing)
 .eh_frame      0x0000000000032a18       0x40 obj_cooja/mtype447.a(uip-udp-packet.)
                                         0x58 (size before relaxing)
 .eh_frame      0x0000000000032a58       0x80 obj_cooja/mtype447.a(rpl-nbr-policy.)
                                         0x98 (size before relaxing)
 .eh_frame      0x0000000000032ad8      0x2d4 obj_cooja/mtype447.a(rpl-neighbor.o)
                                        0x2ec (size before relaxing)
 .eh_frame      0x0000000000032dac      0x368 obj_cooja/mtype447.a(rpl-timers.o)
                                        0x380 (size before relaxing)
 .eh_frame      0x0000000000033114      0x128 obj_cooja/mtype447.a(rpl-ext-header.)
                                        0x140 (size before relaxing)
 .eh_frame      0x000000000003323c      0x148 obj_cooja/mtype447.a(rpl-mrhof.o)
                                        0x160 (size before relaxing)
 .eh_frame      0x0000000000033384        0x4 /usr/lib/gcc/i686-linux-gnu/5/crtendS.o
 *(.eh_frame.*)

.gcc_except_table
 *(.gcc_except_table .gcc_except_table.*)

.gnu_extab
 *(.gnu_extab*)

.exception_ranges
 *(.exception_ranges .exception_ranges*)
                0x0000000000034f10                . = DATA_SEGMENT_ALIGN (0x1000, 0x1000)

.eh_frame
 *(.eh_frame)
 *(.eh_frame.*)

.gnu_extab
 *(.gnu_extab)

.gcc_except_table
 *(.gcc_except_table .gcc_except_table.*)

.exception_ranges
 *(.exception_ranges .exception_ranges*)

.tdata
 *(.tdata .tdata.* .gnu.linkonce.td.*)

.tbss
 *(.tbss .tbss.* .gnu.linkonce.tb.*)
 *(.tcommon)

.preinit_array
 *(.preinit_array)

.init_array     0x0000000000034f10        0x4
 *(SORT(.init_array.*) SORT(.ctors.*))
 *(.init_array EXCLUDE_FILE(*crtend?.o *crtend.o *crtbegin?.o *crtbegin.o) .ctors)
 .init_array    0x0000000000034f10        0x4 /usr/lib/gcc/i686-linux-gnu/5/crtbeginS.o

.fini_array     0x0000000000034f14        0x4
 *(SORT(.fini_array.*) SORT(.dtors.*))
 *(.fini_array EXCLUDE_FILE(*crtend?.o *crtend.o *crtbegin?.o *crtbegin.o) .dtors)
 .fini_array    0x0000000000034f14        0x4 /usr/lib/gcc/i686-linux-gnu/5/crtbeginS.o

.ctors
 *crtbegin.o(.ctors)
 *crtbegin?.o(.ctors)
 *(EXCLUDE_FILE(*crtend?.o *crtend.o) .ctors)
 *(SORT(.ctors.*))
 *(.ctors)

.dtors
 *crtbegin.o(.dtors)
 *crtbegin?.o(.dtors)
 *(EXCLUDE_FILE(*crtend?.o *crtend.o) .dtors)
 *(SORT(.dtors.*))
 *(.dtors)

.jcr            0x0000000000034f18        0x4
 *(.jcr)
 .jcr           0x0000000000034f18        0x0 /usr/lib/gcc/i686-linux-gnu/5/crtbeginS.o
 .jcr           0x0000000000034f18        0x4 /usr/lib/gcc/i686-linux-gnu/5/crtendS.o

.data.rel.ro
 *(.data.rel.ro.local* .gnu.linkonce.d.rel.ro.local.*)
 *(.data.rel.ro .data.rel.ro.* .gnu.linkonce.d.rel.ro.*)

.dynamic        0x0000000000034f1c       0xd0
 *(.dynamic)
 .dynamic       0x0000000000034f1c       0xd0 /usr/lib/gcc/i686-linux-gnu/5/../../../i386-linux-gnu/crti.o
                0x0000000000034f1c                _DYNAMIC

.got            0x0000000000034fec       0x14
 *(.got)
 .got           0x0000000000034fec       0x14 /usr/lib/gcc/i686-linux-gnu/5/../../../i386-linux-gnu/crti.o
 *(.igot)
                0x0000000000035ff4                . = DATA_SEGMENT_RELRO_END (., (SIZEOF (.got.plt) >= 0xc)?0xc:0x0)

.got.plt        0x0000000000035000        0xc
 *(.got.plt)
 .got.plt       0x0000000000035000        0xc /usr/lib/gcc/i686-linux-gnu/5/../../../i386-linux-gnu/crti.o
                0x0000000000035000                _GLOBAL_OFFSET_TABLE_
 *(.igot.plt)

.data           0x0000000000035020      0x344
 *(.data .data.* .gnu.linkonce.d.*)
 .data          0x0000000000035020        0x0 /usr/lib/gcc/i686-linux-gnu/5/../../../i386-linux-gnu/crti.o
 .data          0x0000000000035020        0x0 /usr/lib/gcc/i686-linux-gnu/5/crtbeginS.o
 .data.rel.local
                0x0000000000035020        0x4 /usr/lib/gcc/i686-linux-gnu/5/crtbeginS.o
                0x0000000000035020                __dso_handle
 .data          0x0000000000035024       0x24 udp-client.o
                0x0000000000035028                udp_client_process
                0x0000000000035038                mqtt_client_process
 *fill*         0x0000000000035048       0x18 
 .data          0x0000000000035060       0x44 obj_cooja/mtype447.o
                0x0000000000035060                simInterfaces
                0x0000000000035094                sensors
 .data          0x00000000000350a4        0x0 obj_cooja/mtype447.a(simEnvChange.o)
 .data          0x00000000000350a4        0x0 obj_cooja/mtype447.a(cooja_mt.o)
 .data          0x00000000000350a4        0x0 obj_cooja/mtype447.a(cooja_mtarch.o)
 .data          0x00000000000350a4        0x0 obj_cooja/mtype447.a(rtimer-arch.o)
 .data          0x00000000000350a4        0x0 obj_cooja/mtype447.a(beep.o)
 .data          0x00000000000350a4        0x0 obj_cooja/mtype447.a(button-sensor.o)
 .data          0x00000000000350a4        0x0 obj_cooja/mtype447.a(leds-arch.o)
 .data          0x00000000000350a4        0x0 obj_cooja/mtype447.a(moteid.o)
 .data          0x00000000000350a4        0x0 obj_cooja/mtype447.a(pir-sensor.o)
 .data          0x00000000000350a4        0x0 obj_cooja/mtype447.a(rs232.o)
 .data          0x00000000000350a4        0x0 obj_cooja/mtype447.a(vib-sensor.o)
 .data          0x00000000000350a4        0x0 obj_cooja/mtype447.a(clock.o)
 .data          0x00000000000350a4        0x0 obj_cooja/mtype447.a(cooja-log.o)
 .data          0x00000000000350a4        0x0 obj_cooja/mtype447.a(cfs-cooja.o)
 .data          0x00000000000350a4       0x2c obj_cooja/mtype447.a(cooja-radio.o)
                0x00000000000350a4                simRadioHWOn
                0x00000000000350a8                simSignalStrength
                0x00000000000350ac                simLastSignalStrength
                0x00000000000350b0                simPower
                0x00000000000350b4                simRadioChannel
                0x00000000000350b8                simLQI
                0x00000000000350c0                cooja_radio_process
 .data          0x00000000000350d0        0x0 obj_cooja/mtype447.a(eeprom.o)
 .data          0x00000000000350d0        0x0 obj_cooja/mtype447.a(random.o)
 .data          0x00000000000350d0       0x10 obj_cooja/mtype447.a(sensors.o)
                0x00000000000350d0                sensors_process
 .data          0x00000000000350e0        0x0 obj_cooja/mtype447.a(leds.o)
 .data          0x00000000000350e0       0x14 obj_cooja/mtype447.a(mqtt.o)
                0x00000000000350e4                mqtt_process
 .data          0x00000000000350f4        0x0 obj_cooja/mtype447.a(contiki-main.o)
 .data          0x00000000000350f4        0x0 obj_cooja/mtype447.a(autostart.o)
 .data          0x00000000000350f4       0x14 obj_cooja/mtype447.a(ctimer.o)
                0x00000000000350f8                ctimer_process
 .data          0x0000000000035108        0x0 obj_cooja/mtype447.a(energest.o)
 .data          0x0000000000035108       0x10 obj_cooja/mtype447.a(etimer.o)
                0x0000000000035108                etimer_process
 *fill*         0x0000000000035118        0x8 
 .data          0x0000000000035120       0xb0 obj_cooja/mtype447.a(log.o)
                0x0000000000035120                curr_log_level_main
                0x0000000000035140                all_modules
 .data          0x00000000000351d0        0x0 obj_cooja/mtype447.a(process.o)
 .data          0x00000000000351d0        0x0 obj_cooja/mtype447.a(rtimer.o)
 .data          0x00000000000351d0        0x0 obj_cooja/mtype447.a(node-id.o)
 .data          0x00000000000351d0        0x0 obj_cooja/mtype447.a(timer.o)
 .data          0x00000000000351d0       0x10 obj_cooja/mtype447.a(serial-line.o)
                0x00000000000351d0                serial_line_process
 .data          0x00000000000351e0        0x0 obj_cooja/mtype447.a(list.o)
 .data          0x00000000000351e0        0x0 obj_cooja/mtype447.a(ringbuf.o)
 .data          0x00000000000351e0        0x4 obj_cooja/mtype447.a(packetbuf.o)
 .data          0x00000000000351e4        0x4 obj_cooja/mtype447.a(netstack.o)
 .data          0x00000000000351e8        0x0 obj_cooja/mtype447.a(linkaddr.o)
 .data          0x00000000000351e8        0x0 obj_cooja/mtype447.a(csma.o)
 .data          0x00000000000351e8       0x28 obj_cooja/mtype447.a(csma-output.o)
 .data          0x0000000000035210        0x0 obj_cooja/mtype447.a(uip-ds6.o)
 .data          0x0000000000035210       0x14 obj_cooja/mtype447.a(tcp-socket.o)
                0x0000000000035214                tcp_socket_process
 .data          0x0000000000035224       0x10 obj_cooja/mtype447.a(tcpip.o)
                0x0000000000035224                tcpip_process
 .data          0x0000000000035234       0x10 obj_cooja/mtype447.a(uip-ds6-route.o)
 .data          0x0000000000035244        0x0 obj_cooja/mtype447.a(uip6.o)
 .data          0x0000000000035244       0x14 obj_cooja/mtype447.a(uip-ds6-nbr.o)
                0x0000000000035254                ds6_neighbors
 .data          0x0000000000035258        0xc obj_cooja/mtype447.a(uip-nd6.o)
 .data          0x0000000000035264       0x10 obj_cooja/mtype447.a(simple-udp.o)
                0x0000000000035264                simple_udp_process
 .data          0x0000000000035274        0x0 obj_cooja/mtype447.a(sicslowpan.o)
 .data          0x0000000000035274        0x0 obj_cooja/mtype447.a(uiplib.o)
 .data          0x0000000000035274        0x0 obj_cooja/mtype447.a(rpl.o)
 .data          0x0000000000035274       0x30 obj_cooja/mtype447.a(rpl-icmp6.o)
 .data          0x00000000000352a4        0x0 obj_cooja/mtype447.a(rpl-dag.o)
 .data          0x00000000000352a4        0x0 obj_cooja/mtype447.a(rpl-dag-root.o)
 .data          0x00000000000352a4        0x0 obj_cooja/mtype447.a(watchdog.o)
 .data          0x00000000000352a4        0x0 obj_cooja/mtype447.a(stimer.o)
 .data          0x00000000000352a4        0x0 obj_cooja/mtype447.a(memb.o)
 .data          0x00000000000352a4       0x18 obj_cooja/mtype447.a(queuebuf.o)
 .data          0x00000000000352bc       0x10 obj_cooja/mtype447.a(nbr-table.o)
 .data          0x00000000000352cc       0x14 obj_cooja/mtype447.a(link-stats.o)
 .data          0x00000000000352e0        0x0 obj_cooja/mtype447.a(mac-sequence.o)
 .data          0x00000000000352e0        0x0 obj_cooja/mtype447.a(mac.o)
 .data          0x00000000000352e0        0x0 obj_cooja/mtype447.a(framer-802154.o)
 .data          0x00000000000352e0        0x2 obj_cooja/mtype447.a(frame802154.o)
 .data          0x00000000000352e2        0x0 obj_cooja/mtype447.a(uipbuf.o)
 *fill*         0x00000000000352e2        0x2 
 .data          0x00000000000352e4       0x20 obj_cooja/mtype447.a(uip-icmp6.o)
 .data          0x0000000000035304       0x10 obj_cooja/mtype447.a(uip-sr.o)
 .data          0x0000000000035314        0xc obj_cooja/mtype447.a(uip-packetqueue)
 .data          0x0000000000035320        0x0 obj_cooja/mtype447.a(uip-udp-packet.)
 .data          0x0000000000035320        0x0 obj_cooja/mtype447.a(rpl-nbr-policy.)
 .data          0x0000000000035320       0x14 obj_cooja/mtype447.a(rpl-neighbor.o)
                0x0000000000035330                rpl_neighbors
 .data          0x0000000000035334        0x0 obj_cooja/mtype447.a(rpl-timers.o)
 .data          0x0000000000035334        0x0 obj_cooja/mtype447.a(rpl-ext-header.)
 *fill*         0x0000000000035334        0xc 
 .data          0x0000000000035340       0x24 obj_cooja/mtype447.a(rpl-mrhof.o)
                0x0000000000035340                rpl_mrhof
 .data          0x0000000000035364        0x0 /usr/lib/gcc/i686-linux-gnu/5/crtendS.o
 .data          0x0000000000035364        0x0 /usr/lib/gcc/i686-linux-gnu/5/../../../i386-linux-gnu/crtn.o

.tm_clone_table
                0x0000000000035364        0x0
 .tm_clone_table
                0x0000000000035364        0x0 /usr/lib/gcc/i686-linux-gnu/5/crtbeginS.o
 .tm_clone_table
                0x0000000000035364        0x0 /usr/lib/gcc/i686-linux-gnu/5/crtendS.o

.data1
 *(.data1)
                0x0000000000035364                _edata = .
                [!provide]                        PROVIDE (edata, .)
                0x0000000000035364                . = .
                0x0000000000035364                __bss_start = .

.bss            0x0000000000035380    0x14ba0
 *(.dynbss)
 .dynbss        0x0000000000035380        0x0 /usr/lib/gcc/i686-linux-gnu/5/../../../i386-linux-gnu/crti.o
 *(.bss .bss.* .gnu.linkonce.b.*)
 .bss           0x0000000000035380        0x0 /usr/lib/gcc/i686-linux-gnu/5/../../../i386-linux-gnu/crti.o
 .bss           0x0000000000035380        0x1 /usr/lib/gcc/i686-linux-gnu/5/crtbeginS.o
 *fill*         0x0000000000035381       0x1f 
 .bss           0x00000000000353a0      0xc00 udp-client.o
 .bss           0x0000000000035fa0     0x2030 obj_cooja/mtype447.o
 .bss           0x0000000000037fd0        0x1 obj_cooja/mtype447.a(simEnvChange.o)
                0x0000000000037fd0                simDontFallAsleep
 *fill*         0x0000000000037fd1        0x3 
 .bss           0x0000000000037fd4        0x4 obj_cooja/mtype447.a(cooja_mt.o)
 .bss           0x0000000000037fd8        0x4 obj_cooja/mtype447.a(cooja_mtarch.o)
 .bss           0x0000000000037fdc        0x0 obj_cooja/mtype447.a(rtimer-arch.o)
 .bss           0x0000000000037fdc        0x0 obj_cooja/mtype447.a(beep.o)
 .bss           0x0000000000037fdc        0x8 obj_cooja/mtype447.a(button-sensor.o)
 .bss           0x0000000000037fe4        0x0 obj_cooja/mtype447.a(leds-arch.o)
 .bss           0x0000000000037fe4        0x0 obj_cooja/mtype447.a(moteid.o)
 .bss           0x0000000000037fe4        0x1 obj_cooja/mtype447.a(pir-sensor.o)
                0x0000000000037fe4                simPirValue
 *fill*         0x0000000000037fe5        0x3 
 .bss           0x0000000000037fe8        0x4 obj_cooja/mtype447.a(rs232.o)
 .bss           0x0000000000037fec        0x1 obj_cooja/mtype447.a(vib-sensor.o)
                0x0000000000037fec                simVibValue
 .bss           0x0000000000037fed        0x0 obj_cooja/mtype447.a(clock.o)
 *fill*         0x0000000000037fed       0x13 
 .bss           0x0000000000038000     0x2020 obj_cooja/mtype447.a(cooja-log.o)
 .bss           0x000000000003a020      0xfc0 obj_cooja/mtype447.a(cfs-cooja.o)
                0x000000000003a020                simCFSData
                0x000000000003afc0                simCFSSize
                0x000000000003afc4                simCFSChanged
                0x000000000003afc8                simCFSRead
                0x000000000003afcc                simCFSWritten
 .bss           0x000000000003afe0       0x24 obj_cooja/mtype447.a(cooja-radio.o)
                0x000000000003afe0                simReceiving
                0x000000000003afe4                simInSize
                0x000000000003afe8                simLastPacketTimestamp
                0x000000000003aff0                simOutSize
 .bss           0x000000000003b004        0xc obj_cooja/mtype447.a(eeprom.o)
                0x000000000003b004                simEEPROMChanged
                0x000000000003b008                simEEPROMRead
                0x000000000003b00c                simEEPROMWritten
 .bss           0x000000000003b010        0x0 obj_cooja/mtype447.a(random.o)
 .bss           0x000000000003b010        0xc obj_cooja/mtype447.a(sensors.o)
 .bss           0x000000000003b01c        0x0 obj_cooja/mtype447.a(leds.o)
 .bss           0x000000000003b01c       0x15 obj_cooja/mtype447.a(mqtt.o)
 .bss           0x000000000003b031        0x0 obj_cooja/mtype447.a(contiki-main.o)
 .bss           0x000000000003b031        0x0 obj_cooja/mtype447.a(autostart.o)
 *fill*         0x000000000003b031        0x3 
 .bss           0x000000000003b034        0x5 obj_cooja/mtype447.a(ctimer.o)
 .bss           0x000000000003b039        0x0 obj_cooja/mtype447.a(energest.o)
 *fill*         0x000000000003b039        0x3 
 .bss           0x000000000003b03c        0x8 obj_cooja/mtype447.a(etimer.o)
 .bss           0x000000000003b044       0x28 obj_cooja/mtype447.a(log.o)
                0x000000000003b044                curr_log_level_rpl
                0x000000000003b048                curr_log_level_tcpip
                0x000000000003b04c                curr_log_level_ipv6
                0x000000000003b050                curr_log_level_6lowpan
                0x000000000003b054                curr_log_level_nullnet
                0x000000000003b058                curr_log_level_mac
                0x000000000003b05c                curr_log_level_framer
                0x000000000003b060                curr_log_level_6top
                0x000000000003b064                curr_log_level_coap
                0x000000000003b068                curr_log_level_lwm2m
 *fill*         0x000000000003b06c       0x14 
 .bss           0x000000000003b080      0x1a1 obj_cooja/mtype447.a(process.o)
                0x000000000003b080                process_list
                0x000000000003b084                process_current
 *fill*         0x000000000003b221        0x3 
 .bss           0x000000000003b224        0x4 obj_cooja/mtype447.a(rtimer.o)
 .bss           0x000000000003b228        0x2 obj_cooja/mtype447.a(node-id.o)
                0x000000000003b228                node_id
 .bss           0x000000000003b22a        0x0 obj_cooja/mtype447.a(timer.o)
 *fill*         0x000000000003b22a       0x16 
 .bss           0x000000000003b240      0x140 obj_cooja/mtype447.a(serial-line.o)
 .bss           0x000000000003b380        0x0 obj_cooja/mtype447.a(list.o)
 .bss           0x000000000003b380        0x0 obj_cooja/mtype447.a(ringbuf.o)
 .bss           0x000000000003b380       0xa0 obj_cooja/mtype447.a(packetbuf.o)
 .bss           0x000000000003b420        0x4 obj_cooja/mtype447.a(netstack.o)
 .bss           0x000000000003b424        0x0 obj_cooja/mtype447.a(linkaddr.o)
 .bss           0x000000000003b424        0x0 obj_cooja/mtype447.a(csma.o)
 *fill*         0x000000000003b424       0x1c 
 .bss           0x000000000003b440      0x726 obj_cooja/mtype447.a(csma-output.o)
 *fill*         0x000000000003bb66        0x2 
 .bss           0x000000000003bb68       0x20 obj_cooja/mtype447.a(uip-ds6.o)
 .bss           0x000000000003bb88        0x5 obj_cooja/mtype447.a(tcp-socket.o)
 *fill*         0x000000000003bb8d       0x13 
 .bss           0x000000000003bba0       0xc4 obj_cooja/mtype447.a(tcpip.o)
 *fill*         0x000000000003bc64       0x1c 
 .bss           0x000000000003bc80       0x60 obj_cooja/mtype447.a(uip-ds6-route.o)
 .bss           0x000000000003bce0        0xc obj_cooja/mtype447.a(uip6.o)
                0x000000000003bce0                uip_ext_bitmap
                0x000000000003bce1                uip_ext_len
                0x000000000003bce2                uip_ext_opt_offset
 *fill*         0x000000000003bcec       0x14 
 .bss           0x000000000003bd00     0x1c20 obj_cooja/mtype447.a(uip-ds6-nbr.o)
 .bss           0x000000000003d920       0x10 obj_cooja/mtype447.a(uip-nd6.o)
 *fill*         0x000000000003d930       0x10 
 .bss           0x000000000003d940      0x520 obj_cooja/mtype447.a(simple-udp.o)
 .bss           0x000000000003de60      0x724 obj_cooja/mtype447.a(sicslowpan.o)
 .bss           0x000000000003e584        0x0 obj_cooja/mtype447.a(uiplib.o)
 .bss           0x000000000003e584        0x1 obj_cooja/mtype447.a(rpl.o)
 .bss           0x000000000003e585        0x0 obj_cooja/mtype447.a(rpl-icmp6.o)
 .bss           0x000000000003e585        0x0 obj_cooja/mtype447.a(rpl-dag.o)
 *fill*         0x000000000003e585        0x3 
 .bss           0x000000000003e588       0x11 obj_cooja/mtype447.a(rpl-dag-root.o)
 .bss           0x000000000003e599        0x0 obj_cooja/mtype447.a(watchdog.o)
 .bss           0x000000000003e599        0x0 obj_cooja/mtype447.a(stimer.o)
 .bss           0x000000000003e599        0x0 obj_cooja/mtype447.a(memb.o)
 *fill*         0x000000000003e599        0x7 
 .bss           0x000000000003e5a0     0x2c80 obj_cooja/mtype447.a(queuebuf.o)
 .bss           0x0000000000041220     0x1214 obj_cooja/mtype447.a(nbr-table.o)
 *fill*         0x0000000000042434        0xc 
 .bss           0x0000000000042440      0xe10 obj_cooja/mtype447.a(link-stats.o)
 *fill*         0x0000000000043250       0x10 
 .bss           0x0000000000043260      0x100 obj_cooja/mtype447.a(mac-sequence.o)
 .bss           0x0000000000043360        0x0 obj_cooja/mtype447.a(mac.o)
 .bss           0x0000000000043360        0x2 obj_cooja/mtype447.a(framer-802154.o)
 .bss           0x0000000000043362        0x0 obj_cooja/mtype447.a(frame802154.o)
 *fill*         0x0000000000043362        0x2 
 .bss           0x0000000000043364        0xc obj_cooja/mtype447.a(uipbuf.o)
 .bss           0x0000000000043370       0x18 obj_cooja/mtype447.a(uip-icmp6.o)
 *fill*         0x0000000000043388       0x18 
 .bss           0x00000000000433a0     0x1d80 obj_cooja/mtype447.a(uip-sr.o)
 .bss           0x0000000000045120      0xa78 obj_cooja/mtype447.a(uip-packetqueue)
 .bss           0x0000000000045b98        0x0 obj_cooja/mtype447.a(uip-udp-packet.)
 .bss           0x0000000000045b98        0xe obj_cooja/mtype447.a(rpl-nbr-policy.)
 *fill*         0x0000000000045ba6       0x1a 
 .bss           0x0000000000045bc0      0x960 obj_cooja/mtype447.a(rpl-neighbor.o)
 .bss           0x0000000000046520       0x40 obj_cooja/mtype447.a(rpl-timers.o)
 .bss           0x0000000000046560        0x0 obj_cooja/mtype447.a(rpl-ext-header.)
 .bss           0x0000000000046560        0x0 obj_cooja/mtype447.a(rpl-mrhof.o)
 .bss           0x0000000000046560        0x0 /usr/lib/gcc/i686-linux-gnu/5/crtendS.o
 .bss           0x0000000000046560        0x0 /usr/lib/gcc/i686-linux-gnu/5/../../../i386-linux-gnu/crtn.o
 *(COMMON)
 COMMON         0x0000000000046560        0x8 obj_cooja/mtype447.o
                0x0000000000046560                referenceVar
                0x0000000000046564                sensors_flags
 COMMON         0x0000000000046568        0xc obj_cooja/mtype447.a(simEnvChange.o)
                0x0000000000046568                simEtimerPending
                0x000000000004656c                simProcessRunValue
                0x0000000000046570                simEtimerNextExpirationTime
 *fill*         0x0000000000046574        0x4 
 COMMON         0x0000000000046578       0x18 obj_cooja/mtype447.a(rtimer-arch.o)
                0x0000000000046578                simRtimerPending
                0x0000000000046580                simRtimerCurrentTicks
                0x0000000000046588                simRtimerNextExpirationTime
 COMMON         0x0000000000046590        0x1 obj_cooja/mtype447.a(beep.o)
                0x0000000000046590                simBeeped
 COMMON         0x0000000000046591        0x3 obj_cooja/mtype447.a(button-sensor.o)
                0x0000000000046591                simButtonIsActive
                0x0000000000046592                simButtonIsDown
                0x0000000000046593                simButtonChanged
 COMMON         0x0000000000046594        0x1 obj_cooja/mtype447.a(leds-arch.o)
                0x0000000000046594                simLedsValue
 *fill*         0x0000000000046595        0x3 
 COMMON         0x0000000000046598        0xc obj_cooja/mtype447.a(moteid.o)
                0x0000000000046598                simRandomSeed
                0x000000000004659c                simMoteIDChanged
                0x00000000000465a0                simMoteID
 COMMON         0x00000000000465a4        0x2 obj_cooja/mtype447.a(pir-sensor.o)
                0x00000000000465a4                simPirIsActive
                0x00000000000465a5                simPirChanged
 *fill*         0x00000000000465a6       0x1a 
 COMMON         0x00000000000465c0      0x820 obj_cooja/mtype447.a(rs232.o)
                0x00000000000465c0                simSerialReceivingFlag
                0x00000000000465c4                simSerialReceivingLength
                0x00000000000465e0                simSerialReceivingData
 COMMON         0x0000000000046de0        0x2 obj_cooja/mtype447.a(vib-sensor.o)
                0x0000000000046de0                simVibChanged
                0x0000000000046de1                simVibIsActive
 *fill*         0x0000000000046de2        0x2 
 COMMON         0x0000000000046de4        0x4 obj_cooja/mtype447.a(clock.o)
                0x0000000000046de4                simCurrentTime
 *fill*         0x0000000000046de8       0x18 
 COMMON         0x0000000000046e00     0x2020 obj_cooja/mtype447.a(cooja-log.o)
                0x0000000000046e00                simLoggedLength
                0x0000000000046e04                simLoggedFlag
                0x0000000000046e20                simLoggedData
 COMMON         0x0000000000048e20      0x100 obj_cooja/mtype447.a(cooja-radio.o)
                0x0000000000048e20                simOutDataBuffer
                0x0000000000048ea0                simInDataBuffer
 COMMON         0x0000000000048f20      0x400 obj_cooja/mtype447.a(eeprom.o)
                0x0000000000048f20                simEEPROMData
 COMMON         0x0000000000049320        0x1 obj_cooja/mtype447.a(sensors.o)
                0x0000000000049320                sensors_event
 COMMON         0x0000000000049321        0x1 obj_cooja/mtype447.a(mqtt.o)
                0x0000000000049321                mqtt_update_event
 *fill*         0x0000000000049322        0x2 
 COMMON         0x0000000000049324       0x50 obj_cooja/mtype447.a(contiki-main.o)
                0x0000000000049324                eb_per_time_source
                0x0000000000049338                unicast_per_neighbor_rpl_storing
                0x000000000004934c                unicast_per_neighbor_rpl_ns
                0x0000000000049360                default_common
 COMMON         0x0000000000049374        0x1 obj_cooja/mtype447.a(serial-line.o)
                0x0000000000049374                serial_line_event_message
 *fill*         0x0000000000049375        0x3 
 COMMON         0x0000000000049378       0x2c obj_cooja/mtype447.a(packetbuf.o)
                0x0000000000049378                packetbuf_attrs
                0x0000000000049394                packetbuf_addrs
 COMMON         0x00000000000493a4        0x8 obj_cooja/mtype447.a(linkaddr.o)
                0x00000000000493a4                linkaddr_node_addr
 *fill*         0x00000000000493ac       0x14 
 COMMON         0x00000000000493c0      0x181 obj_cooja/mtype447.a(uip-ds6.o)
                0x00000000000493c0                uip_ds6_prefix_list
                0x0000000000049420                uip_ds6_timer_periodic
                0x0000000000049430                uip_ds6_netif_addr_list_offset
                0x0000000000049440                uip_ds6_if
                0x0000000000049538                uip_ds6_timer_ra
                0x0000000000049540                uip_ds6_addr_size
 COMMON         0x0000000000049541        0x1 obj_cooja/mtype447.a(tcpip.o)
                0x0000000000049541                tcpip_event
 *fill*         0x0000000000049542       0x1e 
 COMMON         0x0000000000049560      0x80c obj_cooja/mtype447.a(uip6.o)
                0x0000000000049560                uip_slen
                0x0000000000049564                uip_acc32
                0x0000000000049580                uip_conns
                0x0000000000049700                uip_lladdr
                0x0000000000049708                uip_appdata
                0x000000000004970c                uip_flags
                0x0000000000049720                uip_aligned_buf
                0x0000000000049c20                uip_listenports
                0x0000000000049c48                uip_len
                0x0000000000049c4c                uip_sappdata
                0x0000000000049c60                uip_udp_conns
                0x0000000000049d60                uip_udp_conn
                0x0000000000049d64                uip_next_hdr
                0x0000000000049d68                uip_conn
 COMMON         0x0000000000049d6c       0x10 obj_cooja/mtype447.a(rpl.o)
                0x0000000000049d6c                rpl_multicast_addr
 *fill*         0x0000000000049d7c        0x4 
 COMMON         0x0000000000049d80      0x164 obj_cooja/mtype447.a(rpl-dag.o)
                0x0000000000049d80                curr_instance
 *fill*         0x0000000000049ee4       0x1c 
 COMMON         0x0000000000049f00       0x20 obj_cooja/mtype447.a(link-stats.o)
                0x0000000000049f00                periodic_timer
                0x0000000000049f20                . = ALIGN ((. != 0x0)?0x4:0x1)
                0x0000000000049f20                . = ALIGN (0x4)
                0x0000000000049f20                . = SEGMENT_START ("ldata-segment", .)
                0x0000000000049f20                . = ALIGN (0x4)
                0x0000000000049f20                _end = .
                [!provide]                        PROVIDE (end, .)
                0x0000000000049f20                . = DATA_SEGMENT_END (.)

.stab
 *(.stab)

.stabstr
 *(.stabstr)

.stab.excl
 *(.stab.excl)

.stab.exclstr
 *(.stab.exclstr)

.stab.index
 *(.stab.index)

.stab.indexstr
 *(.stab.indexstr)

.comment        0x0000000000000000       0x35
 *(.comment)
 .comment       0x0000000000000000       0x35 /usr/lib/gcc/i686-linux-gnu/5/crtbeginS.o
                                         0x36 (size before relaxing)
 .comment       0x0000000000000035       0x36 udp-client.o
 .comment       0x0000000000000035       0x36 obj_cooja/mtype447.o
 .comment       0x0000000000000035       0x36 obj_cooja/mtype447.a(simEnvChange.o)
 .comment       0x0000000000000035       0x36 obj_cooja/mtype447.a(cooja_mt.o)
 .comment       0x0000000000000035       0x36 obj_cooja/mtype447.a(cooja_mtarch.o)
 .comment       0x0000000000000035       0x36 obj_cooja/mtype447.a(rtimer-arch.o)
 .comment       0x0000000000000035       0x36 obj_cooja/mtype447.a(beep.o)
 .comment       0x0000000000000035       0x36 obj_cooja/mtype447.a(button-sensor.o)
 .comment       0x0000000000000035       0x36 obj_cooja/mtype447.a(leds-arch.o)
 .comment       0x0000000000000035       0x36 obj_cooja/mtype447.a(moteid.o)
 .comment       0x0000000000000035       0x36 obj_cooja/mtype447.a(pir-sensor.o)
 .comment       0x0000000000000035       0x36 obj_cooja/mtype447.a(rs232.o)
 .comment       0x0000000000000035       0x36 obj_cooja/mtype447.a(vib-sensor.o)
 .comment       0x0000000000000035       0x36 obj_cooja/mtype447.a(clock.o)
 .comment       0x0000000000000035       0x36 obj_cooja/mtype447.a(cooja-log.o)
 .comment       0x0000000000000035       0x36 obj_cooja/mtype447.a(cfs-cooja.o)
 .comment       0x0000000000000035       0x36 obj_cooja/mtype447.a(cooja-radio.o)
 .comment       0x0000000000000035       0x36 obj_cooja/mtype447.a(eeprom.o)
 .comment       0x0000000000000035       0x36 obj_cooja/mtype447.a(random.o)
 .comment       0x0000000000000035       0x36 obj_cooja/mtype447.a(sensors.o)
 .comment       0x0000000000000035       0x36 obj_cooja/mtype447.a(leds.o)
 .comment       0x0000000000000035       0x36 obj_cooja/mtype447.a(mqtt.o)
 .comment       0x0000000000000035       0x36 obj_cooja/mtype447.a(contiki-main.o)
 .comment       0x0000000000000035       0x36 obj_cooja/mtype447.a(autostart.o)
 .comment       0x0000000000000035       0x36 obj_cooja/mtype447.a(ctimer.o)
 .comment       0x0000000000000035       0x36 obj_cooja/mtype447.a(energest.o)
 .comment       0x0000000000000035       0x36 obj_cooja/mtype447.a(etimer.o)
 .comment       0x0000000000000035       0x36 obj_cooja/mtype447.a(log.o)
 .comment       0x0000000000000035       0x36 obj_cooja/mtype447.a(process.o)
 .comment       0x0000000000000035       0x36 obj_cooja/mtype447.a(rtimer.o)
 .comment       0x0000000000000035       0x36 obj_cooja/mtype447.a(node-id.o)
 .comment       0x0000000000000035       0x36 obj_cooja/mtype447.a(timer.o)
 .comment       0x0000000000000035       0x36 obj_cooja/mtype447.a(serial-line.o)
 .comment       0x0000000000000035       0x36 obj_cooja/mtype447.a(list.o)
 .comment       0x0000000000000035       0x36 obj_cooja/mtype447.a(ringbuf.o)
 .comment       0x0000000000000035       0x36 obj_cooja/mtype447.a(packetbuf.o)
 .comment       0x0000000000000035       0x36 obj_cooja/mtype447.a(netstack.o)
 .comment       0x0000000000000035       0x36 obj_cooja/mtype447.a(linkaddr.o)
 .comment       0x0000000000000035       0x36 obj_cooja/mtype447.a(csma.o)
 .comment       0x0000000000000035       0x36 obj_cooja/mtype447.a(csma-output.o)
 .comment       0x0000000000000035       0x36 obj_cooja/mtype447.a(uip-ds6.o)
 .comment       0x0000000000000035       0x36 obj_cooja/mtype447.a(tcp-socket.o)
 .comment       0x0000000000000035       0x36 obj_cooja/mtype447.a(tcpip.o)
 .comment       0x0000000000000035       0x36 obj_cooja/mtype447.a(uip-ds6-route.o)
 .comment       0x0000000000000035       0x36 obj_cooja/mtype447.a(uip6.o)
 .comment       0x0000000000000035       0x36 obj_cooja/mtype447.a(uip-ds6-nbr.o)
 .comment       0x0000000000000035       0x36 obj_cooja/mtype447.a(uip-nd6.o)
 .comment       0x0000000000000035       0x36 obj_cooja/mtype447.a(simple-udp.o)
 .comment       0x0000000000000035       0x36 obj_cooja/mtype447.a(sicslowpan.o)
 .comment       0x0000000000000035       0x36 obj_cooja/mtype447.a(uiplib.o)
 .comment       0x0000000000000035       0x36 obj_cooja/mtype447.a(rpl.o)
 .comment       0x0000000000000035       0x36 obj_cooja/mtype447.a(rpl-icmp6.o)
 .comment       0x0000000000000035       0x36 obj_cooja/mtype447.a(rpl-dag.o)
 .comment       0x0000000000000035       0x36 obj_cooja/mtype447.a(rpl-dag-root.o)
 .comment       0x0000000000000035       0x36 obj_cooja/mtype447.a(watchdog.o)
 .comment       0x0000000000000035       0x36 obj_cooja/mtype447.a(stimer.o)
 .comment       0x0000000000000035       0x36 obj_cooja/mtype447.a(memb.o)
 .comment       0x0000000000000035       0x36 obj_cooja/mtype447.a(queuebuf.o)
 .comment       0x0000000000000035       0x36 obj_cooja/mtype447.a(nbr-table.o)
 .comment       0x0000000000000035       0x36 obj_cooja/mtype447.a(link-stats.o)
 .comment       0x0000000000000035       0x36 obj_cooja/mtype447.a(mac-sequence.o)
 .comment       0x0000000000000035       0x36 obj_cooja/mtype447.a(mac.o)
 .comment       0x0000000000000035       0x36 obj_cooja/mtype447.a(framer-802154.o)
 .comment       0x0000000000000035       0x36 obj_cooja/mtype447.a(frame802154.o)
 .comment       0x0000000000000035       0x36 obj_cooja/mtype447.a(uipbuf.o)
 .comment       0x0000000000000035       0x36 obj_cooja/mtype447.a(uip-icmp6.o)
 .comment       0x0000000000000035       0x36 obj_cooja/mtype447.a(uip-sr.o)
 .comment       0x0000000000000035       0x36 obj_cooja/mtype447.a(uip-packetqueue)
 .comment       0x0000000000000035       0x36 obj_cooja/mtype447.a(uip-udp-packet.)
 .comment       0x0000000000000035       0x36 obj_cooja/mtype447.a(rpl-nbr-policy.)
 .comment       0x0000000000000035       0x36 obj_cooja/mtype447.a(rpl-neighbor.o)