Archive member included to satisfy reference by file (symbol)

obj_cooja/mtype297.a(simEnvChange.o)
                              obj_cooja/mtype297.o (simDontFallAsleep)
obj_cooja/mtype297.a(cooja_mt.o)
                              obj_cooja/mtype297.o (cooja_mt_start)
obj_cooja/mtype297.a(cooja_mtarch.o)
                              obj_cooja/mtype297.a(cooja_mt.o) (cooja_mtarch_start)
obj_cooja/mtype297.a(rtimer-arch.o)
                              obj_cooja/mtype297.o (rtimer_arch_check)
obj_cooja/mtype297.a(beep.o)  obj_cooja/mtype297.o (beep_interface)
obj_cooja/mtype297.a(button-sensor.o)
                              obj_cooja/mtype297.o (button_interface)
obj_cooja/mtype297.a(leds-arch.o)
                              obj_cooja/mtype297.o (leds_interface)
obj_cooja/mtype297.a(moteid.o)
                              obj_cooja/mtype297.o (moteid_interface)
obj_cooja/mtype297.a(pir-sensor.o)
                              obj_cooja/mtype297.o (pir_interface)
obj_cooja/mtype297.a(rs232.o)
                              obj_cooja/mtype297.o (rs232_interface)
obj_cooja/mtype297.a(vib-sensor.o)
                              obj_cooja/mtype297.o (vib_interface)
obj_cooja/mtype297.a(clock.o)
                              obj_cooja/mtype297.o (clock_interface)
obj_cooja/mtype297.a(cooja-log.o)
                              obj_cooja/mtype297.o (simlog_interface)
obj_cooja/mtype297.a(cfs-cooja.o)
                              obj_cooja/mtype297.o (cfs_interface)
obj_cooja/mtype297.a(cooja-radio.o)
                              obj_cooja/mtype297.o (radio_interface)
obj_cooja/mtype297.a(eeprom.o)
                              obj_cooja/mtype297.o (eeprom_interface)
obj_cooja/mtype297.a(random.o)
                              obj_cooja/mtype297.a(moteid.o) (random_init)
obj_cooja/mtype297.a(sensors.o)
                              obj_cooja/mtype297.a(button-sensor.o) (sensors_changed)
obj_cooja/mtype297.a(leds.o)  udp-client.o (leds_on)
obj_cooja/mtype297.a(mqtt.o)  udp-client.o (mqtt_disconnect)
obj_cooja/mtype297.a(contiki-main.o)
                              obj_cooja/mtype297.o (main)
obj_cooja/mtype297.a(autostart.o)
                              obj_cooja/mtype297.a(contiki-main.o) (autostart_start)
obj_cooja/mtype297.a(ctimer.o)
                              obj_cooja/mtype297.a(contiki-main.o) (ctimer_init)
obj_cooja/mtype297.a(energest.o)
                              obj_cooja/mtype297.a(contiki-main.o) (energest_init)
obj_cooja/mtype297.a(etimer.o)
                              obj_cooja/mtype297.a(contiki-main.o) (etimer_process)
obj_cooja/mtype297.a(log.o)   obj_cooja/mtype297.a(contiki-main.o) (curr_log_level_main)
obj_cooja/mtype297.a(process.o)
                              udp-client.o (process_current)
obj_cooja/mtype297.a(rtimer.o)
                              obj_cooja/mtype297.a(contiki-main.o) (rtimer_init)
obj_cooja/mtype297.a(node-id.o)
                              udp-client.o (node_id)
obj_cooja/mtype297.a(timer.o)
                              obj_cooja/mtype297.a(button-sensor.o) (timer_set)
obj_cooja/mtype297.a(serial-line.o)
                              obj_cooja/mtype297.a(rs232.o) (serial_line_input_byte)
obj_cooja/mtype297.a(list.o)  obj_cooja/mtype297.a(mqtt.o) (list_init)
obj_cooja/mtype297.a(ringbuf.o)
                              obj_cooja/mtype297.a(serial-line.o) (ringbuf_init)
obj_cooja/mtype297.a(packetbuf.o)
                              obj_cooja/mtype297.a(cooja-radio.o) (packetbuf_clear)
obj_cooja/mtype297.a(netstack.o)
                              obj_cooja/mtype297.a(contiki-main.o) (netstack_init)
obj_cooja/mtype297.a(linkaddr.o)
                              udp-client.o (linkaddr_node_addr)
obj_cooja/mtype297.a(csma.o)  obj_cooja/mtype297.a(cooja-radio.o) (csma_driver)
obj_cooja/mtype297.a(csma-output.o)
                              obj_cooja/mtype297.a(csma.o) (csma_output_packet)
obj_cooja/mtype297.a(uip-ds6.o)
                              obj_cooja/mtype297.a(contiki-main.o) (uip_ds6_get_link_local)
obj_cooja/mtype297.a(tcp-socket.o)
                              obj_cooja/mtype297.a(mqtt.o) (tcp_socket_register)
obj_cooja/mtype297.a(tcpip.o)
                              obj_cooja/mtype297.a(tcp-socket.o) (tcpip_event)
obj_cooja/mtype297.a(uip-ds6-route.o)
                              obj_cooja/mtype297.a(uip-ds6.o) (uip_ds6_route_init)
obj_cooja/mtype297.a(uip6.o)  obj_cooja/mtype297.a(contiki-main.o) (uip_lladdr)
obj_cooja/mtype297.a(uip-ds6-nbr.o)
                              obj_cooja/mtype297.a(uip-ds6.o) (uip_ds6_neighbors_init)
obj_cooja/mtype297.a(uip-nd6.o)
                              obj_cooja/mtype297.a(uip6.o) (uip_nd6_init)
obj_cooja/mtype297.a(simple-udp.o)
                              udp-client.o (simple_udp_sendto)
obj_cooja/mtype297.a(sicslowpan.o)
                              obj_cooja/mtype297.a(contiki-main.o) (sicslowpan_driver)
obj_cooja/mtype297.a(uiplib.o)
[...]
Memory Configuration

Name             Origin             Length             Attributes
*default*        0x0000000000000000 0xffffffffffffffff

Linker script and memory map

LOAD /usr/lib/gcc/i686-linux-gnu/5/../../../i386-linux-gnu/crti.o
LOAD /usr/lib/gcc/i686-linux-gnu/5/crtbeginS.o
LOAD udp-client.o
LOAD obj_cooja/mtype297.o
LOAD obj_cooja/mtype297.a
LOAD /usr/lib/gcc/i686-linux-gnu/5/libgcc.a
LOAD /usr/lib/gcc/i686-linux-gnu/5/libgcc_s.so
LOAD /usr/lib/gcc/i686-linux-gnu/5/../../../i386-linux-gnu/libc.so
START GROUP
LOAD /lib/i386-linux-gnu/libc.so.6
LOAD /usr/lib/i386-linux-gnu/libc_nonshared.a
LOAD /lib/i386-linux-gnu/ld-linux.so.2
END GROUP
LOAD /usr/lib/gcc/i686-linux-gnu/5/libgcc.a
LOAD /usr/lib/gcc/i686-linux-gnu/5/libgcc_s.so
LOAD /usr/lib/gcc/i686-linux-gnu/5/crtendS.o
LOAD /usr/lib/gcc/i686-linux-gnu/5/../../../i386-linux-gnu/crtn.o
                0x0000000000000114                . = (0x0 + SIZEOF_HEADERS)

.note.gnu.build-id
                0x0000000000000114       0x24
 *(.note.gnu.build-id)
 .note.gnu.build-id
                0x0000000000000114       0x24 /usr/lib/gcc/i686-linux-gnu/5/../../../i386-linux-gnu/crti.o

.hash
 *(.hash)

.gnu.hash       0x0000000000000138     0x13ec
 *(.gnu.hash)
 .gnu.hash      0x0000000000000138     0x13ec /usr/lib/gcc/i686-linux-gnu/5/../../../i386-linux-gnu/crti.o

.dynsym         0x0000000000001524     0x2800
 *(.dynsym)
 .dynsym        0x0000000000001524     0x2800 /usr/lib/gcc/i686-linux-gnu/5/../../../i386-linux-gnu/crti.o

.dynstr         0x0000000000003d24     0x2b9a
 *(.dynstr)
 .dynstr        0x0000000000003d24     0x2b9a /usr/lib/gcc/i686-linux-gnu/5/../../../i386-linux-gnu/crti.o

.gnu.version    0x00000000000068be      0x500
 *(.gnu.version)
 .gnu.version   0x00000000000068be      0x500 /usr/lib/gcc/i686-linux-gnu/5/../../../i386-linux-gnu/crti.o

.gnu.version_d  0x0000000000006dc0        0x0
 *(.gnu.version_d)
 .gnu.version_d
                0x0000000000006dc0        0x0 /usr/lib/gcc/i686-linux-gnu/5/../../../i386-linux-gnu/crti.o

.gnu.version_r  0x0000000000006dc0       0x40
 *(.gnu.version_r)
 .gnu.version_r
                0x0000000000006dc0       0x40 /usr/lib/gcc/i686-linux-gnu/5/../../../i386-linux-gnu/crti.o

.rel.dyn        0x0000000000006e00     0xa788
 *(.rel.init)
 .rel.init      0x0000000000006e00        0x0 /usr/lib/gcc/i686-linux-gnu/5/../../../i386-linux-gnu/crti.o
 *(.rel.text .rel.text.* .rel.gnu.linkonce.t.*)
 .rel.text      0x0000000000006e00     0x9e40 /usr/lib/gcc/i686-linux-gnu/5/../../../i386-linux-gnu/crti.o
 *(.rel.fini)
 .rel.fini      0x0000000000010c40        0x0 /usr/lib/gcc/i686-linux-gnu/5/../../../i386-linux-gnu/crti.o
 *(.rel.rodata .rel.rodata.* .rel.gnu.linkonce.r.*)
 .rel.rodata    0x0000000000010c40      0x588 /usr/lib/gcc/i686-linux-gnu/5/../../../i386-linux-gnu/crti.o
 *(.rel.data.rel.ro .rel.data.rel.ro.* .rel.gnu.linkonce.d.rel.ro.*)
 *(.rel.data .rel.data.* .rel.gnu.linkonce.d.*)
 .rel.data.rel.local
                0x00000000000111c8        0x8 /usr/lib/gcc/i686-linux-gnu/5/../../../i386-linux-gnu/crti.o
 .rel.data      0x00000000000111d0      0x380 /usr/lib/gcc/i686-linux-gnu/5/../../../i386-linux-gnu/crti.o
 *(.rel.tdata .rel.tdata.* .rel.gnu.linkonce.td.*)
 *(.rel.tbss .rel.tbss.* .rel.gnu.linkonce.tb.*)
 *(.rel.ctors)
 *(.rel.dtors)
 *(.rel.got)
 .rel.got       0x0000000000011550       0x28 /usr/lib/gcc/i686-linux-gnu/5/../../../i386-linux-gnu/crti.o
 *(.rel.bss .rel.bss.* .rel.gnu.linkonce.b.*)
 *(.rel.ifunc)
 .rel.ifunc     0x0000000000011578        0x0 /usr/lib/gcc/i686-linux-gnu/5/../../../i386-linux-gnu/crti.o
 .rel.fini_array
                0x0000000000011578        0x8 /usr/lib/gcc/i686-linux-gnu/5/../../../i386-linux-gnu/crti.o
 .rel.init_array
                0x0000000000011580        0x8 /usr/lib/gcc/i686-linux-gnu/5/../../../i386-linux-gnu/crti.o

.rel.plt        0x0000000000011588        0x0
 *(.rel.plt)
 .rel.plt       0x0000000000011588        0x0 /usr/lib/gcc/i686-linux-gnu/5/../../../i386-linux-gnu/crti.o
 *(.rel.iplt)

.init           0x0000000000011588       0x23
 *(SORT(.init))
 .init          0x0000000000011588       0x1e /usr/lib/gcc/i686-linux-gnu/5/../../../i386-linux-gnu/crti.o
                0x0000000000011588                _init
 .init          0x00000000000115a6        0x5 /usr/lib/gcc/i686-linux-gnu/5/../../../i386-linux-gnu/crtn.o

.plt            0x00000000000115b0       0x10
 *(.plt)
 .plt           0x00000000000115b0       0x10 /usr/lib/gcc/i686-linux-gnu/5/../../../i386-linux-gnu/crti.o
 *(.iplt)

.plt.got        0x00000000000115c0       0x10
 *(.plt.got)
 .plt.got       0x00000000000115c0       0x10 /usr/lib/gcc/i686-linux-gnu/5/../../../i386-linux-gnu/crti.o

.text           0x00000000000115d0    0x1a20f
 *(.text.unlikely .text.*_unlikely .text.unlikely.*)
 .text.unlikely
                0x00000000000115d0        0x0 /usr/lib/gcc/i686-linux-gnu/5/crtbeginS.o
 *(.text.exit .text.exit.*)
 *(.text.startup .text.startup.*)
 *(.text.hot .text.hot.*)
 *(.text .stub .text.* .gnu.linkonce.t.*)
 .text          0x00000000000115d0        0x0 /usr/lib/gcc/i686-linux-gnu/5/../../../i386-linux-gnu/crti.o
 .gnu.linkonce.t.__x86.get_pc_thunk.bx
                0x00000000000115d0        0x4 /usr/lib/gcc/i686-linux-gnu/5/../../../i386-linux-gnu/crti.o
                0x00000000000115d0                __x86.get_pc_thunk.bx
 *fill*         0x00000000000115d4        0xc 
 .text          0x00000000000115e0      0x11c /usr/lib/gcc/i686-linux-gnu/5/crtbeginS.o
 .text.__x86.get_pc_thunk.dx
                0x00000000000116fc        0x4 /usr/lib/gcc/i686-linux-gnu/5/crtbeginS.o
                0x00000000000116fc                __x86.get_pc_thunk.dx
 .text          0x0000000000011700     0x1566 udp-client.o
                0x0000000000011700                ipaddr_sprintf
 .text          0x0000000000012c66      0x271 obj_cooja/mtype297.o
                0x0000000000012cf8                platform_init_stage_one
                0x0000000000012cfe                platform_init_stage_two
                0x0000000000012d0c                platform_init_stage_three
                0x0000000000012d1f                platform_main_loop
                0x0000000000012d92                Java_org_contikios_cooja_corecomm_Lib6_init
                0x0000000000012dc9                Java_org_contikios_cooja_corecomm_Lib6_getMemory
                0x0000000000012dfc                Java_org_contikios_cooja_corecomm_Lib6_setMemory
                0x0000000000012e5c                Java_org_contikios_cooja_corecomm_Lib6_tick
                0x0000000000012ec4                Java_org_contikios_cooja_corecomm_Lib6_setReferenceAddress
 .text          0x0000000000012ed7       0x65 obj_cooja/mtype297.a(simEnvChange.o)
                0x0000000000012ed7                doActionsBeforeTick
                0x0000000000012f09                doActionsAfterTick
 .text          0x0000000000012f3c       0x83 obj_cooja/mtype297.a(cooja_mt.o)
                0x0000000000012f3c                cooja_mt_start
                0x0000000000012f66                cooja_mt_exec
                0x0000000000012f9c                cooja_mt_yield
 .text          0x0000000000012fbf       0xbe obj_cooja/mtype297.a(cooja_mtarch.o)
                0x0000000000012fbf                cooja_mtarch_start
                0x0000000000013032                cooja_sw
                0x0000000000013055                cooja_mtarch_exec
                0x0000000000013072                cooja_mtarch_yield
 .text          0x000000000001307d       0xc5 obj_cooja/mtype297.a(rtimer-arch.o)
                0x000000000001307d                rtimer_arch_init
                0x00000000000130a1                rtimer_arch_schedule
                0x00000000000130d1                rtimer_arch_next
                0x00000000000130e1                rtimer_arch_pending
                0x00000000000130eb                rtimer_arch_check
                0x0000000000013132                rtimer_arch_now
 .text          0x0000000000013142       0x81 obj_cooja/mtype297.a(beep.o)
                0x0000000000013142                beep_alarm
                0x000000000001314f                beep_beep
                0x000000000001315c                beep
                0x0000000000013169                beep_down
                0x0000000000013176                beep_on
                0x0000000000013183                beep_off
                0x0000000000013190                beep_spinup
                0x000000000001319d                beep_quick
                0x00000000000131aa                beep_long
 .text          0x00000000000131c3      0x10d obj_cooja/mtype297.a(button-sensor.o)
 .text          0x00000000000132d0       0x49 obj_cooja/mtype297.a(leds-arch.o)
                0x00000000000132d0                leds_arch_init
                0x00000000000132dd                leds_arch_get
                0x00000000000132e9                leds_arch_set
 .text          0x0000000000013319       0x35 obj_cooja/mtype297.a(moteid.o)
 .text          0x000000000001334e       0xb7 obj_cooja/mtype297.a(pir-sensor.o)
 .text          0x0000000000013405      0x148 obj_cooja/mtype297.a(rs232.o)
                0x0000000000013405                rs232_init
                0x000000000001340b                rs232_set_speed
                0x000000000001341a                rs232_set_input
                0x0000000000013428                rs232_send
                0x000000000001344c                rs232_print
                0x0000000000013468                slip_arch_writeb
 .text          0x000000000001354d       0xb7 obj_cooja/mtype297.a(vib-sensor.o)
 .text          0x0000000000013604       0x38 obj_cooja/mtype297.a(clock.o)
                0x0000000000013604                clock_init
                0x000000000001360a                clock_time
                0x0000000000013614                clock_seconds
                0x000000000001362a                clock_delay
 .text          0x000000000001363c      0x219 obj_cooja/mtype297.a(cooja-log.o)
                0x000000000001363c                simlog_char
                0x000000000001367f                simlog
                0x00000000000136f5                log_message
                0x0000000000013726                log_set_putchar_with_slip
                0x0000000000013734                log_putchar
                0x00000000000137af                log_puts
                0x00000000000137d7                log_printf
 .text          0x0000000000013855      0x2b9 obj_cooja/mtype297.a(cfs-cooja.o)
                0x0000000000013855                cfs_open
                0x00000000000138be                cfs_close
                0x00000000000138cb                cfs_read
                0x0000000000013960                cfs_write
                0x0000000000013a3c                cfs_seek
                0x0000000000013ac4                cfs_remove
                0x0000000000013ae8                cfs_opendir
                0x0000000000013af2                cfs_readdir
                0x0000000000013afc                cfs_closedir
 .text          0x0000000000013b0e      0x605 obj_cooja/mtype297.a(cooja-radio.o)
                0x0000000000013b50                radio_set_channel
                0x0000000000013b5e                radio_set_txpower
                0x0000000000013b76                radio_signal_strength_last
                0x0000000000013b80                radio_signal_strength_current
                0x0000000000013b8a                radio_LQI
 .text          0x0000000000014113       0xee obj_cooja/mtype297.a(eeprom.o)
                0x0000000000014113                eeprom_init
                0x0000000000014119                eeprom_read
                0x0000000000014187                eeprom_write
 .text          0x0000000000014201       0x2d obj_cooja/mtype297.a(random.o)
                0x0000000000014201                random_init
                0x0000000000014221                random_rand
 .text          0x000000000001422e      0x29c obj_cooja/mtype297.a(sensors.o)
                0x0000000000014269                sensors_first
                0x0000000000014273                sensors_next
                0x000000000001428d                sensors_changed
                0x00000000000142c1                sensors_find
 .text          0x00000000000144ca       0xf6 obj_cooja/mtype297.a(leds.o)
                0x00000000000144ca                leds_init
                0x00000000000144d8                leds_blink
                0x000000000001451b                leds_get
                0x0000000000014528                leds_set
                0x0000000000014547                leds_on
                0x000000000001456d                leds_off
                0x000000000001459a                leds_toggle
 .text          0x00000000000145c0     0x3779 obj_cooja/mtype297.a(mqtt.o)
                0x0000000000017763                mqtt_init
                0x0000000000017821                mqtt_register
                0x00000000000178be                mqtt_connect
                0x00000000000179d0                mqtt_disconnect
                0x0000000000017a0e                mqtt_subscribe
                0x0000000000017acb                mqtt_unsubscribe
                0x0000000000017b79                mqtt_publish
                0x0000000000017c5a                mqtt_set_username_password
                0x0000000000017ce5                mqtt_set_last_will
 .text          0x0000000000017d39      0x328 obj_cooja/mtype297.a(contiki-main.o)
                0x0000000000017d39                main
 .text          0x0000000000018061       0x92 obj_cooja/mtype297.a(autostart.o)
                0x0000000000018061                autostart_start
                0x00000000000180ab                autostart_exit
 .text          0x00000000000180f3      0x355 obj_cooja/mtype297.a(ctimer.o)
                0x000000000001821b                ctimer_init
                0x000000000001824e                ctimer_set
                0x0000000000018274                ctimer_set_with_process
                0x00000000000182f1                ctimer_reset
                0x0000000000018345                ctimer_restart
                0x0000000000018399                ctimer_stop
                0x00000000000183e9                ctimer_expired
 .text          0x0000000000018448       0x1b obj_cooja/mtype297.a(energest.o)
                0x0000000000018448                energest_init
                0x000000000001844e                energest_flush
                0x0000000000018454                energest_get_total_time
 .text          0x0000000000018463      0x43f obj_cooja/mtype297.a(etimer.o)
                0x0000000000018687                etimer_request_poll
                0x0000000000018710                etimer_set
                0x0000000000018739                etimer_reset_with_new_interval
                0x0000000000018768                etimer_reset
                0x000000000001878e                etimer_restart
                0x00000000000187b4                etimer_adjust
                0x00000000000187d1                etimer_expired
                0x00000000000187e4                etimer_expiration_time
                0x00000000000187f6                etimer_start_time
                0x0000000000018800                etimer_pending
                0x0000000000018812                etimer_next_expiration_time
                0x000000000001882c                etimer_stop
 .text          0x00000000000188a2      0x394 obj_cooja/mtype297.a(log.o)
                0x00000000000188a2                log_6addr
                0x00000000000188f5                log_6addr_compact_snprint
                0x0000000000018993                log_6addr_compact
                0x00000000000189e6                log_lladdr
                0x0000000000018a58                log_lladdr_compact
                0x0000000000018ac0                log_set_level
                0x0000000000018b7b                log_get_level
                0x0000000000018bf4                log_level_to_str
 .text          0x0000000000018c36      0x4fb obj_cooja/mtype297.a(process.o)
                0x0000000000018c36                process_alloc_event
                0x0000000000018c4b                process_start
                0x0000000000018e25                process_exit
                0x0000000000018e42                process_init
                0x0000000000018fd7                process_run
                0x000000000001900a                process_nevents
                0x0000000000019025                process_post
                0x00000000000190b8                process_post_synch
                0x00000000000190ed                process_poll
                0x000000000001911d                process_is_running
 .text          0x0000000000019131       0xeb obj_cooja/mtype297.a(rtimer.o)
                0x0000000000019131                rtimer_init
                0x000000000001913f                rtimer_set
                0x00000000000191ba                rtimer_run_next
 .text          0x000000000001921c       0x25 obj_cooja/mtype297.a(node-id.o)
                0x000000000001921c                node_id_init
 .text          0x0000000000019241       0x9c obj_cooja/mtype297.a(timer.o)
                0x0000000000019241                timer_set
                0x000000000001925f                timer_reset
                0x0000000000019277                timer_restart
                0x000000000001928c                timer_expired
                0x00000000000192b9                timer_remaining
 .text          0x00000000000192dd      0x1eb obj_cooja/mtype297.a(serial-line.o)
                0x00000000000192dd                serial_line_input_byte
                0x0000000000019493                serial_line_init
 .text          0x00000000000194c8      0x28f obj_cooja/mtype297.a(list.o)
                0x00000000000194c8                list_init
                0x00000000000194d7                list_head
                0x00000000000194e1                list_copy
                0x00000000000194f1                list_tail
                0x0000000000019527                list_add
                0x0000000000019573                list_push
                0x000000000001959f                list_chop
                0x0000000000019609                list_pop
                0x0000000000019631                list_remove
                0x0000000000019699                list_length
                0x00000000000196c7                list_insert
                0x000000000001970c                list_item_next
                0x0000000000019723                list_contains
 .text          0x0000000000019757      0x156 obj_cooja/mtype297.a(ringbuf.o)
                0x0000000000019757                ringbuf_init
                0x0000000000019789                ringbuf_put
                0x0000000000019807                ringbuf_get
                0x0000000000019874                ringbuf_size
                0x0000000000019886                ringbuf_elements
 .text          0x00000000000198ad      0x407 obj_cooja/mtype297.a(packetbuf.o)
                0x00000000000198ad                packetbuf_clear
                0x00000000000198d8                packetbuf_copyfrom
                0x0000000000019927                packetbuf_copyto
                0x00000000000199ba                packetbuf_hdralloc
                0x0000000000019a36                packetbuf_hdrreduce
                0x0000000000019a7c                packetbuf_set_datalen
                0x0000000000019a96                packetbuf_dataptr
                0x0000000000019ab3                packetbuf_hdrptr
                0x0000000000019abd                packetbuf_datalen
                0x0000000000019ac9                packetbuf_hdrlen
                0x0000000000019ae0                packetbuf_totlen
                0x0000000000019af6                packetbuf_remaininglen
                0x0000000000019b09                packetbuf_attr_clear
                0x0000000000019b55                packetbuf_attr_copyto
                0x0000000000019bad                packetbuf_attr_copyfrom
                0x0000000000019c05                packetbuf_set_attr
                0x0000000000019c2f                packetbuf_attr
                0x0000000000019c49                packetbuf_set_addr
                0x0000000000019c7a                packetbuf_addr
                0x0000000000019c97                packetbuf_holds_broadcast
 .text          0x0000000000019cb4       0xef obj_cooja/mtype297.a(netstack.o)
                0x0000000000019cb4                netstack_process_ip_callback
                0x0000000000019d45                netstack_ip_packet_processor_add
                0x0000000000019d68                uip_ds6_ip_packet_processor_rm
                0x0000000000019d85                netstack_init
 .text          0x0000000000019da3       0x4f obj_cooja/mtype297.a(linkaddr.o)
                0x0000000000019da3                linkaddr_copy
                0x0000000000019db9                linkaddr_cmp
                0x0000000000019ddc                linkaddr_set_node_addr
 .text          0x0000000000019df2      0x165 obj_cooja/mtype297.a(csma.o)
 .text          0x0000000000019f57      0x944 obj_cooja/mtype297.a(csma-output.o)
                0x000000000001a5d0                csma_output_packet
                0x000000000001a85d                csma_output_init
 .text          0x000000000001a89b      0xb25 obj_cooja/mtype297.a(uip-ds6.o)
                0x000000000001a89b                uip_ds6_init
                0x000000000001aa46                uip_ds6_periodic
                0x000000000001aacd                uip_ds6_list_loop
                0x000000000001ab8d                uip_ds6_prefix_add
                0x000000000001ac39                uip_ds6_prefix_rm
                0x000000000001ac4c                uip_ds6_prefix_lookup
                0x000000000001ac8b                uip_ds6_is_addr_onlink
                0x000000000001acfe                uip_ds6_addr_add
                0x000000000001ae1e                uip_ds6_addr_rm
                0x000000000001aec7                uip_ds6_addr_lookup
                0x000000000001af00                uip_ds6_get_link_local
                0x000000000001af81                uip_ds6_get_global
                0x000000000001b002                uip_ds6_maddr_add
                0x000000000001b062                uip_ds6_maddr_rm
                0x000000000001b075                uip_ds6_maddr_lookup
                0x000000000001b0ae                uip_ds6_aaddr_add
                0x000000000001b10e                uip_ds6_aaddr_rm
                0x000000000001b121                uip_ds6_aaddr_lookup
                0x000000000001b15a                uip_ds6_select_src
                0x000000000001b2a3                uip_ds6_set_addr_iid
                0x000000000001b2ce                uip_ds6_set_lladdr_from_iid
                0x000000000001b2f7                get_match_length
                0x000000000001b388                uip_ds6_compute_reachable_time
 .text          0x000000000001b3c0      0x9d5 obj_cooja/mtype297.a(tcp-socket.o)
                0x000000000001ba0b                tcp_socket_register
                0x000000000001ba9c                tcp_socket_connect
                0x000000000001bb33                tcp_socket_listen
                0x000000000001bbaa                tcp_socket_unlisten
                0x000000000001bc1e                tcp_socket_send
                0x000000000001bcbe                tcp_socket_send_str
                0x000000000001bce6                tcp_socket_close
                0x000000000001bd0f                tcp_socket_unregister
                0x000000000001bd69                tcp_socket_max_sendlen
                0x000000000001bd86                tcp_socket_queuelen
 .text          0x000000000001bd95      0xa72 obj_cooja/mtype297.a(tcpip.o)
                0x000000000001bdaf                tcpip_output
                0x000000000001be93                tcp_connect
                0x000000000001beeb                tcp_unlisten
                0x000000000001bf4b                tcp_listen
                0x000000000001bfa9                tcp_attach
                0x000000000001bfc1                udp_attach
                0x000000000001bfd9                udp_new
                0x000000000001c023                udp_broadcast_new
                0x000000000001c2a8                tcpip_input
                0x000000000001c448                tcpip_ipv6_output
                0x000000000001c65c                tcpip_poll_udp
                0x000000000001c67a                tcpip_poll_tcp
                0x000000000001c698                tcpip_uipcall
 .text          0x000000000001c807      0x35b obj_cooja/mtype297.a(uip-ds6-route.o)
                0x000000000001c858                uip_ds6_route_init
                0x000000000001c882                uip_ds6_route_nexthop
                0x000000000001c88c                uip_ds6_route_head
                0x000000000001c896                uip_ds6_route_next
                0x000000000001c8a0                uip_ds6_route_is_nexthop
                0x000000000001c8aa                uip_ds6_route_num_routes
                0x000000000001c8b4                uip_ds6_route_lookup
                0x000000000001c8be                uip_ds6_route_add
                0x000000000001c8d1                uip_ds6_route_rm
                0x000000000001c8d7                uip_ds6_route_rm_by_nexthop
                0x000000000001c8dd                uip_ds6_defrt_head
                0x000000000001c8f6                uip_ds6_defrt_add
                0x000000000001c9a4                uip_ds6_defrt_rm
                0x000000000001ca0a                uip_ds6_defrt_lookup
                0x000000000001ca71                uip_ds6_defrt_choose
                0x000000000001cae7                uip_ds6_defrt_periodic
 .text          0x000000000001cb62     0x2802 obj_cooja/mtype297.a(uip6.o)
                0x000000000001cb62                uip_add32
                0x000000000001ccfc                uip_chksum
                0x000000000001cddd                uip_icmp6chksum
                0x000000000001cdf2                uip_tcpchksum
                0x000000000001ce07                uip_udpchksum
                0x000000000001ce1c                uip_init
                0x000000000001cea7                uip_connect
                0x000000000001d030                remove_ext_hdr
                0x000000000001d115                uip_udp_new
                0x000000000001d237                uip_unlisten
                0x000000000001d279                uip_listen
                0x000000000001d51a                uip_process
                0x000000000001f25f                uip_htons
                0x000000000001f281                uip_htonl
                0x000000000001f2bf                uip_send
 .text          0x000000000001f364      0x374 obj_cooja/mtype297.a(uip-ds6-nbr.o)
                0x000000000001f364                uip_ds6_neighbors_init
                0x000000000001f388                uip_ds6_nbr_add
                0x000000000001f40e                uip_ds6_nbr_rm
                0x000000000001f459                uip_ds6_nbr_update_ll
                0x000000000001f547                uip_ds6_nbr_get_ipaddr
                0x000000000001f55c                uip_ds6_nbr_get_ll
                0x000000000001f578                uip_ds6_nbr_num
                0x000000000001f5c1                uip_ds6_nbr_head
                0x000000000001f5da                uip_ds6_nbr_next
                0x000000000001f5f6                uip_ds6_nbr_lookup
                0x000000000001f659                uip_ds6_nbr_ll_lookup
                0x000000000001f675                uip_ds6_nbr_ipaddr_from_lladdr
                0x000000000001f69e                uip_ds6_nbr_lladdr_from_ipaddr
                0x000000000001f6d2                uip_ds6_link_callback
 .text          0x000000000001f6d8      0x6b5 obj_cooja/mtype297.a(uip-nd6.o)
                0x000000000001fd74                uip_nd6_init
 .text          0x000000000001fd8d      0x37a obj_cooja/mtype297.a(simple-udp.o)
                0x000000000001fdba                simple_udp_send
                0x000000000001fe1d                simple_udp_sendto
                0x000000000001fe78                simple_udp_sendto_port
                0x000000000001fed1                simple_udp_register
 .text          0x0000000000020107     0x2a78 obj_cooja/mtype297.a(sicslowpan.o)
                0x0000000000020605                netstack_sniffer_add
                0x0000000000020613                netstack_sniffer_remove
                0x0000000000022b4b                sicslowpan_init
                0x0000000000022b75                sicslowpan_get_last_rssi
 .text          0x0000000000022b7f      0x4d1 obj_cooja/mtype297.a(uiplib.o)
                0x0000000000022b7f                uiplib_ip6addrconv
                0x0000000000022d37                uiplib_ip4addrconv
                0x0000000000022dfa                uiplib_ipaddr_print
                0x0000000000022e4d                uiplib_ipaddr_snprint
 .text          0x0000000000023050      0x4c9 obj_cooja/mtype297.a(rpl.o)
                0x0000000000023050                rpl_lollipop_greater_than
                0x00000000000230aa                rpl_get_global_address
                0x00000000000231a2                rpl_link_callback
                0x00000000000231e6                rpl_has_joined
                0x000000000002320b                rpl_is_reachable
                0x000000000002328c                rpl_reset_prefix
                0x00000000000232f6                rpl_set_prefix_from_addr
                0x00000000000233db                rpl_set_prefix
                0x00000000000234f5                rpl_set_leaf_only
                0x000000000002350d                rpl_get_leaf_only
 .text          0x0000000000023519     0x13cb obj_cooja/mtype297.a(rpl-icmp6.o)
                0x000000000002363e                rpl_icmp6_update_nbr_table
                0x00000000000236d7                rpl_icmp6_dis_output
                0x0000000000023d2d                rpl_icmp6_dio_output
                0x000000000002453a                rpl_icmp6_dao_output
                0x000000000002482b                rpl_icmp6_dao_ack_output
                0x000000000002489b                rpl_icmp6_init
 .text          0x00000000000248e4      0xe51 obj_cooja/mtype297.a(rpl-dag.o)
                0x00000000000248e4                rpl_dag_state_to_str
                0x0000000000024923                rpl_dag_get_root_ipaddr
                0x000000000002496b                rpl_dag_leave
                0x00000000000249f4                rpl_dag_poison_and_leave
                0x0000000000024a0c                rpl_dag_periodic
                0x0000000000024a94                rpl_is_addr_in_our_dag
                0x0000000000024ad8                rpl_get_default_instance
                0x0000000000024af4                rpl_get_any_dag
                0x0000000000024b4d                rpl_refresh_routes
                0x0000000000024b8d                rpl_global_repair
                0x0000000000024c19                rpl_local_repair
                0x0000000000024c63                rpl_dag_ready_to_advertise
                0x0000000000024ca6                rpl_dag_update_state
                0x00000000000253ca                rpl_process_dio
                0x000000000002544b                rpl_process_dis
                0x0000000000025490                rpl_process_dao
                0x000000000002551f                rpl_process_dao_ack
                0x00000000000255b1                rpl_process_hbh
                0x0000000000025601                rpl_dag_init_root
                0x0000000000025715                rpl_dag_init
 .text          0x0000000000025735      0x286 obj_cooja/mtype297.a(rpl-dag-root.o)
                0x0000000000025735                rpl_dag_root_print_links
                0x0000000000025883                rpl_dag_root_set_prefix
                0x00000000000258af                rpl_dag_root_start
                0x000000000002598c                rpl_dag_root_is_root
 .text          0x00000000000259bb       0x1e obj_cooja/mtype297.a(watchdog.o)
                0x00000000000259bb                watchdog_init
                0x00000000000259c1                watchdog_start
                0x00000000000259c7                watchdog_periodic
                0x00000000000259cd                watchdog_stop
                0x00000000000259d3                watchdog_reboot
 .text          0x00000000000259d9       0xb2 obj_cooja/mtype297.a(stimer.o)
                0x00000000000259d9                stimer_set
                0x00000000000259f7                stimer_reset
                0x0000000000025a0f                stimer_restart
                0x0000000000025a24                stimer_expired
                0x0000000000025a4f                stimer_remaining
                0x0000000000025a73                stimer_elapsed
 .text          0x0000000000025a8b      0x1b8 obj_cooja/mtype297.a(memb.o)
                0x0000000000025a8b                memb_init
                0x0000000000025ae0                memb_alloc
                0x0000000000025b45                memb_free
                0x0000000000025bc0                memb_inmemb
                0x0000000000025bff                memb_numfree
 .text          0x0000000000025c43      0x2e7 obj_cooja/mtype297.a(queuebuf.o)
                0x0000000000025c4d                queuebuf_init
                0x0000000000025c76                queuebuf_numfree
                0x0000000000025c8e                queuebuf_new_from_packetbuf
                0x0000000000025d2d                queuebuf_update_attr_from_packetbuf
                0x0000000000025d62                queuebuf_update_from_packetbuf
                0x0000000000025db2                queuebuf_free
                0x0000000000025dfb                queuebuf_to_packetbuf
                0x0000000000025e67                queuebuf_dataptr
                0x0000000000025ea1                queuebuf_datalen
                0x0000000000025ec4                queuebuf_addr
                0x0000000000025ef9                queuebuf_attr
                0x0000000000025f24                queuebuf_debug_print
 .text          0x0000000000025f2a      0x78b obj_cooja/mtype297.a(nbr-table.o)
                0x00000000000263a3                nbr_table_register
                0x0000000000026410                nbr_table_is_registered
                0x000000000002644b                nbr_table_head
                0x00000000000264a6                nbr_table_next
                0x0000000000026507                nbr_table_add_lladdr
                0x00000000000265d1                nbr_table_get_from_lladdr
                0x000000000002661d                nbr_table_remove
                0x0000000000026655                nbr_table_lock
                0x000000000002666f                nbr_table_unlock
                0x0000000000026689                nbr_table_get_lladdr
 .text          0x00000000000266b5      0x37c obj_cooja/mtype297.a(link-stats.o)
                0x00000000000266b5                link_stats_from_lladdr
                0x00000000000266d1                link_stats_is_fresh
                0x000000000002670d                guess_etx_from_rssi
                0x0000000000026789                link_stats_packet_sent
                0x000000000002689c                link_stats_input_callback
                0x00000000000269ac                link_stats_reset
                0x00000000000269fc                link_stats_init
 .text          0x0000000000026a31      0x187 obj_cooja/mtype297.a(mac-sequence.o)
                0x0000000000026a31                mac_sequence_is_duplicate
                0x0000000000026ad1                mac_sequence_register_seqno
 .text          0x0000000000026bb8       0x23 obj_cooja/mtype297.a(mac.o)
                0x0000000000026bb8                mac_call_sent_callback
 .text          0x0000000000026bdb      0x41d obj_cooja/mtype297.a(framer-802154.o)
                0x0000000000026d6a                framer_802154_setup_params
 .text          0x0000000000026ff8      0xb6f obj_cooja/mtype297.a(frame802154.o)
                0x0000000000027029                frame802154_get_pan_id
                0x0000000000027035                frame802154_set_pan_id
                0x000000000002704f                frame802154_has_panid
                0x00000000000271fe                frame802154_check_dest_panid
                0x0000000000027286                frame802154_is_broadcast_addr
                0x00000000000272d3                frame802154_extract_linkaddr
                0x0000000000027538                frame802154_hdrlen
                0x00000000000275ab                frame802154_create_fcf
                0x0000000000027663                frame802154_create
                0x00000000000277d8                frame802154_parse_fcf
                0x00000000000278ba                frame802154_parse
 .text          0x0000000000027b67      0x1ec obj_cooja/mtype297.a(uipbuf.o)
                0x0000000000027b67                uipbuf_get_next_header
                0x0000000000027bd6                uipbuf_get_last_header
                0x0000000000027c5d                uipbuf_get_attr
                0x0000000000027c84                uipbuf_set_attr
                0x0000000000027cbb                uipbuf_clear_attr
                0x0000000000027ce7                uipbuf_set_attr_flag
                0x0000000000027d08                uipbuf_clr_attr_flag
                0x0000000000027d2f                uipbuf_is_attr_flag
 .text          0x0000000000027d53      0x96e obj_cooja/mtype297.a(uip-icmp6.o)
                0x0000000000027dc8                uip_icmp6_input
                0x0000000000027e1f                uip_icmp6_register_input_handler
                0x000000000002802b                uip_icmp6_error_output
                0x000000000002838a                uip_icmp6_send
                0x0000000000028649                uip_icmp6_echo_reply_callback_add
                0x000000000002867b                uip_icmp6_echo_reply_callback_rm
                0x0000000000028698                uip_icmp6_init
 .text          0x00000000000286c1      0x69b obj_cooja/mtype297.a(uip-sr.o)
                0x00000000000286c1                uip_sr_num_nodes
                0x000000000002874f                uip_sr_get_node
                0x00000000000287a6                uip_sr_is_addr_reachable
                0x0000000000028854                uip_sr_expire_parent
                0x000000000002889d                uip_sr_update_node
                0x00000000000289cd                uip_sr_init
                0x0000000000028a01                uip_sr_node_head
                0x0000000000028a1a                uip_sr_node_next
                0x0000000000028a30                uip_sr_periodic
                0x0000000000028b36                uip_sr_free_all
                0x0000000000028ba6                uip_sr_link_snprint
 .text          0x0000000000028d5c      0x146 obj_cooja/mtype297.a(uip-packetqueue)
                0x0000000000028d8a                uip_packetqueue_new
                0x0000000000028d99                uip_packetqueue_alloc
                0x0000000000028df4                uip_packetqueue_free
                0x0000000000028e3b                uip_packetqueue_buf
                0x0000000000028e58                uip_packetqueue_buflen
                0x0000000000028e79                uip_packetqueue_set_buflen
 .text          0x0000000000028ea2      0x128 obj_cooja/mtype297.a(uip-udp-packet.)
                0x0000000000028ea2                uip_udp_packet_send
                0x0000000000028efd                uip_udp_packet_sendto
 .text          0x0000000000028fca      0x1c8 obj_cooja/mtype297.a(rpl-nbr-policy.)
                0x000000000002914f                rpl_nbr_policy_find_removable
 .text          0x0000000000029192      0x8ed obj_cooja/mtype297.a(rpl-neighbor.o)
                0x000000000002920e                rpl_neighbor_snprint
                0x00000000000294bb                rpl_neighbor_print_list
                0x0000000000029570                rpl_neighbor_count
                0x0000000000029617                rpl_neighbor_get_from_lladdr
                0x0000000000029633                rpl_neighbor_is_acceptable_parent
                0x0000000000029667                rpl_neighbor_get_link_metric
                0x000000000002969b                rpl_neighbor_rank_via_nbr
                0x00000000000296cf                rpl_neighbor_get_lladdr
                0x00000000000296eb                rpl_neighbor_get_ipaddr
                0x0000000000029712                rpl_neighbor_get_link_stats
                0x0000000000029739                rpl_neighbor_is_fresh
                0x0000000000029760                rpl_neighbor_is_reachable
                0x00000000000297ab                rpl_neighbor_is_parent
                0x00000000000297d5                rpl_neighbor_set_preferred_parent
                0x0000000000029861                rpl_neighbor_remove_all
                0x00000000000298b0                rpl_neighbor_get_from_ipaddr
                0x00000000000299b4                rpl_neighbor_select_best
                0x0000000000029a60                rpl_neighbor_init
 .text          0x0000000000029a7f      0xa19 obj_cooja/mtype297.a(rpl-timers.o)
                0x0000000000029a7f                rpl_timers_schedule_periodic_dis
                0x0000000000029bcd                rpl_timers_dio_reset
                0x0000000000029cbe                rpl_timers_schedule_unicast_dio
                0x0000000000029e44                rpl_timers_schedule_dao
                0x0000000000029f7e                rpl_timers_schedule_dao_ack
                0x000000000002a004                get_probing_delay
                0x000000000002a038                get_probing_target
                0x000000000002a222                rpl_schedule_probing
                0x000000000002a250                rpl_schedule_probing_now
                0x000000000002a2ba                rpl_timers_unschedule_leaving
                0x000000000002a2f2                rpl_timers_schedule_leaving
                0x000000000002a333                rpl_timers_init
                0x000000000002a3c3                rpl_timers_stop_dag_timers
                0x000000000002a43c                rpl_timers_unschedule_state_update
                0x000000000002a460                rpl_timers_schedule_state_update
 .text          0x000000000002a498     0x102c obj_cooja/mtype297.a(rpl-ext-header.)
                0x000000000002a498                rpl_ext_header_srh_get_next_hop
                0x000000000002a614                rpl_ext_header_srh_update
                0x000000000002ad0d                rpl_ext_header_hbh_update
                0x000000000002b262                rpl_ext_header_update
                0x000000000002b2eb                rpl_ext_header_remove
 .text          0x000000000002b4c4      0x31b obj_cooja/mtype297.a(rpl-mrhof.o)
 .text          0x000000000002b7df        0x0 /usr/lib/gcc/i686-linux-gnu/5/crtendS.o
 .text          0x000000000002b7df        0x0 /usr/lib/gcc/i686-linux-gnu/5/../../../i386-linux-gnu/crtn.o
 *(.gnu.warning)

.fini           0x000000000002b7e0       0x14
 *(SORT(.fini))
 .fini          0x000000000002b7e0        0xf /usr/lib/gcc/i686-linux-gnu/5/../../../i386-linux-gnu/crti.o
                0x000000000002b7e0                _fini
 .fini          0x000000000002b7ef        0x5 /usr/lib/gcc/i686-linux-gnu/5/../../../i386-linux-gnu/crtn.o
                [!provide]                        PROVIDE (__etext, .)
                [!provide]                        PROVIDE (_etext, .)
                [!provide]                        PROVIDE (etext, .)

.rodata         0x000000000002b800      0xc60
 *(.rodata .rodata.* .gnu.linkonce.r.*)
 .rodata        0x000000000002b800      0x4d7 udp-client.o
                0x000000000002b824                autostart_processes
 *fill*         0x000000000002bcd7        0x1 
 .rodata        0x000000000002bcd8        0x8 obj_cooja/mtype297.a(beep.o)
                0x000000000002bcd8                beep_interface
 .rodata        0x000000000002bce0       0x20 obj_cooja/mtype297.a(button-sensor.o)
                0x000000000002bce0                button_interface
                0x000000000002bcf0                button_sensor
 .rodata        0x000000000002bd00        0x8 obj_cooja/mtype297.a(leds-arch.o)
                0x000000000002bd00                leds_interface
 .rodata        0x000000000002bd08        0x8 obj_cooja/mtype297.a(moteid.o)
                0x000000000002bd08                moteid_interface
 .rodata        0x000000000002bd10       0x1c obj_cooja/mtype297.a(pir-sensor.o)
                0x000000000002bd10                pir_interface
                0x000000000002bd1c                pir_sensor
 .rodata        0x000000000002bd2c        0xe obj_cooja/mtype297.a(rs232.o)
                0x000000000002bd2c                rs232_interface
 *fill*         0x000000000002bd3a        0x2 
 .rodata        0x000000000002bd3c       0x24 obj_cooja/mtype297.a(vib-sensor.o)
                0x000000000002bd3c                vib_interface
                0x000000000002bd50                vib_sensor
 .rodata        0x000000000002bd60        0x8 obj_cooja/mtype297.a(clock.o)
                0x000000000002bd60                clock_interface
 .rodata        0x000000000002bd68        0x8 obj_cooja/mtype297.a(cooja-log.o)
                0x000000000002bd68                simlog_interface
 .rodata        0x000000000002bd70       0x2f obj_cooja/mtype297.a(cfs-cooja.o)
                0x000000000002bd70                cfs_interface
 *fill*         0x000000000002bd9f        0x1 
 .rodata        0x000000000002bda0       0x58 obj_cooja/mtype297.a(cooja-radio.o)
                0x000000000002bda0                radio_interface
                0x000000000002bdc0                cooja_radio_driver
 .rodata        0x000000000002bdf8        0x8 obj_cooja/mtype297.a(eeprom.o)
                0x000000000002bdf8                eeprom_interface
 .rodata        0x000000000002be00        0x8 obj_cooja/mtype297.a(sensors.o)
 .rodata        0x000000000002be08       0x14 obj_cooja/mtype297.a(mqtt.o)
 .rodata        0x000000000002be1c       0xf8 obj_cooja/mtype297.a(contiki-main.o)
 .rodata        0x000000000002bf14        0xf obj_cooja/mtype297.a(ctimer.o)
 .rodata        0x000000000002bf23        0xc obj_cooja/mtype297.a(etimer.o)
 *fill*         0x000000000002bf2f        0x1 
 .rodata        0x000000000002bf30       0xc0 obj_cooja/mtype297.a(log.o)
 .rodata        0x000000000002bff0        0xe obj_cooja/mtype297.a(serial-line.o)
 *fill*         0x000000000002bffe        0x2 
 .rodata        0x000000000002c000        0x8 obj_cooja/mtype297.a(linkaddr.o)
                0x000000000002c000                linkaddr_null
 .rodata        0x000000000002c008       0x20 obj_cooja/mtype297.a(csma.o)
                0x000000000002c010                csma_driver
 .rodata        0x000000000002c028       0x13 obj_cooja/mtype297.a(tcp-socket.o)
 .rodata        0x000000000002c03b        0xd obj_cooja/mtype297.a(tcpip.o)
 .rodata        0x000000000002c048       0x4d obj_cooja/mtype297.a(uip-ds6-route.o)
 *fill*         0x000000000002c095        0x3 
 .rodata        0x000000000002c098      0x13c obj_cooja/mtype297.a(uip6.o)
 .rodata        0x000000000002c1d4       0x13 obj_cooja/mtype297.a(simple-udp.o)
 *fill*         0x000000000002c1e7        0x1 
 .rodata        0x000000000002c1e8       0x30 obj_cooja/mtype297.a(sicslowpan.o)
                0x000000000002c1e8                unc_llconf
                0x000000000002c1ec                unc_ctxconf
                0x000000000002c1f0                unc_mxconf
                0x000000000002c1f4                llprefix
                0x000000000002c208                sicslowpan_driver
 .rodata        0x000000000002c218       0x2d obj_cooja/mtype297.a(uiplib.o)
 *fill*         0x000000000002c245       0x1b 
 .rodata        0x000000000002c260       0x70 obj_cooja/mtype297.a(rpl.o)
                0x000000000002c280                rpl_lite_driver
 .rodata        0x000000000002c2d0       0xdb obj_cooja/mtype297.a(rpl-dag.o)
 *fill*         0x000000000002c3ab        0x1 
 .rodata        0x000000000002c3ac        0xc obj_cooja/mtype297.a(framer-802154.o)
                0x000000000002c3ac                framer_802154
 .rodata        0x000000000002c3b8       0x44 obj_cooja/mtype297.a(uip-sr.o)
 .rodata        0x000000000002c3fc       0x58 obj_cooja/mtype297.a(rpl-neighbor.o)
 .rodata        0x000000000002c454        0xc obj_cooja/mtype297.a(rpl-timers.o)

.rodata1
 *(.rodata1)

.eh_frame_hdr   0x000000000002c460     0x16ac
 *(.eh_frame_hdr)
 .eh_frame_hdr  0x000000000002c460     0x16ac udp-client.o
                0x000000000002c460                __GNU_EH_FRAME_HDR
 *(.eh_frame_entry .eh_frame_entry.*)

.eh_frame       0x000000000002db0c     0x5bec
 *(.eh_frame)
 .eh_frame      0x000000000002db0c       0x3c /usr/lib/gcc/i686-linux-gnu/5/../../../i386-linux-gnu/crti.o
                                         0x40 (size before relaxing)
 .eh_frame      0x000000000002db48      0x228 udp-client.o
                                        0x240 (size before relaxing)
 .eh_frame      0x000000000002dd70      0x178 obj_cooja/mtype297.o
                                        0x190 (size before relaxing)
 .eh_frame      0x000000000002dee8       0x40 obj_cooja/mtype297.a(simEnvChange.o)
                                         0x58 (size before relaxing)
 .eh_frame      0x000000000002df28       0x60 obj_cooja/mtype297.a(cooja_mt.o)
                                         0x78 (size before relaxing)
 .eh_frame      0x000000000002df88       0x80 obj_cooja/mtype297.a(cooja_mtarch.o)
                                         0x98 (size before relaxing)
 .eh_frame      0x000000000002e008       0xc8 obj_cooja/mtype297.a(rtimer-arch.o)
                                         0xe0 (size before relaxing)
 .eh_frame      0x000000000002e0d0      0x160 obj_cooja/mtype297.a(beep.o)
                                        0x178 (size before relaxing)
 .eh_frame      0x000000000002e230       0xa0 obj_cooja/mtype297.a(button-sensor.o)
                                         0xb8 (size before relaxing)
 .eh_frame      0x000000000002e2d0       0xa0 obj_cooja/mtype297.a(leds-arch.o)
                                         0xb8 (size before relaxing)
 .eh_frame      0x000000000002e370       0x40 obj_cooja/mtype297.a(moteid.o)
                                         0x58 (size before relaxing)
 .eh_frame      0x000000000002e3b0       0xa0 obj_cooja/mtype297.a(pir-sensor.o)
                                         0xb8 (size before relaxing)
 .eh_frame      0x000000000002e450      0x100 obj_cooja/mtype297.a(rs232.o)
                                        0x118 (size before relaxing)
 .eh_frame      0x000000000002e550       0xa0 obj_cooja/mtype297.a(vib-sensor.o)
                                         0xb8 (size before relaxing)
 .eh_frame      0x000000000002e5f0       0xc0 obj_cooja/mtype297.a(clock.o)
                                         0xd8 (size before relaxing)
 .eh_frame      0x000000000002e6b0      0x120 obj_cooja/mtype297.a(cooja-log.o)
                                        0x138 (size before relaxing)
 .eh_frame      0x000000000002e7d0      0x160 obj_cooja/mtype297.a(cfs-cooja.o)
                                        0x178 (size before relaxing)
 .eh_frame      0x000000000002e930      0x340 obj_cooja/mtype297.a(cooja-radio.o)
                                        0x358 (size before relaxing)
 .eh_frame      0x000000000002ec70       0xa0 obj_cooja/mtype297.a(eeprom.o)
                                         0xb8 (size before relaxing)
 .eh_frame      0x000000000002ed10       0x40 obj_cooja/mtype297.a(random.o)
                                         0x58 (size before relaxing)
 .eh_frame      0x000000000002ed50       0xc0 obj_cooja/mtype297.a(sensors.o)
                                         0xd8 (size before relaxing)
 .eh_frame      0x000000000002ee10       0xe0 obj_cooja/mtype297.a(leds.o)
                                         0xf8 (size before relaxing)
 .eh_frame      0x000000000002eef0      0x4a4 obj_cooja/mtype297.a(mqtt.o)
                                        0x4bc (size before relaxing)
 .eh_frame      0x000000000002f394       0x30 obj_cooja/mtype297.a(contiki-main.o)
                                         0x48 (size before relaxing)
 .eh_frame      0x000000000002f3c4       0x40 obj_cooja/mtype297.a(autostart.o)
                                         0x58 (size before relaxing)
 .eh_frame      0x000000000002f404      0x100 obj_cooja/mtype297.a(ctimer.o)
                                        0x118 (size before relaxing)
 .eh_frame      0x000000000002f504       0x60 obj_cooja/mtype297.a(energest.o)
                                         0x78 (size before relaxing)
 .eh_frame      0x000000000002f564      0x1e0 obj_cooja/mtype297.a(etimer.o)
                                        0x1f8 (size before relaxing)
 .eh_frame      0x000000000002f744      0x100 obj_cooja/mtype297.a(log.o)
                                        0x118 (size before relaxing)
 .eh_frame      0x000000000002f844      0x1c4 obj_cooja/mtype297.a(process.o)
                                        0x1dc (size before relaxing)
 .eh_frame      0x000000000002fa08       0x60 obj_cooja/mtype297.a(rtimer.o)
                                         0x78 (size before relaxing)
 .eh_frame      0x000000000002fa68       0x20 obj_cooja/mtype297.a(node-id.o)
                                         0x38 (size before relaxing)
 .eh_frame      0x000000000002fa88       0xa4 obj_cooja/mtype297.a(timer.o)
                                         0xbc (size before relaxing)
 .eh_frame      0x000000000002fb2c       0x60 obj_cooja/mtype297.a(serial-line.o)
                                         0x78 (size before relaxing)
 .eh_frame      0x000000000002fb8c      0x1a0 obj_cooja/mtype297.a(list.o)
                                        0x1b8 (size before relaxing)
 .eh_frame      0x000000000002fd2c       0xa0 obj_cooja/mtype297.a(ringbuf.o)
                                         0xb8 (size before relaxing)
 .eh_frame      0x000000000002fdcc      0x28c obj_cooja/mtype297.a(packetbuf.o)
                                        0x2a4 (size before relaxing)
 .eh_frame      0x0000000000030058       0x80 obj_cooja/mtype297.a(netstack.o)
                                         0x98 (size before relaxing)
 .eh_frame      0x00000000000300d8       0x60 obj_cooja/mtype297.a(linkaddr.o)
                                         0x78 (size before relaxing)
 .eh_frame      0x0000000000030138       0xa0 obj_cooja/mtype297.a(csma.o)
                                         0xb8 (size before relaxing)
 .eh_frame      0x00000000000301d8      0x1d4 obj_cooja/mtype297.a(csma-output.o)
                                        0x1ec (size before relaxing)
 .eh_frame      0x00000000000303ac      0x2e8 obj_cooja/mtype297.a(uip-ds6.o)
                                        0x300 (size before relaxing)
 .eh_frame      0x0000000000030694      0x248 obj_cooja/mtype297.a(tcp-socket.o)
                                        0x260 (size before relaxing)
 .eh_frame      0x00000000000308dc      0x308 obj_cooja/mtype297.a(tcpip.o)
                                        0x320 (size before relaxing)
 .eh_frame      0x0000000000030be4      0x220 obj_cooja/mtype297.a(uip-ds6-route.o)
                                        0x238 (size before relaxing)
 .eh_frame      0x0000000000030e04      0x274 obj_cooja/mtype297.a(uip6.o)
                                        0x28c (size before relaxing)
 .eh_frame      0x0000000000031078      0x1c0 obj_cooja/mtype297.a(uip-ds6-nbr.o)
                                        0x1d8 (size before relaxing)
 .eh_frame      0x0000000000031238       0x84 obj_cooja/mtype297.a(uip-nd6.o)
                                         0x9c (size before relaxing)
 .eh_frame      0x00000000000312bc       0xd4 obj_cooja/mtype297.a(simple-udp.o)
                                         0xec (size before relaxing)
 .eh_frame      0x0000000000031390      0x2f8 obj_cooja/mtype297.a(sicslowpan.o)
                                        0x310 (size before relaxing)
 .eh_frame      0x0000000000031688       0x88 obj_cooja/mtype297.a(uiplib.o)
                                         0xa0 (size before relaxing)
 .eh_frame      0x0000000000031710      0x1e0 obj_cooja/mtype297.a(rpl.o)
                                        0x1f8 (size before relaxing)
 .eh_frame      0x00000000000318f0      0x1c4 obj_cooja/mtype297.a(rpl-icmp6.o)
                                        0x1dc (size before relaxing)
 .eh_frame      0x0000000000031ab4      0x370 obj_cooja/mtype297.a(rpl-dag.o)
                                        0x388 (size before relaxing)
 .eh_frame      0x0000000000031e24       0xa0 obj_cooja/mtype297.a(rpl-dag-root.o)
                                         0xb8 (size before relaxing)
 .eh_frame      0x0000000000031ec4       0xa0 obj_cooja/mtype297.a(watchdog.o)
                                         0xb8 (size before relaxing)
 .eh_frame      0x0000000000031f64       0xc4 obj_cooja/mtype297.a(stimer.o)
                                         0xdc (size before relaxing)
 .eh_frame      0x0000000000032028       0xa0 obj_cooja/mtype297.a(memb.o)
                                         0xb8 (size before relaxing)
 .eh_frame      0x00000000000320c8      0x1a0 obj_cooja/mtype297.a(queuebuf.o)
                                        0x1b8 (size before relaxing)
 .eh_frame      0x0000000000032268      0x2ac obj_cooja/mtype297.a(nbr-table.o)
                                        0x2c4 (size before relaxing)
 .eh_frame      0x0000000000032514      0x100 obj_cooja/mtype297.a(link-stats.o)
                                        0x118 (size before relaxing)
 .eh_frame      0x0000000000032614       0x48 obj_cooja/mtype297.a(mac-sequence.o)
                                         0x60 (size before relaxing)
 .eh_frame      0x000000000003265c       0x20 obj_cooja/mtype297.a(mac.o)
                                         0x38 (size before relaxing)
 .eh_frame      0x000000000003267c       0xa4 obj_cooja/mtype297.a(framer-802154.o)
                                         0xbc (size before relaxing)
 .eh_frame      0x0000000000032720      0x1a4 obj_cooja/mtype297.a(frame802154.o)
                                        0x1bc (size before relaxing)
 .eh_frame      0x00000000000328c4      0x100 obj_cooja/mtype297.a(uipbuf.o)
                                        0x118 (size before relaxing)
 .eh_frame      0x00000000000329c4      0x160 obj_cooja/mtype297.a(uip-icmp6.o)
                                        0x178 (size before relaxing)
 .eh_frame      0x0000000000032b24      0x184 obj_cooja/mtype297.a(uip-sr.o)
                                        0x19c (size before relaxing)
 .eh_frame      0x0000000000032ca8       0xe0 obj_cooja/mtype297.a(uip-packetqueue)
                                         0xf8 (size before relaxing)
 .eh_frame      0x0000000000032d88       0x40 obj_cooja/mtype297.a(uip-udp-packet.)
                                         0x58 (size before relaxing)
 .eh_frame      0x0000000000032dc8       0x80 obj_cooja/mtype297.a(rpl-nbr-policy.)
                                         0x98 (size before relaxing)
 .eh_frame      0x0000000000032e48      0x2d4 obj_cooja/mtype297.a(rpl-neighbor.o)
                                        0x2ec (size before relaxing)
 .eh_frame      0x000000000003311c      0x368 obj_cooja/mtype297.a(rpl-timers.o)
                                        0x380 (size before relaxing)
 .eh_frame      0x0000000000033484      0x128 obj_cooja/mtype297.a(rpl-ext-header.)
                                        0x140 (size before relaxing)
 .eh_frame      0x00000000000335ac      0x148 obj_cooja/mtype297.a(rpl-mrhof.o)
                                        0x160 (size before relaxing)
 .eh_frame      0x00000000000336f4        0x4 /usr/lib/gcc/i686-linux-gnu/5/crtendS.o
 *(.eh_frame.*)

.gcc_except_table
 *(.gcc_except_table .gcc_except_table.*)

.gnu_extab
 *(.gnu_extab*)

.exception_ranges
 *(.exception_ranges .exception_ranges*)
                0x0000000000034f10                . = DATA_SEGMENT_ALIGN (0x1000, 0x1000)

.eh_frame
 *(.eh_frame)
 *(.eh_frame.*)

.gnu_extab
 *(.gnu_extab)

.gcc_except_table
 *(.gcc_except_table .gcc_except_table.*)

.exception_ranges
 *(.exception_ranges .exception_ranges*)

.tdata
 *(.tdata .tdata.* .gnu.linkonce.td.*)

.tbss
 *(.tbss .tbss.* .gnu.linkonce.tb.*)
 *(.tcommon)

.preinit_array
 *(.preinit_array)

.init_array     0x0000000000034f10        0x4
 *(SORT(.init_array.*) SORT(.ctors.*))
 *(.init_array EXCLUDE_FILE(*crtend?.o *crtend.o *crtbegin?.o *crtbegin.o) .ctors)
 .init_array    0x0000000000034f10        0x4 /usr/lib/gcc/i686-linux-gnu/5/crtbeginS.o

.fini_array     0x0000000000034f14        0x4
 *(SORT(.fini_array.*) SORT(.dtors.*))
 *(.fini_array EXCLUDE_FILE(*crtend?.o *crtend.o *crtbegin?.o *crtbegin.o) .dtors)
 .fini_array    0x0000000000034f14        0x4 /usr/lib/gcc/i686-linux-gnu/5/crtbeginS.o

.ctors
 *crtbegin.o(.ctors)
 *crtbegin?.o(.ctors)
 *(EXCLUDE_FILE(*crtend?.o *crtend.o) .ctors)
 *(SORT(.ctors.*))
 *(.ctors)

.dtors
 *crtbegin.o(.dtors)
 *crtbegin?.o(.dtors)
 *(EXCLUDE_FILE(*crtend?.o *crtend.o) .dtors)
 *(SORT(.dtors.*))
 *(.dtors)

.jcr            0x0000000000034f18        0x4
 *(.jcr)
 .jcr           0x0000000000034f18        0x0 /usr/lib/gcc/i686-linux-gnu/5/crtbeginS.o
 .jcr           0x0000000000034f18        0x4 /usr/lib/gcc/i686-linux-gnu/5/crtendS.o

.data.rel.ro
 *(.data.rel.ro.local* .gnu.linkonce.d.rel.ro.local.*)
 *(.data.rel.ro .data.rel.ro.* .gnu.linkonce.d.rel.ro.*)

.dynamic        0x0000000000034f1c       0xd0
 *(.dynamic)
 .dynamic       0x0000000000034f1c       0xd0 /usr/lib/gcc/i686-linux-gnu/5/../../../i386-linux-gnu/crti.o
                0x0000000000034f1c                _DYNAMIC

.got            0x0000000000034fec       0x14
 *(.got)
 .got           0x0000000000034fec       0x14 /usr/lib/gcc/i686-linux-gnu/5/../../../i386-linux-gnu/crti.o
 *(.igot)
                0x0000000000035ff4                . = DATA_SEGMENT_RELRO_END (., (SIZEOF (.got.plt) >= 0xc)?0xc:0x0)

.got.plt        0x0000000000035000        0xc
 *(.got.plt)
 .got.plt       0x0000000000035000        0xc /usr/lib/gcc/i686-linux-gnu/5/../../../i386-linux-gnu/crti.o
                0x0000000000035000                _GLOBAL_OFFSET_TABLE_
 *(.igot.plt)

.data           0x0000000000035020      0x344
 *(.data .data.* .gnu.linkonce.d.*)
 .data          0x0000000000035020        0x0 /usr/lib/gcc/i686-linux-gnu/5/../../../i386-linux-gnu/crti.o
 .data          0x0000000000035020        0x0 /usr/lib/gcc/i686-linux-gnu/5/crtbeginS.o
 .data.rel.local
                0x0000000000035020        0x4 /usr/lib/gcc/i686-linux-gnu/5/crtbeginS.o
                0x0000000000035020                __dso_handle
 .data          0x0000000000035024       0x34 udp-client.o
                0x0000000000035028                udp_client_process
                0x0000000000035038                udp_client_send_root_process
                0x0000000000035048                mqtt_client_process
 *fill*         0x0000000000035058        0x8 
 .data          0x0000000000035060       0x44 obj_cooja/mtype297.o
                0x0000000000035060                simInterfaces
                0x0000000000035094                sensors
 .data          0x00000000000350a4        0x0 obj_cooja/mtype297.a(simEnvChange.o)
 .data          0x00000000000350a4        0x0 obj_cooja/mtype297.a(cooja_mt.o)
 .data          0x00000000000350a4        0x0 obj_cooja/mtype297.a(cooja_mtarch.o)
 .data          0x00000000000350a4        0x0 obj_cooja/mtype297.a(rtimer-arch.o)
 .data          0x00000000000350a4        0x0 obj_cooja/mtype297.a(beep.o)
 .data          0x00000000000350a4        0x0 obj_cooja/mtype297.a(button-sensor.o)
 .data          0x00000000000350a4        0x0 obj_cooja/mtype297.a(leds-arch.o)
 .data          0x00000000000350a4        0x0 obj_cooja/mtype297.a(moteid.o)
 .data          0x00000000000350a4        0x0 obj_cooja/mtype297.a(pir-sensor.o)
 .data          0x00000000000350a4        0x0 obj_cooja/mtype297.a(rs232.o)
 .data          0x00000000000350a4        0x0 obj_cooja/mtype297.a(vib-sensor.o)
 .data          0x00000000000350a4        0x0 obj_cooja/mtype297.a(clock.o)
 .data          0x00000000000350a4        0x0 obj_cooja/mtype297.a(cooja-log.o)
 .data          0x00000000000350a4        0x0 obj_cooja/mtype297.a(cfs-cooja.o)
 .data          0x00000000000350a4       0x2c obj_cooja/mtype297.a(cooja-radio.o)
                0x00000000000350a4                simRadioHWOn
                0x00000000000350a8                simSignalStrength
                0x00000000000350ac                simLastSignalStrength
                0x00000000000350b0                simPower
                0x00000000000350b4                simRadioChannel
                0x00000000000350b8                simLQI
                0x00000000000350c0                cooja_radio_process
 .data          0x00000000000350d0        0x0 obj_cooja/mtype297.a(eeprom.o)
 .data          0x00000000000350d0        0x0 obj_cooja/mtype297.a(random.o)
 .data          0x00000000000350d0       0x10 obj_cooja/mtype297.a(sensors.o)
                0x00000000000350d0                sensors_process
 .data          0x00000000000350e0        0x0 obj_cooja/mtype297.a(leds.o)
 .data          0x00000000000350e0       0x14 obj_cooja/mtype297.a(mqtt.o)
                0x00000000000350e4                mqtt_process
 .data          0x00000000000350f4        0x0 obj_cooja/mtype297.a(contiki-main.o)
 .data          0x00000000000350f4        0x0 obj_cooja/mtype297.a(autostart.o)
 .data          0x00000000000350f4       0x14 obj_cooja/mtype297.a(ctimer.o)
                0x00000000000350f8                ctimer_process
 .data          0x0000000000035108        0x0 obj_cooja/mtype297.a(energest.o)
 .data          0x0000000000035108       0x10 obj_cooja/mtype297.a(etimer.o)
                0x0000000000035108                etimer_process
 *fill*         0x0000000000035118        0x8 
 .data          0x0000000000035120       0xb0 obj_cooja/mtype297.a(log.o)
                0x0000000000035120                curr_log_level_main
                0x0000000000035140                all_modules
 .data          0x00000000000351d0        0x0 obj_cooja/mtype297.a(process.o)
 .data          0x00000000000351d0        0x0 obj_cooja/mtype297.a(rtimer.o)
 .data          0x00000000000351d0        0x0 obj_cooja/mtype297.a(node-id.o)
 .data          0x00000000000351d0        0x0 obj_cooja/mtype297.a(timer.o)
 .data          0x00000000000351d0       0x10 obj_cooja/mtype297.a(serial-line.o)
                0x00000000000351d0                serial_line_process
 .data          0x00000000000351e0        0x0 obj_cooja/mtype297.a(list.o)
 .data          0x00000000000351e0        0x0 obj_cooja/mtype297.a(ringbuf.o)
 .data          0x00000000000351e0        0x4 obj_cooja/mtype297.a(packetbuf.o)
 .data          0x00000000000351e4        0x4 obj_cooja/mtype297.a(netstack.o)
 .data          0x00000000000351e8        0x0 obj_cooja/mtype297.a(linkaddr.o)
 .data          0x00000000000351e8        0x0 obj_cooja/mtype297.a(csma.o)
 .data          0x00000000000351e8       0x28 obj_cooja/mtype297.a(csma-output.o)
 .data          0x0000000000035210        0x0 obj_cooja/mtype297.a(uip-ds6.o)
 .data          0x0000000000035210       0x14 obj_cooja/mtype297.a(tcp-socket.o)
                0x0000000000035214                tcp_socket_process
 .data          0x0000000000035224       0x10 obj_cooja/mtype297.a(tcpip.o)
                0x0000000000035224                tcpip_process
 .data          0x0000000000035234       0x10 obj_cooja/mtype297.a(uip-ds6-route.o)
 .data          0x0000000000035244        0x0 obj_cooja/mtype297.a(uip6.o)
 .data          0x0000000000035244       0x14 obj_cooja/mtype297.a(uip-ds6-nbr.o)
                0x0000000000035254                ds6_neighbors
 .data          0x0000000000035258        0xc obj_cooja/mtype297.a(uip-nd6.o)
 .data          0x0000000000035264       0x10 obj_cooja/mtype297.a(simple-udp.o)
                0x0000000000035264                simple_udp_process
 .data          0x0000000000035274        0x0 obj_cooja/mtype297.a(sicslowpan.o)
 .data          0x0000000000035274        0x0 obj_cooja/mtype297.a(uiplib.o)
 .data          0x0000000000035274        0x0 obj_cooja/mtype297.a(rpl.o)
 .data          0x0000000000035274       0x30 obj_cooja/mtype297.a(rpl-icmp6.o)
 .data          0x00000000000352a4        0x0 obj_cooja/mtype297.a(rpl-dag.o)
 .data          0x00000000000352a4        0x0 obj_cooja/mtype297.a(rpl-dag-root.o)
 .data          0x00000000000352a4        0x0 obj_cooja/mtype297.a(watchdog.o)
 .data          0x00000000000352a4        0x0 obj_cooja/mtype297.a(stimer.o)
 .data          0x00000000000352a4        0x0 obj_cooja/mtype297.a(memb.o)
 .data          0x00000000000352a4       0x18 obj_cooja/mtype297.a(queuebuf.o)
 .data          0x00000000000352bc       0x10 obj_cooja/mtype297.a(nbr-table.o)
 .data          0x00000000000352cc       0x14 obj_cooja/mtype297.a(link-stats.o)
 .data          0x00000000000352e0        0x0 obj_cooja/mtype297.a(mac-sequence.o)
 .data          0x00000000000352e0        0x0 obj_cooja/mtype297.a(mac.o)
 .data          0x00000000000352e0        0x0 obj_cooja/mtype297.a(framer-802154.o)
 .data          0x00000000000352e0        0x2 obj_cooja/mtype297.a(frame802154.o)
 .data          0x00000000000352e2        0x0 obj_cooja/mtype297.a(uipbuf.o)
 *fill*         0x00000000000352e2        0x2 
 .data          0x00000000000352e4       0x20 obj_cooja/mtype297.a(uip-icmp6.o)
 .data          0x0000000000035304       0x10 obj_cooja/mtype297.a(uip-sr.o)
 .data          0x0000000000035314        0xc obj_cooja/mtype297.a(uip-packetqueue)
 .data          0x0000000000035320        0x0 obj_cooja/mtype297.a(uip-udp-packet.)
 .data          0x0000000000035320        0x0 obj_cooja/mtype297.a(rpl-nbr-policy.)
 .data          0x0000000000035320       0x14 obj_cooja/mtype297.a(rpl-neighbor.o)
                0x0000000000035330                rpl_neighbors
 .data          0x0000000000035334        0x0 obj_cooja/mtype297.a(rpl-timers.o)
 .data          0x0000000000035334        0x0 obj_cooja/mtype297.a(rpl-ext-header.)
 *fill*         0x0000000000035334        0xc 
 .data          0x0000000000035340       0x24 obj_cooja/mtype297.a(rpl-mrhof.o)
                0x0000000000035340                rpl_mrhof
 .data          0x0000000000035364        0x0 /usr/lib/gcc/i686-linux-gnu/5/crtendS.o
 .data          0x0000000000035364        0x0 /usr/lib/gcc/i686-linux-gnu/5/../../../i386-linux-gnu/crtn.o

.tm_clone_table
                0x0000000000035364        0x0
 .tm_clone_table
                0x0000000000035364        0x0 /usr/lib/gcc/i686-linux-gnu/5/crtbeginS.o
 .tm_clone_table
                0x0000000000035364        0x0 /usr/lib/gcc/i686-linux-gnu/5/crtendS.o

.data1
 *(.data1)
                0x0000000000035364                _edata = .
                [!provide]                        PROVIDE (edata, .)
                0x0000000000035364                . = .
                0x0000000000035364                __bss_start = .

.bss            0x0000000000035380    0x14c20
 *(.dynbss)
 .dynbss        0x0000000000035380        0x0 /usr/lib/gcc/i686-linux-gnu/5/../../../i386-linux-gnu/crti.o
 *(.bss .bss.* .gnu.linkonce.b.*)
 .bss           0x0000000000035380        0x0 /usr/lib/gcc/i686-linux-gnu/5/../../../i386-linux-gnu/crti.o
 .bss           0x0000000000035380        0x1 /usr/lib/gcc/i686-linux-gnu/5/crtbeginS.o
 *fill*         0x0000000000035381       0x1f 
 .bss           0x00000000000353a0      0xc68 udp-client.o
 *fill*         0x0000000000036008       0x18 
 .bss           0x0000000000036020     0x2030 obj_cooja/mtype297.o
 .bss           0x0000000000038050        0x1 obj_cooja/mtype297.a(simEnvChange.o)
                0x0000000000038050                simDontFallAsleep
 *fill*         0x0000000000038051        0x3 
 .bss           0x0000000000038054        0x4 obj_cooja/mtype297.a(cooja_mt.o)
 .bss           0x0000000000038058        0x4 obj_cooja/mtype297.a(cooja_mtarch.o)
 .bss           0x000000000003805c        0x0 obj_cooja/mtype297.a(rtimer-arch.o)
 .bss           0x000000000003805c        0x0 obj_cooja/mtype297.a(beep.o)
 .bss           0x000000000003805c        0x8 obj_cooja/mtype297.a(button-sensor.o)
 .bss           0x0000000000038064        0x0 obj_cooja/mtype297.a(leds-arch.o)
 .bss           0x0000000000038064        0x0 obj_cooja/mtype297.a(moteid.o)
 .bss           0x0000000000038064        0x1 obj_cooja/mtype297.a(pir-sensor.o)
                0x0000000000038064                simPirValue
 *fill*         0x0000000000038065        0x3 
 .bss           0x0000000000038068        0x4 obj_cooja/mtype297.a(rs232.o)
 .bss           0x000000000003806c        0x1 obj_cooja/mtype297.a(vib-sensor.o)
                0x000000000003806c                simVibValue
 .bss           0x000000000003806d        0x0 obj_cooja/mtype297.a(clock.o)
 *fill*         0x000000000003806d       0x13 
 .bss           0x0000000000038080     0x2020 obj_cooja/mtype297.a(cooja-log.o)
 .bss           0x000000000003a0a0      0xfc0 obj_cooja/mtype297.a(cfs-cooja.o)
                0x000000000003a0a0                simCFSData
                0x000000000003b040                simCFSSize
                0x000000000003b044                simCFSChanged
                0x000000000003b048                simCFSRead
                0x000000000003b04c                simCFSWritten
 .bss           0x000000000003b060       0x24 obj_cooja/mtype297.a(cooja-radio.o)
                0x000000000003b060                simReceiving
                0x000000000003b064                simInSize
                0x000000000003b068                simLastPacketTimestamp
                0x000000000003b070                simOutSize
 .bss           0x000000000003b084        0xc obj_cooja/mtype297.a(eeprom.o)
                0x000000000003b084                simEEPROMChanged
                0x000000000003b088                simEEPROMRead
                0x000000000003b08c                simEEPROMWritten
 .bss           0x000000000003b090        0x0 obj_cooja/mtype297.a(random.o)
 .bss           0x000000000003b090        0xc obj_cooja/mtype297.a(sensors.o)
 .bss           0x000000000003b09c        0x0 obj_cooja/mtype297.a(leds.o)
 .bss           0x000000000003b09c       0x15 obj_cooja/mtype297.a(mqtt.o)
 .bss           0x000000000003b0b1        0x0 obj_cooja/mtype297.a(contiki-main.o)
 .bss           0x000000000003b0b1        0x0 obj_cooja/mtype297.a(autostart.o)
 *fill*         0x000000000003b0b1        0x3 
 .bss           0x000000000003b0b4        0x5 obj_cooja/mtype297.a(ctimer.o)
 .bss           0x000000000003b0b9        0x0 obj_cooja/mtype297.a(energest.o)
 *fill*         0x000000000003b0b9        0x3 
 .bss           0x000000000003b0bc        0x8 obj_cooja/mtype297.a(etimer.o)
 .bss           0x000000000003b0c4       0x28 obj_cooja/mtype297.a(log.o)
                0x000000000003b0c4                curr_log_level_rpl
                0x000000000003b0c8                curr_log_level_tcpip
                0x000000000003b0cc                curr_log_level_ipv6
                0x000000000003b0d0                curr_log_level_6lowpan
                0x000000000003b0d4                curr_log_level_nullnet
                0x000000000003b0d8                curr_log_level_mac
                0x000000000003b0dc                curr_log_level_framer
                0x000000000003b0e0                curr_log_level_6top
                0x000000000003b0e4                curr_log_level_coap
                0x000000000003b0e8                curr_log_level_lwm2m
 *fill*         0x000000000003b0ec       0x14 
 .bss           0x000000000003b100      0x1a1 obj_cooja/mtype297.a(process.o)
                0x000000000003b100                process_list
                0x000000000003b104                process_current
 *fill*         0x000000000003b2a1        0x3 
 .bss           0x000000000003b2a4        0x4 obj_cooja/mtype297.a(rtimer.o)
 .bss           0x000000000003b2a8        0x2 obj_cooja/mtype297.a(node-id.o)
                0x000000000003b2a8                node_id
 .bss           0x000000000003b2aa        0x0 obj_cooja/mtype297.a(timer.o)
 *fill*         0x000000000003b2aa       0x16 
 .bss           0x000000000003b2c0      0x140 obj_cooja/mtype297.a(serial-line.o)
 .bss           0x000000000003b400        0x0 obj_cooja/mtype297.a(list.o)
 .bss           0x000000000003b400        0x0 obj_cooja/mtype297.a(ringbuf.o)
 .bss           0x000000000003b400       0xa0 obj_cooja/mtype297.a(packetbuf.o)
 .bss           0x000000000003b4a0        0x4 obj_cooja/mtype297.a(netstack.o)
 .bss           0x000000000003b4a4        0x0 obj_cooja/mtype297.a(linkaddr.o)
 .bss           0x000000000003b4a4        0x0 obj_cooja/mtype297.a(csma.o)
 *fill*         0x000000000003b4a4       0x1c 
 .bss           0x000000000003b4c0      0x726 obj_cooja/mtype297.a(csma-output.o)
 *fill*         0x000000000003bbe6        0x2 
 .bss           0x000000000003bbe8       0x20 obj_cooja/mtype297.a(uip-ds6.o)
 .bss           0x000000000003bc08        0x5 obj_cooja/mtype297.a(tcp-socket.o)
 *fill*         0x000000000003bc0d       0x13 
 .bss           0x000000000003bc20       0xc4 obj_cooja/mtype297.a(tcpip.o)
 *fill*         0x000000000003bce4       0x1c 
 .bss           0x000000000003bd00       0x60 obj_cooja/mtype297.a(uip-ds6-route.o)
 .bss           0x000000000003bd60        0xc obj_cooja/mtype297.a(uip6.o)
                0x000000000003bd60                uip_ext_bitmap
                0x000000000003bd61                uip_ext_len
                0x000000000003bd62                uip_ext_opt_offset
 *fill*         0x000000000003bd6c       0x14 
 .bss           0x000000000003bd80     0x1c20 obj_cooja/mtype297.a(uip-ds6-nbr.o)
 .bss           0x000000000003d9a0       0x10 obj_cooja/mtype297.a(uip-nd6.o)
 *fill*         0x000000000003d9b0       0x10 
 .bss           0x000000000003d9c0      0x520 obj_cooja/mtype297.a(simple-udp.o)
 .bss           0x000000000003dee0      0x724 obj_cooja/mtype297.a(sicslowpan.o)
 .bss           0x000000000003e604        0x0 obj_cooja/mtype297.a(uiplib.o)
 .bss           0x000000000003e604        0x1 obj_cooja/mtype297.a(rpl.o)
 .bss           0x000000000003e605        0x0 obj_cooja/mtype297.a(rpl-icmp6.o)
 .bss           0x000000000003e605        0x0 obj_cooja/mtype297.a(rpl-dag.o)
 *fill*         0x000000000003e605        0x3 
 .bss           0x000000000003e608       0x11 obj_cooja/mtype297.a(rpl-dag-root.o)
 .bss           0x000000000003e619        0x0 obj_cooja/mtype297.a(watchdog.o)
 .bss           0x000000000003e619        0x0 obj_cooja/mtype297.a(stimer.o)
 .bss           0x000000000003e619        0x0 obj_cooja/mtype297.a(memb.o)
 *fill*         0x000000000003e619        0x7 
 .bss           0x000000000003e620     0x2c80 obj_cooja/mtype297.a(queuebuf.o)
 .bss           0x00000000000412a0     0x1214 obj_cooja/mtype297.a(nbr-table.o)
 *fill*         0x00000000000424b4        0xc 
 .bss           0x00000000000424c0      0xe10 obj_cooja/mtype297.a(link-stats.o)
 *fill*         0x00000000000432d0       0x10 
 .bss           0x00000000000432e0      0x100 obj_cooja/mtype297.a(mac-sequence.o)
 .bss           0x00000000000433e0        0x0 obj_cooja/mtype297.a(mac.o)
 .bss           0x00000000000433e0        0x2 obj_cooja/mtype297.a(framer-802154.o)
 .bss           0x00000000000433e2        0x0 obj_cooja/mtype297.a(frame802154.o)
 *fill*         0x00000000000433e2        0x2 
 .bss           0x00000000000433e4        0xc obj_cooja/mtype297.a(uipbuf.o)
 .bss           0x00000000000433f0       0x18 obj_cooja/mtype297.a(uip-icmp6.o)
 *fill*         0x0000000000043408       0x18 
 .bss           0x0000000000043420     0x1d80 obj_cooja/mtype297.a(uip-sr.o)
 .bss           0x00000000000451a0      0xa78 obj_cooja/mtype297.a(uip-packetqueue)
 .bss           0x0000000000045c18        0x0 obj_cooja/mtype297.a(uip-udp-packet.)
 .bss           0x0000000000045c18        0xe obj_cooja/mtype297.a(rpl-nbr-policy.)
 *fill*         0x0000000000045c26       0x1a 
 .bss           0x0000000000045c40      0x960 obj_cooja/mtype297.a(rpl-neighbor.o)
 .bss           0x00000000000465a0       0x40 obj_cooja/mtype297.a(rpl-timers.o)
 .bss           0x00000000000465e0        0x0 obj_cooja/mtype297.a(rpl-ext-header.)
 .bss           0x00000000000465e0        0x0 obj_cooja/mtype297.a(rpl-mrhof.o)
 .bss           0x00000000000465e0        0x0 /usr/lib/gcc/i686-linux-gnu/5/crtendS.o
 .bss           0x00000000000465e0        0x0 /usr/lib/gcc/i686-linux-gnu/5/../../../i386-linux-gnu/crtn.o
 *(COMMON)
 COMMON         0x00000000000465e0        0x8 obj_cooja/mtype297.o
                0x00000000000465e0                referenceVar
                0x00000000000465e4                sensors_flags
 COMMON         0x00000000000465e8        0xc obj_cooja/mtype297.a(simEnvChange.o)
                0x00000000000465e8                simEtimerPending
                0x00000000000465ec                simProcessRunValue
                0x00000000000465f0                simEtimerNextExpirationTime
 *fill*         0x00000000000465f4        0x4 
 COMMON         0x00000000000465f8       0x18 obj_cooja/mtype297.a(rtimer-arch.o)
                0x00000000000465f8                simRtimerPending
                0x0000000000046600                simRtimerCurrentTicks
                0x0000000000046608                simRtimerNextExpirationTime
 COMMON         0x0000000000046610        0x1 obj_cooja/mtype297.a(beep.o)
                0x0000000000046610                simBeeped
 COMMON         0x0000000000046611        0x3 obj_cooja/mtype297.a(button-sensor.o)
                0x0000000000046611                simButtonIsActive
                0x0000000000046612                simButtonIsDown
                0x0000000000046613                simButtonChanged
 COMMON         0x0000000000046614        0x1 obj_cooja/mtype297.a(leds-arch.o)
                0x0000000000046614                simLedsValue
 *fill*         0x0000000000046615        0x3 
 COMMON         0x0000000000046618        0xc obj_cooja/mtype297.a(moteid.o)
                0x0000000000046618                simRandomSeed
                0x000000000004661c                simMoteIDChanged
                0x0000000000046620                simMoteID
 COMMON         0x0000000000046624        0x2 obj_cooja/mtype297.a(pir-sensor.o)
                0x0000000000046624                simPirIsActive
                0x0000000000046625                simPirChanged
 *fill*         0x0000000000046626       0x1a 
 COMMON         0x0000000000046640      0x820 obj_cooja/mtype297.a(rs232.o)
                0x0000000000046640                simSerialReceivingFlag
                0x0000000000046644                simSerialReceivingLength
                0x0000000000046660                simSerialReceivingData
 COMMON         0x0000000000046e60        0x2 obj_cooja/mtype297.a(vib-sensor.o)
                0x0000000000046e60                simVibChanged
                0x0000000000046e61                simVibIsActive
 *fill*         0x0000000000046e62        0x2 
 COMMON         0x0000000000046e64        0x4 obj_cooja/mtype297.a(clock.o)
                0x0000000000046e64                simCurrentTime
 *fill*         0x0000000000046e68       0x18 
 COMMON         0x0000000000046e80     0x2020 obj_cooja/mtype297.a(cooja-log.o)
                0x0000000000046e80                simLoggedLength
                0x0000000000046e84                simLoggedFlag
                0x0000000000046ea0                simLoggedData
 COMMON         0x0000000000048ea0      0x100 obj_cooja/mtype297.a(cooja-radio.o)
                0x0000000000048ea0                simOutDataBuffer
                0x0000000000048f20                simInDataBuffer
 COMMON         0x0000000000048fa0      0x400 obj_cooja/mtype297.a(eeprom.o)
                0x0000000000048fa0                simEEPROMData
 COMMON         0x00000000000493a0        0x1 obj_cooja/mtype297.a(sensors.o)
                0x00000000000493a0                sensors_event
 COMMON         0x00000000000493a1        0x1 obj_cooja/mtype297.a(mqtt.o)
                0x00000000000493a1                mqtt_update_event
 *fill*         0x00000000000493a2        0x2 
 COMMON         0x00000000000493a4       0x50 obj_cooja/mtype297.a(contiki-main.o)
                0x00000000000493a4                eb_per_time_source
                0x00000000000493b8                unicast_per_neighbor_rpl_storing
                0x00000000000493cc                unicast_per_neighbor_rpl_ns
                0x00000000000493e0                default_common
 COMMON         0x00000000000493f4        0x1 obj_cooja/mtype297.a(serial-line.o)
                0x00000000000493f4                serial_line_event_message
 *fill*         0x00000000000493f5        0x3 
 COMMON         0x00000000000493f8       0x2c obj_cooja/mtype297.a(packetbuf.o)
                0x00000000000493f8                packetbuf_attrs
                0x0000000000049414                packetbuf_addrs
 COMMON         0x0000000000049424        0x8 obj_cooja/mtype297.a(linkaddr.o)
                0x0000000000049424                linkaddr_node_addr
 *fill*         0x000000000004942c       0x14 
 COMMON         0x0000000000049440      0x181 obj_cooja/mtype297.a(uip-ds6.o)
                0x0000000000049440                uip_ds6_prefix_list
                0x00000000000494a0                uip_ds6_timer_periodic
                0x00000000000494b0                uip_ds6_netif_addr_list_offset
                0x00000000000494c0                uip_ds6_if
                0x00000000000495b8                uip_ds6_timer_ra
                0x00000000000495c0                uip_ds6_addr_size
 COMMON         0x00000000000495c1        0x1 obj_cooja/mtype297.a(tcpip.o)
                0x00000000000495c1                tcpip_event
 *fill*         0x00000000000495c2       0x1e 
 COMMON         0x00000000000495e0      0x80c obj_cooja/mtype297.a(uip6.o)
                0x00000000000495e0                uip_slen
                0x00000000000495e4                uip_acc32
                0x0000000000049600                uip_conns
                0x0000000000049780                uip_lladdr
                0x0000000000049788                uip_appdata
                0x000000000004978c                uip_flags
                0x00000000000497a0                uip_aligned_buf
                0x0000000000049ca0                uip_listenports
                0x0000000000049cc8                uip_len
                0x0000000000049ccc                uip_sappdata
                0x0000000000049ce0                uip_udp_conns
                0x0000000000049de0                uip_udp_conn
                0x0000000000049de4                uip_next_hdr
                0x0000000000049de8                uip_conn
 COMMON         0x0000000000049dec       0x10 obj_cooja/mtype297.a(rpl.o)
                0x0000000000049dec                rpl_multicast_addr
 *fill*         0x0000000000049dfc        0x4 
 COMMON         0x0000000000049e00      0x164 obj_cooja/mtype297.a(rpl-dag.o)
                0x0000000000049e00                curr_instance
 *fill*         0x0000000000049f64       0x1c 
 COMMON         0x0000000000049f80       0x20 obj_cooja/mtype297.a(link-stats.o)
                0x0000000000049f80                periodic_timer
                0x0000000000049fa0                . = ALIGN ((. != 0x0)?0x4:0x1)
                0x0000000000049fa0                . = ALIGN (0x4)
                0x0000000000049fa0                . = SEGMENT_START ("ldata-segment", .)
                0x0000000000049fa0                . = ALIGN (0x4)
                0x0000000000049fa0                _end = .
                [!provide]                        PROVIDE (end, .)
                0x0000000000049fa0                . = DATA_SEGMENT_END (.)

.stab
 *(.stab)

.stabstr
 *(.stabstr)

.stab.excl
 *(.stab.excl)

.stab.exclstr
 *(.stab.exclstr)

.stab.index
 *(.stab.index)

.stab.indexstr
 *(.stab.indexstr)

.comment        0x0000000000000000       0x35
 *(.comment)
 .comment       0x0000000000000000       0x35 /usr/lib/gcc/i686-linux-gnu/5/crtbeginS.o
                                         0x36 (size before relaxing)
 .comment       0x0000000000000035       0x36 udp-client.o
 .comment       0x0000000000000035       0x36 obj_cooja/mtype297.o
 .comment       0x0000000000000035       0x36 obj_cooja/mtype297.a(simEnvChange.o)
 .comment       0x0000000000000035       0x36 obj_cooja/mtype297.a(cooja_mt.o)
 .comment       0x0000000000000035       0x36 obj_cooja/mtype297.a(cooja_mtarch.o)
 .comment       0x0000000000000035       0x36 obj_cooja/mtype297.a(rtimer-arch.o)
 .comment       0x0000000000000035       0x36 obj_cooja/mtype297.a(beep.o)
 .comment       0x0000000000000035       0x36 obj_cooja/mtype297.a(button-sensor.o)
 .comment       0x0000000000000035       0x36 obj_cooja/mtype297.a(leds-arch.o)
 .comment       0x0000000000000035       0x36 obj_cooja/mtype297.a(moteid.o)
 .comment       0x0000000000000035       0x36 obj_cooja/mtype297.a(pir-sensor.o)
 .comment       0x0000000000000035       0x36 obj_cooja/mtype297.a(rs232.o)
 .comment       0x0000000000000035       0x36 obj_cooja/mtype297.a(vib-sensor.o)
 .comment       0x0000000000000035       0x36 obj_cooja/mtype297.a(clock.o)
 .comment       0x0000000000000035       0x36 obj_cooja/mtype297.a(cooja-log.o)
 .comment       0x0000000000000035       0x36 obj_cooja/mtype297.a(cfs-cooja.o)
 .comment       0x0000000000000035       0x36 obj_cooja/mtype297.a(cooja-radio.o)
 .comment       0x0000000000000035       0x36 obj_cooja/mtype297.a(eeprom.o)
 .comment       0x0000000000000035       0x36 obj_cooja/mtype297.a(random.o)
 .comment       0x0000000000000035       0x36 obj_cooja/mtype297.a(sensors.o)
 .comment       0x0000000000000035       0x36 obj_cooja/mtype297.a(leds.o)
 .comment       0x0000000000000035       0x36 obj_cooja/mtype297.a(mqtt.o)
 .comment       0x0000000000000035       0x36 obj_cooja/mtype297.a(contiki-main.o)
 .comment       0x0000000000000035       0x36 obj_cooja/mtype297.a(autostart.o)
 .comment       0x0000000000000035       0x36 obj_cooja/mtype297.a(ctimer.o)
 .comment       0x0000000000000035       0x36 obj_cooja/mtype297.a(energest.o)
 .comment       0x0000000000000035       0x36 obj_cooja/mtype297.a(etimer.o)
 .comment       0x0000000000000035       0x36 obj_cooja/mtype297.a(log.o)
 .comment       0x0000000000000035       0x36 obj_cooja/mtype297.a(process.o)
 .comment       0x0000000000000035       0x36 obj_cooja/mtype297.a(rtimer.o)
 .comment       0x0000000000000035       0x36 obj_cooja/mtype297.a(node-id.o)
 .comment       0x0000000000000035       0x36 obj_cooja/mtype297.a(timer.o)
 .comment       0x0000000000000035       0x36 obj_cooja/mtype297.a(serial-line.o)
 .comment       0x0000000000000035       0x36 obj_cooja/mtype297.a(list.o)
 .comment       0x0000000000000035       0x36 obj_cooja/mtype297.a(ringbuf.o)
 .comment       0x0000000000000035       0x36 obj_cooja/mtype297.a(packetbuf.o)
 .comment       0x0000000000000035       0x36 obj_cooja/mtype297.a(netstack.o)
 .comment       0x0000000000000035       0x36 obj_cooja/mtype297.a(linkaddr.o)
 .comment       0x0000000000000035       0x36 obj_cooja/mtype297.a(csma.o)
 .comment       0x0000000000000035       0x36 obj_cooja/mtype297.a(csma-output.o)
 .comment       0x0000000000000035       0x36 obj_cooja/mtype297.a(uip-ds6.o)
 .comment       0x0000000000000035       0x36 obj_cooja/mtype297.a(tcp-socket.o)
 .comment       0x0000000000000035       0x36 obj_cooja/mtype297.a(tcpip.o)
 .comment       0x0000000000000035       0x36 obj_cooja/mtype297.a(uip-ds6-route.o)
 .comment       0x0000000000000035       0x36 obj_cooja/mtype297.a(uip6.o)
 .comment       0x0000000000000035       0x36 obj_cooja/mtype297.a(uip-ds6-nbr.o)
 .comment       0x0000000000000035       0x36 obj_cooja/mtype297.a(uip-nd6.o)
 .comment       0x0000000000000035       0x36 obj_cooja/mtype297.a(simple-udp.o)
 .comment       0x0000000000000035       0x36 obj_cooja/mtype297.a(sicslowpan.o)
 .comment       0x0000000000000035       0x36 obj_cooja/mtype297.a(uiplib.o)
 .comment       0x0000000000000035       0x36 obj_cooja/mtype297.a(rpl.o)
 .comment       0x0000000000000035       0x36 obj_cooja/mtype297.a(rpl-icmp6.o)
 .comment       0x0000000000000035       0x36 obj_cooja/mtype297.a(rpl-dag.o)
 .comment       0x0000000000000035       0x36 obj_cooja/mtype297.a(rpl-dag-root.o)
 .comment       0x0000000000000035       0x36 obj_cooja/mtype297.a(watchdog.o)
 .comment       0x0000000000000035       0x36 obj_cooja/mtype297.a(stimer.o)
 .comment       0x0000000000000035       0x36 obj_cooja/mtype297.a(memb.o)
 .comment       0x0000000000000035       0x36 obj_cooja/mtype297.a(queuebuf.o)
 .comment       0x0000000000000035       0x36 obj_cooja/mtype297.a(nbr-table.o)
 .comment       0x0000000000000035       0x36 obj_cooja/mtype297.a(link-stats.o)
 .comment       0x0000000000000035       0x36 obj_cooja/mtype297.a(mac-sequence.o)
 .comment       0x0000000000000035       0x36 obj_cooja/mtype297.a(mac.o)
 .comment       0x0000000000000035       0x36 obj_cooja/mtype297.a(framer-802154.o)
 .comment       0x0000000000000035       0x36 obj_cooja/mtype297.a(frame802154.o)
 .comment       0x0000000000000035       0x36 obj_cooja/mtype297.a(uipbuf.o)
 .comment       0x0000000000000035       0x36 obj_cooja/mtype297.a(uip-icmp6.o)
 .comment       0x0000000000000035       0x36 obj_cooja/mtype297.a(uip-sr.o)
 .comment       0x0000000000000035       0x36 obj_cooja/mtype297.a(uip-packetqueue)
 .comment       0x0000000000000035       0x36 obj_cooja/mtype297.a(uip-udp-packet.)
 .comment       0x0000000000000035       0x36 obj_cooja/mtype297.a(rpl-nbr-policy.)