Archive member included to satisfy reference by file (symbol)

obj_cooja/mtype239.a(simEnvChange.o)
                              obj_cooja/mtype239.o (simDontFallAsleep)
obj_cooja/mtype239.a(cooja_mt.o)
                              obj_cooja/mtype239.o (cooja_mt_start)
obj_cooja/mtype239.a(cooja_mtarch.o)
                              obj_cooja/mtype239.a(cooja_mt.o) (cooja_mtarch_start)
obj_cooja/mtype239.a(rtimer-arch.o)
                              obj_cooja/mtype239.o (rtimer_arch_check)
obj_cooja/mtype239.a(beep.o)  obj_cooja/mtype239.o (beep_interface)
obj_cooja/mtype239.a(button-sensor.o)
                              obj_cooja/mtype239.o (button_interface)
obj_cooja/mtype239.a(leds-arch.o)
                              obj_cooja/mtype239.o (leds_interface)
obj_cooja/mtype239.a(moteid.o)
                              obj_cooja/mtype239.o (moteid_interface)
obj_cooja/mtype239.a(pir-sensor.o)
                              obj_cooja/mtype239.o (pir_interface)
obj_cooja/mtype239.a(rs232.o)
                              obj_cooja/mtype239.o (rs232_interface)
obj_cooja/mtype239.a(vib-sensor.o)
                              obj_cooja/mtype239.o (vib_interface)
obj_cooja/mtype239.a(clock.o)
                              obj_cooja/mtype239.o (clock_interface)
obj_cooja/mtype239.a(cooja-log.o)
                              obj_cooja/mtype239.o (simlog_interface)
obj_cooja/mtype239.a(cfs-cooja.o)
                              obj_cooja/mtype239.o (cfs_interface)
obj_cooja/mtype239.a(cooja-radio.o)
                              obj_cooja/mtype239.o (radio_interface)
obj_cooja/mtype239.a(eeprom.o)
                              obj_cooja/mtype239.o (eeprom_interface)
obj_cooja/mtype239.a(random.o)
                              obj_cooja/mtype239.a(moteid.o) (random_init)
obj_cooja/mtype239.a(sensors.o)
                              obj_cooja/mtype239.a(button-sensor.o) (sensors_changed)
obj_cooja/mtype239.a(leds.o)  udp-client.o (leds_on)
obj_cooja/mtype239.a(mqtt.o)  udp-client.o (mqtt_disconnect)
obj_cooja/mtype239.a(contiki-main.o)
                              obj_cooja/mtype239.o (main)
obj_cooja/mtype239.a(autostart.o)
                              obj_cooja/mtype239.a(contiki-main.o) (autostart_start)
obj_cooja/mtype239.a(ctimer.o)
                              obj_cooja/mtype239.a(contiki-main.o) (ctimer_init)
obj_cooja/mtype239.a(energest.o)
                              obj_cooja/mtype239.a(contiki-main.o) (energest_init)
obj_cooja/mtype239.a(etimer.o)
                              obj_cooja/mtype239.a(contiki-main.o) (etimer_process)
obj_cooja/mtype239.a(log.o)   obj_cooja/mtype239.a(contiki-main.o) (curr_log_level_main)
obj_cooja/mtype239.a(process.o)
                              udp-client.o (process_current)
obj_cooja/mtype239.a(rtimer.o)
                              obj_cooja/mtype239.a(contiki-main.o) (rtimer_init)
obj_cooja/mtype239.a(node-id.o)
                              udp-client.o (node_id)
obj_cooja/mtype239.a(timer.o)
                              obj_cooja/mtype239.a(button-sensor.o) (timer_set)
obj_cooja/mtype239.a(serial-line.o)
                              obj_cooja/mtype239.a(rs232.o) (serial_line_input_byte)
obj_cooja/mtype239.a(list.o)  obj_cooja/mtype239.a(mqtt.o) (list_init)
obj_cooja/mtype239.a(ringbuf.o)
                              obj_cooja/mtype239.a(serial-line.o) (ringbuf_init)
obj_cooja/mtype239.a(packetbuf.o)
                              obj_cooja/mtype239.a(cooja-radio.o) (packetbuf_clear)
obj_cooja/mtype239.a(netstack.o)
                              obj_cooja/mtype239.a(contiki-main.o) (netstack_init)
obj_cooja/mtype239.a(linkaddr.o)
                              udp-client.o (linkaddr_node_addr)
obj_cooja/mtype239.a(csma.o)  obj_cooja/mtype239.a(cooja-radio.o) (csma_driver)
obj_cooja/mtype239.a(csma-output.o)
                              obj_cooja/mtype239.a(csma.o) (csma_output_packet)
obj_cooja/mtype239.a(uip-ds6.o)
                              obj_cooja/mtype239.a(contiki-main.o) (uip_ds6_get_link_local)
obj_cooja/mtype239.a(tcp-socket.o)
                              obj_cooja/mtype239.a(mqtt.o) (tcp_socket_register)
obj_cooja/mtype239.a(tcpip.o)
                              obj_cooja/mtype239.a(tcp-socket.o) (tcpip_event)
obj_cooja/mtype239.a(uip-ds6-route.o)
                              obj_cooja/mtype239.a(uip-ds6.o) (uip_ds6_route_init)
obj_cooja/mtype239.a(uip6.o)  obj_cooja/mtype239.a(contiki-main.o) (uip_lladdr)
obj_cooja/mtype239.a(uip-ds6-nbr.o)
                              obj_cooja/mtype239.a(uip-ds6.o) (uip_ds6_neighbors_init)
obj_cooja/mtype239.a(uip-nd6.o)
                              obj_cooja/mtype239.a(uip6.o) (uip_nd6_init)
obj_cooja/mtype239.a(simple-udp.o)
                              udp-client.o (simple_udp_sendto)
obj_cooja/mtype239.a(sicslowpan.o)
                              obj_cooja/mtype239.a(contiki-main.o) (sicslowpan_driver)
obj_cooja/mtype239.a(uiplib.o)
[...]
Memory Configuration

Name             Origin             Length             Attributes
*default*        0x0000000000000000 0xffffffffffffffff

Linker script and memory map

LOAD /usr/lib/gcc/i686-linux-gnu/5/../../../i386-linux-gnu/crti.o
LOAD /usr/lib/gcc/i686-linux-gnu/5/crtbeginS.o
LOAD udp-client.o
LOAD obj_cooja/mtype239.o
LOAD obj_cooja/mtype239.a
LOAD /usr/lib/gcc/i686-linux-gnu/5/libgcc.a
LOAD /usr/lib/gcc/i686-linux-gnu/5/libgcc_s.so
LOAD /usr/lib/gcc/i686-linux-gnu/5/../../../i386-linux-gnu/libc.so
START GROUP
LOAD /lib/i386-linux-gnu/libc.so.6
LOAD /usr/lib/i386-linux-gnu/libc_nonshared.a
LOAD /lib/i386-linux-gnu/ld-linux.so.2
END GROUP
LOAD /usr/lib/gcc/i686-linux-gnu/5/libgcc.a
LOAD /usr/lib/gcc/i686-linux-gnu/5/libgcc_s.so
LOAD /usr/lib/gcc/i686-linux-gnu/5/crtendS.o
LOAD /usr/lib/gcc/i686-linux-gnu/5/../../../i386-linux-gnu/crtn.o
                0x0000000000000114                . = (0x0 + SIZEOF_HEADERS)

.note.gnu.build-id
                0x0000000000000114       0x24
 *(.note.gnu.build-id)
 .note.gnu.build-id
                0x0000000000000114       0x24 /usr/lib/gcc/i686-linux-gnu/5/../../../i386-linux-gnu/crti.o

.hash
 *(.hash)

.gnu.hash       0x0000000000000138     0x13e8
 *(.gnu.hash)
 .gnu.hash      0x0000000000000138     0x13e8 /usr/lib/gcc/i686-linux-gnu/5/../../../i386-linux-gnu/crti.o

.dynsym         0x0000000000001520     0x27f0
 *(.dynsym)
 .dynsym        0x0000000000001520     0x27f0 /usr/lib/gcc/i686-linux-gnu/5/../../../i386-linux-gnu/crti.o

.dynstr         0x0000000000003d10     0x2b7d
 *(.dynstr)
 .dynstr        0x0000000000003d10     0x2b7d /usr/lib/gcc/i686-linux-gnu/5/../../../i386-linux-gnu/crti.o

.gnu.version    0x000000000000688e      0x4fe
 *(.gnu.version)
 .gnu.version   0x000000000000688e      0x4fe /usr/lib/gcc/i686-linux-gnu/5/../../../i386-linux-gnu/crti.o

.gnu.version_d  0x0000000000006d8c        0x0
 *(.gnu.version_d)
 .gnu.version_d
                0x0000000000006d8c        0x0 /usr/lib/gcc/i686-linux-gnu/5/../../../i386-linux-gnu/crti.o

.gnu.version_r  0x0000000000006d8c       0x40
 *(.gnu.version_r)
 .gnu.version_r
                0x0000000000006d8c       0x40 /usr/lib/gcc/i686-linux-gnu/5/../../../i386-linux-gnu/crti.o

.rel.dyn        0x0000000000006dcc     0xa668
 *(.rel.init)
 .rel.init      0x0000000000006dcc        0x0 /usr/lib/gcc/i686-linux-gnu/5/../../../i386-linux-gnu/crti.o
 *(.rel.text .rel.text.* .rel.gnu.linkonce.t.*)
 .rel.text      0x0000000000006dcc     0x9d38 /usr/lib/gcc/i686-linux-gnu/5/../../../i386-linux-gnu/crti.o
 *(.rel.fini)
 .rel.fini      0x0000000000010b04        0x0 /usr/lib/gcc/i686-linux-gnu/5/../../../i386-linux-gnu/crti.o
 *(.rel.rodata .rel.rodata.* .rel.gnu.linkonce.r.*)
 .rel.rodata    0x0000000000010b04      0x580 /usr/lib/gcc/i686-linux-gnu/5/../../../i386-linux-gnu/crti.o
 *(.rel.data.rel.ro .rel.data.rel.ro.* .rel.gnu.linkonce.d.rel.ro.*)
 *(.rel.data .rel.data.* .rel.gnu.linkonce.d.*)
 .rel.data.rel.local
                0x0000000000011084        0x8 /usr/lib/gcc/i686-linux-gnu/5/../../../i386-linux-gnu/crti.o
 .rel.data      0x000000000001108c      0x370 /usr/lib/gcc/i686-linux-gnu/5/../../../i386-linux-gnu/crti.o
 *(.rel.tdata .rel.tdata.* .rel.gnu.linkonce.td.*)
 *(.rel.tbss .rel.tbss.* .rel.gnu.linkonce.tb.*)
 *(.rel.ctors)
 *(.rel.dtors)
 *(.rel.got)
 .rel.got       0x00000000000113fc       0x28 /usr/lib/gcc/i686-linux-gnu/5/../../../i386-linux-gnu/crti.o
 *(.rel.bss .rel.bss.* .rel.gnu.linkonce.b.*)
 *(.rel.ifunc)
 .rel.ifunc     0x0000000000011424        0x0 /usr/lib/gcc/i686-linux-gnu/5/../../../i386-linux-gnu/crti.o
 .rel.fini_array
                0x0000000000011424        0x8 /usr/lib/gcc/i686-linux-gnu/5/../../../i386-linux-gnu/crti.o
 .rel.init_array
                0x000000000001142c        0x8 /usr/lib/gcc/i686-linux-gnu/5/../../../i386-linux-gnu/crti.o

.rel.plt        0x0000000000011434        0x0
 *(.rel.plt)
 .rel.plt       0x0000000000011434        0x0 /usr/lib/gcc/i686-linux-gnu/5/../../../i386-linux-gnu/crti.o
 *(.rel.iplt)

.init           0x0000000000011434       0x23
 *(SORT(.init))
 .init          0x0000000000011434       0x1e /usr/lib/gcc/i686-linux-gnu/5/../../../i386-linux-gnu/crti.o
                0x0000000000011434                _init
 .init          0x0000000000011452        0x5 /usr/lib/gcc/i686-linux-gnu/5/../../../i386-linux-gnu/crtn.o

.plt            0x0000000000011460       0x10
 *(.plt)
 .plt           0x0000000000011460       0x10 /usr/lib/gcc/i686-linux-gnu/5/../../../i386-linux-gnu/crti.o
 *(.iplt)

.plt.got        0x0000000000011470       0x10
 *(.plt.got)
 .plt.got       0x0000000000011470       0x10 /usr/lib/gcc/i686-linux-gnu/5/../../../i386-linux-gnu/crti.o

.text           0x0000000000011480    0x1a011
 *(.text.unlikely .text.*_unlikely .text.unlikely.*)
 .text.unlikely
                0x0000000000011480        0x0 /usr/lib/gcc/i686-linux-gnu/5/crtbeginS.o
 *(.text.exit .text.exit.*)
 *(.text.startup .text.startup.*)
 *(.text.hot .text.hot.*)
 *(.text .stub .text.* .gnu.linkonce.t.*)
 .text          0x0000000000011480        0x0 /usr/lib/gcc/i686-linux-gnu/5/../../../i386-linux-gnu/crti.o
 .gnu.linkonce.t.__x86.get_pc_thunk.bx
                0x0000000000011480        0x4 /usr/lib/gcc/i686-linux-gnu/5/../../../i386-linux-gnu/crti.o
                0x0000000000011480                __x86.get_pc_thunk.bx
 *fill*         0x0000000000011484        0xc 
 .text          0x0000000000011490      0x11c /usr/lib/gcc/i686-linux-gnu/5/crtbeginS.o
 .text.__x86.get_pc_thunk.dx
                0x00000000000115ac        0x4 /usr/lib/gcc/i686-linux-gnu/5/crtbeginS.o
                0x00000000000115ac                __x86.get_pc_thunk.dx
 .text          0x00000000000115b0     0x1368 udp-client.o
                0x00000000000115b0                ipaddr_sprintf
 .text          0x0000000000012918      0x271 obj_cooja/mtype239.o
                0x00000000000129aa                platform_init_stage_one
                0x00000000000129b0                platform_init_stage_two
                0x00000000000129be                platform_init_stage_three
                0x00000000000129d1                platform_main_loop
                0x0000000000012a44                Java_org_contikios_cooja_corecomm_Lib3_init
                0x0000000000012a7b                Java_org_contikios_cooja_corecomm_Lib3_getMemory
                0x0000000000012aae                Java_org_contikios_cooja_corecomm_Lib3_setMemory
                0x0000000000012b0e                Java_org_contikios_cooja_corecomm_Lib3_tick
                0x0000000000012b76                Java_org_contikios_cooja_corecomm_Lib3_setReferenceAddress
 .text          0x0000000000012b89       0x65 obj_cooja/mtype239.a(simEnvChange.o)
                0x0000000000012b89                doActionsBeforeTick
                0x0000000000012bbb                doActionsAfterTick
 .text          0x0000000000012bee       0x83 obj_cooja/mtype239.a(cooja_mt.o)
                0x0000000000012bee                cooja_mt_start
                0x0000000000012c18                cooja_mt_exec
                0x0000000000012c4e                cooja_mt_yield
 .text          0x0000000000012c71       0xbe obj_cooja/mtype239.a(cooja_mtarch.o)
                0x0000000000012c71                cooja_mtarch_start
                0x0000000000012ce4                cooja_sw
                0x0000000000012d07                cooja_mtarch_exec
                0x0000000000012d24                cooja_mtarch_yield
 .text          0x0000000000012d2f       0xc5 obj_cooja/mtype239.a(rtimer-arch.o)
                0x0000000000012d2f                rtimer_arch_init
                0x0000000000012d53                rtimer_arch_schedule
                0x0000000000012d83                rtimer_arch_next
                0x0000000000012d93                rtimer_arch_pending
                0x0000000000012d9d                rtimer_arch_check
                0x0000000000012de4                rtimer_arch_now
 .text          0x0000000000012df4       0x81 obj_cooja/mtype239.a(beep.o)
                0x0000000000012df4                beep_alarm
                0x0000000000012e01                beep_beep
                0x0000000000012e0e                beep
                0x0000000000012e1b                beep_down
                0x0000000000012e28                beep_on
                0x0000000000012e35                beep_off
                0x0000000000012e42                beep_spinup
                0x0000000000012e4f                beep_quick
                0x0000000000012e5c                beep_long
 .text          0x0000000000012e75      0x10d obj_cooja/mtype239.a(button-sensor.o)
 .text          0x0000000000012f82       0x49 obj_cooja/mtype239.a(leds-arch.o)
                0x0000000000012f82                leds_arch_init
                0x0000000000012f8f                leds_arch_get
                0x0000000000012f9b                leds_arch_set
 .text          0x0000000000012fcb       0x35 obj_cooja/mtype239.a(moteid.o)
 .text          0x0000000000013000       0xb7 obj_cooja/mtype239.a(pir-sensor.o)
 .text          0x00000000000130b7      0x148 obj_cooja/mtype239.a(rs232.o)
                0x00000000000130b7                rs232_init
                0x00000000000130bd                rs232_set_speed
                0x00000000000130cc                rs232_set_input
                0x00000000000130da                rs232_send
                0x00000000000130fe                rs232_print
                0x000000000001311a                slip_arch_writeb
 .text          0x00000000000131ff       0xb7 obj_cooja/mtype239.a(vib-sensor.o)
 .text          0x00000000000132b6       0x38 obj_cooja/mtype239.a(clock.o)
                0x00000000000132b6                clock_init
                0x00000000000132bc                clock_time
                0x00000000000132c6                clock_seconds
                0x00000000000132dc                clock_delay
 .text          0x00000000000132ee      0x219 obj_cooja/mtype239.a(cooja-log.o)
                0x00000000000132ee                simlog_char
                0x0000000000013331                simlog
                0x00000000000133a7                log_message
                0x00000000000133d8                log_set_putchar_with_slip
                0x00000000000133e6                log_putchar
                0x0000000000013461                log_puts
                0x0000000000013489                log_printf
 .text          0x0000000000013507      0x2b9 obj_cooja/mtype239.a(cfs-cooja.o)
                0x0000000000013507                cfs_open
                0x0000000000013570                cfs_close
                0x000000000001357d                cfs_read
                0x0000000000013612                cfs_write
                0x00000000000136ee                cfs_seek
                0x0000000000013776                cfs_remove
                0x000000000001379a                cfs_opendir
                0x00000000000137a4                cfs_readdir
                0x00000000000137ae                cfs_closedir
 .text          0x00000000000137c0      0x605 obj_cooja/mtype239.a(cooja-radio.o)
                0x0000000000013802                radio_set_channel
                0x0000000000013810                radio_set_txpower
                0x0000000000013828                radio_signal_strength_last
                0x0000000000013832                radio_signal_strength_current
                0x000000000001383c                radio_LQI
 .text          0x0000000000013dc5       0xee obj_cooja/mtype239.a(eeprom.o)
                0x0000000000013dc5                eeprom_init
                0x0000000000013dcb                eeprom_read
                0x0000000000013e39                eeprom_write
 .text          0x0000000000013eb3       0x2d obj_cooja/mtype239.a(random.o)
                0x0000000000013eb3                random_init
                0x0000000000013ed3                random_rand
 .text          0x0000000000013ee0      0x29c obj_cooja/mtype239.a(sensors.o)
                0x0000000000013f1b                sensors_first
                0x0000000000013f25                sensors_next
                0x0000000000013f3f                sensors_changed
                0x0000000000013f73                sensors_find
 .text          0x000000000001417c       0xf6 obj_cooja/mtype239.a(leds.o)
                0x000000000001417c                leds_init
                0x000000000001418a                leds_blink
                0x00000000000141cd                leds_get
                0x00000000000141da                leds_set
                0x00000000000141f9                leds_on
                0x000000000001421f                leds_off
                0x000000000001424c                leds_toggle
 .text          0x0000000000014272     0x3779 obj_cooja/mtype239.a(mqtt.o)
                0x0000000000017415                mqtt_init
                0x00000000000174d3                mqtt_register
                0x0000000000017570                mqtt_connect
                0x0000000000017682                mqtt_disconnect
                0x00000000000176c0                mqtt_subscribe
                0x000000000001777d                mqtt_unsubscribe
                0x000000000001782b                mqtt_publish
                0x000000000001790c                mqtt_set_username_password
                0x0000000000017997                mqtt_set_last_will
 .text          0x00000000000179eb      0x328 obj_cooja/mtype239.a(contiki-main.o)
                0x00000000000179eb                main
 .text          0x0000000000017d13       0x92 obj_cooja/mtype239.a(autostart.o)
                0x0000000000017d13                autostart_start
                0x0000000000017d5d                autostart_exit
 .text          0x0000000000017da5      0x355 obj_cooja/mtype239.a(ctimer.o)
                0x0000000000017ecd                ctimer_init
                0x0000000000017f00                ctimer_set
                0x0000000000017f26                ctimer_set_with_process
                0x0000000000017fa3                ctimer_reset
                0x0000000000017ff7                ctimer_restart
                0x000000000001804b                ctimer_stop
                0x000000000001809b                ctimer_expired
 .text          0x00000000000180fa       0x1b obj_cooja/mtype239.a(energest.o)
                0x00000000000180fa                energest_init
                0x0000000000018100                energest_flush
                0x0000000000018106                energest_get_total_time
 .text          0x0000000000018115      0x43f obj_cooja/mtype239.a(etimer.o)
                0x0000000000018339                etimer_request_poll
                0x00000000000183c2                etimer_set
                0x00000000000183eb                etimer_reset_with_new_interval
                0x000000000001841a                etimer_reset
                0x0000000000018440                etimer_restart
                0x0000000000018466                etimer_adjust
                0x0000000000018483                etimer_expired
                0x0000000000018496                etimer_expiration_time
                0x00000000000184a8                etimer_start_time
                0x00000000000184b2                etimer_pending
                0x00000000000184c4                etimer_next_expiration_time
                0x00000000000184de                etimer_stop
 .text          0x0000000000018554      0x394 obj_cooja/mtype239.a(log.o)
                0x0000000000018554                log_6addr
                0x00000000000185a7                log_6addr_compact_snprint
                0x0000000000018645                log_6addr_compact
                0x0000000000018698                log_lladdr
                0x000000000001870a                log_lladdr_compact
                0x0000000000018772                log_set_level
                0x000000000001882d                log_get_level
                0x00000000000188a6                log_level_to_str
 .text          0x00000000000188e8      0x4fb obj_cooja/mtype239.a(process.o)
                0x00000000000188e8                process_alloc_event
                0x00000000000188fd                process_start
                0x0000000000018ad7                process_exit
                0x0000000000018af4                process_init
                0x0000000000018c89                process_run
                0x0000000000018cbc                process_nevents
                0x0000000000018cd7                process_post
                0x0000000000018d6a                process_post_synch
                0x0000000000018d9f                process_poll
                0x0000000000018dcf                process_is_running
 .text          0x0000000000018de3       0xeb obj_cooja/mtype239.a(rtimer.o)
                0x0000000000018de3                rtimer_init
                0x0000000000018df1                rtimer_set
                0x0000000000018e6c                rtimer_run_next
 .text          0x0000000000018ece       0x25 obj_cooja/mtype239.a(node-id.o)
                0x0000000000018ece                node_id_init
 .text          0x0000000000018ef3       0x9c obj_cooja/mtype239.a(timer.o)
                0x0000000000018ef3                timer_set
                0x0000000000018f11                timer_reset
                0x0000000000018f29                timer_restart
                0x0000000000018f3e                timer_expired
                0x0000000000018f6b                timer_remaining
 .text          0x0000000000018f8f      0x1eb obj_cooja/mtype239.a(serial-line.o)
                0x0000000000018f8f                serial_line_input_byte
                0x0000000000019145                serial_line_init
 .text          0x000000000001917a      0x28f obj_cooja/mtype239.a(list.o)
                0x000000000001917a                list_init
                0x0000000000019189                list_head
                0x0000000000019193                list_copy
                0x00000000000191a3                list_tail
                0x00000000000191d9                list_add
                0x0000000000019225                list_push
                0x0000000000019251                list_chop
                0x00000000000192bb                list_pop
                0x00000000000192e3                list_remove
                0x000000000001934b                list_length
                0x0000000000019379                list_insert
                0x00000000000193be                list_item_next
                0x00000000000193d5                list_contains
 .text          0x0000000000019409      0x156 obj_cooja/mtype239.a(ringbuf.o)
                0x0000000000019409                ringbuf_init
                0x000000000001943b                ringbuf_put
                0x00000000000194b9                ringbuf_get
                0x0000000000019526                ringbuf_size
                0x0000000000019538                ringbuf_elements
 .text          0x000000000001955f      0x407 obj_cooja/mtype239.a(packetbuf.o)
                0x000000000001955f                packetbuf_clear
                0x000000000001958a                packetbuf_copyfrom
                0x00000000000195d9                packetbuf_copyto
                0x000000000001966c                packetbuf_hdralloc
                0x00000000000196e8                packetbuf_hdrreduce
                0x000000000001972e                packetbuf_set_datalen
                0x0000000000019748                packetbuf_dataptr
                0x0000000000019765                packetbuf_hdrptr
                0x000000000001976f                packetbuf_datalen
                0x000000000001977b                packetbuf_hdrlen
                0x0000000000019792                packetbuf_totlen
                0x00000000000197a8                packetbuf_remaininglen
                0x00000000000197bb                packetbuf_attr_clear
                0x0000000000019807                packetbuf_attr_copyto
                0x000000000001985f                packetbuf_attr_copyfrom
                0x00000000000198b7                packetbuf_set_attr
                0x00000000000198e1                packetbuf_attr
                0x00000000000198fb                packetbuf_set_addr
                0x000000000001992c                packetbuf_addr
                0x0000000000019949                packetbuf_holds_broadcast
 .text          0x0000000000019966       0xef obj_cooja/mtype239.a(netstack.o)
                0x0000000000019966                netstack_process_ip_callback
                0x00000000000199f7                netstack_ip_packet_processor_add
                0x0000000000019a1a                uip_ds6_ip_packet_processor_rm
                0x0000000000019a37                netstack_init
 .text          0x0000000000019a55       0x4f obj_cooja/mtype239.a(linkaddr.o)
                0x0000000000019a55                linkaddr_copy
                0x0000000000019a6b                linkaddr_cmp
                0x0000000000019a8e                linkaddr_set_node_addr
 .text          0x0000000000019aa4      0x165 obj_cooja/mtype239.a(csma.o)
 .text          0x0000000000019c09      0x944 obj_cooja/mtype239.a(csma-output.o)
                0x000000000001a282                csma_output_packet
                0x000000000001a50f                csma_output_init
 .text          0x000000000001a54d      0xb25 obj_cooja/mtype239.a(uip-ds6.o)
                0x000000000001a54d                uip_ds6_init
                0x000000000001a6f8                uip_ds6_periodic
                0x000000000001a77f                uip_ds6_list_loop
                0x000000000001a83f                uip_ds6_prefix_add
                0x000000000001a8eb                uip_ds6_prefix_rm
                0x000000000001a8fe                uip_ds6_prefix_lookup
                0x000000000001a93d                uip_ds6_is_addr_onlink
                0x000000000001a9b0                uip_ds6_addr_add
                0x000000000001aad0                uip_ds6_addr_rm
                0x000000000001ab79                uip_ds6_addr_lookup
                0x000000000001abb2                uip_ds6_get_link_local
                0x000000000001ac33                uip_ds6_get_global
                0x000000000001acb4                uip_ds6_maddr_add
                0x000000000001ad14                uip_ds6_maddr_rm
                0x000000000001ad27                uip_ds6_maddr_lookup
                0x000000000001ad60                uip_ds6_aaddr_add
                0x000000000001adc0                uip_ds6_aaddr_rm
                0x000000000001add3                uip_ds6_aaddr_lookup
                0x000000000001ae0c                uip_ds6_select_src
                0x000000000001af55                uip_ds6_set_addr_iid
                0x000000000001af80                uip_ds6_set_lladdr_from_iid
                0x000000000001afa9                get_match_length
                0x000000000001b03a                uip_ds6_compute_reachable_time
 .text          0x000000000001b072      0x9d5 obj_cooja/mtype239.a(tcp-socket.o)
                0x000000000001b6bd                tcp_socket_register
                0x000000000001b74e                tcp_socket_connect
                0x000000000001b7e5                tcp_socket_listen
                0x000000000001b85c                tcp_socket_unlisten
                0x000000000001b8d0                tcp_socket_send
                0x000000000001b970                tcp_socket_send_str
                0x000000000001b998                tcp_socket_close
                0x000000000001b9c1                tcp_socket_unregister
                0x000000000001ba1b                tcp_socket_max_sendlen
                0x000000000001ba38                tcp_socket_queuelen
 .text          0x000000000001ba47      0xa72 obj_cooja/mtype239.a(tcpip.o)
                0x000000000001ba61                tcpip_output
                0x000000000001bb45                tcp_connect
                0x000000000001bb9d                tcp_unlisten
                0x000000000001bbfd                tcp_listen
                0x000000000001bc5b                tcp_attach
                0x000000000001bc73                udp_attach
                0x000000000001bc8b                udp_new
                0x000000000001bcd5                udp_broadcast_new
                0x000000000001bf5a                tcpip_input
                0x000000000001c0fa                tcpip_ipv6_output
                0x000000000001c30e                tcpip_poll_udp
                0x000000000001c32c                tcpip_poll_tcp
                0x000000000001c34a                tcpip_uipcall
 .text          0x000000000001c4b9      0x35b obj_cooja/mtype239.a(uip-ds6-route.o)
                0x000000000001c50a                uip_ds6_route_init
                0x000000000001c534                uip_ds6_route_nexthop
                0x000000000001c53e                uip_ds6_route_head
                0x000000000001c548                uip_ds6_route_next
                0x000000000001c552                uip_ds6_route_is_nexthop
                0x000000000001c55c                uip_ds6_route_num_routes
                0x000000000001c566                uip_ds6_route_lookup
                0x000000000001c570                uip_ds6_route_add
                0x000000000001c583                uip_ds6_route_rm
                0x000000000001c589                uip_ds6_route_rm_by_nexthop
                0x000000000001c58f                uip_ds6_defrt_head
                0x000000000001c5a8                uip_ds6_defrt_add
                0x000000000001c656                uip_ds6_defrt_rm
                0x000000000001c6bc                uip_ds6_defrt_lookup
                0x000000000001c723                uip_ds6_defrt_choose
                0x000000000001c799                uip_ds6_defrt_periodic
 .text          0x000000000001c814     0x2802 obj_cooja/mtype239.a(uip6.o)
                0x000000000001c814                uip_add32
                0x000000000001c9ae                uip_chksum
                0x000000000001ca8f                uip_icmp6chksum
                0x000000000001caa4                uip_tcpchksum
                0x000000000001cab9                uip_udpchksum
                0x000000000001cace                uip_init
                0x000000000001cb59                uip_connect
                0x000000000001cce2                remove_ext_hdr
                0x000000000001cdc7                uip_udp_new
                0x000000000001cee9                uip_unlisten
                0x000000000001cf2b                uip_listen
                0x000000000001d1cc                uip_process
                0x000000000001ef11                uip_htons
                0x000000000001ef33                uip_htonl
                0x000000000001ef71                uip_send
 .text          0x000000000001f016      0x374 obj_cooja/mtype239.a(uip-ds6-nbr.o)
                0x000000000001f016                uip_ds6_neighbors_init
                0x000000000001f03a                uip_ds6_nbr_add
                0x000000000001f0c0                uip_ds6_nbr_rm
                0x000000000001f10b                uip_ds6_nbr_update_ll
                0x000000000001f1f9                uip_ds6_nbr_get_ipaddr
                0x000000000001f20e                uip_ds6_nbr_get_ll
                0x000000000001f22a                uip_ds6_nbr_num
                0x000000000001f273                uip_ds6_nbr_head
                0x000000000001f28c                uip_ds6_nbr_next
                0x000000000001f2a8                uip_ds6_nbr_lookup
                0x000000000001f30b                uip_ds6_nbr_ll_lookup
                0x000000000001f327                uip_ds6_nbr_ipaddr_from_lladdr
                0x000000000001f350                uip_ds6_nbr_lladdr_from_ipaddr
                0x000000000001f384                uip_ds6_link_callback
 .text          0x000000000001f38a      0x6b5 obj_cooja/mtype239.a(uip-nd6.o)
                0x000000000001fa26                uip_nd6_init
 .text          0x000000000001fa3f      0x37a obj_cooja/mtype239.a(simple-udp.o)
                0x000000000001fa6c                simple_udp_send
                0x000000000001facf                simple_udp_sendto
                0x000000000001fb2a                simple_udp_sendto_port
                0x000000000001fb83                simple_udp_register
 .text          0x000000000001fdb9     0x2a78 obj_cooja/mtype239.a(sicslowpan.o)
                0x00000000000202b7                netstack_sniffer_add
                0x00000000000202c5                netstack_sniffer_remove
                0x00000000000227fd                sicslowpan_init
                0x0000000000022827                sicslowpan_get_last_rssi
 .text          0x0000000000022831      0x4d1 obj_cooja/mtype239.a(uiplib.o)
                0x0000000000022831                uiplib_ip6addrconv
                0x00000000000229e9                uiplib_ip4addrconv
                0x0000000000022aac                uiplib_ipaddr_print
                0x0000000000022aff                uiplib_ipaddr_snprint
 .text          0x0000000000022d02      0x4c9 obj_cooja/mtype239.a(rpl.o)
                0x0000000000022d02                rpl_lollipop_greater_than
                0x0000000000022d5c                rpl_get_global_address
                0x0000000000022e54                rpl_link_callback
                0x0000000000022e98                rpl_has_joined
                0x0000000000022ebd                rpl_is_reachable
                0x0000000000022f3e                rpl_reset_prefix
                0x0000000000022fa8                rpl_set_prefix_from_addr
                0x000000000002308d                rpl_set_prefix
                0x00000000000231a7                rpl_set_leaf_only
                0x00000000000231bf                rpl_get_leaf_only
 .text          0x00000000000231cb     0x13cb obj_cooja/mtype239.a(rpl-icmp6.o)
                0x00000000000232f0                rpl_icmp6_update_nbr_table
                0x0000000000023389                rpl_icmp6_dis_output
                0x00000000000239df                rpl_icmp6_dio_output
                0x00000000000241ec                rpl_icmp6_dao_output
                0x00000000000244dd                rpl_icmp6_dao_ack_output
                0x000000000002454d                rpl_icmp6_init
 .text          0x0000000000024596      0xe51 obj_cooja/mtype239.a(rpl-dag.o)
                0x0000000000024596                rpl_dag_state_to_str
                0x00000000000245d5                rpl_dag_get_root_ipaddr
                0x000000000002461d                rpl_dag_leave
                0x00000000000246a6                rpl_dag_poison_and_leave
                0x00000000000246be                rpl_dag_periodic
                0x0000000000024746                rpl_is_addr_in_our_dag
                0x000000000002478a                rpl_get_default_instance
                0x00000000000247a6                rpl_get_any_dag
                0x00000000000247ff                rpl_refresh_routes
                0x000000000002483f                rpl_global_repair
                0x00000000000248cb                rpl_local_repair
                0x0000000000024915                rpl_dag_ready_to_advertise
                0x0000000000024958                rpl_dag_update_state
                0x000000000002507c                rpl_process_dio
                0x00000000000250fd                rpl_process_dis
                0x0000000000025142                rpl_process_dao
                0x00000000000251d1                rpl_process_dao_ack
                0x0000000000025263                rpl_process_hbh
                0x00000000000252b3                rpl_dag_init_root
                0x00000000000253c7                rpl_dag_init
 .text          0x00000000000253e7      0x286 obj_cooja/mtype239.a(rpl-dag-root.o)
                0x00000000000253e7                rpl_dag_root_print_links
                0x0000000000025535                rpl_dag_root_set_prefix
                0x0000000000025561                rpl_dag_root_start
                0x000000000002563e                rpl_dag_root_is_root
 .text          0x000000000002566d       0x1e obj_cooja/mtype239.a(watchdog.o)
                0x000000000002566d                watchdog_init
                0x0000000000025673                watchdog_start
                0x0000000000025679                watchdog_periodic
                0x000000000002567f                watchdog_stop
                0x0000000000025685                watchdog_reboot
 .text          0x000000000002568b       0xb2 obj_cooja/mtype239.a(stimer.o)
                0x000000000002568b                stimer_set
                0x00000000000256a9                stimer_reset
                0x00000000000256c1                stimer_restart
                0x00000000000256d6                stimer_expired
                0x0000000000025701                stimer_remaining
                0x0000000000025725                stimer_elapsed
 .text          0x000000000002573d      0x1b8 obj_cooja/mtype239.a(memb.o)
                0x000000000002573d                memb_init
                0x0000000000025792                memb_alloc
                0x00000000000257f7                memb_free
                0x0000000000025872                memb_inmemb
                0x00000000000258b1                memb_numfree
 .text          0x00000000000258f5      0x2e7 obj_cooja/mtype239.a(queuebuf.o)
                0x00000000000258ff                queuebuf_init
                0x0000000000025928                queuebuf_numfree
                0x0000000000025940                queuebuf_new_from_packetbuf
                0x00000000000259df                queuebuf_update_attr_from_packetbuf
                0x0000000000025a14                queuebuf_update_from_packetbuf
                0x0000000000025a64                queuebuf_free
                0x0000000000025aad                queuebuf_to_packetbuf
                0x0000000000025b19                queuebuf_dataptr
                0x0000000000025b53                queuebuf_datalen
                0x0000000000025b76                queuebuf_addr
                0x0000000000025bab                queuebuf_attr
                0x0000000000025bd6                queuebuf_debug_print
 .text          0x0000000000025bdc      0x78b obj_cooja/mtype239.a(nbr-table.o)
                0x0000000000026055                nbr_table_register
                0x00000000000260c2                nbr_table_is_registered
                0x00000000000260fd                nbr_table_head
                0x0000000000026158                nbr_table_next
                0x00000000000261b9                nbr_table_add_lladdr
                0x0000000000026283                nbr_table_get_from_lladdr
                0x00000000000262cf                nbr_table_remove
                0x0000000000026307                nbr_table_lock
                0x0000000000026321                nbr_table_unlock
                0x000000000002633b                nbr_table_get_lladdr
 .text          0x0000000000026367      0x37c obj_cooja/mtype239.a(link-stats.o)
                0x0000000000026367                link_stats_from_lladdr
                0x0000000000026383                link_stats_is_fresh
                0x00000000000263bf                guess_etx_from_rssi
                0x000000000002643b                link_stats_packet_sent
                0x000000000002654e                link_stats_input_callback
                0x000000000002665e                link_stats_reset
                0x00000000000266ae                link_stats_init
 .text          0x00000000000266e3      0x187 obj_cooja/mtype239.a(mac-sequence.o)
                0x00000000000266e3                mac_sequence_is_duplicate
                0x0000000000026783                mac_sequence_register_seqno
 .text          0x000000000002686a       0x23 obj_cooja/mtype239.a(mac.o)
                0x000000000002686a                mac_call_sent_callback
 .text          0x000000000002688d      0x41d obj_cooja/mtype239.a(framer-802154.o)
                0x0000000000026a1c                framer_802154_setup_params
 .text          0x0000000000026caa      0xb6f obj_cooja/mtype239.a(frame802154.o)
                0x0000000000026cdb                frame802154_get_pan_id
                0x0000000000026ce7                frame802154_set_pan_id
                0x0000000000026d01                frame802154_has_panid
                0x0000000000026eb0                frame802154_check_dest_panid
                0x0000000000026f38                frame802154_is_broadcast_addr
                0x0000000000026f85                frame802154_extract_linkaddr
                0x00000000000271ea                frame802154_hdrlen
                0x000000000002725d                frame802154_create_fcf
                0x0000000000027315                frame802154_create
                0x000000000002748a                frame802154_parse_fcf
                0x000000000002756c                frame802154_parse
 .text          0x0000000000027819      0x1ec obj_cooja/mtype239.a(uipbuf.o)
                0x0000000000027819                uipbuf_get_next_header
                0x0000000000027888                uipbuf_get_last_header
                0x000000000002790f                uipbuf_get_attr
                0x0000000000027936                uipbuf_set_attr
                0x000000000002796d                uipbuf_clear_attr
                0x0000000000027999                uipbuf_set_attr_flag
                0x00000000000279ba                uipbuf_clr_attr_flag
                0x00000000000279e1                uipbuf_is_attr_flag
 .text          0x0000000000027a05      0x96e obj_cooja/mtype239.a(uip-icmp6.o)
                0x0000000000027a7a                uip_icmp6_input
                0x0000000000027ad1                uip_icmp6_register_input_handler
                0x0000000000027cdd                uip_icmp6_error_output
                0x000000000002803c                uip_icmp6_send
                0x00000000000282fb                uip_icmp6_echo_reply_callback_add
                0x000000000002832d                uip_icmp6_echo_reply_callback_rm
                0x000000000002834a                uip_icmp6_init
 .text          0x0000000000028373      0x69b obj_cooja/mtype239.a(uip-sr.o)
                0x0000000000028373                uip_sr_num_nodes
                0x0000000000028401                uip_sr_get_node
                0x0000000000028458                uip_sr_is_addr_reachable
                0x0000000000028506                uip_sr_expire_parent
                0x000000000002854f                uip_sr_update_node
                0x000000000002867f                uip_sr_init
                0x00000000000286b3                uip_sr_node_head
                0x00000000000286cc                uip_sr_node_next
                0x00000000000286e2                uip_sr_periodic
                0x00000000000287e8                uip_sr_free_all
                0x0000000000028858                uip_sr_link_snprint
 .text          0x0000000000028a0e      0x146 obj_cooja/mtype239.a(uip-packetqueue)
                0x0000000000028a3c                uip_packetqueue_new
                0x0000000000028a4b                uip_packetqueue_alloc
                0x0000000000028aa6                uip_packetqueue_free
                0x0000000000028aed                uip_packetqueue_buf
                0x0000000000028b0a                uip_packetqueue_buflen
                0x0000000000028b2b                uip_packetqueue_set_buflen
 .text          0x0000000000028b54      0x128 obj_cooja/mtype239.a(uip-udp-packet.)
                0x0000000000028b54                uip_udp_packet_send
                0x0000000000028baf                uip_udp_packet_sendto
 .text          0x0000000000028c7c      0x1c8 obj_cooja/mtype239.a(rpl-nbr-policy.)
                0x0000000000028e01                rpl_nbr_policy_find_removable
 .text          0x0000000000028e44      0x8ed obj_cooja/mtype239.a(rpl-neighbor.o)
                0x0000000000028ec0                rpl_neighbor_snprint
                0x000000000002916d                rpl_neighbor_print_list
                0x0000000000029222                rpl_neighbor_count
                0x00000000000292c9                rpl_neighbor_get_from_lladdr
                0x00000000000292e5                rpl_neighbor_is_acceptable_parent
                0x0000000000029319                rpl_neighbor_get_link_metric
                0x000000000002934d                rpl_neighbor_rank_via_nbr
                0x0000000000029381                rpl_neighbor_get_lladdr
                0x000000000002939d                rpl_neighbor_get_ipaddr
                0x00000000000293c4                rpl_neighbor_get_link_stats
                0x00000000000293eb                rpl_neighbor_is_fresh
                0x0000000000029412                rpl_neighbor_is_reachable
                0x000000000002945d                rpl_neighbor_is_parent
                0x0000000000029487                rpl_neighbor_set_preferred_parent
                0x0000000000029513                rpl_neighbor_remove_all
                0x0000000000029562                rpl_neighbor_get_from_ipaddr
                0x0000000000029666                rpl_neighbor_select_best
                0x0000000000029712                rpl_neighbor_init
 .text          0x0000000000029731      0xa19 obj_cooja/mtype239.a(rpl-timers.o)
                0x0000000000029731                rpl_timers_schedule_periodic_dis
                0x000000000002987f                rpl_timers_dio_reset
                0x0000000000029970                rpl_timers_schedule_unicast_dio
                0x0000000000029af6                rpl_timers_schedule_dao
                0x0000000000029c30                rpl_timers_schedule_dao_ack
                0x0000000000029cb6                get_probing_delay
                0x0000000000029cea                get_probing_target
                0x0000000000029ed4                rpl_schedule_probing
                0x0000000000029f02                rpl_schedule_probing_now
                0x0000000000029f6c                rpl_timers_unschedule_leaving
                0x0000000000029fa4                rpl_timers_schedule_leaving
                0x0000000000029fe5                rpl_timers_init
                0x000000000002a075                rpl_timers_stop_dag_timers
                0x000000000002a0ee                rpl_timers_unschedule_state_update
                0x000000000002a112                rpl_timers_schedule_state_update
 .text          0x000000000002a14a     0x102c obj_cooja/mtype239.a(rpl-ext-header.)
                0x000000000002a14a                rpl_ext_header_srh_get_next_hop
                0x000000000002a2c6                rpl_ext_header_srh_update
                0x000000000002a9bf                rpl_ext_header_hbh_update
                0x000000000002af14                rpl_ext_header_update
                0x000000000002af9d                rpl_ext_header_remove
 .text          0x000000000002b176      0x31b obj_cooja/mtype239.a(rpl-mrhof.o)
 .text          0x000000000002b491        0x0 /usr/lib/gcc/i686-linux-gnu/5/crtendS.o
 .text          0x000000000002b491        0x0 /usr/lib/gcc/i686-linux-gnu/5/../../../i386-linux-gnu/crtn.o
 *(.gnu.warning)

.fini           0x000000000002b494       0x14
 *(SORT(.fini))
 .fini          0x000000000002b494        0xf /usr/lib/gcc/i686-linux-gnu/5/../../../i386-linux-gnu/crti.o
                0x000000000002b494                _fini
 .fini          0x000000000002b4a3        0x5 /usr/lib/gcc/i686-linux-gnu/5/../../../i386-linux-gnu/crtn.o
                [!provide]                        PROVIDE (__etext, .)
                [!provide]                        PROVIDE (_etext, .)
                [!provide]                        PROVIDE (etext, .)

.rodata         0x000000000002b4c0      0xc20
 *(.rodata .rodata.* .gnu.linkonce.r.*)
 .rodata        0x000000000002b4c0      0x484 udp-client.o
                0x000000000002b4e0                autostart_processes
 .rodata        0x000000000002b944        0x8 obj_cooja/mtype239.a(beep.o)
                0x000000000002b944                beep_interface
 .rodata        0x000000000002b94c       0x20 obj_cooja/mtype239.a(button-sensor.o)
                0x000000000002b94c                button_interface
                0x000000000002b95c                button_sensor
 .rodata        0x000000000002b96c        0x8 obj_cooja/mtype239.a(leds-arch.o)
                0x000000000002b96c                leds_interface
 .rodata        0x000000000002b974        0x8 obj_cooja/mtype239.a(moteid.o)
                0x000000000002b974                moteid_interface
 .rodata        0x000000000002b97c       0x1c obj_cooja/mtype239.a(pir-sensor.o)
                0x000000000002b97c                pir_interface
                0x000000000002b988                pir_sensor
 .rodata        0x000000000002b998        0xe obj_cooja/mtype239.a(rs232.o)
                0x000000000002b998                rs232_interface
 *fill*         0x000000000002b9a6        0x2 
 .rodata        0x000000000002b9a8       0x24 obj_cooja/mtype239.a(vib-sensor.o)
                0x000000000002b9a8                vib_interface
                0x000000000002b9bc                vib_sensor
 .rodata        0x000000000002b9cc        0x8 obj_cooja/mtype239.a(clock.o)
                0x000000000002b9cc                clock_interface
 .rodata        0x000000000002b9d4        0x8 obj_cooja/mtype239.a(cooja-log.o)
                0x000000000002b9d4                simlog_interface
 .rodata        0x000000000002b9dc       0x2f obj_cooja/mtype239.a(cfs-cooja.o)
                0x000000000002b9dc                cfs_interface
 *fill*         0x000000000002ba0b       0x15 
 .rodata        0x000000000002ba20       0x58 obj_cooja/mtype239.a(cooja-radio.o)
                0x000000000002ba20                radio_interface
                0x000000000002ba40                cooja_radio_driver
 .rodata        0x000000000002ba78        0x8 obj_cooja/mtype239.a(eeprom.o)
                0x000000000002ba78                eeprom_interface
 .rodata        0x000000000002ba80        0x8 obj_cooja/mtype239.a(sensors.o)
 .rodata        0x000000000002ba88       0x14 obj_cooja/mtype239.a(mqtt.o)
 .rodata        0x000000000002ba9c       0xf8 obj_cooja/mtype239.a(contiki-main.o)
 .rodata        0x000000000002bb94        0xf obj_cooja/mtype239.a(ctimer.o)
 .rodata        0x000000000002bba3        0xc obj_cooja/mtype239.a(etimer.o)
 *fill*         0x000000000002bbaf        0x1 
 .rodata        0x000000000002bbb0       0xc0 obj_cooja/mtype239.a(log.o)
 .rodata        0x000000000002bc70        0xe obj_cooja/mtype239.a(serial-line.o)
 *fill*         0x000000000002bc7e        0x2 
 .rodata        0x000000000002bc80        0x8 obj_cooja/mtype239.a(linkaddr.o)
                0x000000000002bc80                linkaddr_null
 .rodata        0x000000000002bc88       0x20 obj_cooja/mtype239.a(csma.o)
                0x000000000002bc90                csma_driver
 .rodata        0x000000000002bca8       0x13 obj_cooja/mtype239.a(tcp-socket.o)
 .rodata        0x000000000002bcbb        0xd obj_cooja/mtype239.a(tcpip.o)
 .rodata        0x000000000002bcc8       0x4d obj_cooja/mtype239.a(uip-ds6-route.o)
 *fill*         0x000000000002bd15        0x3 
 .rodata        0x000000000002bd18      0x13c obj_cooja/mtype239.a(uip6.o)
 .rodata        0x000000000002be54       0x13 obj_cooja/mtype239.a(simple-udp.o)
 *fill*         0x000000000002be67        0x1 
 .rodata        0x000000000002be68       0x30 obj_cooja/mtype239.a(sicslowpan.o)
                0x000000000002be68                unc_llconf
                0x000000000002be6c                unc_ctxconf
                0x000000000002be70                unc_mxconf
                0x000000000002be74                llprefix
                0x000000000002be88                sicslowpan_driver
 .rodata        0x000000000002be98       0x2d obj_cooja/mtype239.a(uiplib.o)
 *fill*         0x000000000002bec5       0x1b 
 .rodata        0x000000000002bee0       0x70 obj_cooja/mtype239.a(rpl.o)
                0x000000000002bf00                rpl_lite_driver
 .rodata        0x000000000002bf50       0xdb obj_cooja/mtype239.a(rpl-dag.o)
 *fill*         0x000000000002c02b        0x1 
 .rodata        0x000000000002c02c        0xc obj_cooja/mtype239.a(framer-802154.o)
                0x000000000002c02c                framer_802154
 .rodata        0x000000000002c038       0x44 obj_cooja/mtype239.a(uip-sr.o)
 .rodata        0x000000000002c07c       0x58 obj_cooja/mtype239.a(rpl-neighbor.o)
 .rodata        0x000000000002c0d4        0xc obj_cooja/mtype239.a(rpl-timers.o)

.rodata1
 *(.rodata1)

.eh_frame_hdr   0x000000000002c0e0     0x16a4
 *(.eh_frame_hdr)
 .eh_frame_hdr  0x000000000002c0e0     0x16a4 udp-client.o
                0x000000000002c0e0                __GNU_EH_FRAME_HDR
 *(.eh_frame_entry .eh_frame_entry.*)

.eh_frame       0x000000000002d784     0x5bc4
 *(.eh_frame)
 .eh_frame      0x000000000002d784       0x3c /usr/lib/gcc/i686-linux-gnu/5/../../../i386-linux-gnu/crti.o
                                         0x40 (size before relaxing)
 .eh_frame      0x000000000002d7c0      0x200 udp-client.o
                                        0x218 (size before relaxing)
 .eh_frame      0x000000000002d9c0      0x178 obj_cooja/mtype239.o
                                        0x190 (size before relaxing)
 .eh_frame      0x000000000002db38       0x40 obj_cooja/mtype239.a(simEnvChange.o)
                                         0x58 (size before relaxing)
 .eh_frame      0x000000000002db78       0x60 obj_cooja/mtype239.a(cooja_mt.o)
                                         0x78 (size before relaxing)
 .eh_frame      0x000000000002dbd8       0x80 obj_cooja/mtype239.a(cooja_mtarch.o)
                                         0x98 (size before relaxing)
 .eh_frame      0x000000000002dc58       0xc8 obj_cooja/mtype239.a(rtimer-arch.o)
                                         0xe0 (size before relaxing)
 .eh_frame      0x000000000002dd20      0x160 obj_cooja/mtype239.a(beep.o)
                                        0x178 (size before relaxing)
 .eh_frame      0x000000000002de80       0xa0 obj_cooja/mtype239.a(button-sensor.o)
                                         0xb8 (size before relaxing)
 .eh_frame      0x000000000002df20       0xa0 obj_cooja/mtype239.a(leds-arch.o)
                                         0xb8 (size before relaxing)
 .eh_frame      0x000000000002dfc0       0x40 obj_cooja/mtype239.a(moteid.o)
                                         0x58 (size before relaxing)
 .eh_frame      0x000000000002e000       0xa0 obj_cooja/mtype239.a(pir-sensor.o)
                                         0xb8 (size before relaxing)
 .eh_frame      0x000000000002e0a0      0x100 obj_cooja/mtype239.a(rs232.o)
                                        0x118 (size before relaxing)
 .eh_frame      0x000000000002e1a0       0xa0 obj_cooja/mtype239.a(vib-sensor.o)
                                         0xb8 (size before relaxing)
 .eh_frame      0x000000000002e240       0xc0 obj_cooja/mtype239.a(clock.o)
                                         0xd8 (size before relaxing)
 .eh_frame      0x000000000002e300      0x120 obj_cooja/mtype239.a(cooja-log.o)
                                        0x138 (size before relaxing)
 .eh_frame      0x000000000002e420      0x160 obj_cooja/mtype239.a(cfs-cooja.o)
                                        0x178 (size before relaxing)
 .eh_frame      0x000000000002e580      0x340 obj_cooja/mtype239.a(cooja-radio.o)
                                        0x358 (size before relaxing)
 .eh_frame      0x000000000002e8c0       0xa0 obj_cooja/mtype239.a(eeprom.o)
                                         0xb8 (size before relaxing)
 .eh_frame      0x000000000002e960       0x40 obj_cooja/mtype239.a(random.o)
                                         0x58 (size before relaxing)
 .eh_frame      0x000000000002e9a0       0xc0 obj_cooja/mtype239.a(sensors.o)
                                         0xd8 (size before relaxing)
 .eh_frame      0x000000000002ea60       0xe0 obj_cooja/mtype239.a(leds.o)
                                         0xf8 (size before relaxing)
 .eh_frame      0x000000000002eb40      0x4a4 obj_cooja/mtype239.a(mqtt.o)
                                        0x4bc (size before relaxing)
 .eh_frame      0x000000000002efe4       0x30 obj_cooja/mtype239.a(contiki-main.o)
                                         0x48 (size before relaxing)
 .eh_frame      0x000000000002f014       0x40 obj_cooja/mtype239.a(autostart.o)
                                         0x58 (size before relaxing)
 .eh_frame      0x000000000002f054      0x100 obj_cooja/mtype239.a(ctimer.o)
                                        0x118 (size before relaxing)
 .eh_frame      0x000000000002f154       0x60 obj_cooja/mtype239.a(energest.o)
                                         0x78 (size before relaxing)
 .eh_frame      0x000000000002f1b4      0x1e0 obj_cooja/mtype239.a(etimer.o)
                                        0x1f8 (size before relaxing)
 .eh_frame      0x000000000002f394      0x100 obj_cooja/mtype239.a(log.o)
                                        0x118 (size before relaxing)
 .eh_frame      0x000000000002f494      0x1c4 obj_cooja/mtype239.a(process.o)
                                        0x1dc (size before relaxing)
 .eh_frame      0x000000000002f658       0x60 obj_cooja/mtype239.a(rtimer.o)
                                         0x78 (size before relaxing)
 .eh_frame      0x000000000002f6b8       0x20 obj_cooja/mtype239.a(node-id.o)
                                         0x38 (size before relaxing)
 .eh_frame      0x000000000002f6d8       0xa4 obj_cooja/mtype239.a(timer.o)
                                         0xbc (size before relaxing)
 .eh_frame      0x000000000002f77c       0x60 obj_cooja/mtype239.a(serial-line.o)
                                         0x78 (size before relaxing)
 .eh_frame      0x000000000002f7dc      0x1a0 obj_cooja/mtype239.a(list.o)
                                        0x1b8 (size before relaxing)
 .eh_frame      0x000000000002f97c       0xa0 obj_cooja/mtype239.a(ringbuf.o)
                                         0xb8 (size before relaxing)
 .eh_frame      0x000000000002fa1c      0x28c obj_cooja/mtype239.a(packetbuf.o)
                                        0x2a4 (size before relaxing)
 .eh_frame      0x000000000002fca8       0x80 obj_cooja/mtype239.a(netstack.o)
                                         0x98 (size before relaxing)
 .eh_frame      0x000000000002fd28       0x60 obj_cooja/mtype239.a(linkaddr.o)
                                         0x78 (size before relaxing)
 .eh_frame      0x000000000002fd88       0xa0 obj_cooja/mtype239.a(csma.o)
                                         0xb8 (size before relaxing)
 .eh_frame      0x000000000002fe28      0x1d4 obj_cooja/mtype239.a(csma-output.o)
                                        0x1ec (size before relaxing)
 .eh_frame      0x000000000002fffc      0x2e8 obj_cooja/mtype239.a(uip-ds6.o)
                                        0x300 (size before relaxing)
 .eh_frame      0x00000000000302e4      0x248 obj_cooja/mtype239.a(tcp-socket.o)
                                        0x260 (size before relaxing)
 .eh_frame      0x000000000003052c      0x308 obj_cooja/mtype239.a(tcpip.o)
                                        0x320 (size before relaxing)
 .eh_frame      0x0000000000030834      0x220 obj_cooja/mtype239.a(uip-ds6-route.o)
                                        0x238 (size before relaxing)
 .eh_frame      0x0000000000030a54      0x274 obj_cooja/mtype239.a(uip6.o)
                                        0x28c (size before relaxing)
 .eh_frame      0x0000000000030cc8      0x1c0 obj_cooja/mtype239.a(uip-ds6-nbr.o)
                                        0x1d8 (size before relaxing)
 .eh_frame      0x0000000000030e88       0x84 obj_cooja/mtype239.a(uip-nd6.o)
                                         0x9c (size before relaxing)
 .eh_frame      0x0000000000030f0c       0xd4 obj_cooja/mtype239.a(simple-udp.o)
                                         0xec (size before relaxing)
 .eh_frame      0x0000000000030fe0      0x2f8 obj_cooja/mtype239.a(sicslowpan.o)
                                        0x310 (size before relaxing)
 .eh_frame      0x00000000000312d8       0x88 obj_cooja/mtype239.a(uiplib.o)
                                         0xa0 (size before relaxing)
 .eh_frame      0x0000000000031360      0x1e0 obj_cooja/mtype239.a(rpl.o)
                                        0x1f8 (size before relaxing)
 .eh_frame      0x0000000000031540      0x1c4 obj_cooja/mtype239.a(rpl-icmp6.o)
                                        0x1dc (size before relaxing)
 .eh_frame      0x0000000000031704      0x370 obj_cooja/mtype239.a(rpl-dag.o)
                                        0x388 (size before relaxing)
 .eh_frame      0x0000000000031a74       0xa0 obj_cooja/mtype239.a(rpl-dag-root.o)
                                         0xb8 (size before relaxing)
 .eh_frame      0x0000000000031b14       0xa0 obj_cooja/mtype239.a(watchdog.o)
                                         0xb8 (size before relaxing)
 .eh_frame      0x0000000000031bb4       0xc4 obj_cooja/mtype239.a(stimer.o)
                                         0xdc (size before relaxing)
 .eh_frame      0x0000000000031c78       0xa0 obj_cooja/mtype239.a(memb.o)
                                         0xb8 (size before relaxing)
 .eh_frame      0x0000000000031d18      0x1a0 obj_cooja/mtype239.a(queuebuf.o)
                                        0x1b8 (size before relaxing)
 .eh_frame      0x0000000000031eb8      0x2ac obj_cooja/mtype239.a(nbr-table.o)
                                        0x2c4 (size before relaxing)
 .eh_frame      0x0000000000032164      0x100 obj_cooja/mtype239.a(link-stats.o)
                                        0x118 (size before relaxing)
 .eh_frame      0x0000000000032264       0x48 obj_cooja/mtype239.a(mac-sequence.o)
                                         0x60 (size before relaxing)
 .eh_frame      0x00000000000322ac       0x20 obj_cooja/mtype239.a(mac.o)
                                         0x38 (size before relaxing)
 .eh_frame      0x00000000000322cc       0xa4 obj_cooja/mtype239.a(framer-802154.o)
                                         0xbc (size before relaxing)
 .eh_frame      0x0000000000032370      0x1a4 obj_cooja/mtype239.a(frame802154.o)
                                        0x1bc (size before relaxing)
 .eh_frame      0x0000000000032514      0x100 obj_cooja/mtype239.a(uipbuf.o)
                                        0x118 (size before relaxing)
 .eh_frame      0x0000000000032614      0x160 obj_cooja/mtype239.a(uip-icmp6.o)
                                        0x178 (size before relaxing)
 .eh_frame      0x0000000000032774      0x184 obj_cooja/mtype239.a(uip-sr.o)
                                        0x19c (size before relaxing)
 .eh_frame      0x00000000000328f8       0xe0 obj_cooja/mtype239.a(uip-packetqueue)
                                         0xf8 (size before relaxing)
 .eh_frame      0x00000000000329d8       0x40 obj_cooja/mtype239.a(uip-udp-packet.)
                                         0x58 (size before relaxing)
 .eh_frame      0x0000000000032a18       0x80 obj_cooja/mtype239.a(rpl-nbr-policy.)
                                         0x98 (size before relaxing)
 .eh_frame      0x0000000000032a98      0x2d4 obj_cooja/mtype239.a(rpl-neighbor.o)
                                        0x2ec (size before relaxing)
 .eh_frame      0x0000000000032d6c      0x368 obj_cooja/mtype239.a(rpl-timers.o)
                                        0x380 (size before relaxing)
 .eh_frame      0x00000000000330d4      0x128 obj_cooja/mtype239.a(rpl-ext-header.)
                                        0x140 (size before relaxing)
 .eh_frame      0x00000000000331fc      0x148 obj_cooja/mtype239.a(rpl-mrhof.o)
                                        0x160 (size before relaxing)
 .eh_frame      0x0000000000033344        0x4 /usr/lib/gcc/i686-linux-gnu/5/crtendS.o
 *(.eh_frame.*)

.gcc_except_table
 *(.gcc_except_table .gcc_except_table.*)

.gnu_extab
 *(.gnu_extab*)

.exception_ranges
 *(.exception_ranges .exception_ranges*)
                0x0000000000034f10                . = DATA_SEGMENT_ALIGN (0x1000, 0x1000)

.eh_frame
 *(.eh_frame)
 *(.eh_frame.*)

.gnu_extab
 *(.gnu_extab)

.gcc_except_table
 *(.gcc_except_table .gcc_except_table.*)

.exception_ranges
 *(.exception_ranges .exception_ranges*)

.tdata
 *(.tdata .tdata.* .gnu.linkonce.td.*)

.tbss
 *(.tbss .tbss.* .gnu.linkonce.tb.*)
 *(.tcommon)

.preinit_array
 *(.preinit_array)

.init_array     0x0000000000034f10        0x4
 *(SORT(.init_array.*) SORT(.ctors.*))
 *(.init_array EXCLUDE_FILE(*crtend?.o *crtend.o *crtbegin?.o *crtbegin.o) .ctors)
 .init_array    0x0000000000034f10        0x4 /usr/lib/gcc/i686-linux-gnu/5/crtbeginS.o

.fini_array     0x0000000000034f14        0x4
 *(SORT(.fini_array.*) SORT(.dtors.*))
 *(.fini_array EXCLUDE_FILE(*crtend?.o *crtend.o *crtbegin?.o *crtbegin.o) .dtors)
 .fini_array    0x0000000000034f14        0x4 /usr/lib/gcc/i686-linux-gnu/5/crtbeginS.o

.ctors
 *crtbegin.o(.ctors)
 *crtbegin?.o(.ctors)
 *(EXCLUDE_FILE(*crtend?.o *crtend.o) .ctors)
 *(SORT(.ctors.*))
 *(.ctors)

.dtors
 *crtbegin.o(.dtors)
 *crtbegin?.o(.dtors)
 *(EXCLUDE_FILE(*crtend?.o *crtend.o) .dtors)
 *(SORT(.dtors.*))
 *(.dtors)

.jcr            0x0000000000034f18        0x4
 *(.jcr)
 .jcr           0x0000000000034f18        0x0 /usr/lib/gcc/i686-linux-gnu/5/crtbeginS.o
 .jcr           0x0000000000034f18        0x4 /usr/lib/gcc/i686-linux-gnu/5/crtendS.o

.data.rel.ro
 *(.data.rel.ro.local* .gnu.linkonce.d.rel.ro.local.*)
 *(.data.rel.ro .data.rel.ro.* .gnu.linkonce.d.rel.ro.*)

.dynamic        0x0000000000034f1c       0xd0
 *(.dynamic)
 .dynamic       0x0000000000034f1c       0xd0 /usr/lib/gcc/i686-linux-gnu/5/../../../i386-linux-gnu/crti.o
                0x0000000000034f1c                _DYNAMIC

.got            0x0000000000034fec       0x14
 *(.got)
 .got           0x0000000000034fec       0x14 /usr/lib/gcc/i686-linux-gnu/5/../../../i386-linux-gnu/crti.o
 *(.igot)
                0x0000000000035ff4                . = DATA_SEGMENT_RELRO_END (., (SIZEOF (.got.plt) >= 0xc)?0xc:0x0)

.got.plt        0x0000000000035000        0xc
 *(.got.plt)
 .got.plt       0x0000000000035000        0xc /usr/lib/gcc/i686-linux-gnu/5/../../../i386-linux-gnu/crti.o
                0x0000000000035000                _GLOBAL_OFFSET_TABLE_
 *(.igot.plt)

.data           0x0000000000035020      0x344
 *(.data .data.* .gnu.linkonce.d.*)
 .data          0x0000000000035020        0x0 /usr/lib/gcc/i686-linux-gnu/5/../../../i386-linux-gnu/crti.o
 .data          0x0000000000035020        0x0 /usr/lib/gcc/i686-linux-gnu/5/crtbeginS.o
 .data.rel.local
                0x0000000000035020        0x4 /usr/lib/gcc/i686-linux-gnu/5/crtbeginS.o
                0x0000000000035020                __dso_handle
 .data          0x0000000000035024       0x24 udp-client.o
                0x0000000000035028                udp_client_process
                0x0000000000035038                mqtt_client_process
 *fill*         0x0000000000035048       0x18 
 .data          0x0000000000035060       0x44 obj_cooja/mtype239.o
                0x0000000000035060                simInterfaces
                0x0000000000035094                sensors
 .data          0x00000000000350a4        0x0 obj_cooja/mtype239.a(simEnvChange.o)
 .data          0x00000000000350a4        0x0 obj_cooja/mtype239.a(cooja_mt.o)
 .data          0x00000000000350a4        0x0 obj_cooja/mtype239.a(cooja_mtarch.o)
 .data          0x00000000000350a4        0x0 obj_cooja/mtype239.a(rtimer-arch.o)
 .data          0x00000000000350a4        0x0 obj_cooja/mtype239.a(beep.o)
 .data          0x00000000000350a4        0x0 obj_cooja/mtype239.a(button-sensor.o)
 .data          0x00000000000350a4        0x0 obj_cooja/mtype239.a(leds-arch.o)
 .data          0x00000000000350a4        0x0 obj_cooja/mtype239.a(moteid.o)
 .data          0x00000000000350a4        0x0 obj_cooja/mtype239.a(pir-sensor.o)
 .data          0x00000000000350a4        0x0 obj_cooja/mtype239.a(rs232.o)
 .data          0x00000000000350a4        0x0 obj_cooja/mtype239.a(vib-sensor.o)
 .data          0x00000000000350a4        0x0 obj_cooja/mtype239.a(clock.o)
 .data          0x00000000000350a4        0x0 obj_cooja/mtype239.a(cooja-log.o)
 .data          0x00000000000350a4        0x0 obj_cooja/mtype239.a(cfs-cooja.o)
 .data          0x00000000000350a4       0x2c obj_cooja/mtype239.a(cooja-radio.o)
                0x00000000000350a4                simRadioHWOn
                0x00000000000350a8                simSignalStrength
                0x00000000000350ac                simLastSignalStrength
                0x00000000000350b0                simPower
                0x00000000000350b4                simRadioChannel
                0x00000000000350b8                simLQI
                0x00000000000350c0                cooja_radio_process
 .data          0x00000000000350d0        0x0 obj_cooja/mtype239.a(eeprom.o)
 .data          0x00000000000350d0        0x0 obj_cooja/mtype239.a(random.o)
 .data          0x00000000000350d0       0x10 obj_cooja/mtype239.a(sensors.o)
                0x00000000000350d0                sensors_process
 .data          0x00000000000350e0        0x0 obj_cooja/mtype239.a(leds.o)
 .data          0x00000000000350e0       0x14 obj_cooja/mtype239.a(mqtt.o)
                0x00000000000350e4                mqtt_process
 .data          0x00000000000350f4        0x0 obj_cooja/mtype239.a(contiki-main.o)
 .data          0x00000000000350f4        0x0 obj_cooja/mtype239.a(autostart.o)
 .data          0x00000000000350f4       0x14 obj_cooja/mtype239.a(ctimer.o)
                0x00000000000350f8                ctimer_process
 .data          0x0000000000035108        0x0 obj_cooja/mtype239.a(energest.o)
 .data          0x0000000000035108       0x10 obj_cooja/mtype239.a(etimer.o)
                0x0000000000035108                etimer_process
 *fill*         0x0000000000035118        0x8 
 .data          0x0000000000035120       0xb0 obj_cooja/mtype239.a(log.o)
                0x0000000000035120                curr_log_level_main
                0x0000000000035140                all_modules
 .data          0x00000000000351d0        0x0 obj_cooja/mtype239.a(process.o)
 .data          0x00000000000351d0        0x0 obj_cooja/mtype239.a(rtimer.o)
 .data          0x00000000000351d0        0x0 obj_cooja/mtype239.a(node-id.o)
 .data          0x00000000000351d0        0x0 obj_cooja/mtype239.a(timer.o)
 .data          0x00000000000351d0       0x10 obj_cooja/mtype239.a(serial-line.o)
                0x00000000000351d0                serial_line_process
 .data          0x00000000000351e0        0x0 obj_cooja/mtype239.a(list.o)
 .data          0x00000000000351e0        0x0 obj_cooja/mtype239.a(ringbuf.o)
 .data          0x00000000000351e0        0x4 obj_cooja/mtype239.a(packetbuf.o)
 .data          0x00000000000351e4        0x4 obj_cooja/mtype239.a(netstack.o)
 .data          0x00000000000351e8        0x0 obj_cooja/mtype239.a(linkaddr.o)
 .data          0x00000000000351e8        0x0 obj_cooja/mtype239.a(csma.o)
 .data          0x00000000000351e8       0x28 obj_cooja/mtype239.a(csma-output.o)
 .data          0x0000000000035210        0x0 obj_cooja/mtype239.a(uip-ds6.o)
 .data          0x0000000000035210       0x14 obj_cooja/mtype239.a(tcp-socket.o)
                0x0000000000035214                tcp_socket_process
 .data          0x0000000000035224       0x10 obj_cooja/mtype239.a(tcpip.o)
                0x0000000000035224                tcpip_process
 .data          0x0000000000035234       0x10 obj_cooja/mtype239.a(uip-ds6-route.o)
 .data          0x0000000000035244        0x0 obj_cooja/mtype239.a(uip6.o)
 .data          0x0000000000035244       0x14 obj_cooja/mtype239.a(uip-ds6-nbr.o)
                0x0000000000035254                ds6_neighbors
 .data          0x0000000000035258        0xc obj_cooja/mtype239.a(uip-nd6.o)
 .data          0x0000000000035264       0x10 obj_cooja/mtype239.a(simple-udp.o)
                0x0000000000035264                simple_udp_process
 .data          0x0000000000035274        0x0 obj_cooja/mtype239.a(sicslowpan.o)
 .data          0x0000000000035274        0x0 obj_cooja/mtype239.a(uiplib.o)
 .data          0x0000000000035274        0x0 obj_cooja/mtype239.a(rpl.o)
 .data          0x0000000000035274       0x30 obj_cooja/mtype239.a(rpl-icmp6.o)
 .data          0x00000000000352a4        0x0 obj_cooja/mtype239.a(rpl-dag.o)
 .data          0x00000000000352a4        0x0 obj_cooja/mtype239.a(rpl-dag-root.o)
 .data          0x00000000000352a4        0x0 obj_cooja/mtype239.a(watchdog.o)
 .data          0x00000000000352a4        0x0 obj_cooja/mtype239.a(stimer.o)
 .data          0x00000000000352a4        0x0 obj_cooja/mtype239.a(memb.o)
 .data          0x00000000000352a4       0x18 obj_cooja/mtype239.a(queuebuf.o)
 .data          0x00000000000352bc       0x10 obj_cooja/mtype239.a(nbr-table.o)
 .data          0x00000000000352cc       0x14 obj_cooja/mtype239.a(link-stats.o)
 .data          0x00000000000352e0        0x0 obj_cooja/mtype239.a(mac-sequence.o)
 .data          0x00000000000352e0        0x0 obj_cooja/mtype239.a(mac.o)
 .data          0x00000000000352e0        0x0 obj_cooja/mtype239.a(framer-802154.o)
 .data          0x00000000000352e0        0x2 obj_cooja/mtype239.a(frame802154.o)
 .data          0x00000000000352e2        0x0 obj_cooja/mtype239.a(uipbuf.o)
 *fill*         0x00000000000352e2        0x2 
 .data          0x00000000000352e4       0x20 obj_cooja/mtype239.a(uip-icmp6.o)
 .data          0x0000000000035304       0x10 obj_cooja/mtype239.a(uip-sr.o)
 .data          0x0000000000035314        0xc obj_cooja/mtype239.a(uip-packetqueue)
 .data          0x0000000000035320        0x0 obj_cooja/mtype239.a(uip-udp-packet.)
 .data          0x0000000000035320        0x0 obj_cooja/mtype239.a(rpl-nbr-policy.)
 .data          0x0000000000035320       0x14 obj_cooja/mtype239.a(rpl-neighbor.o)
                0x0000000000035330                rpl_neighbors
 .data          0x0000000000035334        0x0 obj_cooja/mtype239.a(rpl-timers.o)
 .data          0x0000000000035334        0x0 obj_cooja/mtype239.a(rpl-ext-header.)
 *fill*         0x0000000000035334        0xc 
 .data          0x0000000000035340       0x24 obj_cooja/mtype239.a(rpl-mrhof.o)
                0x0000000000035340                rpl_mrhof
 .data          0x0000000000035364        0x0 /usr/lib/gcc/i686-linux-gnu/5/crtendS.o
 .data          0x0000000000035364        0x0 /usr/lib/gcc/i686-linux-gnu/5/../../../i386-linux-gnu/crtn.o

.tm_clone_table
                0x0000000000035364        0x0
 .tm_clone_table
                0x0000000000035364        0x0 /usr/lib/gcc/i686-linux-gnu/5/crtbeginS.o
 .tm_clone_table
                0x0000000000035364        0x0 /usr/lib/gcc/i686-linux-gnu/5/crtendS.o

.data1
 *(.data1)
                0x0000000000035364                _edata = .
                [!provide]                        PROVIDE (edata, .)
                0x0000000000035364                . = .
                0x0000000000035364                __bss_start = .

.bss            0x0000000000035380    0x14de0
 *(.dynbss)
 .dynbss        0x0000000000035380        0x0 /usr/lib/gcc/i686-linux-gnu/5/../../../i386-linux-gnu/crti.o
 *(.bss .bss.* .gnu.linkonce.b.*)
 .bss           0x0000000000035380        0x0 /usr/lib/gcc/i686-linux-gnu/5/../../../i386-linux-gnu/crti.o
 .bss           0x0000000000035380        0x1 /usr/lib/gcc/i686-linux-gnu/5/crtbeginS.o
 *fill*         0x0000000000035381       0x1f 
 .bss           0x00000000000353a0      0xe40 udp-client.o
 .bss           0x00000000000361e0     0x2030 obj_cooja/mtype239.o
 .bss           0x0000000000038210        0x1 obj_cooja/mtype239.a(simEnvChange.o)
                0x0000000000038210                simDontFallAsleep
 *fill*         0x0000000000038211        0x3 
 .bss           0x0000000000038214        0x4 obj_cooja/mtype239.a(cooja_mt.o)
 .bss           0x0000000000038218        0x4 obj_cooja/mtype239.a(cooja_mtarch.o)
 .bss           0x000000000003821c        0x0 obj_cooja/mtype239.a(rtimer-arch.o)
 .bss           0x000000000003821c        0x0 obj_cooja/mtype239.a(beep.o)
 .bss           0x000000000003821c        0x8 obj_cooja/mtype239.a(button-sensor.o)
 .bss           0x0000000000038224        0x0 obj_cooja/mtype239.a(leds-arch.o)
 .bss           0x0000000000038224        0x0 obj_cooja/mtype239.a(moteid.o)
 .bss           0x0000000000038224        0x1 obj_cooja/mtype239.a(pir-sensor.o)
                0x0000000000038224                simPirValue
 *fill*         0x0000000000038225        0x3 
 .bss           0x0000000000038228        0x4 obj_cooja/mtype239.a(rs232.o)
 .bss           0x000000000003822c        0x1 obj_cooja/mtype239.a(vib-sensor.o)
                0x000000000003822c                simVibValue
 .bss           0x000000000003822d        0x0 obj_cooja/mtype239.a(clock.o)
 *fill*         0x000000000003822d       0x13 
 .bss           0x0000000000038240     0x2020 obj_cooja/mtype239.a(cooja-log.o)
 .bss           0x000000000003a260      0xfc0 obj_cooja/mtype239.a(cfs-cooja.o)
                0x000000000003a260                simCFSData
                0x000000000003b200                simCFSSize
                0x000000000003b204                simCFSChanged
                0x000000000003b208                simCFSRead
                0x000000000003b20c                simCFSWritten
 .bss           0x000000000003b220       0x24 obj_cooja/mtype239.a(cooja-radio.o)
                0x000000000003b220                simReceiving
                0x000000000003b224                simInSize
                0x000000000003b228                simLastPacketTimestamp
                0x000000000003b230                simOutSize
 .bss           0x000000000003b244        0xc obj_cooja/mtype239.a(eeprom.o)
                0x000000000003b244                simEEPROMChanged
                0x000000000003b248                simEEPROMRead
                0x000000000003b24c                simEEPROMWritten
 .bss           0x000000000003b250        0x0 obj_cooja/mtype239.a(random.o)
 .bss           0x000000000003b250        0xc obj_cooja/mtype239.a(sensors.o)
 .bss           0x000000000003b25c        0x0 obj_cooja/mtype239.a(leds.o)
 .bss           0x000000000003b25c       0x15 obj_cooja/mtype239.a(mqtt.o)
 .bss           0x000000000003b271        0x0 obj_cooja/mtype239.a(contiki-main.o)
 .bss           0x000000000003b271        0x0 obj_cooja/mtype239.a(autostart.o)
 *fill*         0x000000000003b271        0x3 
 .bss           0x000000000003b274        0x5 obj_cooja/mtype239.a(ctimer.o)
 .bss           0x000000000003b279        0x0 obj_cooja/mtype239.a(energest.o)
 *fill*         0x000000000003b279        0x3 
 .bss           0x000000000003b27c        0x8 obj_cooja/mtype239.a(etimer.o)
 .bss           0x000000000003b284       0x28 obj_cooja/mtype239.a(log.o)
                0x000000000003b284                curr_log_level_rpl
                0x000000000003b288                curr_log_level_tcpip
                0x000000000003b28c                curr_log_level_ipv6
                0x000000000003b290                curr_log_level_6lowpan
                0x000000000003b294                curr_log_level_nullnet
                0x000000000003b298                curr_log_level_mac
                0x000000000003b29c                curr_log_level_framer
                0x000000000003b2a0                curr_log_level_6top
                0x000000000003b2a4                curr_log_level_coap
                0x000000000003b2a8                curr_log_level_lwm2m
 *fill*         0x000000000003b2ac       0x14 
 .bss           0x000000000003b2c0      0x1a1 obj_cooja/mtype239.a(process.o)
                0x000000000003b2c0                process_list
                0x000000000003b2c4                process_current
 *fill*         0x000000000003b461        0x3 
 .bss           0x000000000003b464        0x4 obj_cooja/mtype239.a(rtimer.o)
 .bss           0x000000000003b468        0x2 obj_cooja/mtype239.a(node-id.o)
                0x000000000003b468                node_id
 .bss           0x000000000003b46a        0x0 obj_cooja/mtype239.a(timer.o)
 *fill*         0x000000000003b46a       0x16 
 .bss           0x000000000003b480      0x140 obj_cooja/mtype239.a(serial-line.o)
 .bss           0x000000000003b5c0        0x0 obj_cooja/mtype239.a(list.o)
 .bss           0x000000000003b5c0        0x0 obj_cooja/mtype239.a(ringbuf.o)
 .bss           0x000000000003b5c0       0xa0 obj_cooja/mtype239.a(packetbuf.o)
 .bss           0x000000000003b660        0x4 obj_cooja/mtype239.a(netstack.o)
 .bss           0x000000000003b664        0x0 obj_cooja/mtype239.a(linkaddr.o)
 .bss           0x000000000003b664        0x0 obj_cooja/mtype239.a(csma.o)
 *fill*         0x000000000003b664       0x1c 
 .bss           0x000000000003b680      0x726 obj_cooja/mtype239.a(csma-output.o)
 *fill*         0x000000000003bda6        0x2 
 .bss           0x000000000003bda8       0x20 obj_cooja/mtype239.a(uip-ds6.o)
 .bss           0x000000000003bdc8        0x5 obj_cooja/mtype239.a(tcp-socket.o)
 *fill*         0x000000000003bdcd       0x13 
 .bss           0x000000000003bde0       0xc4 obj_cooja/mtype239.a(tcpip.o)
 *fill*         0x000000000003bea4       0x1c 
 .bss           0x000000000003bec0       0x60 obj_cooja/mtype239.a(uip-ds6-route.o)
 .bss           0x000000000003bf20        0xc obj_cooja/mtype239.a(uip6.o)
                0x000000000003bf20                uip_ext_bitmap
                0x000000000003bf21                uip_ext_len
                0x000000000003bf22                uip_ext_opt_offset
 *fill*         0x000000000003bf2c       0x14 
 .bss           0x000000000003bf40     0x1c20 obj_cooja/mtype239.a(uip-ds6-nbr.o)
 .bss           0x000000000003db60       0x10 obj_cooja/mtype239.a(uip-nd6.o)
 *fill*         0x000000000003db70       0x10 
 .bss           0x000000000003db80      0x520 obj_cooja/mtype239.a(simple-udp.o)
 .bss           0x000000000003e0a0      0x724 obj_cooja/mtype239.a(sicslowpan.o)
 .bss           0x000000000003e7c4        0x0 obj_cooja/mtype239.a(uiplib.o)
 .bss           0x000000000003e7c4        0x1 obj_cooja/mtype239.a(rpl.o)
 .bss           0x000000000003e7c5        0x0 obj_cooja/mtype239.a(rpl-icmp6.o)
 .bss           0x000000000003e7c5        0x0 obj_cooja/mtype239.a(rpl-dag.o)
 *fill*         0x000000000003e7c5        0x3 
 .bss           0x000000000003e7c8       0x11 obj_cooja/mtype239.a(rpl-dag-root.o)
 .bss           0x000000000003e7d9        0x0 obj_cooja/mtype239.a(watchdog.o)
 .bss           0x000000000003e7d9        0x0 obj_cooja/mtype239.a(stimer.o)
 .bss           0x000000000003e7d9        0x0 obj_cooja/mtype239.a(memb.o)
 *fill*         0x000000000003e7d9        0x7 
 .bss           0x000000000003e7e0     0x2c80 obj_cooja/mtype239.a(queuebuf.o)
 .bss           0x0000000000041460     0x1214 obj_cooja/mtype239.a(nbr-table.o)
 *fill*         0x0000000000042674        0xc 
 .bss           0x0000000000042680      0xe10 obj_cooja/mtype239.a(link-stats.o)
 *fill*         0x0000000000043490       0x10 
 .bss           0x00000000000434a0      0x100 obj_cooja/mtype239.a(mac-sequence.o)
 .bss           0x00000000000435a0        0x0 obj_cooja/mtype239.a(mac.o)
 .bss           0x00000000000435a0        0x2 obj_cooja/mtype239.a(framer-802154.o)
 .bss           0x00000000000435a2        0x0 obj_cooja/mtype239.a(frame802154.o)
 *fill*         0x00000000000435a2        0x2 
 .bss           0x00000000000435a4        0xc obj_cooja/mtype239.a(uipbuf.o)
 .bss           0x00000000000435b0       0x18 obj_cooja/mtype239.a(uip-icmp6.o)
 *fill*         0x00000000000435c8       0x18 
 .bss           0x00000000000435e0     0x1d80 obj_cooja/mtype239.a(uip-sr.o)
 .bss           0x0000000000045360      0xa78 obj_cooja/mtype239.a(uip-packetqueue)
 .bss           0x0000000000045dd8        0x0 obj_cooja/mtype239.a(uip-udp-packet.)
 .bss           0x0000000000045dd8        0xe obj_cooja/mtype239.a(rpl-nbr-policy.)
 *fill*         0x0000000000045de6       0x1a 
 .bss           0x0000000000045e00      0x960 obj_cooja/mtype239.a(rpl-neighbor.o)
 .bss           0x0000000000046760       0x40 obj_cooja/mtype239.a(rpl-timers.o)
 .bss           0x00000000000467a0        0x0 obj_cooja/mtype239.a(rpl-ext-header.)
 .bss           0x00000000000467a0        0x0 obj_cooja/mtype239.a(rpl-mrhof.o)
 .bss           0x00000000000467a0        0x0 /usr/lib/gcc/i686-linux-gnu/5/crtendS.o
 .bss           0x00000000000467a0        0x0 /usr/lib/gcc/i686-linux-gnu/5/../../../i386-linux-gnu/crtn.o
 *(COMMON)
 COMMON         0x00000000000467a0        0x8 obj_cooja/mtype239.o
                0x00000000000467a0                referenceVar
                0x00000000000467a4                sensors_flags
 COMMON         0x00000000000467a8        0xc obj_cooja/mtype239.a(simEnvChange.o)
                0x00000000000467a8                simEtimerPending
                0x00000000000467ac                simProcessRunValue
                0x00000000000467b0                simEtimerNextExpirationTime
 *fill*         0x00000000000467b4        0x4 
 COMMON         0x00000000000467b8       0x18 obj_cooja/mtype239.a(rtimer-arch.o)
                0x00000000000467b8                simRtimerPending
                0x00000000000467c0                simRtimerCurrentTicks
                0x00000000000467c8                simRtimerNextExpirationTime
 COMMON         0x00000000000467d0        0x1 obj_cooja/mtype239.a(beep.o)
                0x00000000000467d0                simBeeped
 COMMON         0x00000000000467d1        0x3 obj_cooja/mtype239.a(button-sensor.o)
                0x00000000000467d1                simButtonIsActive
                0x00000000000467d2                simButtonIsDown
                0x00000000000467d3                simButtonChanged
 COMMON         0x00000000000467d4        0x1 obj_cooja/mtype239.a(leds-arch.o)
                0x00000000000467d4                simLedsValue
 *fill*         0x00000000000467d5        0x3 
 COMMON         0x00000000000467d8        0xc obj_cooja/mtype239.a(moteid.o)
                0x00000000000467d8                simRandomSeed
                0x00000000000467dc                simMoteIDChanged
                0x00000000000467e0                simMoteID
 COMMON         0x00000000000467e4        0x2 obj_cooja/mtype239.a(pir-sensor.o)
                0x00000000000467e4                simPirIsActive
                0x00000000000467e5                simPirChanged
 *fill*         0x00000000000467e6       0x1a 
 COMMON         0x0000000000046800      0x820 obj_cooja/mtype239.a(rs232.o)
                0x0000000000046800                simSerialReceivingFlag
                0x0000000000046804                simSerialReceivingLength
                0x0000000000046820                simSerialReceivingData
 COMMON         0x0000000000047020        0x2 obj_cooja/mtype239.a(vib-sensor.o)
                0x0000000000047020                simVibChanged
                0x0000000000047021                simVibIsActive
 *fill*         0x0000000000047022        0x2 
 COMMON         0x0000000000047024        0x4 obj_cooja/mtype239.a(clock.o)
                0x0000000000047024                simCurrentTime
 *fill*         0x0000000000047028       0x18 
 COMMON         0x0000000000047040     0x2020 obj_cooja/mtype239.a(cooja-log.o)
                0x0000000000047040                simLoggedLength
                0x0000000000047044                simLoggedFlag
                0x0000000000047060                simLoggedData
 COMMON         0x0000000000049060      0x100 obj_cooja/mtype239.a(cooja-radio.o)
                0x0000000000049060                simOutDataBuffer
                0x00000000000490e0                simInDataBuffer
 COMMON         0x0000000000049160      0x400 obj_cooja/mtype239.a(eeprom.o)
                0x0000000000049160                simEEPROMData
 COMMON         0x0000000000049560        0x1 obj_cooja/mtype239.a(sensors.o)
                0x0000000000049560                sensors_event
 COMMON         0x0000000000049561        0x1 obj_cooja/mtype239.a(mqtt.o)
                0x0000000000049561                mqtt_update_event
 *fill*         0x0000000000049562        0x2 
 COMMON         0x0000000000049564       0x50 obj_cooja/mtype239.a(contiki-main.o)
                0x0000000000049564                eb_per_time_source
                0x0000000000049578                unicast_per_neighbor_rpl_storing
                0x000000000004958c                unicast_per_neighbor_rpl_ns
                0x00000000000495a0                default_common
 COMMON         0x00000000000495b4        0x1 obj_cooja/mtype239.a(serial-line.o)
                0x00000000000495b4                serial_line_event_message
 *fill*         0x00000000000495b5        0x3 
 COMMON         0x00000000000495b8       0x2c obj_cooja/mtype239.a(packetbuf.o)
                0x00000000000495b8                packetbuf_attrs
                0x00000000000495d4                packetbuf_addrs
 COMMON         0x00000000000495e4        0x8 obj_cooja/mtype239.a(linkaddr.o)
                0x00000000000495e4                linkaddr_node_addr
 *fill*         0x00000000000495ec       0x14 
 COMMON         0x0000000000049600      0x181 obj_cooja/mtype239.a(uip-ds6.o)
                0x0000000000049600                uip_ds6_prefix_list
                0x0000000000049660                uip_ds6_timer_periodic
                0x0000000000049670                uip_ds6_netif_addr_list_offset
                0x0000000000049680                uip_ds6_if
                0x0000000000049778                uip_ds6_timer_ra
                0x0000000000049780                uip_ds6_addr_size
 COMMON         0x0000000000049781        0x1 obj_cooja/mtype239.a(tcpip.o)
                0x0000000000049781                tcpip_event
 *fill*         0x0000000000049782       0x1e 
 COMMON         0x00000000000497a0      0x80c obj_cooja/mtype239.a(uip6.o)
                0x00000000000497a0                uip_slen
                0x00000000000497a4                uip_acc32
                0x00000000000497c0                uip_conns
                0x0000000000049940                uip_lladdr
                0x0000000000049948                uip_appdata
                0x000000000004994c                uip_flags
                0x0000000000049960                uip_aligned_buf
                0x0000000000049e60                uip_listenports
                0x0000000000049e88                uip_len
                0x0000000000049e8c                uip_sappdata
                0x0000000000049ea0                uip_udp_conns
                0x0000000000049fa0                uip_udp_conn
                0x0000000000049fa4                uip_next_hdr
                0x0000000000049fa8                uip_conn
 COMMON         0x0000000000049fac       0x10 obj_cooja/mtype239.a(rpl.o)
                0x0000000000049fac                rpl_multicast_addr
 *fill*         0x0000000000049fbc        0x4 
 COMMON         0x0000000000049fc0      0x164 obj_cooja/mtype239.a(rpl-dag.o)
                0x0000000000049fc0                curr_instance
 *fill*         0x000000000004a124       0x1c 
 COMMON         0x000000000004a140       0x20 obj_cooja/mtype239.a(link-stats.o)
                0x000000000004a140                periodic_timer
                0x000000000004a160                . = ALIGN ((. != 0x0)?0x4:0x1)
                0x000000000004a160                . = ALIGN (0x4)
                0x000000000004a160                . = SEGMENT_START ("ldata-segment", .)
                0x000000000004a160                . = ALIGN (0x4)
                0x000000000004a160                _end = .
                [!provide]                        PROVIDE (end, .)
                0x000000000004a160                . = DATA_SEGMENT_END (.)

.stab
 *(.stab)

.stabstr
 *(.stabstr)

.stab.excl
 *(.stab.excl)

.stab.exclstr
 *(.stab.exclstr)

.stab.index
 *(.stab.index)

.stab.indexstr
 *(.stab.indexstr)

.comment        0x0000000000000000       0x35
 *(.comment)
 .comment       0x0000000000000000       0x35 /usr/lib/gcc/i686-linux-gnu/5/crtbeginS.o
                                         0x36 (size before relaxing)
 .comment       0x0000000000000035       0x36 udp-client.o
 .comment       0x0000000000000035       0x36 obj_cooja/mtype239.o
 .comment       0x0000000000000035       0x36 obj_cooja/mtype239.a(simEnvChange.o)
 .comment       0x0000000000000035       0x36 obj_cooja/mtype239.a(cooja_mt.o)
 .comment       0x0000000000000035       0x36 obj_cooja/mtype239.a(cooja_mtarch.o)
 .comment       0x0000000000000035       0x36 obj_cooja/mtype239.a(rtimer-arch.o)
 .comment       0x0000000000000035       0x36 obj_cooja/mtype239.a(beep.o)
 .comment       0x0000000000000035       0x36 obj_cooja/mtype239.a(button-sensor.o)
 .comment       0x0000000000000035       0x36 obj_cooja/mtype239.a(leds-arch.o)
 .comment       0x0000000000000035       0x36 obj_cooja/mtype239.a(moteid.o)
 .comment       0x0000000000000035       0x36 obj_cooja/mtype239.a(pir-sensor.o)
 .comment       0x0000000000000035       0x36 obj_cooja/mtype239.a(rs232.o)
 .comment       0x0000000000000035       0x36 obj_cooja/mtype239.a(vib-sensor.o)
 .comment       0x0000000000000035       0x36 obj_cooja/mtype239.a(clock.o)
 .comment       0x0000000000000035       0x36 obj_cooja/mtype239.a(cooja-log.o)
 .comment       0x0000000000000035       0x36 obj_cooja/mtype239.a(cfs-cooja.o)
 .comment       0x0000000000000035       0x36 obj_cooja/mtype239.a(cooja-radio.o)
 .comment       0x0000000000000035       0x36 obj_cooja/mtype239.a(eeprom.o)
 .comment       0x0000000000000035       0x36 obj_cooja/mtype239.a(random.o)
 .comment       0x0000000000000035       0x36 obj_cooja/mtype239.a(sensors.o)
 .comment       0x0000000000000035       0x36 obj_cooja/mtype239.a(leds.o)
 .comment       0x0000000000000035       0x36 obj_cooja/mtype239.a(mqtt.o)
 .comment       0x0000000000000035       0x36 obj_cooja/mtype239.a(contiki-main.o)
 .comment       0x0000000000000035       0x36 obj_cooja/mtype239.a(autostart.o)
 .comment       0x0000000000000035       0x36 obj_cooja/mtype239.a(ctimer.o)
 .comment       0x0000000000000035       0x36 obj_cooja/mtype239.a(energest.o)
 .comment       0x0000000000000035       0x36 obj_cooja/mtype239.a(etimer.o)
 .comment       0x0000000000000035       0x36 obj_cooja/mtype239.a(log.o)
 .comment       0x0000000000000035       0x36 obj_cooja/mtype239.a(process.o)
 .comment       0x0000000000000035       0x36 obj_cooja/mtype239.a(rtimer.o)
 .comment       0x0000000000000035       0x36 obj_cooja/mtype239.a(node-id.o)
 .comment       0x0000000000000035       0x36 obj_cooja/mtype239.a(timer.o)
 .comment       0x0000000000000035       0x36 obj_cooja/mtype239.a(serial-line.o)
 .comment       0x0000000000000035       0x36 obj_cooja/mtype239.a(list.o)
 .comment       0x0000000000000035       0x36 obj_cooja/mtype239.a(ringbuf.o)
 .comment       0x0000000000000035       0x36 obj_cooja/mtype239.a(packetbuf.o)
 .comment       0x0000000000000035       0x36 obj_cooja/mtype239.a(netstack.o)
 .comment       0x0000000000000035       0x36 obj_cooja/mtype239.a(linkaddr.o)
 .comment       0x0000000000000035       0x36 obj_cooja/mtype239.a(csma.o)
 .comment       0x0000000000000035       0x36 obj_cooja/mtype239.a(csma-output.o)
 .comment       0x0000000000000035       0x36 obj_cooja/mtype239.a(uip-ds6.o)
 .comment       0x0000000000000035       0x36 obj_cooja/mtype239.a(tcp-socket.o)
 .comment       0x0000000000000035       0x36 obj_cooja/mtype239.a(tcpip.o)
 .comment       0x0000000000000035       0x36 obj_cooja/mtype239.a(uip-ds6-route.o)
 .comment       0x0000000000000035       0x36 obj_cooja/mtype239.a(uip6.o)
 .comment       0x0000000000000035       0x36 obj_cooja/mtype239.a(uip-ds6-nbr.o)
 .comment       0x0000000000000035       0x36 obj_cooja/mtype239.a(uip-nd6.o)
 .comment       0x0000000000000035       0x36 obj_cooja/mtype239.a(simple-udp.o)
 .comment       0x0000000000000035       0x36 obj_cooja/mtype239.a(sicslowpan.o)
 .comment       0x0000000000000035       0x36 obj_cooja/mtype239.a(uiplib.o)
 .comment       0x0000000000000035       0x36 obj_cooja/mtype239.a(rpl.o)
 .comment       0x0000000000000035       0x36 obj_cooja/mtype239.a(rpl-icmp6.o)
 .comment       0x0000000000000035       0x36 obj_cooja/mtype239.a(rpl-dag.o)
 .comment       0x0000000000000035       0x36 obj_cooja/mtype239.a(rpl-dag-root.o)
 .comment       0x0000000000000035       0x36 obj_cooja/mtype239.a(watchdog.o)
 .comment       0x0000000000000035       0x36 obj_cooja/mtype239.a(stimer.o)
 .comment       0x0000000000000035       0x36 obj_cooja/mtype239.a(memb.o)
 .comment       0x0000000000000035       0x36 obj_cooja/mtype239.a(queuebuf.o)
 .comment       0x0000000000000035       0x36 obj_cooja/mtype239.a(nbr-table.o)
 .comment       0x0000000000000035       0x36 obj_cooja/mtype239.a(link-stats.o)
 .comment       0x0000000000000035       0x36 obj_cooja/mtype239.a(mac-sequence.o)
 .comment       0x0000000000000035       0x36 obj_cooja/mtype239.a(mac.o)
 .comment       0x0000000000000035       0x36 obj_cooja/mtype239.a(framer-802154.o)
 .comment       0x0000000000000035       0x36 obj_cooja/mtype239.a(frame802154.o)
 .comment       0x0000000000000035       0x36 obj_cooja/mtype239.a(uipbuf.o)
 .comment       0x0000000000000035       0x36 obj_cooja/mtype239.a(uip-icmp6.o)
 .comment       0x0000000000000035       0x36 obj_cooja/mtype239.a(uip-sr.o)
 .comment       0x0000000000000035       0x36 obj_cooja/mtype239.a(uip-packetqueue)
 .comment       0x0000000000000035       0x36 obj_cooja/mtype239.a(uip-udp-packet.)
 .comment       0x0000000000000035       0x36 obj_cooja/mtype239.a(rpl-nbr-policy.)
 .comment       0x0000000000000035       0x36 obj_cooja/mtype239.a(rpl-neighbor.o)
 .comment       0x0000000000000035       0x36 obj_cooja/mtype239.a(rpl-timers.o)