Archive member included to satisfy reference by file (symbol)

obj_cooja/mtype49.a(simEnvChange.o)
                              obj_cooja/mtype49.o (simDontFallAsleep)
obj_cooja/mtype49.a(cooja_mt.o)
                              obj_cooja/mtype49.o (cooja_mt_start)
obj_cooja/mtype49.a(cooja_mtarch.o)
                              obj_cooja/mtype49.a(cooja_mt.o) (cooja_mtarch_start)
obj_cooja/mtype49.a(rtimer-arch.o)
                              obj_cooja/mtype49.o (rtimer_arch_check)
obj_cooja/mtype49.a(beep.o)   obj_cooja/mtype49.o (beep_interface)
obj_cooja/mtype49.a(button-sensor.o)
                              obj_cooja/mtype49.o (button_interface)
obj_cooja/mtype49.a(leds-arch.o)
                              obj_cooja/mtype49.o (leds_interface)
obj_cooja/mtype49.a(moteid.o)
                              obj_cooja/mtype49.o (moteid_interface)
obj_cooja/mtype49.a(pir-sensor.o)
                              obj_cooja/mtype49.o (pir_interface)
obj_cooja/mtype49.a(rs232.o)  obj_cooja/mtype49.o (rs232_interface)
obj_cooja/mtype49.a(vib-sensor.o)
                              obj_cooja/mtype49.o (vib_interface)
obj_cooja/mtype49.a(clock.o)  obj_cooja/mtype49.o (clock_interface)
obj_cooja/mtype49.a(cooja-log.o)
                              obj_cooja/mtype49.o (simlog_interface)
obj_cooja/mtype49.a(cfs-cooja.o)
                              obj_cooja/mtype49.o (cfs_interface)
obj_cooja/mtype49.a(cooja-radio.o)
                              obj_cooja/mtype49.o (radio_interface)
obj_cooja/mtype49.a(eeprom.o)
                              obj_cooja/mtype49.o (eeprom_interface)
obj_cooja/mtype49.a(random.o)
                              obj_cooja/mtype49.a(moteid.o) (random_init)
obj_cooja/mtype49.a(sensors.o)
                              obj_cooja/mtype49.a(button-sensor.o) (sensors_changed)
obj_cooja/mtype49.a(leds.o)   udp-client.o (leds_on)
obj_cooja/mtype49.a(mqtt.o)   udp-client.o (mqtt_disconnect)
obj_cooja/mtype49.a(contiki-main.o)
                              obj_cooja/mtype49.o (main)
obj_cooja/mtype49.a(autostart.o)
                              obj_cooja/mtype49.a(contiki-main.o) (autostart_start)
obj_cooja/mtype49.a(ctimer.o)
                              obj_cooja/mtype49.a(contiki-main.o) (ctimer_init)
obj_cooja/mtype49.a(energest.o)
                              obj_cooja/mtype49.a(contiki-main.o) (energest_init)
obj_cooja/mtype49.a(etimer.o)
                              obj_cooja/mtype49.a(contiki-main.o) (etimer_process)
obj_cooja/mtype49.a(log.o)    obj_cooja/mtype49.a(contiki-main.o) (curr_log_level_main)
obj_cooja/mtype49.a(process.o)
                              udp-client.o (process_current)
obj_cooja/mtype49.a(rtimer.o)
                              obj_cooja/mtype49.a(contiki-main.o) (rtimer_init)
obj_cooja/mtype49.a(node-id.o)
                              udp-client.o (node_id)
obj_cooja/mtype49.a(timer.o)  udp-client.o (timer_set)
obj_cooja/mtype49.a(serial-line.o)
                              obj_cooja/mtype49.a(rs232.o) (serial_line_input_byte)
obj_cooja/mtype49.a(list.o)   obj_cooja/mtype49.a(mqtt.o) (list_init)
obj_cooja/mtype49.a(ringbuf.o)
                              obj_cooja/mtype49.a(serial-line.o) (ringbuf_init)
obj_cooja/mtype49.a(packetbuf.o)
                              obj_cooja/mtype49.a(cooja-radio.o) (packetbuf_clear)
obj_cooja/mtype49.a(netstack.o)
                              obj_cooja/mtype49.a(contiki-main.o) (netstack_init)
obj_cooja/mtype49.a(linkaddr.o)
                              udp-client.o (linkaddr_node_addr)
obj_cooja/mtype49.a(csma.o)   obj_cooja/mtype49.a(cooja-radio.o) (csma_driver)
obj_cooja/mtype49.a(csma-output.o)
                              obj_cooja/mtype49.a(csma.o) (csma_output_packet)
obj_cooja/mtype49.a(uip-ds6.o)
                              obj_cooja/mtype49.a(contiki-main.o) (uip_ds6_get_link_local)
obj_cooja/mtype49.a(tcp-socket.o)
                              obj_cooja/mtype49.a(mqtt.o) (tcp_socket_register)
obj_cooja/mtype49.a(tcpip.o)  obj_cooja/mtype49.a(tcp-socket.o) (tcpip_event)
obj_cooja/mtype49.a(uip-ds6-route.o)
                              obj_cooja/mtype49.a(uip-ds6.o) (uip_ds6_route_init)
obj_cooja/mtype49.a(uip6.o)   obj_cooja/mtype49.a(contiki-main.o) (uip_lladdr)
obj_cooja/mtype49.a(uip-ds6-nbr.o)
                              obj_cooja/mtype49.a(uip-ds6.o) (uip_ds6_neighbors_init)
obj_cooja/mtype49.a(uip-nd6.o)
                              obj_cooja/mtype49.a(uip6.o) (uip_nd6_init)
obj_cooja/mtype49.a(simple-udp.o)
                              udp-client.o (simple_udp_sendto)
obj_cooja/mtype49.a(sicslowpan.o)
                              obj_cooja/mtype49.a(contiki-main.o) (sicslowpan_driver)
obj_cooja/mtype49.a(uiplib.o)
                              obj_cooja/mtype49.a(mqtt.o) (uiplib_ip6addrconv)
obj_cooja/mtype49.a(rpl.o)    udp-client.o (rpl_lite_driver)
obj_cooja/mtype49.a(rpl-icmp6.o)
                              obj_cooja/mtype49.a(rpl.o) (rpl_icmp6_init)
obj_cooja/mtype49.a(rpl-dag.o)
[...]
Memory Configuration

Name             Origin             Length             Attributes
*default*        0x0000000000000000 0xffffffffffffffff

Linker script and memory map

LOAD /usr/lib/gcc/i686-linux-gnu/5/../../../i386-linux-gnu/crti.o
LOAD /usr/lib/gcc/i686-linux-gnu/5/crtbeginS.o
LOAD udp-client.o
LOAD obj_cooja/mtype49.o
LOAD obj_cooja/mtype49.a
LOAD /usr/lib/gcc/i686-linux-gnu/5/libgcc.a
LOAD /usr/lib/gcc/i686-linux-gnu/5/libgcc_s.so
LOAD /usr/lib/gcc/i686-linux-gnu/5/../../../i386-linux-gnu/libc.so
START GROUP
LOAD /lib/i386-linux-gnu/libc.so.6
LOAD /usr/lib/i386-linux-gnu/libc_nonshared.a
LOAD /lib/i386-linux-gnu/ld-linux.so.2
END GROUP
LOAD /usr/lib/gcc/i686-linux-gnu/5/libgcc.a
LOAD /usr/lib/gcc/i686-linux-gnu/5/libgcc_s.so
LOAD /usr/lib/gcc/i686-linux-gnu/5/crtendS.o
LOAD /usr/lib/gcc/i686-linux-gnu/5/../../../i386-linux-gnu/crtn.o
                0x0000000000000114                . = (0x0 + SIZEOF_HEADERS)

.note.gnu.build-id
                0x0000000000000114       0x24
 *(.note.gnu.build-id)
 .note.gnu.build-id
                0x0000000000000114       0x24 /usr/lib/gcc/i686-linux-gnu/5/../../../i386-linux-gnu/crti.o

.hash
 *(.hash)

.gnu.hash       0x0000000000000138     0x13ec
 *(.gnu.hash)
 .gnu.hash      0x0000000000000138     0x13ec /usr/lib/gcc/i686-linux-gnu/5/../../../i386-linux-gnu/crti.o

.dynsym         0x0000000000001524     0x2800
 *(.dynsym)
 .dynsym        0x0000000000001524     0x2800 /usr/lib/gcc/i686-linux-gnu/5/../../../i386-linux-gnu/crti.o

.dynstr         0x0000000000003d24     0x2b9f
 *(.dynstr)
 .dynstr        0x0000000000003d24     0x2b9f /usr/lib/gcc/i686-linux-gnu/5/../../../i386-linux-gnu/crti.o

.gnu.version    0x00000000000068c4      0x500
 *(.gnu.version)
 .gnu.version   0x00000000000068c4      0x500 /usr/lib/gcc/i686-linux-gnu/5/../../../i386-linux-gnu/crti.o

.gnu.version_d  0x0000000000006dc4        0x0
 *(.gnu.version_d)
 .gnu.version_d
                0x0000000000006dc4        0x0 /usr/lib/gcc/i686-linux-gnu/5/../../../i386-linux-gnu/crti.o

.gnu.version_r  0x0000000000006dc4       0x40
 *(.gnu.version_r)
 .gnu.version_r
                0x0000000000006dc4       0x40 /usr/lib/gcc/i686-linux-gnu/5/../../../i386-linux-gnu/crti.o

.rel.dyn        0x0000000000006e04     0xa6b8
 *(.rel.init)
 .rel.init      0x0000000000006e04        0x0 /usr/lib/gcc/i686-linux-gnu/5/../../../i386-linux-gnu/crti.o
 *(.rel.text .rel.text.* .rel.gnu.linkonce.t.*)
 .rel.text      0x0000000000006e04     0x9d70 /usr/lib/gcc/i686-linux-gnu/5/../../../i386-linux-gnu/crti.o
 *(.rel.fini)
 .rel.fini      0x0000000000010b74        0x0 /usr/lib/gcc/i686-linux-gnu/5/../../../i386-linux-gnu/crti.o
 *(.rel.rodata .rel.rodata.* .rel.gnu.linkonce.r.*)
 .rel.rodata    0x0000000000010b74      0x588 /usr/lib/gcc/i686-linux-gnu/5/../../../i386-linux-gnu/crti.o
 *(.rel.data.rel.ro .rel.data.rel.ro.* .rel.gnu.linkonce.d.rel.ro.*)
 *(.rel.data .rel.data.* .rel.gnu.linkonce.d.*)
 .rel.data.rel.local
                0x00000000000110fc        0x8 /usr/lib/gcc/i686-linux-gnu/5/../../../i386-linux-gnu/crti.o
 .rel.data      0x0000000000011104      0x380 /usr/lib/gcc/i686-linux-gnu/5/../../../i386-linux-gnu/crti.o
 *(.rel.tdata .rel.tdata.* .rel.gnu.linkonce.td.*)
 *(.rel.tbss .rel.tbss.* .rel.gnu.linkonce.tb.*)
 *(.rel.ctors)
 *(.rel.dtors)
 *(.rel.got)
 .rel.got       0x0000000000011484       0x28 /usr/lib/gcc/i686-linux-gnu/5/../../../i386-linux-gnu/crti.o
 *(.rel.bss .rel.bss.* .rel.gnu.linkonce.b.*)
 *(.rel.ifunc)
 .rel.ifunc     0x00000000000114ac        0x0 /usr/lib/gcc/i686-linux-gnu/5/../../../i386-linux-gnu/crti.o
 .rel.fini_array
                0x00000000000114ac        0x8 /usr/lib/gcc/i686-linux-gnu/5/../../../i386-linux-gnu/crti.o
 .rel.init_array
                0x00000000000114b4        0x8 /usr/lib/gcc/i686-linux-gnu/5/../../../i386-linux-gnu/crti.o

.rel.plt        0x00000000000114bc        0x0
 *(.rel.plt)
 .rel.plt       0x00000000000114bc        0x0 /usr/lib/gcc/i686-linux-gnu/5/../../../i386-linux-gnu/crti.o
 *(.rel.iplt)

.init           0x00000000000114bc       0x23
 *(SORT(.init))
 .init          0x00000000000114bc       0x1e /usr/lib/gcc/i686-linux-gnu/5/../../../i386-linux-gnu/crti.o
                0x00000000000114bc                _init
 .init          0x00000000000114da        0x5 /usr/lib/gcc/i686-linux-gnu/5/../../../i386-linux-gnu/crtn.o

.plt            0x00000000000114e0       0x10
 *(.plt)
 .plt           0x00000000000114e0       0x10 /usr/lib/gcc/i686-linux-gnu/5/../../../i386-linux-gnu/crti.o
 *(.iplt)

.plt.got        0x00000000000114f0       0x10
 *(.plt.got)
 .plt.got       0x00000000000114f0       0x10 /usr/lib/gcc/i686-linux-gnu/5/../../../i386-linux-gnu/crti.o

.text           0x0000000000011500    0x1a162
 *(.text.unlikely .text.*_unlikely .text.unlikely.*)
 .text.unlikely
                0x0000000000011500        0x0 /usr/lib/gcc/i686-linux-gnu/5/crtbeginS.o
 *(.text.exit .text.exit.*)
 *(.text.startup .text.startup.*)
 *(.text.hot .text.hot.*)
 *(.text .stub .text.* .gnu.linkonce.t.*)
 .text          0x0000000000011500        0x0 /usr/lib/gcc/i686-linux-gnu/5/../../../i386-linux-gnu/crti.o
 .gnu.linkonce.t.__x86.get_pc_thunk.bx
                0x0000000000011500        0x4 /usr/lib/gcc/i686-linux-gnu/5/../../../i386-linux-gnu/crti.o
                0x0000000000011500                __x86.get_pc_thunk.bx
 *fill*         0x0000000000011504        0xc 
 .text          0x0000000000011510      0x11c /usr/lib/gcc/i686-linux-gnu/5/crtbeginS.o
 .text.__x86.get_pc_thunk.dx
                0x000000000001162c        0x4 /usr/lib/gcc/i686-linux-gnu/5/crtbeginS.o
                0x000000000001162c                __x86.get_pc_thunk.dx
 .text          0x0000000000011630     0x14b9 udp-client.o
                0x0000000000011630                ipaddr_sprintf
 .text          0x0000000000012ae9      0x271 obj_cooja/mtype49.o
                0x0000000000012b7b                platform_init_stage_one
                0x0000000000012b81                platform_init_stage_two
                0x0000000000012b8f                platform_init_stage_three
                0x0000000000012ba2                platform_main_loop
                0x0000000000012c15                Java_org_contikios_cooja_corecomm_Lib25_init
                0x0000000000012c4c                Java_org_contikios_cooja_corecomm_Lib25_getMemory
                0x0000000000012c7f                Java_org_contikios_cooja_corecomm_Lib25_setMemory
                0x0000000000012cdf                Java_org_contikios_cooja_corecomm_Lib25_tick
                0x0000000000012d47                Java_org_contikios_cooja_corecomm_Lib25_setReferenceAddress
 .text          0x0000000000012d5a       0x65 obj_cooja/mtype49.a(simEnvChange.o)
                0x0000000000012d5a                doActionsBeforeTick
                0x0000000000012d8c                doActionsAfterTick
 .text          0x0000000000012dbf       0x83 obj_cooja/mtype49.a(cooja_mt.o)
                0x0000000000012dbf                cooja_mt_start
                0x0000000000012de9                cooja_mt_exec
                0x0000000000012e1f                cooja_mt_yield
 .text          0x0000000000012e42       0xbe obj_cooja/mtype49.a(cooja_mtarch.o)
                0x0000000000012e42                cooja_mtarch_start
                0x0000000000012eb5                cooja_sw
                0x0000000000012ed8                cooja_mtarch_exec
                0x0000000000012ef5                cooja_mtarch_yield
 .text          0x0000000000012f00       0xc5 obj_cooja/mtype49.a(rtimer-arch.o)
                0x0000000000012f00                rtimer_arch_init
                0x0000000000012f24                rtimer_arch_schedule
                0x0000000000012f54                rtimer_arch_next
                0x0000000000012f64                rtimer_arch_pending
                0x0000000000012f6e                rtimer_arch_check
                0x0000000000012fb5                rtimer_arch_now
 .text          0x0000000000012fc5       0x81 obj_cooja/mtype49.a(beep.o)
                0x0000000000012fc5                beep_alarm
                0x0000000000012fd2                beep_beep
                0x0000000000012fdf                beep
                0x0000000000012fec                beep_down
                0x0000000000012ff9                beep_on
                0x0000000000013006                beep_off
                0x0000000000013013                beep_spinup
                0x0000000000013020                beep_quick
                0x000000000001302d                beep_long
 .text          0x0000000000013046      0x10d obj_cooja/mtype49.a(button-sensor.o)
 .text          0x0000000000013153       0x49 obj_cooja/mtype49.a(leds-arch.o)
                0x0000000000013153                leds_arch_init
                0x0000000000013160                leds_arch_get
                0x000000000001316c                leds_arch_set
 .text          0x000000000001319c       0x35 obj_cooja/mtype49.a(moteid.o)
 .text          0x00000000000131d1       0xb7 obj_cooja/mtype49.a(pir-sensor.o)
 .text          0x0000000000013288      0x148 obj_cooja/mtype49.a(rs232.o)
                0x0000000000013288                rs232_init
                0x000000000001328e                rs232_set_speed
                0x000000000001329d                rs232_set_input
                0x00000000000132ab                rs232_send
                0x00000000000132cf                rs232_print
                0x00000000000132eb                slip_arch_writeb
 .text          0x00000000000133d0       0xb7 obj_cooja/mtype49.a(vib-sensor.o)
 .text          0x0000000000013487       0x38 obj_cooja/mtype49.a(clock.o)
                0x0000000000013487                clock_init
                0x000000000001348d                clock_time
                0x0000000000013497                clock_seconds
                0x00000000000134ad                clock_delay
 .text          0x00000000000134bf      0x219 obj_cooja/mtype49.a(cooja-log.o)
                0x00000000000134bf                simlog_char
                0x0000000000013502                simlog
                0x0000000000013578                log_message
                0x00000000000135a9                log_set_putchar_with_slip
                0x00000000000135b7                log_putchar
                0x0000000000013632                log_puts
                0x000000000001365a                log_printf
 .text          0x00000000000136d8      0x2b9 obj_cooja/mtype49.a(cfs-cooja.o)
                0x00000000000136d8                cfs_open
                0x0000000000013741                cfs_close
                0x000000000001374e                cfs_read
                0x00000000000137e3                cfs_write
                0x00000000000138bf                cfs_seek
                0x0000000000013947                cfs_remove
                0x000000000001396b                cfs_opendir
                0x0000000000013975                cfs_readdir
                0x000000000001397f                cfs_closedir
 .text          0x0000000000013991      0x605 obj_cooja/mtype49.a(cooja-radio.o)
                0x00000000000139d3                radio_set_channel
                0x00000000000139e1                radio_set_txpower
                0x00000000000139f9                radio_signal_strength_last
                0x0000000000013a03                radio_signal_strength_current
                0x0000000000013a0d                radio_LQI
 .text          0x0000000000013f96       0xee obj_cooja/mtype49.a(eeprom.o)
                0x0000000000013f96                eeprom_init
                0x0000000000013f9c                eeprom_read
                0x000000000001400a                eeprom_write
 .text          0x0000000000014084       0x2d obj_cooja/mtype49.a(random.o)
                0x0000000000014084                random_init
                0x00000000000140a4                random_rand
 .text          0x00000000000140b1      0x29c obj_cooja/mtype49.a(sensors.o)
                0x00000000000140ec                sensors_first
                0x00000000000140f6                sensors_next
                0x0000000000014110                sensors_changed
                0x0000000000014144                sensors_find
 .text          0x000000000001434d       0xf6 obj_cooja/mtype49.a(leds.o)
                0x000000000001434d                leds_init
                0x000000000001435b                leds_blink
                0x000000000001439e                leds_get
                0x00000000000143ab                leds_set
                0x00000000000143ca                leds_on
                0x00000000000143f0                leds_off
                0x000000000001441d                leds_toggle
 .text          0x0000000000014443     0x3779 obj_cooja/mtype49.a(mqtt.o)
                0x00000000000175e6                mqtt_init
                0x00000000000176a4                mqtt_register
                0x0000000000017741                mqtt_connect
                0x0000000000017853                mqtt_disconnect
                0x0000000000017891                mqtt_subscribe
                0x000000000001794e                mqtt_unsubscribe
                0x00000000000179fc                mqtt_publish
                0x0000000000017add                mqtt_set_username_password
                0x0000000000017b68                mqtt_set_last_will
 .text          0x0000000000017bbc      0x328 obj_cooja/mtype49.a(contiki-main.o)
                0x0000000000017bbc                main
 .text          0x0000000000017ee4       0x92 obj_cooja/mtype49.a(autostart.o)
                0x0000000000017ee4                autostart_start
                0x0000000000017f2e                autostart_exit
 .text          0x0000000000017f76      0x355 obj_cooja/mtype49.a(ctimer.o)
                0x000000000001809e                ctimer_init
                0x00000000000180d1                ctimer_set
                0x00000000000180f7                ctimer_set_with_process
                0x0000000000018174                ctimer_reset
                0x00000000000181c8                ctimer_restart
                0x000000000001821c                ctimer_stop
                0x000000000001826c                ctimer_expired
 .text          0x00000000000182cb       0x1b obj_cooja/mtype49.a(energest.o)
                0x00000000000182cb                energest_init
                0x00000000000182d1                energest_flush
                0x00000000000182d7                energest_get_total_time
 .text          0x00000000000182e6      0x43f obj_cooja/mtype49.a(etimer.o)
                0x000000000001850a                etimer_request_poll
                0x0000000000018593                etimer_set
                0x00000000000185bc                etimer_reset_with_new_interval
                0x00000000000185eb                etimer_reset
                0x0000000000018611                etimer_restart
                0x0000000000018637                etimer_adjust
                0x0000000000018654                etimer_expired
                0x0000000000018667                etimer_expiration_time
                0x0000000000018679                etimer_start_time
                0x0000000000018683                etimer_pending
                0x0000000000018695                etimer_next_expiration_time
                0x00000000000186af                etimer_stop
 .text          0x0000000000018725      0x394 obj_cooja/mtype49.a(log.o)
                0x0000000000018725                log_6addr
                0x0000000000018778                log_6addr_compact_snprint
                0x0000000000018816                log_6addr_compact
                0x0000000000018869                log_lladdr
                0x00000000000188db                log_lladdr_compact
                0x0000000000018943                log_set_level
                0x00000000000189fe                log_get_level
                0x0000000000018a77                log_level_to_str
 .text          0x0000000000018ab9      0x4fb obj_cooja/mtype49.a(process.o)
                0x0000000000018ab9                process_alloc_event
                0x0000000000018ace                process_start
                0x0000000000018ca8                process_exit
                0x0000000000018cc5                process_init
                0x0000000000018e5a                process_run
                0x0000000000018e8d                process_nevents
                0x0000000000018ea8                process_post
                0x0000000000018f3b                process_post_synch
                0x0000000000018f70                process_poll
                0x0000000000018fa0                process_is_running
 .text          0x0000000000018fb4       0xeb obj_cooja/mtype49.a(rtimer.o)
                0x0000000000018fb4                rtimer_init
                0x0000000000018fc2                rtimer_set
                0x000000000001903d                rtimer_run_next
 .text          0x000000000001909f       0x25 obj_cooja/mtype49.a(node-id.o)
                0x000000000001909f                node_id_init
 .text          0x00000000000190c4       0x9c obj_cooja/mtype49.a(timer.o)
                0x00000000000190c4                timer_set
                0x00000000000190e2                timer_reset
                0x00000000000190fa                timer_restart
                0x000000000001910f                timer_expired
                0x000000000001913c                timer_remaining
 .text          0x0000000000019160      0x1eb obj_cooja/mtype49.a(serial-line.o)
                0x0000000000019160                serial_line_input_byte
                0x0000000000019316                serial_line_init
 .text          0x000000000001934b      0x28f obj_cooja/mtype49.a(list.o)
                0x000000000001934b                list_init
                0x000000000001935a                list_head
                0x0000000000019364                list_copy
                0x0000000000019374                list_tail
                0x00000000000193aa                list_add
                0x00000000000193f6                list_push
                0x0000000000019422                list_chop
                0x000000000001948c                list_pop
                0x00000000000194b4                list_remove
                0x000000000001951c                list_length
                0x000000000001954a                list_insert
                0x000000000001958f                list_item_next
                0x00000000000195a6                list_contains
 .text          0x00000000000195da      0x156 obj_cooja/mtype49.a(ringbuf.o)
                0x00000000000195da                ringbuf_init
                0x000000000001960c                ringbuf_put
                0x000000000001968a                ringbuf_get
                0x00000000000196f7                ringbuf_size
                0x0000000000019709                ringbuf_elements
 .text          0x0000000000019730      0x407 obj_cooja/mtype49.a(packetbuf.o)
                0x0000000000019730                packetbuf_clear
                0x000000000001975b                packetbuf_copyfrom
                0x00000000000197aa                packetbuf_copyto
                0x000000000001983d                packetbuf_hdralloc
                0x00000000000198b9                packetbuf_hdrreduce
                0x00000000000198ff                packetbuf_set_datalen
                0x0000000000019919                packetbuf_dataptr
                0x0000000000019936                packetbuf_hdrptr
                0x0000000000019940                packetbuf_datalen
                0x000000000001994c                packetbuf_hdrlen
                0x0000000000019963                packetbuf_totlen
                0x0000000000019979                packetbuf_remaininglen
                0x000000000001998c                packetbuf_attr_clear
                0x00000000000199d8                packetbuf_attr_copyto
                0x0000000000019a30                packetbuf_attr_copyfrom
                0x0000000000019a88                packetbuf_set_attr
                0x0000000000019ab2                packetbuf_attr
                0x0000000000019acc                packetbuf_set_addr
                0x0000000000019afd                packetbuf_addr
                0x0000000000019b1a                packetbuf_holds_broadcast
 .text          0x0000000000019b37       0xef obj_cooja/mtype49.a(netstack.o)
                0x0000000000019b37                netstack_process_ip_callback
                0x0000000000019bc8                netstack_ip_packet_processor_add
                0x0000000000019beb                uip_ds6_ip_packet_processor_rm
                0x0000000000019c08                netstack_init
 .text          0x0000000000019c26       0x4f obj_cooja/mtype49.a(linkaddr.o)
                0x0000000000019c26                linkaddr_copy
                0x0000000000019c3c                linkaddr_cmp
                0x0000000000019c5f                linkaddr_set_node_addr
 .text          0x0000000000019c75      0x165 obj_cooja/mtype49.a(csma.o)
 .text          0x0000000000019dda      0x944 obj_cooja/mtype49.a(csma-output.o)
                0x000000000001a453                csma_output_packet
                0x000000000001a6e0                csma_output_init
 .text          0x000000000001a71e      0xb25 obj_cooja/mtype49.a(uip-ds6.o)
                0x000000000001a71e                uip_ds6_init
                0x000000000001a8c9                uip_ds6_periodic
                0x000000000001a950                uip_ds6_list_loop
                0x000000000001aa10                uip_ds6_prefix_add
                0x000000000001aabc                uip_ds6_prefix_rm
                0x000000000001aacf                uip_ds6_prefix_lookup
                0x000000000001ab0e                uip_ds6_is_addr_onlink
                0x000000000001ab81                uip_ds6_addr_add
                0x000000000001aca1                uip_ds6_addr_rm
                0x000000000001ad4a                uip_ds6_addr_lookup
                0x000000000001ad83                uip_ds6_get_link_local
                0x000000000001ae04                uip_ds6_get_global
                0x000000000001ae85                uip_ds6_maddr_add
                0x000000000001aee5                uip_ds6_maddr_rm
                0x000000000001aef8                uip_ds6_maddr_lookup
                0x000000000001af31                uip_ds6_aaddr_add
                0x000000000001af91                uip_ds6_aaddr_rm
                0x000000000001afa4                uip_ds6_aaddr_lookup
                0x000000000001afdd                uip_ds6_select_src
                0x000000000001b126                uip_ds6_set_addr_iid
                0x000000000001b151                uip_ds6_set_lladdr_from_iid
                0x000000000001b17a                get_match_length
                0x000000000001b20b                uip_ds6_compute_reachable_time
 .text          0x000000000001b243      0x9d5 obj_cooja/mtype49.a(tcp-socket.o)
                0x000000000001b88e                tcp_socket_register
                0x000000000001b91f                tcp_socket_connect
                0x000000000001b9b6                tcp_socket_listen
                0x000000000001ba2d                tcp_socket_unlisten
                0x000000000001baa1                tcp_socket_send
                0x000000000001bb41                tcp_socket_send_str
                0x000000000001bb69                tcp_socket_close
                0x000000000001bb92                tcp_socket_unregister
                0x000000000001bbec                tcp_socket_max_sendlen
                0x000000000001bc09                tcp_socket_queuelen
 .text          0x000000000001bc18      0xa72 obj_cooja/mtype49.a(tcpip.o)
                0x000000000001bc32                tcpip_output
                0x000000000001bd16                tcp_connect
                0x000000000001bd6e                tcp_unlisten
                0x000000000001bdce                tcp_listen
                0x000000000001be2c                tcp_attach
                0x000000000001be44                udp_attach
                0x000000000001be5c                udp_new
                0x000000000001bea6                udp_broadcast_new
                0x000000000001c12b                tcpip_input
                0x000000000001c2cb                tcpip_ipv6_output
                0x000000000001c4df                tcpip_poll_udp
                0x000000000001c4fd                tcpip_poll_tcp
                0x000000000001c51b                tcpip_uipcall
 .text          0x000000000001c68a      0x35b obj_cooja/mtype49.a(uip-ds6-route.o)
                0x000000000001c6db                uip_ds6_route_init
                0x000000000001c705                uip_ds6_route_nexthop
                0x000000000001c70f                uip_ds6_route_head
                0x000000000001c719                uip_ds6_route_next
                0x000000000001c723                uip_ds6_route_is_nexthop
                0x000000000001c72d                uip_ds6_route_num_routes
                0x000000000001c737                uip_ds6_route_lookup
                0x000000000001c741                uip_ds6_route_add
                0x000000000001c754                uip_ds6_route_rm
                0x000000000001c75a                uip_ds6_route_rm_by_nexthop
                0x000000000001c760                uip_ds6_defrt_head
                0x000000000001c779                uip_ds6_defrt_add
                0x000000000001c827                uip_ds6_defrt_rm
                0x000000000001c88d                uip_ds6_defrt_lookup
                0x000000000001c8f4                uip_ds6_defrt_choose
                0x000000000001c96a                uip_ds6_defrt_periodic
 .text          0x000000000001c9e5     0x2802 obj_cooja/mtype49.a(uip6.o)
                0x000000000001c9e5                uip_add32
                0x000000000001cb7f                uip_chksum
                0x000000000001cc60                uip_icmp6chksum
                0x000000000001cc75                uip_tcpchksum
                0x000000000001cc8a                uip_udpchksum
                0x000000000001cc9f                uip_init
                0x000000000001cd2a                uip_connect
                0x000000000001ceb3                remove_ext_hdr
                0x000000000001cf98                uip_udp_new
                0x000000000001d0ba                uip_unlisten
                0x000000000001d0fc                uip_listen
                0x000000000001d39d                uip_process
                0x000000000001f0e2                uip_htons
                0x000000000001f104                uip_htonl
                0x000000000001f142                uip_send
 .text          0x000000000001f1e7      0x374 obj_cooja/mtype49.a(uip-ds6-nbr.o)
                0x000000000001f1e7                uip_ds6_neighbors_init
                0x000000000001f20b                uip_ds6_nbr_add
                0x000000000001f291                uip_ds6_nbr_rm
                0x000000000001f2dc                uip_ds6_nbr_update_ll
                0x000000000001f3ca                uip_ds6_nbr_get_ipaddr
                0x000000000001f3df                uip_ds6_nbr_get_ll
                0x000000000001f3fb                uip_ds6_nbr_num
                0x000000000001f444                uip_ds6_nbr_head
                0x000000000001f45d                uip_ds6_nbr_next
                0x000000000001f479                uip_ds6_nbr_lookup
                0x000000000001f4dc                uip_ds6_nbr_ll_lookup
                0x000000000001f4f8                uip_ds6_nbr_ipaddr_from_lladdr
                0x000000000001f521                uip_ds6_nbr_lladdr_from_ipaddr
                0x000000000001f555                uip_ds6_link_callback
 .text          0x000000000001f55b      0x6b5 obj_cooja/mtype49.a(uip-nd6.o)
                0x000000000001fbf7                uip_nd6_init
 .text          0x000000000001fc10      0x37a obj_cooja/mtype49.a(simple-udp.o)
                0x000000000001fc3d                simple_udp_send
                0x000000000001fca0                simple_udp_sendto
                0x000000000001fcfb                simple_udp_sendto_port
                0x000000000001fd54                simple_udp_register
 .text          0x000000000001ff8a     0x2a78 obj_cooja/mtype49.a(sicslowpan.o)
                0x0000000000020488                netstack_sniffer_add
                0x0000000000020496                netstack_sniffer_remove
                0x00000000000229ce                sicslowpan_init
                0x00000000000229f8                sicslowpan_get_last_rssi
 .text          0x0000000000022a02      0x4d1 obj_cooja/mtype49.a(uiplib.o)
                0x0000000000022a02                uiplib_ip6addrconv
                0x0000000000022bba                uiplib_ip4addrconv
                0x0000000000022c7d                uiplib_ipaddr_print
                0x0000000000022cd0                uiplib_ipaddr_snprint
 .text          0x0000000000022ed3      0x4c9 obj_cooja/mtype49.a(rpl.o)
                0x0000000000022ed3                rpl_lollipop_greater_than
                0x0000000000022f2d                rpl_get_global_address
                0x0000000000023025                rpl_link_callback
                0x0000000000023069                rpl_has_joined
                0x000000000002308e                rpl_is_reachable
                0x000000000002310f                rpl_reset_prefix
                0x0000000000023179                rpl_set_prefix_from_addr
                0x000000000002325e                rpl_set_prefix
                0x0000000000023378                rpl_set_leaf_only
                0x0000000000023390                rpl_get_leaf_only
 .text          0x000000000002339c     0x13cb obj_cooja/mtype49.a(rpl-icmp6.o)
                0x00000000000234c1                rpl_icmp6_update_nbr_table
                0x000000000002355a                rpl_icmp6_dis_output
                0x0000000000023bb0                rpl_icmp6_dio_output
                0x00000000000243bd                rpl_icmp6_dao_output
                0x00000000000246ae                rpl_icmp6_dao_ack_output
                0x000000000002471e                rpl_icmp6_init
 .text          0x0000000000024767      0xe51 obj_cooja/mtype49.a(rpl-dag.o)
                0x0000000000024767                rpl_dag_state_to_str
                0x00000000000247a6                rpl_dag_get_root_ipaddr
                0x00000000000247ee                rpl_dag_leave
                0x0000000000024877                rpl_dag_poison_and_leave
                0x000000000002488f                rpl_dag_periodic
                0x0000000000024917                rpl_is_addr_in_our_dag
                0x000000000002495b                rpl_get_default_instance
                0x0000000000024977                rpl_get_any_dag
                0x00000000000249d0                rpl_refresh_routes
                0x0000000000024a10                rpl_global_repair
                0x0000000000024a9c                rpl_local_repair
                0x0000000000024ae6                rpl_dag_ready_to_advertise
                0x0000000000024b29                rpl_dag_update_state
                0x000000000002524d                rpl_process_dio
                0x00000000000252ce                rpl_process_dis
                0x0000000000025313                rpl_process_dao
                0x00000000000253a2                rpl_process_dao_ack
                0x0000000000025434                rpl_process_hbh
                0x0000000000025484                rpl_dag_init_root
                0x0000000000025598                rpl_dag_init
 .text          0x00000000000255b8      0x286 obj_cooja/mtype49.a(rpl-dag-root.o)
                0x00000000000255b8                rpl_dag_root_print_links
                0x0000000000025706                rpl_dag_root_set_prefix
                0x0000000000025732                rpl_dag_root_start
                0x000000000002580f                rpl_dag_root_is_root
 .text          0x000000000002583e       0x1e obj_cooja/mtype49.a(watchdog.o)
                0x000000000002583e                watchdog_init
                0x0000000000025844                watchdog_start
                0x000000000002584a                watchdog_periodic
                0x0000000000025850                watchdog_stop
                0x0000000000025856                watchdog_reboot
 .text          0x000000000002585c       0xb2 obj_cooja/mtype49.a(stimer.o)
                0x000000000002585c                stimer_set
                0x000000000002587a                stimer_reset
                0x0000000000025892                stimer_restart
                0x00000000000258a7                stimer_expired
                0x00000000000258d2                stimer_remaining
                0x00000000000258f6                stimer_elapsed
 .text          0x000000000002590e      0x1b8 obj_cooja/mtype49.a(memb.o)
                0x000000000002590e                memb_init
                0x0000000000025963                memb_alloc
                0x00000000000259c8                memb_free
                0x0000000000025a43                memb_inmemb
                0x0000000000025a82                memb_numfree
 .text          0x0000000000025ac6      0x2e7 obj_cooja/mtype49.a(queuebuf.o)
                0x0000000000025ad0                queuebuf_init
                0x0000000000025af9                queuebuf_numfree
                0x0000000000025b11                queuebuf_new_from_packetbuf
                0x0000000000025bb0                queuebuf_update_attr_from_packetbuf
                0x0000000000025be5                queuebuf_update_from_packetbuf
                0x0000000000025c35                queuebuf_free
                0x0000000000025c7e                queuebuf_to_packetbuf
                0x0000000000025cea                queuebuf_dataptr
                0x0000000000025d24                queuebuf_datalen
                0x0000000000025d47                queuebuf_addr
                0x0000000000025d7c                queuebuf_attr
                0x0000000000025da7                queuebuf_debug_print
 .text          0x0000000000025dad      0x78b obj_cooja/mtype49.a(nbr-table.o)
                0x0000000000026226                nbr_table_register
                0x0000000000026293                nbr_table_is_registered
                0x00000000000262ce                nbr_table_head
                0x0000000000026329                nbr_table_next
                0x000000000002638a                nbr_table_add_lladdr
                0x0000000000026454                nbr_table_get_from_lladdr
                0x00000000000264a0                nbr_table_remove
                0x00000000000264d8                nbr_table_lock
                0x00000000000264f2                nbr_table_unlock
                0x000000000002650c                nbr_table_get_lladdr
 .text          0x0000000000026538      0x37c obj_cooja/mtype49.a(link-stats.o)
                0x0000000000026538                link_stats_from_lladdr
                0x0000000000026554                link_stats_is_fresh
                0x0000000000026590                guess_etx_from_rssi
                0x000000000002660c                link_stats_packet_sent
                0x000000000002671f                link_stats_input_callback
                0x000000000002682f                link_stats_reset
                0x000000000002687f                link_stats_init
 .text          0x00000000000268b4      0x187 obj_cooja/mtype49.a(mac-sequence.o)
                0x00000000000268b4                mac_sequence_is_duplicate
                0x0000000000026954                mac_sequence_register_seqno
 .text          0x0000000000026a3b       0x23 obj_cooja/mtype49.a(mac.o)
                0x0000000000026a3b                mac_call_sent_callback
 .text          0x0000000000026a5e      0x41d obj_cooja/mtype49.a(framer-802154.o)
                0x0000000000026bed                framer_802154_setup_params
 .text          0x0000000000026e7b      0xb6f obj_cooja/mtype49.a(frame802154.o)
                0x0000000000026eac                frame802154_get_pan_id
                0x0000000000026eb8                frame802154_set_pan_id
                0x0000000000026ed2                frame802154_has_panid
                0x0000000000027081                frame802154_check_dest_panid
                0x0000000000027109                frame802154_is_broadcast_addr
                0x0000000000027156                frame802154_extract_linkaddr
                0x00000000000273bb                frame802154_hdrlen
                0x000000000002742e                frame802154_create_fcf
                0x00000000000274e6                frame802154_create
                0x000000000002765b                frame802154_parse_fcf
                0x000000000002773d                frame802154_parse
 .text          0x00000000000279ea      0x1ec obj_cooja/mtype49.a(uipbuf.o)
                0x00000000000279ea                uipbuf_get_next_header
                0x0000000000027a59                uipbuf_get_last_header
                0x0000000000027ae0                uipbuf_get_attr
                0x0000000000027b07                uipbuf_set_attr
                0x0000000000027b3e                uipbuf_clear_attr
                0x0000000000027b6a                uipbuf_set_attr_flag
                0x0000000000027b8b                uipbuf_clr_attr_flag
                0x0000000000027bb2                uipbuf_is_attr_flag
 .text          0x0000000000027bd6      0x96e obj_cooja/mtype49.a(uip-icmp6.o)
                0x0000000000027c4b                uip_icmp6_input
                0x0000000000027ca2                uip_icmp6_register_input_handler
                0x0000000000027eae                uip_icmp6_error_output
                0x000000000002820d                uip_icmp6_send
                0x00000000000284cc                uip_icmp6_echo_reply_callback_add
                0x00000000000284fe                uip_icmp6_echo_reply_callback_rm
                0x000000000002851b                uip_icmp6_init
 .text          0x0000000000028544      0x69b obj_cooja/mtype49.a(uip-sr.o)
                0x0000000000028544                uip_sr_num_nodes
                0x00000000000285d2                uip_sr_get_node
                0x0000000000028629                uip_sr_is_addr_reachable
                0x00000000000286d7                uip_sr_expire_parent
                0x0000000000028720                uip_sr_update_node
                0x0000000000028850                uip_sr_init
                0x0000000000028884                uip_sr_node_head
                0x000000000002889d                uip_sr_node_next
                0x00000000000288b3                uip_sr_periodic
                0x00000000000289b9                uip_sr_free_all
                0x0000000000028a29                uip_sr_link_snprint
 .text          0x0000000000028bdf      0x146 obj_cooja/mtype49.a(uip-packetqueue)
                0x0000000000028c0d                uip_packetqueue_new
                0x0000000000028c1c                uip_packetqueue_alloc
                0x0000000000028c77                uip_packetqueue_free
                0x0000000000028cbe                uip_packetqueue_buf
                0x0000000000028cdb                uip_packetqueue_buflen
                0x0000000000028cfc                uip_packetqueue_set_buflen
 .text          0x0000000000028d25      0x128 obj_cooja/mtype49.a(uip-udp-packet.)
                0x0000000000028d25                uip_udp_packet_send
                0x0000000000028d80                uip_udp_packet_sendto
 .text          0x0000000000028e4d      0x1c8 obj_cooja/mtype49.a(rpl-nbr-policy.)
                0x0000000000028fd2                rpl_nbr_policy_find_removable
 .text          0x0000000000029015      0x8ed obj_cooja/mtype49.a(rpl-neighbor.o)
                0x0000000000029091                rpl_neighbor_snprint
                0x000000000002933e                rpl_neighbor_print_list
                0x00000000000293f3                rpl_neighbor_count
                0x000000000002949a                rpl_neighbor_get_from_lladdr
                0x00000000000294b6                rpl_neighbor_is_acceptable_parent
                0x00000000000294ea                rpl_neighbor_get_link_metric
                0x000000000002951e                rpl_neighbor_rank_via_nbr
                0x0000000000029552                rpl_neighbor_get_lladdr
                0x000000000002956e                rpl_neighbor_get_ipaddr
                0x0000000000029595                rpl_neighbor_get_link_stats
                0x00000000000295bc                rpl_neighbor_is_fresh
                0x00000000000295e3                rpl_neighbor_is_reachable
                0x000000000002962e                rpl_neighbor_is_parent
                0x0000000000029658                rpl_neighbor_set_preferred_parent
                0x00000000000296e4                rpl_neighbor_remove_all
                0x0000000000029733                rpl_neighbor_get_from_ipaddr
                0x0000000000029837                rpl_neighbor_select_best
                0x00000000000298e3                rpl_neighbor_init
 .text          0x0000000000029902      0xa19 obj_cooja/mtype49.a(rpl-timers.o)
                0x0000000000029902                rpl_timers_schedule_periodic_dis
                0x0000000000029a50                rpl_timers_dio_reset
                0x0000000000029b41                rpl_timers_schedule_unicast_dio
                0x0000000000029cc7                rpl_timers_schedule_dao
                0x0000000000029e01                rpl_timers_schedule_dao_ack
                0x0000000000029e87                get_probing_delay
                0x0000000000029ebb                get_probing_target
                0x000000000002a0a5                rpl_schedule_probing
                0x000000000002a0d3                rpl_schedule_probing_now
                0x000000000002a13d                rpl_timers_unschedule_leaving
                0x000000000002a175                rpl_timers_schedule_leaving
                0x000000000002a1b6                rpl_timers_init
                0x000000000002a246                rpl_timers_stop_dag_timers
                0x000000000002a2bf                rpl_timers_unschedule_state_update
                0x000000000002a2e3                rpl_timers_schedule_state_update
 .text          0x000000000002a31b     0x102c obj_cooja/mtype49.a(rpl-ext-header.)
                0x000000000002a31b                rpl_ext_header_srh_get_next_hop
                0x000000000002a497                rpl_ext_header_srh_update
                0x000000000002ab90                rpl_ext_header_hbh_update
                0x000000000002b0e5                rpl_ext_header_update
                0x000000000002b16e                rpl_ext_header_remove
 .text          0x000000000002b347      0x31b obj_cooja/mtype49.a(rpl-mrhof.o)
 .text          0x000000000002b662        0x0 /usr/lib/gcc/i686-linux-gnu/5/crtendS.o
 .text          0x000000000002b662        0x0 /usr/lib/gcc/i686-linux-gnu/5/../../../i386-linux-gnu/crtn.o
 *(.gnu.warning)

.fini           0x000000000002b664       0x14
 *(SORT(.fini))
 .fini          0x000000000002b664        0xf /usr/lib/gcc/i686-linux-gnu/5/../../../i386-linux-gnu/crti.o
                0x000000000002b664                _fini
 .fini          0x000000000002b673        0x5 /usr/lib/gcc/i686-linux-gnu/5/../../../i386-linux-gnu/crtn.o
                [!provide]                        PROVIDE (__etext, .)
                [!provide]                        PROVIDE (_etext, .)
                [!provide]                        PROVIDE (etext, .)

.rodata         0x000000000002b680      0xc00
 *(.rodata .rodata.* .gnu.linkonce.r.*)
 .rodata        0x000000000002b680      0x477 udp-client.o
                0x000000000002b6a4                autostart_processes
 *fill*         0x000000000002baf7        0x1 
 .rodata        0x000000000002baf8        0x8 obj_cooja/mtype49.a(beep.o)
                0x000000000002baf8                beep_interface
 .rodata        0x000000000002bb00       0x20 obj_cooja/mtype49.a(button-sensor.o)
                0x000000000002bb00                button_interface
                0x000000000002bb10                button_sensor
 .rodata        0x000000000002bb20        0x8 obj_cooja/mtype49.a(leds-arch.o)
                0x000000000002bb20                leds_interface
 .rodata        0x000000000002bb28        0x8 obj_cooja/mtype49.a(moteid.o)
                0x000000000002bb28                moteid_interface
 .rodata        0x000000000002bb30       0x1c obj_cooja/mtype49.a(pir-sensor.o)
                0x000000000002bb30                pir_interface
                0x000000000002bb3c                pir_sensor
 .rodata        0x000000000002bb4c        0xe obj_cooja/mtype49.a(rs232.o)
                0x000000000002bb4c                rs232_interface
 *fill*         0x000000000002bb5a        0x2 
 .rodata        0x000000000002bb5c       0x24 obj_cooja/mtype49.a(vib-sensor.o)
                0x000000000002bb5c                vib_interface
                0x000000000002bb70                vib_sensor
 .rodata        0x000000000002bb80        0x8 obj_cooja/mtype49.a(clock.o)
                0x000000000002bb80                clock_interface
 .rodata        0x000000000002bb88        0x8 obj_cooja/mtype49.a(cooja-log.o)
                0x000000000002bb88                simlog_interface
 .rodata        0x000000000002bb90       0x2f obj_cooja/mtype49.a(cfs-cooja.o)
                0x000000000002bb90                cfs_interface
 *fill*         0x000000000002bbbf        0x1 
 .rodata        0x000000000002bbc0       0x58 obj_cooja/mtype49.a(cooja-radio.o)
                0x000000000002bbc0                radio_interface
                0x000000000002bbe0                cooja_radio_driver
 .rodata        0x000000000002bc18        0x8 obj_cooja/mtype49.a(eeprom.o)
                0x000000000002bc18                eeprom_interface
 .rodata        0x000000000002bc20        0x8 obj_cooja/mtype49.a(sensors.o)
 .rodata        0x000000000002bc28       0x14 obj_cooja/mtype49.a(mqtt.o)
 .rodata        0x000000000002bc3c       0xf8 obj_cooja/mtype49.a(contiki-main.o)
 .rodata        0x000000000002bd34        0xf obj_cooja/mtype49.a(ctimer.o)
 .rodata        0x000000000002bd43        0xc obj_cooja/mtype49.a(etimer.o)
 *fill*         0x000000000002bd4f        0x1 
 .rodata        0x000000000002bd50       0xc0 obj_cooja/mtype49.a(log.o)
 .rodata        0x000000000002be10        0xe obj_cooja/mtype49.a(serial-line.o)
 *fill*         0x000000000002be1e        0x2 
 .rodata        0x000000000002be20        0x8 obj_cooja/mtype49.a(linkaddr.o)
                0x000000000002be20                linkaddr_null
 .rodata        0x000000000002be28       0x20 obj_cooja/mtype49.a(csma.o)
                0x000000000002be30                csma_driver
 .rodata        0x000000000002be48       0x13 obj_cooja/mtype49.a(tcp-socket.o)
 .rodata        0x000000000002be5b        0xd obj_cooja/mtype49.a(tcpip.o)
 .rodata        0x000000000002be68       0x4d obj_cooja/mtype49.a(uip-ds6-route.o)
 *fill*         0x000000000002beb5        0x3 
 .rodata        0x000000000002beb8      0x13c obj_cooja/mtype49.a(uip6.o)
 .rodata        0x000000000002bff4       0x13 obj_cooja/mtype49.a(simple-udp.o)
 *fill*         0x000000000002c007        0x1 
 .rodata        0x000000000002c008       0x30 obj_cooja/mtype49.a(sicslowpan.o)
                0x000000000002c008                unc_llconf
                0x000000000002c00c                unc_ctxconf
                0x000000000002c010                unc_mxconf
                0x000000000002c014                llprefix
                0x000000000002c028                sicslowpan_driver
 .rodata        0x000000000002c038       0x2d obj_cooja/mtype49.a(uiplib.o)
 *fill*         0x000000000002c065       0x1b 
 .rodata        0x000000000002c080       0x70 obj_cooja/mtype49.a(rpl.o)
                0x000000000002c0a0                rpl_lite_driver
 .rodata        0x000000000002c0f0       0xdb obj_cooja/mtype49.a(rpl-dag.o)
 *fill*         0x000000000002c1cb        0x1 
 .rodata        0x000000000002c1cc        0xc obj_cooja/mtype49.a(framer-802154.o)
                0x000000000002c1cc                framer_802154
 .rodata        0x000000000002c1d8       0x44 obj_cooja/mtype49.a(uip-sr.o)
 .rodata        0x000000000002c21c       0x58 obj_cooja/mtype49.a(rpl-neighbor.o)
 .rodata        0x000000000002c274        0xc obj_cooja/mtype49.a(rpl-timers.o)

.rodata1
 *(.rodata1)

.eh_frame_hdr   0x000000000002c280     0x16a4
 *(.eh_frame_hdr)
 .eh_frame_hdr  0x000000000002c280     0x16a4 udp-client.o
                0x000000000002c280                __GNU_EH_FRAME_HDR
 *(.eh_frame_entry .eh_frame_entry.*)

.eh_frame       0x000000000002d924     0x5bc4
 *(.eh_frame)
 .eh_frame      0x000000000002d924       0x3c /usr/lib/gcc/i686-linux-gnu/5/../../../i386-linux-gnu/crti.o
                                         0x40 (size before relaxing)
 .eh_frame      0x000000000002d960      0x200 udp-client.o
                                        0x218 (size before relaxing)
 .eh_frame      0x000000000002db60      0x178 obj_cooja/mtype49.o
                                        0x190 (size before relaxing)
 .eh_frame      0x000000000002dcd8       0x40 obj_cooja/mtype49.a(simEnvChange.o)
                                         0x58 (size before relaxing)
 .eh_frame      0x000000000002dd18       0x60 obj_cooja/mtype49.a(cooja_mt.o)
                                         0x78 (size before relaxing)
 .eh_frame      0x000000000002dd78       0x80 obj_cooja/mtype49.a(cooja_mtarch.o)
                                         0x98 (size before relaxing)
 .eh_frame      0x000000000002ddf8       0xc8 obj_cooja/mtype49.a(rtimer-arch.o)
                                         0xe0 (size before relaxing)
 .eh_frame      0x000000000002dec0      0x160 obj_cooja/mtype49.a(beep.o)
                                        0x178 (size before relaxing)
 .eh_frame      0x000000000002e020       0xa0 obj_cooja/mtype49.a(button-sensor.o)
                                         0xb8 (size before relaxing)
 .eh_frame      0x000000000002e0c0       0xa0 obj_cooja/mtype49.a(leds-arch.o)
                                         0xb8 (size before relaxing)
 .eh_frame      0x000000000002e160       0x40 obj_cooja/mtype49.a(moteid.o)
                                         0x58 (size before relaxing)
 .eh_frame      0x000000000002e1a0       0xa0 obj_cooja/mtype49.a(pir-sensor.o)
                                         0xb8 (size before relaxing)
 .eh_frame      0x000000000002e240      0x100 obj_cooja/mtype49.a(rs232.o)
                                        0x118 (size before relaxing)
 .eh_frame      0x000000000002e340       0xa0 obj_cooja/mtype49.a(vib-sensor.o)
                                         0xb8 (size before relaxing)
 .eh_frame      0x000000000002e3e0       0xc0 obj_cooja/mtype49.a(clock.o)
                                         0xd8 (size before relaxing)
 .eh_frame      0x000000000002e4a0      0x120 obj_cooja/mtype49.a(cooja-log.o)
                                        0x138 (size before relaxing)
 .eh_frame      0x000000000002e5c0      0x160 obj_cooja/mtype49.a(cfs-cooja.o)
                                        0x178 (size before relaxing)
 .eh_frame      0x000000000002e720      0x340 obj_cooja/mtype49.a(cooja-radio.o)
                                        0x358 (size before relaxing)
 .eh_frame      0x000000000002ea60       0xa0 obj_cooja/mtype49.a(eeprom.o)
                                         0xb8 (size before relaxing)
 .eh_frame      0x000000000002eb00       0x40 obj_cooja/mtype49.a(random.o)
                                         0x58 (size before relaxing)
 .eh_frame      0x000000000002eb40       0xc0 obj_cooja/mtype49.a(sensors.o)
                                         0xd8 (size before relaxing)
 .eh_frame      0x000000000002ec00       0xe0 obj_cooja/mtype49.a(leds.o)
                                         0xf8 (size before relaxing)
 .eh_frame      0x000000000002ece0      0x4a4 obj_cooja/mtype49.a(mqtt.o)
                                        0x4bc (size before relaxing)
 .eh_frame      0x000000000002f184       0x30 obj_cooja/mtype49.a(contiki-main.o)
                                         0x48 (size before relaxing)
 .eh_frame      0x000000000002f1b4       0x40 obj_cooja/mtype49.a(autostart.o)
                                         0x58 (size before relaxing)
 .eh_frame      0x000000000002f1f4      0x100 obj_cooja/mtype49.a(ctimer.o)
                                        0x118 (size before relaxing)
 .eh_frame      0x000000000002f2f4       0x60 obj_cooja/mtype49.a(energest.o)
                                         0x78 (size before relaxing)
 .eh_frame      0x000000000002f354      0x1e0 obj_cooja/mtype49.a(etimer.o)
                                        0x1f8 (size before relaxing)
 .eh_frame      0x000000000002f534      0x100 obj_cooja/mtype49.a(log.o)
                                        0x118 (size before relaxing)
 .eh_frame      0x000000000002f634      0x1c4 obj_cooja/mtype49.a(process.o)
                                        0x1dc (size before relaxing)
 .eh_frame      0x000000000002f7f8       0x60 obj_cooja/mtype49.a(rtimer.o)
                                         0x78 (size before relaxing)
 .eh_frame      0x000000000002f858       0x20 obj_cooja/mtype49.a(node-id.o)
                                         0x38 (size before relaxing)
 .eh_frame      0x000000000002f878       0xa4 obj_cooja/mtype49.a(timer.o)
                                         0xbc (size before relaxing)
 .eh_frame      0x000000000002f91c       0x60 obj_cooja/mtype49.a(serial-line.o)
                                         0x78 (size before relaxing)
 .eh_frame      0x000000000002f97c      0x1a0 obj_cooja/mtype49.a(list.o)
                                        0x1b8 (size before relaxing)
 .eh_frame      0x000000000002fb1c       0xa0 obj_cooja/mtype49.a(ringbuf.o)
                                         0xb8 (size before relaxing)
 .eh_frame      0x000000000002fbbc      0x28c obj_cooja/mtype49.a(packetbuf.o)
                                        0x2a4 (size before relaxing)
 .eh_frame      0x000000000002fe48       0x80 obj_cooja/mtype49.a(netstack.o)
                                         0x98 (size before relaxing)
 .eh_frame      0x000000000002fec8       0x60 obj_cooja/mtype49.a(linkaddr.o)
                                         0x78 (size before relaxing)
 .eh_frame      0x000000000002ff28       0xa0 obj_cooja/mtype49.a(csma.o)
                                         0xb8 (size before relaxing)
 .eh_frame      0x000000000002ffc8      0x1d4 obj_cooja/mtype49.a(csma-output.o)
                                        0x1ec (size before relaxing)
 .eh_frame      0x000000000003019c      0x2e8 obj_cooja/mtype49.a(uip-ds6.o)
                                        0x300 (size before relaxing)
 .eh_frame      0x0000000000030484      0x248 obj_cooja/mtype49.a(tcp-socket.o)
                                        0x260 (size before relaxing)
 .eh_frame      0x00000000000306cc      0x308 obj_cooja/mtype49.a(tcpip.o)
                                        0x320 (size before relaxing)
 .eh_frame      0x00000000000309d4      0x220 obj_cooja/mtype49.a(uip-ds6-route.o)
                                        0x238 (size before relaxing)
 .eh_frame      0x0000000000030bf4      0x274 obj_cooja/mtype49.a(uip6.o)
                                        0x28c (size before relaxing)
 .eh_frame      0x0000000000030e68      0x1c0 obj_cooja/mtype49.a(uip-ds6-nbr.o)
                                        0x1d8 (size before relaxing)
 .eh_frame      0x0000000000031028       0x84 obj_cooja/mtype49.a(uip-nd6.o)
                                         0x9c (size before relaxing)
 .eh_frame      0x00000000000310ac       0xd4 obj_cooja/mtype49.a(simple-udp.o)
                                         0xec (size before relaxing)
 .eh_frame      0x0000000000031180      0x2f8 obj_cooja/mtype49.a(sicslowpan.o)
                                        0x310 (size before relaxing)
 .eh_frame      0x0000000000031478       0x88 obj_cooja/mtype49.a(uiplib.o)
                                         0xa0 (size before relaxing)
 .eh_frame      0x0000000000031500      0x1e0 obj_cooja/mtype49.a(rpl.o)
                                        0x1f8 (size before relaxing)
 .eh_frame      0x00000000000316e0      0x1c4 obj_cooja/mtype49.a(rpl-icmp6.o)
                                        0x1dc (size before relaxing)
 .eh_frame      0x00000000000318a4      0x370 obj_cooja/mtype49.a(rpl-dag.o)
                                        0x388 (size before relaxing)
 .eh_frame      0x0000000000031c14       0xa0 obj_cooja/mtype49.a(rpl-dag-root.o)
                                         0xb8 (size before relaxing)
 .eh_frame      0x0000000000031cb4       0xa0 obj_cooja/mtype49.a(watchdog.o)
                                         0xb8 (size before relaxing)
 .eh_frame      0x0000000000031d54       0xc4 obj_cooja/mtype49.a(stimer.o)
                                         0xdc (size before relaxing)
 .eh_frame      0x0000000000031e18       0xa0 obj_cooja/mtype49.a(memb.o)
                                         0xb8 (size before relaxing)
 .eh_frame      0x0000000000031eb8      0x1a0 obj_cooja/mtype49.a(queuebuf.o)
                                        0x1b8 (size before relaxing)
 .eh_frame      0x0000000000032058      0x2ac obj_cooja/mtype49.a(nbr-table.o)
                                        0x2c4 (size before relaxing)
 .eh_frame      0x0000000000032304      0x100 obj_cooja/mtype49.a(link-stats.o)
                                        0x118 (size before relaxing)
 .eh_frame      0x0000000000032404       0x48 obj_cooja/mtype49.a(mac-sequence.o)
                                         0x60 (size before relaxing)
 .eh_frame      0x000000000003244c       0x20 obj_cooja/mtype49.a(mac.o)
                                         0x38 (size before relaxing)
 .eh_frame      0x000000000003246c       0xa4 obj_cooja/mtype49.a(framer-802154.o)
                                         0xbc (size before relaxing)
 .eh_frame      0x0000000000032510      0x1a4 obj_cooja/mtype49.a(frame802154.o)
                                        0x1bc (size before relaxing)
 .eh_frame      0x00000000000326b4      0x100 obj_cooja/mtype49.a(uipbuf.o)
                                        0x118 (size before relaxing)
 .eh_frame      0x00000000000327b4      0x160 obj_cooja/mtype49.a(uip-icmp6.o)
                                        0x178 (size before relaxing)
 .eh_frame      0x0000000000032914      0x184 obj_cooja/mtype49.a(uip-sr.o)
                                        0x19c (size before relaxing)
 .eh_frame      0x0000000000032a98       0xe0 obj_cooja/mtype49.a(uip-packetqueue)
                                         0xf8 (size before relaxing)
 .eh_frame      0x0000000000032b78       0x40 obj_cooja/mtype49.a(uip-udp-packet.)
                                         0x58 (size before relaxing)
 .eh_frame      0x0000000000032bb8       0x80 obj_cooja/mtype49.a(rpl-nbr-policy.)
                                         0x98 (size before relaxing)
 .eh_frame      0x0000000000032c38      0x2d4 obj_cooja/mtype49.a(rpl-neighbor.o)
                                        0x2ec (size before relaxing)
 .eh_frame      0x0000000000032f0c      0x368 obj_cooja/mtype49.a(rpl-timers.o)
                                        0x380 (size before relaxing)
 .eh_frame      0x0000000000033274      0x128 obj_cooja/mtype49.a(rpl-ext-header.)
                                        0x140 (size before relaxing)
 .eh_frame      0x000000000003339c      0x148 obj_cooja/mtype49.a(rpl-mrhof.o)
                                        0x160 (size before relaxing)
 .eh_frame      0x00000000000334e4        0x4 /usr/lib/gcc/i686-linux-gnu/5/crtendS.o
 *(.eh_frame.*)

.gcc_except_table
 *(.gcc_except_table .gcc_except_table.*)

.gnu_extab
 *(.gnu_extab*)

.exception_ranges
 *(.exception_ranges .exception_ranges*)
                0x0000000000034f10                . = DATA_SEGMENT_ALIGN (0x1000, 0x1000)

.eh_frame
 *(.eh_frame)
 *(.eh_frame.*)

.gnu_extab
 *(.gnu_extab)

.gcc_except_table
 *(.gcc_except_table .gcc_except_table.*)

.exception_ranges
 *(.exception_ranges .exception_ranges*)

.tdata
 *(.tdata .tdata.* .gnu.linkonce.td.*)

.tbss
 *(.tbss .tbss.* .gnu.linkonce.tb.*)
 *(.tcommon)

.preinit_array
 *(.preinit_array)

.init_array     0x0000000000034f10        0x4
 *(SORT(.init_array.*) SORT(.ctors.*))
 *(.init_array EXCLUDE_FILE(*crtend?.o *crtend.o *crtbegin?.o *crtbegin.o) .ctors)
 .init_array    0x0000000000034f10        0x4 /usr/lib/gcc/i686-linux-gnu/5/crtbeginS.o

.fini_array     0x0000000000034f14        0x4
 *(SORT(.fini_array.*) SORT(.dtors.*))
 *(.fini_array EXCLUDE_FILE(*crtend?.o *crtend.o *crtbegin?.o *crtbegin.o) .dtors)
 .fini_array    0x0000000000034f14        0x4 /usr/lib/gcc/i686-linux-gnu/5/crtbeginS.o

.ctors
 *crtbegin.o(.ctors)
 *crtbegin?.o(.ctors)
 *(EXCLUDE_FILE(*crtend?.o *crtend.o) .ctors)
 *(SORT(.ctors.*))
 *(.ctors)

.dtors
 *crtbegin.o(.dtors)
 *crtbegin?.o(.dtors)
 *(EXCLUDE_FILE(*crtend?.o *crtend.o) .dtors)
 *(SORT(.dtors.*))
 *(.dtors)

.jcr            0x0000000000034f18        0x4
 *(.jcr)
 .jcr           0x0000000000034f18        0x0 /usr/lib/gcc/i686-linux-gnu/5/crtbeginS.o
 .jcr           0x0000000000034f18        0x4 /usr/lib/gcc/i686-linux-gnu/5/crtendS.o

.data.rel.ro
 *(.data.rel.ro.local* .gnu.linkonce.d.rel.ro.local.*)
 *(.data.rel.ro .data.rel.ro.* .gnu.linkonce.d.rel.ro.*)

.dynamic        0x0000000000034f1c       0xd0
 *(.dynamic)
 .dynamic       0x0000000000034f1c       0xd0 /usr/lib/gcc/i686-linux-gnu/5/../../../i386-linux-gnu/crti.o
                0x0000000000034f1c                _DYNAMIC

.got            0x0000000000034fec       0x14
 *(.got)
 .got           0x0000000000034fec       0x14 /usr/lib/gcc/i686-linux-gnu/5/../../../i386-linux-gnu/crti.o
 *(.igot)
                0x0000000000035ff4                . = DATA_SEGMENT_RELRO_END (., (SIZEOF (.got.plt) >= 0xc)?0xc:0x0)

.got.plt        0x0000000000035000        0xc
 *(.got.plt)
 .got.plt       0x0000000000035000        0xc /usr/lib/gcc/i686-linux-gnu/5/../../../i386-linux-gnu/crti.o
                0x0000000000035000                _GLOBAL_OFFSET_TABLE_
 *(.igot.plt)

.data           0x0000000000035020      0x344
 *(.data .data.* .gnu.linkonce.d.*)
 .data          0x0000000000035020        0x0 /usr/lib/gcc/i686-linux-gnu/5/../../../i386-linux-gnu/crti.o
 .data          0x0000000000035020        0x0 /usr/lib/gcc/i686-linux-gnu/5/crtbeginS.o
 .data.rel.local
                0x0000000000035020        0x4 /usr/lib/gcc/i686-linux-gnu/5/crtbeginS.o
                0x0000000000035020                __dso_handle
 .data          0x0000000000035024       0x34 udp-client.o
                0x0000000000035028                udp_client_process
                0x0000000000035038                udp_client_send_root_process
                0x0000000000035048                mqtt_client_process
 *fill*         0x0000000000035058        0x8 
 .data          0x0000000000035060       0x44 obj_cooja/mtype49.o
                0x0000000000035060                simInterfaces
                0x0000000000035094                sensors
 .data          0x00000000000350a4        0x0 obj_cooja/mtype49.a(simEnvChange.o)
 .data          0x00000000000350a4        0x0 obj_cooja/mtype49.a(cooja_mt.o)
 .data          0x00000000000350a4        0x0 obj_cooja/mtype49.a(cooja_mtarch.o)
 .data          0x00000000000350a4        0x0 obj_cooja/mtype49.a(rtimer-arch.o)
 .data          0x00000000000350a4        0x0 obj_cooja/mtype49.a(beep.o)
 .data          0x00000000000350a4        0x0 obj_cooja/mtype49.a(button-sensor.o)
 .data          0x00000000000350a4        0x0 obj_cooja/mtype49.a(leds-arch.o)
 .data          0x00000000000350a4        0x0 obj_cooja/mtype49.a(moteid.o)
 .data          0x00000000000350a4        0x0 obj_cooja/mtype49.a(pir-sensor.o)
 .data          0x00000000000350a4        0x0 obj_cooja/mtype49.a(rs232.o)
 .data          0x00000000000350a4        0x0 obj_cooja/mtype49.a(vib-sensor.o)
 .data          0x00000000000350a4        0x0 obj_cooja/mtype49.a(clock.o)
 .data          0x00000000000350a4        0x0 obj_cooja/mtype49.a(cooja-log.o)
 .data          0x00000000000350a4        0x0 obj_cooja/mtype49.a(cfs-cooja.o)
 .data          0x00000000000350a4       0x2c obj_cooja/mtype49.a(cooja-radio.o)
                0x00000000000350a4                simRadioHWOn
                0x00000000000350a8                simSignalStrength
                0x00000000000350ac                simLastSignalStrength
                0x00000000000350b0                simPower
                0x00000000000350b4                simRadioChannel
                0x00000000000350b8                simLQI
                0x00000000000350c0                cooja_radio_process
 .data          0x00000000000350d0        0x0 obj_cooja/mtype49.a(eeprom.o)
 .data          0x00000000000350d0        0x0 obj_cooja/mtype49.a(random.o)
 .data          0x00000000000350d0       0x10 obj_cooja/mtype49.a(sensors.o)
                0x00000000000350d0                sensors_process
 .data          0x00000000000350e0        0x0 obj_cooja/mtype49.a(leds.o)
 .data          0x00000000000350e0       0x14 obj_cooja/mtype49.a(mqtt.o)
                0x00000000000350e4                mqtt_process
 .data          0x00000000000350f4        0x0 obj_cooja/mtype49.a(contiki-main.o)
 .data          0x00000000000350f4        0x0 obj_cooja/mtype49.a(autostart.o)
 .data          0x00000000000350f4       0x14 obj_cooja/mtype49.a(ctimer.o)
                0x00000000000350f8                ctimer_process
 .data          0x0000000000035108        0x0 obj_cooja/mtype49.a(energest.o)
 .data          0x0000000000035108       0x10 obj_cooja/mtype49.a(etimer.o)
                0x0000000000035108                etimer_process
 *fill*         0x0000000000035118        0x8 
 .data          0x0000000000035120       0xb0 obj_cooja/mtype49.a(log.o)
                0x0000000000035120                curr_log_level_main
                0x0000000000035140                all_modules
 .data          0x00000000000351d0        0x0 obj_cooja/mtype49.a(process.o)
 .data          0x00000000000351d0        0x0 obj_cooja/mtype49.a(rtimer.o)
 .data          0x00000000000351d0        0x0 obj_cooja/mtype49.a(node-id.o)
 .data          0x00000000000351d0        0x0 obj_cooja/mtype49.a(timer.o)
 .data          0x00000000000351d0       0x10 obj_cooja/mtype49.a(serial-line.o)
                0x00000000000351d0                serial_line_process
 .data          0x00000000000351e0        0x0 obj_cooja/mtype49.a(list.o)
 .data          0x00000000000351e0        0x0 obj_cooja/mtype49.a(ringbuf.o)
 .data          0x00000000000351e0        0x4 obj_cooja/mtype49.a(packetbuf.o)
 .data          0x00000000000351e4        0x4 obj_cooja/mtype49.a(netstack.o)
 .data          0x00000000000351e8        0x0 obj_cooja/mtype49.a(linkaddr.o)
 .data          0x00000000000351e8        0x0 obj_cooja/mtype49.a(csma.o)
 .data          0x00000000000351e8       0x28 obj_cooja/mtype49.a(csma-output.o)
 .data          0x0000000000035210        0x0 obj_cooja/mtype49.a(uip-ds6.o)
 .data          0x0000000000035210       0x14 obj_cooja/mtype49.a(tcp-socket.o)
                0x0000000000035214                tcp_socket_process
 .data          0x0000000000035224       0x10 obj_cooja/mtype49.a(tcpip.o)
                0x0000000000035224                tcpip_process
 .data          0x0000000000035234       0x10 obj_cooja/mtype49.a(uip-ds6-route.o)
 .data          0x0000000000035244        0x0 obj_cooja/mtype49.a(uip6.o)
 .data          0x0000000000035244       0x14 obj_cooja/mtype49.a(uip-ds6-nbr.o)
                0x0000000000035254                ds6_neighbors
 .data          0x0000000000035258        0xc obj_cooja/mtype49.a(uip-nd6.o)
 .data          0x0000000000035264       0x10 obj_cooja/mtype49.a(simple-udp.o)
                0x0000000000035264                simple_udp_process
 .data          0x0000000000035274        0x0 obj_cooja/mtype49.a(sicslowpan.o)
 .data          0x0000000000035274        0x0 obj_cooja/mtype49.a(uiplib.o)
 .data          0x0000000000035274        0x0 obj_cooja/mtype49.a(rpl.o)
 .data          0x0000000000035274       0x30 obj_cooja/mtype49.a(rpl-icmp6.o)
 .data          0x00000000000352a4        0x0 obj_cooja/mtype49.a(rpl-dag.o)
 .data          0x00000000000352a4        0x0 obj_cooja/mtype49.a(rpl-dag-root.o)
 .data          0x00000000000352a4        0x0 obj_cooja/mtype49.a(watchdog.o)
 .data          0x00000000000352a4        0x0 obj_cooja/mtype49.a(stimer.o)
 .data          0x00000000000352a4        0x0 obj_cooja/mtype49.a(memb.o)
 .data          0x00000000000352a4       0x18 obj_cooja/mtype49.a(queuebuf.o)
 .data          0x00000000000352bc       0x10 obj_cooja/mtype49.a(nbr-table.o)
 .data          0x00000000000352cc       0x14 obj_cooja/mtype49.a(link-stats.o)
 .data          0x00000000000352e0        0x0 obj_cooja/mtype49.a(mac-sequence.o)
 .data          0x00000000000352e0        0x0 obj_cooja/mtype49.a(mac.o)
 .data          0x00000000000352e0        0x0 obj_cooja/mtype49.a(framer-802154.o)
 .data          0x00000000000352e0        0x2 obj_cooja/mtype49.a(frame802154.o)
 .data          0x00000000000352e2        0x0 obj_cooja/mtype49.a(uipbuf.o)
 *fill*         0x00000000000352e2        0x2 
 .data          0x00000000000352e4       0x20 obj_cooja/mtype49.a(uip-icmp6.o)
 .data          0x0000000000035304       0x10 obj_cooja/mtype49.a(uip-sr.o)
 .data          0x0000000000035314        0xc obj_cooja/mtype49.a(uip-packetqueue)
 .data          0x0000000000035320        0x0 obj_cooja/mtype49.a(uip-udp-packet.)
 .data          0x0000000000035320        0x0 obj_cooja/mtype49.a(rpl-nbr-policy.)
 .data          0x0000000000035320       0x14 obj_cooja/mtype49.a(rpl-neighbor.o)
                0x0000000000035330                rpl_neighbors
 .data          0x0000000000035334        0x0 obj_cooja/mtype49.a(rpl-timers.o)
 .data          0x0000000000035334        0x0 obj_cooja/mtype49.a(rpl-ext-header.)
 *fill*         0x0000000000035334        0xc 
 .data          0x0000000000035340       0x24 obj_cooja/mtype49.a(rpl-mrhof.o)
                0x0000000000035340                rpl_mrhof
 .data          0x0000000000035364        0x0 /usr/lib/gcc/i686-linux-gnu/5/crtendS.o
 .data          0x0000000000035364        0x0 /usr/lib/gcc/i686-linux-gnu/5/../../../i386-linux-gnu/crtn.o

.tm_clone_table
                0x0000000000035364        0x0
 .tm_clone_table
                0x0000000000035364        0x0 /usr/lib/gcc/i686-linux-gnu/5/crtbeginS.o
 .tm_clone_table
                0x0000000000035364        0x0 /usr/lib/gcc/i686-linux-gnu/5/crtendS.o

.data1
 *(.data1)
                0x0000000000035364                _edata = .
                [!provide]                        PROVIDE (edata, .)
                0x0000000000035364                . = .
                0x0000000000035364                __bss_start = .

.bss            0x0000000000035380    0x14b80
 *(.dynbss)
 .dynbss        0x0000000000035380        0x0 /usr/lib/gcc/i686-linux-gnu/5/../../../i386-linux-gnu/crti.o
 *(.bss .bss.* .gnu.linkonce.b.*)
 .bss           0x0000000000035380        0x0 /usr/lib/gcc/i686-linux-gnu/5/../../../i386-linux-gnu/crti.o
 .bss           0x0000000000035380        0x1 /usr/lib/gcc/i686-linux-gnu/5/crtbeginS.o
 *fill*         0x0000000000035381       0x1f 
 .bss           0x00000000000353a0      0xbd8 udp-client.o
 *fill*         0x0000000000035f78        0x8 
 .bss           0x0000000000035f80     0x2030 obj_cooja/mtype49.o
 .bss           0x0000000000037fb0        0x1 obj_cooja/mtype49.a(simEnvChange.o)
                0x0000000000037fb0                simDontFallAsleep
 *fill*         0x0000000000037fb1        0x3 
 .bss           0x0000000000037fb4        0x4 obj_cooja/mtype49.a(cooja_mt.o)
 .bss           0x0000000000037fb8        0x4 obj_cooja/mtype49.a(cooja_mtarch.o)
 .bss           0x0000000000037fbc        0x0 obj_cooja/mtype49.a(rtimer-arch.o)
 .bss           0x0000000000037fbc        0x0 obj_cooja/mtype49.a(beep.o)
 .bss           0x0000000000037fbc        0x8 obj_cooja/mtype49.a(button-sensor.o)
 .bss           0x0000000000037fc4        0x0 obj_cooja/mtype49.a(leds-arch.o)
 .bss           0x0000000000037fc4        0x0 obj_cooja/mtype49.a(moteid.o)
 .bss           0x0000000000037fc4        0x1 obj_cooja/mtype49.a(pir-sensor.o)
                0x0000000000037fc4                simPirValue
 *fill*         0x0000000000037fc5        0x3 
 .bss           0x0000000000037fc8        0x4 obj_cooja/mtype49.a(rs232.o)
 .bss           0x0000000000037fcc        0x1 obj_cooja/mtype49.a(vib-sensor.o)
                0x0000000000037fcc                simVibValue
 .bss           0x0000000000037fcd        0x0 obj_cooja/mtype49.a(clock.o)
 *fill*         0x0000000000037fcd       0x13 
 .bss           0x0000000000037fe0     0x2020 obj_cooja/mtype49.a(cooja-log.o)
 .bss           0x000000000003a000      0xfc0 obj_cooja/mtype49.a(cfs-cooja.o)
                0x000000000003a000                simCFSData
                0x000000000003afa0                simCFSSize
                0x000000000003afa4                simCFSChanged
                0x000000000003afa8                simCFSRead
                0x000000000003afac                simCFSWritten
 .bss           0x000000000003afc0       0x24 obj_cooja/mtype49.a(cooja-radio.o)
                0x000000000003afc0                simReceiving
                0x000000000003afc4                simInSize
                0x000000000003afc8                simLastPacketTimestamp
                0x000000000003afd0                simOutSize
 .bss           0x000000000003afe4        0xc obj_cooja/mtype49.a(eeprom.o)
                0x000000000003afe4                simEEPROMChanged
                0x000000000003afe8                simEEPROMRead
                0x000000000003afec                simEEPROMWritten
 .bss           0x000000000003aff0        0x0 obj_cooja/mtype49.a(random.o)
 .bss           0x000000000003aff0        0xc obj_cooja/mtype49.a(sensors.o)
 .bss           0x000000000003affc        0x0 obj_cooja/mtype49.a(leds.o)
 .bss           0x000000000003affc       0x15 obj_cooja/mtype49.a(mqtt.o)
 .bss           0x000000000003b011        0x0 obj_cooja/mtype49.a(contiki-main.o)
 .bss           0x000000000003b011        0x0 obj_cooja/mtype49.a(autostart.o)
 *fill*         0x000000000003b011        0x3 
 .bss           0x000000000003b014        0x5 obj_cooja/mtype49.a(ctimer.o)
 .bss           0x000000000003b019        0x0 obj_cooja/mtype49.a(energest.o)
 *fill*         0x000000000003b019        0x3 
 .bss           0x000000000003b01c        0x8 obj_cooja/mtype49.a(etimer.o)
 .bss           0x000000000003b024       0x28 obj_cooja/mtype49.a(log.o)
                0x000000000003b024                curr_log_level_rpl
                0x000000000003b028                curr_log_level_tcpip
                0x000000000003b02c                curr_log_level_ipv6
                0x000000000003b030                curr_log_level_6lowpan
                0x000000000003b034                curr_log_level_nullnet
                0x000000000003b038                curr_log_level_mac
                0x000000000003b03c                curr_log_level_framer
                0x000000000003b040                curr_log_level_6top
                0x000000000003b044                curr_log_level_coap
                0x000000000003b048                curr_log_level_lwm2m
 *fill*         0x000000000003b04c       0x14 
 .bss           0x000000000003b060      0x1a1 obj_cooja/mtype49.a(process.o)
                0x000000000003b060                process_list
                0x000000000003b064                process_current
 *fill*         0x000000000003b201        0x3 
 .bss           0x000000000003b204        0x4 obj_cooja/mtype49.a(rtimer.o)
 .bss           0x000000000003b208        0x2 obj_cooja/mtype49.a(node-id.o)
                0x000000000003b208                node_id
 .bss           0x000000000003b20a        0x0 obj_cooja/mtype49.a(timer.o)
 *fill*         0x000000000003b20a       0x16 
 .bss           0x000000000003b220      0x140 obj_cooja/mtype49.a(serial-line.o)
 .bss           0x000000000003b360        0x0 obj_cooja/mtype49.a(list.o)
 .bss           0x000000000003b360        0x0 obj_cooja/mtype49.a(ringbuf.o)
 .bss           0x000000000003b360       0xa0 obj_cooja/mtype49.a(packetbuf.o)
 .bss           0x000000000003b400        0x4 obj_cooja/mtype49.a(netstack.o)
 .bss           0x000000000003b404        0x0 obj_cooja/mtype49.a(linkaddr.o)
 .bss           0x000000000003b404        0x0 obj_cooja/mtype49.a(csma.o)
 *fill*         0x000000000003b404       0x1c 
 .bss           0x000000000003b420      0x726 obj_cooja/mtype49.a(csma-output.o)
 *fill*         0x000000000003bb46        0x2 
 .bss           0x000000000003bb48       0x20 obj_cooja/mtype49.a(uip-ds6.o)
 .bss           0x000000000003bb68        0x5 obj_cooja/mtype49.a(tcp-socket.o)
 *fill*         0x000000000003bb6d       0x13 
 .bss           0x000000000003bb80       0xc4 obj_cooja/mtype49.a(tcpip.o)
 *fill*         0x000000000003bc44       0x1c 
 .bss           0x000000000003bc60       0x60 obj_cooja/mtype49.a(uip-ds6-route.o)
 .bss           0x000000000003bcc0        0xc obj_cooja/mtype49.a(uip6.o)
                0x000000000003bcc0                uip_ext_bitmap
                0x000000000003bcc1                uip_ext_len
                0x000000000003bcc2                uip_ext_opt_offset
 *fill*         0x000000000003bccc       0x14 
 .bss           0x000000000003bce0     0x1c20 obj_cooja/mtype49.a(uip-ds6-nbr.o)
 .bss           0x000000000003d900       0x10 obj_cooja/mtype49.a(uip-nd6.o)
 *fill*         0x000000000003d910       0x10 
 .bss           0x000000000003d920      0x520 obj_cooja/mtype49.a(simple-udp.o)
 .bss           0x000000000003de40      0x724 obj_cooja/mtype49.a(sicslowpan.o)
 .bss           0x000000000003e564        0x0 obj_cooja/mtype49.a(uiplib.o)
 .bss           0x000000000003e564        0x1 obj_cooja/mtype49.a(rpl.o)
 .bss           0x000000000003e565        0x0 obj_cooja/mtype49.a(rpl-icmp6.o)
 .bss           0x000000000003e565        0x0 obj_cooja/mtype49.a(rpl-dag.o)
 *fill*         0x000000000003e565        0x3 
 .bss           0x000000000003e568       0x11 obj_cooja/mtype49.a(rpl-dag-root.o)
 .bss           0x000000000003e579        0x0 obj_cooja/mtype49.a(watchdog.o)
 .bss           0x000000000003e579        0x0 obj_cooja/mtype49.a(stimer.o)
 .bss           0x000000000003e579        0x0 obj_cooja/mtype49.a(memb.o)
 *fill*         0x000000000003e579        0x7 
 .bss           0x000000000003e580     0x2c80 obj_cooja/mtype49.a(queuebuf.o)
 .bss           0x0000000000041200     0x1214 obj_cooja/mtype49.a(nbr-table.o)
 *fill*         0x0000000000042414        0xc 
 .bss           0x0000000000042420      0xe10 obj_cooja/mtype49.a(link-stats.o)
 *fill*         0x0000000000043230       0x10 
 .bss           0x0000000000043240      0x100 obj_cooja/mtype49.a(mac-sequence.o)
 .bss           0x0000000000043340        0x0 obj_cooja/mtype49.a(mac.o)
 .bss           0x0000000000043340        0x2 obj_cooja/mtype49.a(framer-802154.o)
 .bss           0x0000000000043342        0x0 obj_cooja/mtype49.a(frame802154.o)
 *fill*         0x0000000000043342        0x2 
 .bss           0x0000000000043344        0xc obj_cooja/mtype49.a(uipbuf.o)
 .bss           0x0000000000043350       0x18 obj_cooja/mtype49.a(uip-icmp6.o)
 *fill*         0x0000000000043368       0x18 
 .bss           0x0000000000043380     0x1d80 obj_cooja/mtype49.a(uip-sr.o)
 .bss           0x0000000000045100      0xa78 obj_cooja/mtype49.a(uip-packetqueue)
 .bss           0x0000000000045b78        0x0 obj_cooja/mtype49.a(uip-udp-packet.)
 .bss           0x0000000000045b78        0xe obj_cooja/mtype49.a(rpl-nbr-policy.)
 *fill*         0x0000000000045b86       0x1a 
 .bss           0x0000000000045ba0      0x960 obj_cooja/mtype49.a(rpl-neighbor.o)
 .bss           0x0000000000046500       0x40 obj_cooja/mtype49.a(rpl-timers.o)
 .bss           0x0000000000046540        0x0 obj_cooja/mtype49.a(rpl-ext-header.)
 .bss           0x0000000000046540        0x0 obj_cooja/mtype49.a(rpl-mrhof.o)
 .bss           0x0000000000046540        0x0 /usr/lib/gcc/i686-linux-gnu/5/crtendS.o
 .bss           0x0000000000046540        0x0 /usr/lib/gcc/i686-linux-gnu/5/../../../i386-linux-gnu/crtn.o
 *(COMMON)
 COMMON         0x0000000000046540        0x8 obj_cooja/mtype49.o
                0x0000000000046540                referenceVar
                0x0000000000046544                sensors_flags
 COMMON         0x0000000000046548        0xc obj_cooja/mtype49.a(simEnvChange.o)
                0x0000000000046548                simEtimerPending
                0x000000000004654c                simProcessRunValue
                0x0000000000046550                simEtimerNextExpirationTime
 *fill*         0x0000000000046554        0x4 
 COMMON         0x0000000000046558       0x18 obj_cooja/mtype49.a(rtimer-arch.o)
                0x0000000000046558                simRtimerPending
                0x0000000000046560                simRtimerCurrentTicks
                0x0000000000046568                simRtimerNextExpirationTime
 COMMON         0x0000000000046570        0x1 obj_cooja/mtype49.a(beep.o)
                0x0000000000046570                simBeeped
 COMMON         0x0000000000046571        0x3 obj_cooja/mtype49.a(button-sensor.o)
                0x0000000000046571                simButtonIsActive
                0x0000000000046572                simButtonIsDown
                0x0000000000046573                simButtonChanged
 COMMON         0x0000000000046574        0x1 obj_cooja/mtype49.a(leds-arch.o)
                0x0000000000046574                simLedsValue
 *fill*         0x0000000000046575        0x3 
 COMMON         0x0000000000046578        0xc obj_cooja/mtype49.a(moteid.o)
                0x0000000000046578                simRandomSeed
                0x000000000004657c                simMoteIDChanged
                0x0000000000046580                simMoteID
 COMMON         0x0000000000046584        0x2 obj_cooja/mtype49.a(pir-sensor.o)
                0x0000000000046584                simPirIsActive
                0x0000000000046585                simPirChanged
 *fill*         0x0000000000046586       0x1a 
 COMMON         0x00000000000465a0      0x820 obj_cooja/mtype49.a(rs232.o)
                0x00000000000465a0                simSerialReceivingFlag
                0x00000000000465a4                simSerialReceivingLength
                0x00000000000465c0                simSerialReceivingData
 COMMON         0x0000000000046dc0        0x2 obj_cooja/mtype49.a(vib-sensor.o)
                0x0000000000046dc0                simVibChanged
                0x0000000000046dc1                simVibIsActive
 *fill*         0x0000000000046dc2        0x2 
 COMMON         0x0000000000046dc4        0x4 obj_cooja/mtype49.a(clock.o)
                0x0000000000046dc4                simCurrentTime
 *fill*         0x0000000000046dc8       0x18 
 COMMON         0x0000000000046de0     0x2020 obj_cooja/mtype49.a(cooja-log.o)
                0x0000000000046de0                simLoggedLength
                0x0000000000046de4                simLoggedFlag
                0x0000000000046e00                simLoggedData
 COMMON         0x0000000000048e00      0x100 obj_cooja/mtype49.a(cooja-radio.o)
                0x0000000000048e00                simOutDataBuffer
                0x0000000000048e80                simInDataBuffer
 COMMON         0x0000000000048f00      0x400 obj_cooja/mtype49.a(eeprom.o)
                0x0000000000048f00                simEEPROMData
 COMMON         0x0000000000049300        0x1 obj_cooja/mtype49.a(sensors.o)
                0x0000000000049300                sensors_event
 COMMON         0x0000000000049301        0x1 obj_cooja/mtype49.a(mqtt.o)
                0x0000000000049301                mqtt_update_event
 *fill*         0x0000000000049302        0x2 
 COMMON         0x0000000000049304       0x50 obj_cooja/mtype49.a(contiki-main.o)
                0x0000000000049304                eb_per_time_source
                0x0000000000049318                unicast_per_neighbor_rpl_storing
                0x000000000004932c                unicast_per_neighbor_rpl_ns
                0x0000000000049340                default_common
 COMMON         0x0000000000049354        0x1 obj_cooja/mtype49.a(serial-line.o)
                0x0000000000049354                serial_line_event_message
 *fill*         0x0000000000049355        0x3 
 COMMON         0x0000000000049358       0x2c obj_cooja/mtype49.a(packetbuf.o)
                0x0000000000049358                packetbuf_attrs
                0x0000000000049374                packetbuf_addrs
 COMMON         0x0000000000049384        0x8 obj_cooja/mtype49.a(linkaddr.o)
                0x0000000000049384                linkaddr_node_addr
 *fill*         0x000000000004938c       0x14 
 COMMON         0x00000000000493a0      0x181 obj_cooja/mtype49.a(uip-ds6.o)
                0x00000000000493a0                uip_ds6_prefix_list
                0x0000000000049400                uip_ds6_timer_periodic
                0x0000000000049410                uip_ds6_netif_addr_list_offset
                0x0000000000049420                uip_ds6_if
                0x0000000000049518                uip_ds6_timer_ra
                0x0000000000049520                uip_ds6_addr_size
 COMMON         0x0000000000049521        0x1 obj_cooja/mtype49.a(tcpip.o)
                0x0000000000049521                tcpip_event
 *fill*         0x0000000000049522       0x1e 
 COMMON         0x0000000000049540      0x80c obj_cooja/mtype49.a(uip6.o)
                0x0000000000049540                uip_slen
                0x0000000000049544                uip_acc32
                0x0000000000049560                uip_conns
                0x00000000000496e0                uip_lladdr
                0x00000000000496e8                uip_appdata
                0x00000000000496ec                uip_flags
                0x0000000000049700                uip_aligned_buf
                0x0000000000049c00                uip_listenports
                0x0000000000049c28                uip_len
                0x0000000000049c2c                uip_sappdata
                0x0000000000049c40                uip_udp_conns
                0x0000000000049d40                uip_udp_conn
                0x0000000000049d44                uip_next_hdr
                0x0000000000049d48                uip_conn
 COMMON         0x0000000000049d4c       0x10 obj_cooja/mtype49.a(rpl.o)
                0x0000000000049d4c                rpl_multicast_addr
 *fill*         0x0000000000049d5c        0x4 
 COMMON         0x0000000000049d60      0x164 obj_cooja/mtype49.a(rpl-dag.o)
                0x0000000000049d60                curr_instance
 *fill*         0x0000000000049ec4       0x1c 
 COMMON         0x0000000000049ee0       0x20 obj_cooja/mtype49.a(link-stats.o)
                0x0000000000049ee0                periodic_timer
                0x0000000000049f00                . = ALIGN ((. != 0x0)?0x4:0x1)
                0x0000000000049f00                . = ALIGN (0x4)
                0x0000000000049f00                . = SEGMENT_START ("ldata-segment", .)
                0x0000000000049f00                . = ALIGN (0x4)
                0x0000000000049f00                _end = .
                [!provide]                        PROVIDE (end, .)
                0x0000000000049f00                . = DATA_SEGMENT_END (.)

.stab
 *(.stab)

.stabstr
 *(.stabstr)

.stab.excl
 *(.stab.excl)

.stab.exclstr
 *(.stab.exclstr)

.stab.index
 *(.stab.index)

.stab.indexstr
 *(.stab.indexstr)

.comment        0x0000000000000000       0x35
 *(.comment)
 .comment       0x0000000000000000       0x35 /usr/lib/gcc/i686-linux-gnu/5/crtbeginS.o
                                         0x36 (size before relaxing)
 .comment       0x0000000000000035       0x36 udp-client.o
 .comment       0x0000000000000035       0x36 obj_cooja/mtype49.o
 .comment       0x0000000000000035       0x36 obj_cooja/mtype49.a(simEnvChange.o)
 .comment       0x0000000000000035       0x36 obj_cooja/mtype49.a(cooja_mt.o)
 .comment       0x0000000000000035       0x36 obj_cooja/mtype49.a(cooja_mtarch.o)
 .comment       0x0000000000000035       0x36 obj_cooja/mtype49.a(rtimer-arch.o)
 .comment       0x0000000000000035       0x36 obj_cooja/mtype49.a(beep.o)
 .comment       0x0000000000000035       0x36 obj_cooja/mtype49.a(button-sensor.o)
 .comment       0x0000000000000035       0x36 obj_cooja/mtype49.a(leds-arch.o)
 .comment       0x0000000000000035       0x36 obj_cooja/mtype49.a(moteid.o)
 .comment       0x0000000000000035       0x36 obj_cooja/mtype49.a(pir-sensor.o)
 .comment       0x0000000000000035       0x36 obj_cooja/mtype49.a(rs232.o)
 .comment       0x0000000000000035       0x36 obj_cooja/mtype49.a(vib-sensor.o)
 .comment       0x0000000000000035       0x36 obj_cooja/mtype49.a(clock.o)
 .comment       0x0000000000000035       0x36 obj_cooja/mtype49.a(cooja-log.o)
 .comment       0x0000000000000035       0x36 obj_cooja/mtype49.a(cfs-cooja.o)
 .comment       0x0000000000000035       0x36 obj_cooja/mtype49.a(cooja-radio.o)
 .comment       0x0000000000000035       0x36 obj_cooja/mtype49.a(eeprom.o)
 .comment       0x0000000000000035       0x36 obj_cooja/mtype49.a(random.o)
 .comment       0x0000000000000035       0x36 obj_cooja/mtype49.a(sensors.o)
 .comment       0x0000000000000035       0x36 obj_cooja/mtype49.a(leds.o)
 .comment       0x0000000000000035       0x36 obj_cooja/mtype49.a(mqtt.o)
 .comment       0x0000000000000035       0x36 obj_cooja/mtype49.a(contiki-main.o)
 .comment       0x0000000000000035       0x36 obj_cooja/mtype49.a(autostart.o)
 .comment       0x0000000000000035       0x36 obj_cooja/mtype49.a(ctimer.o)
 .comment       0x0000000000000035       0x36 obj_cooja/mtype49.a(energest.o)
 .comment       0x0000000000000035       0x36 obj_cooja/mtype49.a(etimer.o)
 .comment       0x0000000000000035       0x36 obj_cooja/mtype49.a(log.o)
 .comment       0x0000000000000035       0x36 obj_cooja/mtype49.a(process.o)
 .comment       0x0000000000000035       0x36 obj_cooja/mtype49.a(rtimer.o)
 .comment       0x0000000000000035       0x36 obj_cooja/mtype49.a(node-id.o)
 .comment       0x0000000000000035       0x36 obj_cooja/mtype49.a(timer.o)
 .comment       0x0000000000000035       0x36 obj_cooja/mtype49.a(serial-line.o)
 .comment       0x0000000000000035       0x36 obj_cooja/mtype49.a(list.o)
 .comment       0x0000000000000035       0x36 obj_cooja/mtype49.a(ringbuf.o)
 .comment       0x0000000000000035       0x36 obj_cooja/mtype49.a(packetbuf.o)
 .comment       0x0000000000000035       0x36 obj_cooja/mtype49.a(netstack.o)
 .comment       0x0000000000000035       0x36 obj_cooja/mtype49.a(linkaddr.o)
 .comment       0x0000000000000035       0x36 obj_cooja/mtype49.a(csma.o)
 .comment       0x0000000000000035       0x36 obj_cooja/mtype49.a(csma-output.o)
 .comment       0x0000000000000035       0x36 obj_cooja/mtype49.a(uip-ds6.o)
 .comment       0x0000000000000035       0x36 obj_cooja/mtype49.a(tcp-socket.o)
 .comment       0x0000000000000035       0x36 obj_cooja/mtype49.a(tcpip.o)
 .comment       0x0000000000000035       0x36 obj_cooja/mtype49.a(uip-ds6-route.o)
 .comment       0x0000000000000035       0x36 obj_cooja/mtype49.a(uip6.o)
 .comment       0x0000000000000035       0x36 obj_cooja/mtype49.a(uip-ds6-nbr.o)
 .comment       0x0000000000000035       0x36 obj_cooja/mtype49.a(uip-nd6.o)
 .comment       0x0000000000000035       0x36 obj_cooja/mtype49.a(simple-udp.o)
 .comment       0x0000000000000035       0x36 obj_cooja/mtype49.a(sicslowpan.o)
 .comment       0x0000000000000035       0x36 obj_cooja/mtype49.a(uiplib.o)
 .comment       0x0000000000000035       0x36 obj_cooja/mtype49.a(rpl.o)
 .comment       0x0000000000000035       0x36 obj_cooja/mtype49.a(rpl-icmp6.o)
 .comment       0x0000000000000035       0x36 obj_cooja/mtype49.a(rpl-dag.o)
 .comment       0x0000000000000035       0x36 obj_cooja/mtype49.a(rpl-dag-root.o)
 .comment       0x0000000000000035       0x36 obj_cooja/mtype49.a(watchdog.o)
 .comment       0x0000000000000035       0x36 obj_cooja/mtype49.a(stimer.o)
 .comment       0x0000000000000035       0x36 obj_cooja/mtype49.a(memb.o)
 .comment       0x0000000000000035       0x36 obj_cooja/mtype49.a(queuebuf.o)
 .comment       0x0000000000000035       0x36 obj_cooja/mtype49.a(nbr-table.o)
 .comment       0x0000000000000035       0x36 obj_cooja/mtype49.a(link-stats.o)
 .comment       0x0000000000000035       0x36 obj_cooja/mtype49.a(mac-sequence.o)
 .comment       0x0000000000000035       0x36 obj_cooja/mtype49.a(mac.o)
 .comment       0x0000000000000035       0x36 obj_cooja/mtype49.a(framer-802154.o)
 .comment       0x0000000000000035       0x36 obj_cooja/mtype49.a(frame802154.o)
 .comment       0x0000000000000035       0x36 obj_cooja/mtype49.a(uipbuf.o)
 .comment       0x0000000000000035       0x36 obj_cooja/mtype49.a(uip-icmp6.o)
 .comment       0x0000000000000035       0x36 obj_cooja/mtype49.a(uip-sr.o)
 .comment       0x0000000000000035       0x36 obj_cooja/mtype49.a(uip-packetqueue)
 .comment       0x0000000000000035       0x36 obj_cooja/mtype49.a(uip-udp-packet.)
 .comment       0x0000000000000035       0x36 obj_cooja/mtype49.a(rpl-nbr-policy.)
 .comment       0x0000000000000035       0x36 obj_cooja/mtype49.a(rpl-neighbor.o)
 .comment       0x0000000000000035       0x36 obj_cooja/mtype49.a(rpl-timers.o)
 .comment       0x0000000000000035       0x36 obj_cooja/mtype49.a(rpl-ext-header.)
 .comment       0x0000000000000035       0x36 obj_cooja/mtype49.a(rpl-mrhof.o)
 .comment       0x0000000000000035       0x36 /usr/lib/gcc/i686-linux-gnu/5/crtendS.o

.debug