Archive member included to satisfy reference by file (symbol)

obj_cooja/mtype757.a(simEnvChange.o)
                              obj_cooja/mtype757.o (simDontFallAsleep)
obj_cooja/mtype757.a(cooja_mt.o)
                              obj_cooja/mtype757.o (cooja_mt_start)
obj_cooja/mtype757.a(cooja_mtarch.o)
                              obj_cooja/mtype757.a(cooja_mt.o) (cooja_mtarch_start)
obj_cooja/mtype757.a(rtimer-arch.o)
                              obj_cooja/mtype757.o (rtimer_arch_check)
obj_cooja/mtype757.a(beep.o)  obj_cooja/mtype757.o (beep_interface)
obj_cooja/mtype757.a(button-sensor.o)
                              obj_cooja/mtype757.o (button_interface)
obj_cooja/mtype757.a(leds-arch.o)
                              obj_cooja/mtype757.o (leds_interface)
obj_cooja/mtype757.a(moteid.o)
                              obj_cooja/mtype757.o (moteid_interface)
obj_cooja/mtype757.a(pir-sensor.o)
                              obj_cooja/mtype757.o (pir_interface)
obj_cooja/mtype757.a(rs232.o)
                              obj_cooja/mtype757.o (rs232_interface)
obj_cooja/mtype757.a(vib-sensor.o)
                              obj_cooja/mtype757.o (vib_interface)
obj_cooja/mtype757.a(clock.o)
                              obj_cooja/mtype757.o (clock_interface)
obj_cooja/mtype757.a(cooja-log.o)
                              obj_cooja/mtype757.o (simlog_interface)
obj_cooja/mtype757.a(cfs-cooja.o)
                              obj_cooja/mtype757.o (cfs_interface)
obj_cooja/mtype757.a(cooja-radio.o)
                              obj_cooja/mtype757.o (radio_interface)
obj_cooja/mtype757.a(eeprom.o)
                              obj_cooja/mtype757.o (eeprom_interface)
obj_cooja/mtype757.a(random.o)
                              obj_cooja/mtype757.a(moteid.o) (random_init)
obj_cooja/mtype757.a(sensors.o)
                              obj_cooja/mtype757.a(button-sensor.o) (sensors_changed)
obj_cooja/mtype757.a(leds.o)  udp-client.o (leds_on)
obj_cooja/mtype757.a(mqtt.o)  udp-client.o (mqtt_disconnect)
obj_cooja/mtype757.a(contiki-main.o)
                              obj_cooja/mtype757.o (main)
obj_cooja/mtype757.a(autostart.o)
                              obj_cooja/mtype757.a(contiki-main.o) (autostart_start)
obj_cooja/mtype757.a(ctimer.o)
                              obj_cooja/mtype757.a(contiki-main.o) (ctimer_init)
obj_cooja/mtype757.a(energest.o)
                              obj_cooja/mtype757.a(contiki-main.o) (energest_init)
obj_cooja/mtype757.a(etimer.o)
                              obj_cooja/mtype757.a(contiki-main.o) (etimer_process)
obj_cooja/mtype757.a(log.o)   obj_cooja/mtype757.a(contiki-main.o) (curr_log_level_main)
obj_cooja/mtype757.a(process.o)
                              udp-client.o (process_current)
obj_cooja/mtype757.a(rtimer.o)
                              obj_cooja/mtype757.a(contiki-main.o) (rtimer_init)
obj_cooja/mtype757.a(node-id.o)
                              udp-client.o (node_id)
obj_cooja/mtype757.a(timer.o)
                              obj_cooja/mtype757.a(button-sensor.o) (timer_set)
obj_cooja/mtype757.a(serial-line.o)
                              obj_cooja/mtype757.a(rs232.o) (serial_line_input_byte)
obj_cooja/mtype757.a(list.o)  obj_cooja/mtype757.a(mqtt.o) (list_init)
obj_cooja/mtype757.a(ringbuf.o)
                              obj_cooja/mtype757.a(serial-line.o) (ringbuf_init)
obj_cooja/mtype757.a(packetbuf.o)
                              obj_cooja/mtype757.a(cooja-radio.o) (packetbuf_clear)
obj_cooja/mtype757.a(netstack.o)
                              obj_cooja/mtype757.a(contiki-main.o) (netstack_init)
obj_cooja/mtype757.a(linkaddr.o)
                              udp-client.o (linkaddr_node_addr)
obj_cooja/mtype757.a(csma.o)  obj_cooja/mtype757.a(cooja-radio.o) (csma_driver)
obj_cooja/mtype757.a(csma-output.o)
                              obj_cooja/mtype757.a(csma.o) (csma_output_packet)
obj_cooja/mtype757.a(uip-ds6.o)
                              obj_cooja/mtype757.a(contiki-main.o) (uip_ds6_get_link_local)
obj_cooja/mtype757.a(tcp-socket.o)
                              obj_cooja/mtype757.a(mqtt.o) (tcp_socket_register)
obj_cooja/mtype757.a(tcpip.o)
                              obj_cooja/mtype757.a(tcp-socket.o) (tcpip_event)
obj_cooja/mtype757.a(uip-ds6-route.o)
                              obj_cooja/mtype757.a(uip-ds6.o) (uip_ds6_route_init)
obj_cooja/mtype757.a(uip6.o)  obj_cooja/mtype757.a(contiki-main.o) (uip_lladdr)
obj_cooja/mtype757.a(uip-ds6-nbr.o)
                              obj_cooja/mtype757.a(uip-ds6.o) (uip_ds6_neighbors_init)
obj_cooja/mtype757.a(uip-nd6.o)
                              obj_cooja/mtype757.a(uip6.o) (uip_nd6_init)
obj_cooja/mtype757.a(simple-udp.o)
                              udp-client.o (simple_udp_sendto)
obj_cooja/mtype757.a(sicslowpan.o)
                              obj_cooja/mtype757.a(contiki-main.o) (sicslowpan_driver)
obj_cooja/mtype757.a(uiplib.o)
[...]
Memory Configuration

Name             Origin             Length             Attributes
*default*        0x0000000000000000 0xffffffffffffffff

Linker script and memory map

LOAD /usr/lib/gcc/i686-linux-gnu/5/../../../i386-linux-gnu/crti.o
LOAD /usr/lib/gcc/i686-linux-gnu/5/crtbeginS.o
LOAD udp-client.o
LOAD obj_cooja/mtype757.o
LOAD obj_cooja/mtype757.a
LOAD /usr/lib/gcc/i686-linux-gnu/5/libgcc.a
LOAD /usr/lib/gcc/i686-linux-gnu/5/libgcc_s.so
LOAD /usr/lib/gcc/i686-linux-gnu/5/../../../i386-linux-gnu/libc.so
START GROUP
LOAD /lib/i386-linux-gnu/libc.so.6
LOAD /usr/lib/i386-linux-gnu/libc_nonshared.a
LOAD /lib/i386-linux-gnu/ld-linux.so.2
END GROUP
LOAD /usr/lib/gcc/i686-linux-gnu/5/libgcc.a
LOAD /usr/lib/gcc/i686-linux-gnu/5/libgcc_s.so
LOAD /usr/lib/gcc/i686-linux-gnu/5/crtendS.o
LOAD /usr/lib/gcc/i686-linux-gnu/5/../../../i386-linux-gnu/crtn.o
                0x0000000000000114                . = (0x0 + SIZEOF_HEADERS)

.note.gnu.build-id
                0x0000000000000114       0x24
 *(.note.gnu.build-id)
 .note.gnu.build-id
                0x0000000000000114       0x24 /usr/lib/gcc/i686-linux-gnu/5/../../../i386-linux-gnu/crti.o

.hash
 *(.hash)

.gnu.hash       0x0000000000000138     0x13ec
 *(.gnu.hash)
 .gnu.hash      0x0000000000000138     0x13ec /usr/lib/gcc/i686-linux-gnu/5/../../../i386-linux-gnu/crti.o

.dynsym         0x0000000000001524     0x2800
 *(.dynsym)
 .dynsym        0x0000000000001524     0x2800 /usr/lib/gcc/i686-linux-gnu/5/../../../i386-linux-gnu/crti.o

.dynstr         0x0000000000003d24     0x2b9a
 *(.dynstr)
 .dynstr        0x0000000000003d24     0x2b9a /usr/lib/gcc/i686-linux-gnu/5/../../../i386-linux-gnu/crti.o

.gnu.version    0x00000000000068be      0x500
 *(.gnu.version)
 .gnu.version   0x00000000000068be      0x500 /usr/lib/gcc/i686-linux-gnu/5/../../../i386-linux-gnu/crti.o

.gnu.version_d  0x0000000000006dc0        0x0
 *(.gnu.version_d)
 .gnu.version_d
                0x0000000000006dc0        0x0 /usr/lib/gcc/i686-linux-gnu/5/../../../i386-linux-gnu/crti.o

.gnu.version_r  0x0000000000006dc0       0x40
 *(.gnu.version_r)
 .gnu.version_r
                0x0000000000006dc0       0x40 /usr/lib/gcc/i686-linux-gnu/5/../../../i386-linux-gnu/crti.o

.rel.dyn        0x0000000000006e00     0xa7b8
 *(.rel.init)
 .rel.init      0x0000000000006e00        0x0 /usr/lib/gcc/i686-linux-gnu/5/../../../i386-linux-gnu/crti.o
 *(.rel.text .rel.text.* .rel.gnu.linkonce.t.*)
 .rel.text      0x0000000000006e00     0x9e70 /usr/lib/gcc/i686-linux-gnu/5/../../../i386-linux-gnu/crti.o
 *(.rel.fini)
 .rel.fini      0x0000000000010c70        0x0 /usr/lib/gcc/i686-linux-gnu/5/../../../i386-linux-gnu/crti.o
 *(.rel.rodata .rel.rodata.* .rel.gnu.linkonce.r.*)
 .rel.rodata    0x0000000000010c70      0x588 /usr/lib/gcc/i686-linux-gnu/5/../../../i386-linux-gnu/crti.o
 *(.rel.data.rel.ro .rel.data.rel.ro.* .rel.gnu.linkonce.d.rel.ro.*)
 *(.rel.data .rel.data.* .rel.gnu.linkonce.d.*)
 .rel.data.rel.local
                0x00000000000111f8        0x8 /usr/lib/gcc/i686-linux-gnu/5/../../../i386-linux-gnu/crti.o
 .rel.data      0x0000000000011200      0x380 /usr/lib/gcc/i686-linux-gnu/5/../../../i386-linux-gnu/crti.o
 *(.rel.tdata .rel.tdata.* .rel.gnu.linkonce.td.*)
 *(.rel.tbss .rel.tbss.* .rel.gnu.linkonce.tb.*)
 *(.rel.ctors)
 *(.rel.dtors)
 *(.rel.got)
 .rel.got       0x0000000000011580       0x28 /usr/lib/gcc/i686-linux-gnu/5/../../../i386-linux-gnu/crti.o
 *(.rel.bss .rel.bss.* .rel.gnu.linkonce.b.*)
 *(.rel.ifunc)
 .rel.ifunc     0x00000000000115a8        0x0 /usr/lib/gcc/i686-linux-gnu/5/../../../i386-linux-gnu/crti.o
 .rel.fini_array
                0x00000000000115a8        0x8 /usr/lib/gcc/i686-linux-gnu/5/../../../i386-linux-gnu/crti.o
 .rel.init_array
                0x00000000000115b0        0x8 /usr/lib/gcc/i686-linux-gnu/5/../../../i386-linux-gnu/crti.o

.rel.plt        0x00000000000115b8        0x0
 *(.rel.plt)
 .rel.plt       0x00000000000115b8        0x0 /usr/lib/gcc/i686-linux-gnu/5/../../../i386-linux-gnu/crti.o
 *(.rel.iplt)

.init           0x00000000000115b8       0x23
 *(SORT(.init))
 .init          0x00000000000115b8       0x1e /usr/lib/gcc/i686-linux-gnu/5/../../../i386-linux-gnu/crti.o
                0x00000000000115b8                _init
 .init          0x00000000000115d6        0x5 /usr/lib/gcc/i686-linux-gnu/5/../../../i386-linux-gnu/crtn.o

.plt            0x00000000000115e0       0x10
 *(.plt)
 .plt           0x00000000000115e0       0x10 /usr/lib/gcc/i686-linux-gnu/5/../../../i386-linux-gnu/crti.o
 *(.iplt)

.plt.got        0x00000000000115f0       0x10
 *(.plt.got)
 .plt.got       0x00000000000115f0       0x10 /usr/lib/gcc/i686-linux-gnu/5/../../../i386-linux-gnu/crti.o

.text           0x0000000000011600    0x1a255
 *(.text.unlikely .text.*_unlikely .text.unlikely.*)
 .text.unlikely
                0x0000000000011600        0x0 /usr/lib/gcc/i686-linux-gnu/5/crtbeginS.o
 *(.text.exit .text.exit.*)
 *(.text.startup .text.startup.*)
 *(.text.hot .text.hot.*)
 *(.text .stub .text.* .gnu.linkonce.t.*)
 .text          0x0000000000011600        0x0 /usr/lib/gcc/i686-linux-gnu/5/../../../i386-linux-gnu/crti.o
 .gnu.linkonce.t.__x86.get_pc_thunk.bx
                0x0000000000011600        0x4 /usr/lib/gcc/i686-linux-gnu/5/../../../i386-linux-gnu/crti.o
                0x0000000000011600                __x86.get_pc_thunk.bx
 *fill*         0x0000000000011604        0xc 
 .text          0x0000000000011610      0x11c /usr/lib/gcc/i686-linux-gnu/5/crtbeginS.o
 .text.__x86.get_pc_thunk.dx
                0x000000000001172c        0x4 /usr/lib/gcc/i686-linux-gnu/5/crtbeginS.o
                0x000000000001172c                __x86.get_pc_thunk.dx
 .text          0x0000000000011730     0x15ac udp-client.o
                0x0000000000011730                ipaddr_sprintf
 .text          0x0000000000012cdc      0x271 obj_cooja/mtype757.o
                0x0000000000012d6e                platform_init_stage_one
                0x0000000000012d74                platform_init_stage_two
                0x0000000000012d82                platform_init_stage_three
                0x0000000000012d95                platform_main_loop
                0x0000000000012e08                Java_org_contikios_cooja_corecomm_Lib9_init
                0x0000000000012e3f                Java_org_contikios_cooja_corecomm_Lib9_getMemory
                0x0000000000012e72                Java_org_contikios_cooja_corecomm_Lib9_setMemory
                0x0000000000012ed2                Java_org_contikios_cooja_corecomm_Lib9_tick
                0x0000000000012f3a                Java_org_contikios_cooja_corecomm_Lib9_setReferenceAddress
 .text          0x0000000000012f4d       0x65 obj_cooja/mtype757.a(simEnvChange.o)
                0x0000000000012f4d                doActionsBeforeTick
                0x0000000000012f7f                doActionsAfterTick
 .text          0x0000000000012fb2       0x83 obj_cooja/mtype757.a(cooja_mt.o)
                0x0000000000012fb2                cooja_mt_start
                0x0000000000012fdc                cooja_mt_exec
                0x0000000000013012                cooja_mt_yield
 .text          0x0000000000013035       0xbe obj_cooja/mtype757.a(cooja_mtarch.o)
                0x0000000000013035                cooja_mtarch_start
                0x00000000000130a8                cooja_sw
                0x00000000000130cb                cooja_mtarch_exec
                0x00000000000130e8                cooja_mtarch_yield
 .text          0x00000000000130f3       0xc5 obj_cooja/mtype757.a(rtimer-arch.o)
                0x00000000000130f3                rtimer_arch_init
                0x0000000000013117                rtimer_arch_schedule
                0x0000000000013147                rtimer_arch_next
                0x0000000000013157                rtimer_arch_pending
                0x0000000000013161                rtimer_arch_check
                0x00000000000131a8                rtimer_arch_now
 .text          0x00000000000131b8       0x81 obj_cooja/mtype757.a(beep.o)
                0x00000000000131b8                beep_alarm
                0x00000000000131c5                beep_beep
                0x00000000000131d2                beep
                0x00000000000131df                beep_down
                0x00000000000131ec                beep_on
                0x00000000000131f9                beep_off
                0x0000000000013206                beep_spinup
                0x0000000000013213                beep_quick
                0x0000000000013220                beep_long
 .text          0x0000000000013239      0x10d obj_cooja/mtype757.a(button-sensor.o)
 .text          0x0000000000013346       0x49 obj_cooja/mtype757.a(leds-arch.o)
                0x0000000000013346                leds_arch_init
                0x0000000000013353                leds_arch_get
                0x000000000001335f                leds_arch_set
 .text          0x000000000001338f       0x35 obj_cooja/mtype757.a(moteid.o)
 .text          0x00000000000133c4       0xb7 obj_cooja/mtype757.a(pir-sensor.o)
 .text          0x000000000001347b      0x148 obj_cooja/mtype757.a(rs232.o)
                0x000000000001347b                rs232_init
                0x0000000000013481                rs232_set_speed
                0x0000000000013490                rs232_set_input
                0x000000000001349e                rs232_send
                0x00000000000134c2                rs232_print
                0x00000000000134de                slip_arch_writeb
 .text          0x00000000000135c3       0xb7 obj_cooja/mtype757.a(vib-sensor.o)
 .text          0x000000000001367a       0x38 obj_cooja/mtype757.a(clock.o)
                0x000000000001367a                clock_init
                0x0000000000013680                clock_time
                0x000000000001368a                clock_seconds
                0x00000000000136a0                clock_delay
 .text          0x00000000000136b2      0x219 obj_cooja/mtype757.a(cooja-log.o)
                0x00000000000136b2                simlog_char
                0x00000000000136f5                simlog
                0x000000000001376b                log_message
                0x000000000001379c                log_set_putchar_with_slip
                0x00000000000137aa                log_putchar
                0x0000000000013825                log_puts
                0x000000000001384d                log_printf
 .text          0x00000000000138cb      0x2b9 obj_cooja/mtype757.a(cfs-cooja.o)
                0x00000000000138cb                cfs_open
                0x0000000000013934                cfs_close
                0x0000000000013941                cfs_read
                0x00000000000139d6                cfs_write
                0x0000000000013ab2                cfs_seek
                0x0000000000013b3a                cfs_remove
                0x0000000000013b5e                cfs_opendir
                0x0000000000013b68                cfs_readdir
                0x0000000000013b72                cfs_closedir
 .text          0x0000000000013b84      0x605 obj_cooja/mtype757.a(cooja-radio.o)
                0x0000000000013bc6                radio_set_channel
                0x0000000000013bd4                radio_set_txpower
                0x0000000000013bec                radio_signal_strength_last
                0x0000000000013bf6                radio_signal_strength_current
                0x0000000000013c00                radio_LQI
 .text          0x0000000000014189       0xee obj_cooja/mtype757.a(eeprom.o)
                0x0000000000014189                eeprom_init
                0x000000000001418f                eeprom_read
                0x00000000000141fd                eeprom_write
 .text          0x0000000000014277       0x2d obj_cooja/mtype757.a(random.o)
                0x0000000000014277                random_init
                0x0000000000014297                random_rand
 .text          0x00000000000142a4      0x29c obj_cooja/mtype757.a(sensors.o)
                0x00000000000142df                sensors_first
                0x00000000000142e9                sensors_next
                0x0000000000014303                sensors_changed
                0x0000000000014337                sensors_find
 .text          0x0000000000014540       0xf6 obj_cooja/mtype757.a(leds.o)
                0x0000000000014540                leds_init
                0x000000000001454e                leds_blink
                0x0000000000014591                leds_get
                0x000000000001459e                leds_set
                0x00000000000145bd                leds_on
                0x00000000000145e3                leds_off
                0x0000000000014610                leds_toggle
 .text          0x0000000000014636     0x3779 obj_cooja/mtype757.a(mqtt.o)
                0x00000000000177d9                mqtt_init
                0x0000000000017897                mqtt_register
                0x0000000000017934                mqtt_connect
                0x0000000000017a46                mqtt_disconnect
                0x0000000000017a84                mqtt_subscribe
                0x0000000000017b41                mqtt_unsubscribe
                0x0000000000017bef                mqtt_publish
                0x0000000000017cd0                mqtt_set_username_password
                0x0000000000017d5b                mqtt_set_last_will
 .text          0x0000000000017daf      0x328 obj_cooja/mtype757.a(contiki-main.o)
                0x0000000000017daf                main
 .text          0x00000000000180d7       0x92 obj_cooja/mtype757.a(autostart.o)
                0x00000000000180d7                autostart_start
                0x0000000000018121                autostart_exit
 .text          0x0000000000018169      0x355 obj_cooja/mtype757.a(ctimer.o)
                0x0000000000018291                ctimer_init
                0x00000000000182c4                ctimer_set
                0x00000000000182ea                ctimer_set_with_process
                0x0000000000018367                ctimer_reset
                0x00000000000183bb                ctimer_restart
                0x000000000001840f                ctimer_stop
                0x000000000001845f                ctimer_expired
 .text          0x00000000000184be       0x1b obj_cooja/mtype757.a(energest.o)
                0x00000000000184be                energest_init
                0x00000000000184c4                energest_flush
                0x00000000000184ca                energest_get_total_time
 .text          0x00000000000184d9      0x43f obj_cooja/mtype757.a(etimer.o)
                0x00000000000186fd                etimer_request_poll
                0x0000000000018786                etimer_set
                0x00000000000187af                etimer_reset_with_new_interval
                0x00000000000187de                etimer_reset
                0x0000000000018804                etimer_restart
                0x000000000001882a                etimer_adjust
                0x0000000000018847                etimer_expired
                0x000000000001885a                etimer_expiration_time
                0x000000000001886c                etimer_start_time
                0x0000000000018876                etimer_pending
                0x0000000000018888                etimer_next_expiration_time
                0x00000000000188a2                etimer_stop
 .text          0x0000000000018918      0x394 obj_cooja/mtype757.a(log.o)
                0x0000000000018918                log_6addr
                0x000000000001896b                log_6addr_compact_snprint
                0x0000000000018a09                log_6addr_compact
                0x0000000000018a5c                log_lladdr
                0x0000000000018ace                log_lladdr_compact
                0x0000000000018b36                log_set_level
                0x0000000000018bf1                log_get_level
                0x0000000000018c6a                log_level_to_str
 .text          0x0000000000018cac      0x4fb obj_cooja/mtype757.a(process.o)
                0x0000000000018cac                process_alloc_event
                0x0000000000018cc1                process_start
                0x0000000000018e9b                process_exit
                0x0000000000018eb8                process_init
                0x000000000001904d                process_run
                0x0000000000019080                process_nevents
                0x000000000001909b                process_post
                0x000000000001912e                process_post_synch
                0x0000000000019163                process_poll
                0x0000000000019193                process_is_running
 .text          0x00000000000191a7       0xeb obj_cooja/mtype757.a(rtimer.o)
                0x00000000000191a7                rtimer_init
                0x00000000000191b5                rtimer_set
                0x0000000000019230                rtimer_run_next
 .text          0x0000000000019292       0x25 obj_cooja/mtype757.a(node-id.o)
                0x0000000000019292                node_id_init
 .text          0x00000000000192b7       0x9c obj_cooja/mtype757.a(timer.o)
                0x00000000000192b7                timer_set
                0x00000000000192d5                timer_reset
                0x00000000000192ed                timer_restart
                0x0000000000019302                timer_expired
                0x000000000001932f                timer_remaining
 .text          0x0000000000019353      0x1eb obj_cooja/mtype757.a(serial-line.o)
                0x0000000000019353                serial_line_input_byte
                0x0000000000019509                serial_line_init
 .text          0x000000000001953e      0x28f obj_cooja/mtype757.a(list.o)
                0x000000000001953e                list_init
                0x000000000001954d                list_head
                0x0000000000019557                list_copy
                0x0000000000019567                list_tail
                0x000000000001959d                list_add
                0x00000000000195e9                list_push
                0x0000000000019615                list_chop
                0x000000000001967f                list_pop
                0x00000000000196a7                list_remove
                0x000000000001970f                list_length
                0x000000000001973d                list_insert
                0x0000000000019782                list_item_next
                0x0000000000019799                list_contains
 .text          0x00000000000197cd      0x156 obj_cooja/mtype757.a(ringbuf.o)
                0x00000000000197cd                ringbuf_init
                0x00000000000197ff                ringbuf_put
                0x000000000001987d                ringbuf_get
                0x00000000000198ea                ringbuf_size
                0x00000000000198fc                ringbuf_elements
 .text          0x0000000000019923      0x407 obj_cooja/mtype757.a(packetbuf.o)
                0x0000000000019923                packetbuf_clear
                0x000000000001994e                packetbuf_copyfrom
                0x000000000001999d                packetbuf_copyto
                0x0000000000019a30                packetbuf_hdralloc
                0x0000000000019aac                packetbuf_hdrreduce
                0x0000000000019af2                packetbuf_set_datalen
                0x0000000000019b0c                packetbuf_dataptr
                0x0000000000019b29                packetbuf_hdrptr
                0x0000000000019b33                packetbuf_datalen
                0x0000000000019b3f                packetbuf_hdrlen
                0x0000000000019b56                packetbuf_totlen
                0x0000000000019b6c                packetbuf_remaininglen
                0x0000000000019b7f                packetbuf_attr_clear
                0x0000000000019bcb                packetbuf_attr_copyto
                0x0000000000019c23                packetbuf_attr_copyfrom
                0x0000000000019c7b                packetbuf_set_attr
                0x0000000000019ca5                packetbuf_attr
                0x0000000000019cbf                packetbuf_set_addr
                0x0000000000019cf0                packetbuf_addr
                0x0000000000019d0d                packetbuf_holds_broadcast
 .text          0x0000000000019d2a       0xef obj_cooja/mtype757.a(netstack.o)
                0x0000000000019d2a                netstack_process_ip_callback
                0x0000000000019dbb                netstack_ip_packet_processor_add
                0x0000000000019dde                uip_ds6_ip_packet_processor_rm
                0x0000000000019dfb                netstack_init
 .text          0x0000000000019e19       0x4f obj_cooja/mtype757.a(linkaddr.o)
                0x0000000000019e19                linkaddr_copy
                0x0000000000019e2f                linkaddr_cmp
                0x0000000000019e52                linkaddr_set_node_addr
 .text          0x0000000000019e68      0x165 obj_cooja/mtype757.a(csma.o)
 .text          0x0000000000019fcd      0x944 obj_cooja/mtype757.a(csma-output.o)
                0x000000000001a646                csma_output_packet
                0x000000000001a8d3                csma_output_init
 .text          0x000000000001a911      0xb25 obj_cooja/mtype757.a(uip-ds6.o)
                0x000000000001a911                uip_ds6_init
                0x000000000001aabc                uip_ds6_periodic
                0x000000000001ab43                uip_ds6_list_loop
                0x000000000001ac03                uip_ds6_prefix_add
                0x000000000001acaf                uip_ds6_prefix_rm
                0x000000000001acc2                uip_ds6_prefix_lookup
                0x000000000001ad01                uip_ds6_is_addr_onlink
                0x000000000001ad74                uip_ds6_addr_add
                0x000000000001ae94                uip_ds6_addr_rm
                0x000000000001af3d                uip_ds6_addr_lookup
                0x000000000001af76                uip_ds6_get_link_local
                0x000000000001aff7                uip_ds6_get_global
                0x000000000001b078                uip_ds6_maddr_add
                0x000000000001b0d8                uip_ds6_maddr_rm
                0x000000000001b0eb                uip_ds6_maddr_lookup
                0x000000000001b124                uip_ds6_aaddr_add
                0x000000000001b184                uip_ds6_aaddr_rm
                0x000000000001b197                uip_ds6_aaddr_lookup
                0x000000000001b1d0                uip_ds6_select_src
                0x000000000001b319                uip_ds6_set_addr_iid
                0x000000000001b344                uip_ds6_set_lladdr_from_iid
                0x000000000001b36d                get_match_length
                0x000000000001b3fe                uip_ds6_compute_reachable_time
 .text          0x000000000001b436      0x9d5 obj_cooja/mtype757.a(tcp-socket.o)
                0x000000000001ba81                tcp_socket_register
                0x000000000001bb12                tcp_socket_connect
                0x000000000001bba9                tcp_socket_listen
                0x000000000001bc20                tcp_socket_unlisten
                0x000000000001bc94                tcp_socket_send
                0x000000000001bd34                tcp_socket_send_str
                0x000000000001bd5c                tcp_socket_close
                0x000000000001bd85                tcp_socket_unregister
                0x000000000001bddf                tcp_socket_max_sendlen
                0x000000000001bdfc                tcp_socket_queuelen
 .text          0x000000000001be0b      0xa72 obj_cooja/mtype757.a(tcpip.o)
                0x000000000001be25                tcpip_output
                0x000000000001bf09                tcp_connect
                0x000000000001bf61                tcp_unlisten
                0x000000000001bfc1                tcp_listen
                0x000000000001c01f                tcp_attach
                0x000000000001c037                udp_attach
                0x000000000001c04f                udp_new
                0x000000000001c099                udp_broadcast_new
                0x000000000001c31e                tcpip_input
                0x000000000001c4be                tcpip_ipv6_output
                0x000000000001c6d2                tcpip_poll_udp
                0x000000000001c6f0                tcpip_poll_tcp
                0x000000000001c70e                tcpip_uipcall
 .text          0x000000000001c87d      0x35b obj_cooja/mtype757.a(uip-ds6-route.o)
                0x000000000001c8ce                uip_ds6_route_init
                0x000000000001c8f8                uip_ds6_route_nexthop
                0x000000000001c902                uip_ds6_route_head
                0x000000000001c90c                uip_ds6_route_next
                0x000000000001c916                uip_ds6_route_is_nexthop
                0x000000000001c920                uip_ds6_route_num_routes
                0x000000000001c92a                uip_ds6_route_lookup
                0x000000000001c934                uip_ds6_route_add
                0x000000000001c947                uip_ds6_route_rm
                0x000000000001c94d                uip_ds6_route_rm_by_nexthop
                0x000000000001c953                uip_ds6_defrt_head
                0x000000000001c96c                uip_ds6_defrt_add
                0x000000000001ca1a                uip_ds6_defrt_rm
                0x000000000001ca80                uip_ds6_defrt_lookup
                0x000000000001cae7                uip_ds6_defrt_choose
                0x000000000001cb5d                uip_ds6_defrt_periodic
 .text          0x000000000001cbd8     0x2802 obj_cooja/mtype757.a(uip6.o)
                0x000000000001cbd8                uip_add32
                0x000000000001cd72                uip_chksum
                0x000000000001ce53                uip_icmp6chksum
                0x000000000001ce68                uip_tcpchksum
                0x000000000001ce7d                uip_udpchksum
                0x000000000001ce92                uip_init
                0x000000000001cf1d                uip_connect
                0x000000000001d0a6                remove_ext_hdr
                0x000000000001d18b                uip_udp_new
                0x000000000001d2ad                uip_unlisten
                0x000000000001d2ef                uip_listen
                0x000000000001d590                uip_process
                0x000000000001f2d5                uip_htons
                0x000000000001f2f7                uip_htonl
                0x000000000001f335                uip_send
 .text          0x000000000001f3da      0x374 obj_cooja/mtype757.a(uip-ds6-nbr.o)
                0x000000000001f3da                uip_ds6_neighbors_init
                0x000000000001f3fe                uip_ds6_nbr_add
                0x000000000001f484                uip_ds6_nbr_rm
                0x000000000001f4cf                uip_ds6_nbr_update_ll
                0x000000000001f5bd                uip_ds6_nbr_get_ipaddr
                0x000000000001f5d2                uip_ds6_nbr_get_ll
                0x000000000001f5ee                uip_ds6_nbr_num
                0x000000000001f637                uip_ds6_nbr_head
                0x000000000001f650                uip_ds6_nbr_next
                0x000000000001f66c                uip_ds6_nbr_lookup
                0x000000000001f6cf                uip_ds6_nbr_ll_lookup
                0x000000000001f6eb                uip_ds6_nbr_ipaddr_from_lladdr
                0x000000000001f714                uip_ds6_nbr_lladdr_from_ipaddr
                0x000000000001f748                uip_ds6_link_callback
 .text          0x000000000001f74e      0x6b5 obj_cooja/mtype757.a(uip-nd6.o)
                0x000000000001fdea                uip_nd6_init
 .text          0x000000000001fe03      0x37a obj_cooja/mtype757.a(simple-udp.o)
                0x000000000001fe30                simple_udp_send
                0x000000000001fe93                simple_udp_sendto
                0x000000000001feee                simple_udp_sendto_port
                0x000000000001ff47                simple_udp_register
 .text          0x000000000002017d     0x2a78 obj_cooja/mtype757.a(sicslowpan.o)
                0x000000000002067b                netstack_sniffer_add
                0x0000000000020689                netstack_sniffer_remove
                0x0000000000022bc1                sicslowpan_init
                0x0000000000022beb                sicslowpan_get_last_rssi
 .text          0x0000000000022bf5      0x4d1 obj_cooja/mtype757.a(uiplib.o)
                0x0000000000022bf5                uiplib_ip6addrconv
                0x0000000000022dad                uiplib_ip4addrconv
                0x0000000000022e70                uiplib_ipaddr_print
                0x0000000000022ec3                uiplib_ipaddr_snprint
 .text          0x00000000000230c6      0x4c9 obj_cooja/mtype757.a(rpl.o)
                0x00000000000230c6                rpl_lollipop_greater_than
                0x0000000000023120                rpl_get_global_address
                0x0000000000023218                rpl_link_callback
                0x000000000002325c                rpl_has_joined
                0x0000000000023281                rpl_is_reachable
                0x0000000000023302                rpl_reset_prefix
                0x000000000002336c                rpl_set_prefix_from_addr
                0x0000000000023451                rpl_set_prefix
                0x000000000002356b                rpl_set_leaf_only
                0x0000000000023583                rpl_get_leaf_only
 .text          0x000000000002358f     0x13cb obj_cooja/mtype757.a(rpl-icmp6.o)
                0x00000000000236b4                rpl_icmp6_update_nbr_table
                0x000000000002374d                rpl_icmp6_dis_output
                0x0000000000023da3                rpl_icmp6_dio_output
                0x00000000000245b0                rpl_icmp6_dao_output
                0x00000000000248a1                rpl_icmp6_dao_ack_output
                0x0000000000024911                rpl_icmp6_init
 .text          0x000000000002495a      0xe51 obj_cooja/mtype757.a(rpl-dag.o)
                0x000000000002495a                rpl_dag_state_to_str
                0x0000000000024999                rpl_dag_get_root_ipaddr
                0x00000000000249e1                rpl_dag_leave
                0x0000000000024a6a                rpl_dag_poison_and_leave
                0x0000000000024a82                rpl_dag_periodic
                0x0000000000024b0a                rpl_is_addr_in_our_dag
                0x0000000000024b4e                rpl_get_default_instance
                0x0000000000024b6a                rpl_get_any_dag
                0x0000000000024bc3                rpl_refresh_routes
                0x0000000000024c03                rpl_global_repair
                0x0000000000024c8f                rpl_local_repair
                0x0000000000024cd9                rpl_dag_ready_to_advertise
                0x0000000000024d1c                rpl_dag_update_state
                0x0000000000025440                rpl_process_dio
                0x00000000000254c1                rpl_process_dis
                0x0000000000025506                rpl_process_dao
                0x0000000000025595                rpl_process_dao_ack
                0x0000000000025627                rpl_process_hbh
                0x0000000000025677                rpl_dag_init_root
                0x000000000002578b                rpl_dag_init
 .text          0x00000000000257ab      0x286 obj_cooja/mtype757.a(rpl-dag-root.o)
                0x00000000000257ab                rpl_dag_root_print_links
                0x00000000000258f9                rpl_dag_root_set_prefix
                0x0000000000025925                rpl_dag_root_start
                0x0000000000025a02                rpl_dag_root_is_root
 .text          0x0000000000025a31       0x1e obj_cooja/mtype757.a(watchdog.o)
                0x0000000000025a31                watchdog_init
                0x0000000000025a37                watchdog_start
                0x0000000000025a3d                watchdog_periodic
                0x0000000000025a43                watchdog_stop
                0x0000000000025a49                watchdog_reboot
 .text          0x0000000000025a4f       0xb2 obj_cooja/mtype757.a(stimer.o)
                0x0000000000025a4f                stimer_set
                0x0000000000025a6d                stimer_reset
                0x0000000000025a85                stimer_restart
                0x0000000000025a9a                stimer_expired
                0x0000000000025ac5                stimer_remaining
                0x0000000000025ae9                stimer_elapsed
 .text          0x0000000000025b01      0x1b8 obj_cooja/mtype757.a(memb.o)
                0x0000000000025b01                memb_init
                0x0000000000025b56                memb_alloc
                0x0000000000025bbb                memb_free
                0x0000000000025c36                memb_inmemb
                0x0000000000025c75                memb_numfree
 .text          0x0000000000025cb9      0x2e7 obj_cooja/mtype757.a(queuebuf.o)
                0x0000000000025cc3                queuebuf_init
                0x0000000000025cec                queuebuf_numfree
                0x0000000000025d04                queuebuf_new_from_packetbuf
                0x0000000000025da3                queuebuf_update_attr_from_packetbuf
                0x0000000000025dd8                queuebuf_update_from_packetbuf
                0x0000000000025e28                queuebuf_free
                0x0000000000025e71                queuebuf_to_packetbuf
                0x0000000000025edd                queuebuf_dataptr
                0x0000000000025f17                queuebuf_datalen
                0x0000000000025f3a                queuebuf_addr
                0x0000000000025f6f                queuebuf_attr
                0x0000000000025f9a                queuebuf_debug_print
 .text          0x0000000000025fa0      0x78b obj_cooja/mtype757.a(nbr-table.o)
                0x0000000000026419                nbr_table_register
                0x0000000000026486                nbr_table_is_registered
                0x00000000000264c1                nbr_table_head
                0x000000000002651c                nbr_table_next
                0x000000000002657d                nbr_table_add_lladdr
                0x0000000000026647                nbr_table_get_from_lladdr
                0x0000000000026693                nbr_table_remove
                0x00000000000266cb                nbr_table_lock
                0x00000000000266e5                nbr_table_unlock
                0x00000000000266ff                nbr_table_get_lladdr
 .text          0x000000000002672b      0x37c obj_cooja/mtype757.a(link-stats.o)
                0x000000000002672b                link_stats_from_lladdr
                0x0000000000026747                link_stats_is_fresh
                0x0000000000026783                guess_etx_from_rssi
                0x00000000000267ff                link_stats_packet_sent
                0x0000000000026912                link_stats_input_callback
                0x0000000000026a22                link_stats_reset
                0x0000000000026a72                link_stats_init
 .text          0x0000000000026aa7      0x187 obj_cooja/mtype757.a(mac-sequence.o)
                0x0000000000026aa7                mac_sequence_is_duplicate
                0x0000000000026b47                mac_sequence_register_seqno
 .text          0x0000000000026c2e       0x23 obj_cooja/mtype757.a(mac.o)
                0x0000000000026c2e                mac_call_sent_callback
 .text          0x0000000000026c51      0x41d obj_cooja/mtype757.a(framer-802154.o)
                0x0000000000026de0                framer_802154_setup_params
 .text          0x000000000002706e      0xb6f obj_cooja/mtype757.a(frame802154.o)
                0x000000000002709f                frame802154_get_pan_id
                0x00000000000270ab                frame802154_set_pan_id
                0x00000000000270c5                frame802154_has_panid
                0x0000000000027274                frame802154_check_dest_panid
                0x00000000000272fc                frame802154_is_broadcast_addr
                0x0000000000027349                frame802154_extract_linkaddr
                0x00000000000275ae                frame802154_hdrlen
                0x0000000000027621                frame802154_create_fcf
                0x00000000000276d9                frame802154_create
                0x000000000002784e                frame802154_parse_fcf
                0x0000000000027930                frame802154_parse
 .text          0x0000000000027bdd      0x1ec obj_cooja/mtype757.a(uipbuf.o)
                0x0000000000027bdd                uipbuf_get_next_header
                0x0000000000027c4c                uipbuf_get_last_header
                0x0000000000027cd3                uipbuf_get_attr
                0x0000000000027cfa                uipbuf_set_attr
                0x0000000000027d31                uipbuf_clear_attr
                0x0000000000027d5d                uipbuf_set_attr_flag
                0x0000000000027d7e                uipbuf_clr_attr_flag
                0x0000000000027da5                uipbuf_is_attr_flag
 .text          0x0000000000027dc9      0x96e obj_cooja/mtype757.a(uip-icmp6.o)
                0x0000000000027e3e                uip_icmp6_input
                0x0000000000027e95                uip_icmp6_register_input_handler
                0x00000000000280a1                uip_icmp6_error_output
                0x0000000000028400                uip_icmp6_send
                0x00000000000286bf                uip_icmp6_echo_reply_callback_add
                0x00000000000286f1                uip_icmp6_echo_reply_callback_rm
                0x000000000002870e                uip_icmp6_init
 .text          0x0000000000028737      0x69b obj_cooja/mtype757.a(uip-sr.o)
                0x0000000000028737                uip_sr_num_nodes
                0x00000000000287c5                uip_sr_get_node
                0x000000000002881c                uip_sr_is_addr_reachable
                0x00000000000288ca                uip_sr_expire_parent
                0x0000000000028913                uip_sr_update_node
                0x0000000000028a43                uip_sr_init
                0x0000000000028a77                uip_sr_node_head
                0x0000000000028a90                uip_sr_node_next
                0x0000000000028aa6                uip_sr_periodic
                0x0000000000028bac                uip_sr_free_all
                0x0000000000028c1c                uip_sr_link_snprint
 .text          0x0000000000028dd2      0x146 obj_cooja/mtype757.a(uip-packetqueue)
                0x0000000000028e00                uip_packetqueue_new
                0x0000000000028e0f                uip_packetqueue_alloc
                0x0000000000028e6a                uip_packetqueue_free
                0x0000000000028eb1                uip_packetqueue_buf
                0x0000000000028ece                uip_packetqueue_buflen
                0x0000000000028eef                uip_packetqueue_set_buflen
 .text          0x0000000000028f18      0x128 obj_cooja/mtype757.a(uip-udp-packet.)
                0x0000000000028f18                uip_udp_packet_send
                0x0000000000028f73                uip_udp_packet_sendto
 .text          0x0000000000029040      0x1c8 obj_cooja/mtype757.a(rpl-nbr-policy.)
                0x00000000000291c5                rpl_nbr_policy_find_removable
 .text          0x0000000000029208      0x8ed obj_cooja/mtype757.a(rpl-neighbor.o)
                0x0000000000029284                rpl_neighbor_snprint
                0x0000000000029531                rpl_neighbor_print_list
                0x00000000000295e6                rpl_neighbor_count
                0x000000000002968d                rpl_neighbor_get_from_lladdr
                0x00000000000296a9                rpl_neighbor_is_acceptable_parent
                0x00000000000296dd                rpl_neighbor_get_link_metric
                0x0000000000029711                rpl_neighbor_rank_via_nbr
                0x0000000000029745                rpl_neighbor_get_lladdr
                0x0000000000029761                rpl_neighbor_get_ipaddr
                0x0000000000029788                rpl_neighbor_get_link_stats
                0x00000000000297af                rpl_neighbor_is_fresh
                0x00000000000297d6                rpl_neighbor_is_reachable
                0x0000000000029821                rpl_neighbor_is_parent
                0x000000000002984b                rpl_neighbor_set_preferred_parent
                0x00000000000298d7                rpl_neighbor_remove_all
                0x0000000000029926                rpl_neighbor_get_from_ipaddr
                0x0000000000029a2a                rpl_neighbor_select_best
                0x0000000000029ad6                rpl_neighbor_init
 .text          0x0000000000029af5      0xa19 obj_cooja/mtype757.a(rpl-timers.o)
                0x0000000000029af5                rpl_timers_schedule_periodic_dis
                0x0000000000029c43                rpl_timers_dio_reset
                0x0000000000029d34                rpl_timers_schedule_unicast_dio
                0x0000000000029eba                rpl_timers_schedule_dao
                0x0000000000029ff4                rpl_timers_schedule_dao_ack
                0x000000000002a07a                get_probing_delay
                0x000000000002a0ae                get_probing_target
                0x000000000002a298                rpl_schedule_probing
                0x000000000002a2c6                rpl_schedule_probing_now
                0x000000000002a330                rpl_timers_unschedule_leaving
                0x000000000002a368                rpl_timers_schedule_leaving
                0x000000000002a3a9                rpl_timers_init
                0x000000000002a439                rpl_timers_stop_dag_timers
                0x000000000002a4b2                rpl_timers_unschedule_state_update
                0x000000000002a4d6                rpl_timers_schedule_state_update
 .text          0x000000000002a50e     0x102c obj_cooja/mtype757.a(rpl-ext-header.)
                0x000000000002a50e                rpl_ext_header_srh_get_next_hop
                0x000000000002a68a                rpl_ext_header_srh_update
                0x000000000002ad83                rpl_ext_header_hbh_update
                0x000000000002b2d8                rpl_ext_header_update
                0x000000000002b361                rpl_ext_header_remove
 .text          0x000000000002b53a      0x31b obj_cooja/mtype757.a(rpl-mrhof.o)
 .text          0x000000000002b855        0x0 /usr/lib/gcc/i686-linux-gnu/5/crtendS.o
 .text          0x000000000002b855        0x0 /usr/lib/gcc/i686-linux-gnu/5/../../../i386-linux-gnu/crtn.o
 *(.gnu.warning)

.fini           0x000000000002b858       0x14
 *(SORT(.fini))
 .fini          0x000000000002b858        0xf /usr/lib/gcc/i686-linux-gnu/5/../../../i386-linux-gnu/crti.o
                0x000000000002b858                _fini
 .fini          0x000000000002b867        0x5 /usr/lib/gcc/i686-linux-gnu/5/../../../i386-linux-gnu/crtn.o
                [!provide]                        PROVIDE (__etext, .)
                [!provide]                        PROVIDE (_etext, .)
                [!provide]                        PROVIDE (etext, .)

.rodata         0x000000000002b880      0xc60
 *(.rodata .rodata.* .gnu.linkonce.r.*)
 .rodata        0x000000000002b880      0x4c7 udp-client.o
                0x000000000002b8a4                autostart_processes
 *fill*         0x000000000002bd47        0x1 
 .rodata        0x000000000002bd48        0x8 obj_cooja/mtype757.a(beep.o)
                0x000000000002bd48                beep_interface
 .rodata        0x000000000002bd50       0x20 obj_cooja/mtype757.a(button-sensor.o)
                0x000000000002bd50                button_interface
                0x000000000002bd60                button_sensor
 .rodata        0x000000000002bd70        0x8 obj_cooja/mtype757.a(leds-arch.o)
                0x000000000002bd70                leds_interface
 .rodata        0x000000000002bd78        0x8 obj_cooja/mtype757.a(moteid.o)
                0x000000000002bd78                moteid_interface
 .rodata        0x000000000002bd80       0x1c obj_cooja/mtype757.a(pir-sensor.o)
                0x000000000002bd80                pir_interface
                0x000000000002bd8c                pir_sensor
 .rodata        0x000000000002bd9c        0xe obj_cooja/mtype757.a(rs232.o)
                0x000000000002bd9c                rs232_interface
 *fill*         0x000000000002bdaa        0x2 
 .rodata        0x000000000002bdac       0x24 obj_cooja/mtype757.a(vib-sensor.o)
                0x000000000002bdac                vib_interface
                0x000000000002bdc0                vib_sensor
 .rodata        0x000000000002bdd0        0x8 obj_cooja/mtype757.a(clock.o)
                0x000000000002bdd0                clock_interface
 .rodata        0x000000000002bdd8        0x8 obj_cooja/mtype757.a(cooja-log.o)
                0x000000000002bdd8                simlog_interface
 .rodata        0x000000000002bde0       0x2f obj_cooja/mtype757.a(cfs-cooja.o)
                0x000000000002bde0                cfs_interface
 *fill*         0x000000000002be0f       0x11 
 .rodata        0x000000000002be20       0x58 obj_cooja/mtype757.a(cooja-radio.o)
                0x000000000002be20                radio_interface
                0x000000000002be40                cooja_radio_driver
 .rodata        0x000000000002be78        0x8 obj_cooja/mtype757.a(eeprom.o)
                0x000000000002be78                eeprom_interface
 .rodata        0x000000000002be80        0x8 obj_cooja/mtype757.a(sensors.o)
 .rodata        0x000000000002be88       0x14 obj_cooja/mtype757.a(mqtt.o)
 .rodata        0x000000000002be9c       0xf8 obj_cooja/mtype757.a(contiki-main.o)
 .rodata        0x000000000002bf94        0xf obj_cooja/mtype757.a(ctimer.o)
 .rodata        0x000000000002bfa3        0xc obj_cooja/mtype757.a(etimer.o)
 *fill*         0x000000000002bfaf        0x1 
 .rodata        0x000000000002bfb0       0xc0 obj_cooja/mtype757.a(log.o)
 .rodata        0x000000000002c070        0xe obj_cooja/mtype757.a(serial-line.o)
 *fill*         0x000000000002c07e        0x2 
 .rodata        0x000000000002c080        0x8 obj_cooja/mtype757.a(linkaddr.o)
                0x000000000002c080                linkaddr_null
 .rodata        0x000000000002c088       0x20 obj_cooja/mtype757.a(csma.o)
                0x000000000002c090                csma_driver
 .rodata        0x000000000002c0a8       0x13 obj_cooja/mtype757.a(tcp-socket.o)
 .rodata        0x000000000002c0bb        0xd obj_cooja/mtype757.a(tcpip.o)
 .rodata        0x000000000002c0c8       0x4d obj_cooja/mtype757.a(uip-ds6-route.o)
 *fill*         0x000000000002c115        0x3 
 .rodata        0x000000000002c118      0x13c obj_cooja/mtype757.a(uip6.o)
 .rodata        0x000000000002c254       0x13 obj_cooja/mtype757.a(simple-udp.o)
 *fill*         0x000000000002c267        0x1 
 .rodata        0x000000000002c268       0x30 obj_cooja/mtype757.a(sicslowpan.o)
                0x000000000002c268                unc_llconf
                0x000000000002c26c                unc_ctxconf
                0x000000000002c270                unc_mxconf
                0x000000000002c274                llprefix
                0x000000000002c288                sicslowpan_driver
 .rodata        0x000000000002c298       0x2d obj_cooja/mtype757.a(uiplib.o)
 *fill*         0x000000000002c2c5       0x1b 
 .rodata        0x000000000002c2e0       0x70 obj_cooja/mtype757.a(rpl.o)
                0x000000000002c300                rpl_lite_driver
 .rodata        0x000000000002c350       0xdb obj_cooja/mtype757.a(rpl-dag.o)
 *fill*         0x000000000002c42b        0x1 
 .rodata        0x000000000002c42c        0xc obj_cooja/mtype757.a(framer-802154.o)
                0x000000000002c42c                framer_802154
 .rodata        0x000000000002c438       0x44 obj_cooja/mtype757.a(uip-sr.o)
 .rodata        0x000000000002c47c       0x58 obj_cooja/mtype757.a(rpl-neighbor.o)
 .rodata        0x000000000002c4d4        0xc obj_cooja/mtype757.a(rpl-timers.o)

.rodata1
 *(.rodata1)

.eh_frame_hdr   0x000000000002c4e0     0x16ac
 *(.eh_frame_hdr)
 .eh_frame_hdr  0x000000000002c4e0     0x16ac udp-client.o
                0x000000000002c4e0                __GNU_EH_FRAME_HDR
 *(.eh_frame_entry .eh_frame_entry.*)

.eh_frame       0x000000000002db8c     0x5bec
 *(.eh_frame)
 .eh_frame      0x000000000002db8c       0x3c /usr/lib/gcc/i686-linux-gnu/5/../../../i386-linux-gnu/crti.o
                                         0x40 (size before relaxing)
 .eh_frame      0x000000000002dbc8      0x228 udp-client.o
                                        0x240 (size before relaxing)
 .eh_frame      0x000000000002ddf0      0x178 obj_cooja/mtype757.o
                                        0x190 (size before relaxing)
 .eh_frame      0x000000000002df68       0x40 obj_cooja/mtype757.a(simEnvChange.o)
                                         0x58 (size before relaxing)
 .eh_frame      0x000000000002dfa8       0x60 obj_cooja/mtype757.a(cooja_mt.o)
                                         0x78 (size before relaxing)
 .eh_frame      0x000000000002e008       0x80 obj_cooja/mtype757.a(cooja_mtarch.o)
                                         0x98 (size before relaxing)
 .eh_frame      0x000000000002e088       0xc8 obj_cooja/mtype757.a(rtimer-arch.o)
                                         0xe0 (size before relaxing)
 .eh_frame      0x000000000002e150      0x160 obj_cooja/mtype757.a(beep.o)
                                        0x178 (size before relaxing)
 .eh_frame      0x000000000002e2b0       0xa0 obj_cooja/mtype757.a(button-sensor.o)
                                         0xb8 (size before relaxing)
 .eh_frame      0x000000000002e350       0xa0 obj_cooja/mtype757.a(leds-arch.o)
                                         0xb8 (size before relaxing)
 .eh_frame      0x000000000002e3f0       0x40 obj_cooja/mtype757.a(moteid.o)
                                         0x58 (size before relaxing)
 .eh_frame      0x000000000002e430       0xa0 obj_cooja/mtype757.a(pir-sensor.o)
                                         0xb8 (size before relaxing)
 .eh_frame      0x000000000002e4d0      0x100 obj_cooja/mtype757.a(rs232.o)
                                        0x118 (size before relaxing)
 .eh_frame      0x000000000002e5d0       0xa0 obj_cooja/mtype757.a(vib-sensor.o)
                                         0xb8 (size before relaxing)
 .eh_frame      0x000000000002e670       0xc0 obj_cooja/mtype757.a(clock.o)
                                         0xd8 (size before relaxing)
 .eh_frame      0x000000000002e730      0x120 obj_cooja/mtype757.a(cooja-log.o)
                                        0x138 (size before relaxing)
 .eh_frame      0x000000000002e850      0x160 obj_cooja/mtype757.a(cfs-cooja.o)
                                        0x178 (size before relaxing)
 .eh_frame      0x000000000002e9b0      0x340 obj_cooja/mtype757.a(cooja-radio.o)
                                        0x358 (size before relaxing)
 .eh_frame      0x000000000002ecf0       0xa0 obj_cooja/mtype757.a(eeprom.o)
                                         0xb8 (size before relaxing)
 .eh_frame      0x000000000002ed90       0x40 obj_cooja/mtype757.a(random.o)
                                         0x58 (size before relaxing)
 .eh_frame      0x000000000002edd0       0xc0 obj_cooja/mtype757.a(sensors.o)
                                         0xd8 (size before relaxing)
 .eh_frame      0x000000000002ee90       0xe0 obj_cooja/mtype757.a(leds.o)
                                         0xf8 (size before relaxing)
 .eh_frame      0x000000000002ef70      0x4a4 obj_cooja/mtype757.a(mqtt.o)
                                        0x4bc (size before relaxing)
 .eh_frame      0x000000000002f414       0x30 obj_cooja/mtype757.a(contiki-main.o)
                                         0x48 (size before relaxing)
 .eh_frame      0x000000000002f444       0x40 obj_cooja/mtype757.a(autostart.o)
                                         0x58 (size before relaxing)
 .eh_frame      0x000000000002f484      0x100 obj_cooja/mtype757.a(ctimer.o)
                                        0x118 (size before relaxing)
 .eh_frame      0x000000000002f584       0x60 obj_cooja/mtype757.a(energest.o)
                                         0x78 (size before relaxing)
 .eh_frame      0x000000000002f5e4      0x1e0 obj_cooja/mtype757.a(etimer.o)
                                        0x1f8 (size before relaxing)
 .eh_frame      0x000000000002f7c4      0x100 obj_cooja/mtype757.a(log.o)
                                        0x118 (size before relaxing)
 .eh_frame      0x000000000002f8c4      0x1c4 obj_cooja/mtype757.a(process.o)
                                        0x1dc (size before relaxing)
 .eh_frame      0x000000000002fa88       0x60 obj_cooja/mtype757.a(rtimer.o)
                                         0x78 (size before relaxing)
 .eh_frame      0x000000000002fae8       0x20 obj_cooja/mtype757.a(node-id.o)
                                         0x38 (size before relaxing)
 .eh_frame      0x000000000002fb08       0xa4 obj_cooja/mtype757.a(timer.o)
                                         0xbc (size before relaxing)
 .eh_frame      0x000000000002fbac       0x60 obj_cooja/mtype757.a(serial-line.o)
                                         0x78 (size before relaxing)
 .eh_frame      0x000000000002fc0c      0x1a0 obj_cooja/mtype757.a(list.o)
                                        0x1b8 (size before relaxing)
 .eh_frame      0x000000000002fdac       0xa0 obj_cooja/mtype757.a(ringbuf.o)
                                         0xb8 (size before relaxing)
 .eh_frame      0x000000000002fe4c      0x28c obj_cooja/mtype757.a(packetbuf.o)
                                        0x2a4 (size before relaxing)
 .eh_frame      0x00000000000300d8       0x80 obj_cooja/mtype757.a(netstack.o)
                                         0x98 (size before relaxing)
 .eh_frame      0x0000000000030158       0x60 obj_cooja/mtype757.a(linkaddr.o)
                                         0x78 (size before relaxing)
 .eh_frame      0x00000000000301b8       0xa0 obj_cooja/mtype757.a(csma.o)
                                         0xb8 (size before relaxing)
 .eh_frame      0x0000000000030258      0x1d4 obj_cooja/mtype757.a(csma-output.o)
                                        0x1ec (size before relaxing)
 .eh_frame      0x000000000003042c      0x2e8 obj_cooja/mtype757.a(uip-ds6.o)
                                        0x300 (size before relaxing)
 .eh_frame      0x0000000000030714      0x248 obj_cooja/mtype757.a(tcp-socket.o)
                                        0x260 (size before relaxing)
 .eh_frame      0x000000000003095c      0x308 obj_cooja/mtype757.a(tcpip.o)
                                        0x320 (size before relaxing)
 .eh_frame      0x0000000000030c64      0x220 obj_cooja/mtype757.a(uip-ds6-route.o)
                                        0x238 (size before relaxing)
 .eh_frame      0x0000000000030e84      0x274 obj_cooja/mtype757.a(uip6.o)
                                        0x28c (size before relaxing)
 .eh_frame      0x00000000000310f8      0x1c0 obj_cooja/mtype757.a(uip-ds6-nbr.o)
                                        0x1d8 (size before relaxing)
 .eh_frame      0x00000000000312b8       0x84 obj_cooja/mtype757.a(uip-nd6.o)
                                         0x9c (size before relaxing)
 .eh_frame      0x000000000003133c       0xd4 obj_cooja/mtype757.a(simple-udp.o)
                                         0xec (size before relaxing)
 .eh_frame      0x0000000000031410      0x2f8 obj_cooja/mtype757.a(sicslowpan.o)
                                        0x310 (size before relaxing)
 .eh_frame      0x0000000000031708       0x88 obj_cooja/mtype757.a(uiplib.o)
                                         0xa0 (size before relaxing)
 .eh_frame      0x0000000000031790      0x1e0 obj_cooja/mtype757.a(rpl.o)
                                        0x1f8 (size before relaxing)
 .eh_frame      0x0000000000031970      0x1c4 obj_cooja/mtype757.a(rpl-icmp6.o)
                                        0x1dc (size before relaxing)
 .eh_frame      0x0000000000031b34      0x370 obj_cooja/mtype757.a(rpl-dag.o)
                                        0x388 (size before relaxing)
 .eh_frame      0x0000000000031ea4       0xa0 obj_cooja/mtype757.a(rpl-dag-root.o)
                                         0xb8 (size before relaxing)
 .eh_frame      0x0000000000031f44       0xa0 obj_cooja/mtype757.a(watchdog.o)
                                         0xb8 (size before relaxing)
 .eh_frame      0x0000000000031fe4       0xc4 obj_cooja/mtype757.a(stimer.o)
                                         0xdc (size before relaxing)
 .eh_frame      0x00000000000320a8       0xa0 obj_cooja/mtype757.a(memb.o)
                                         0xb8 (size before relaxing)
 .eh_frame      0x0000000000032148      0x1a0 obj_cooja/mtype757.a(queuebuf.o)
                                        0x1b8 (size before relaxing)
 .eh_frame      0x00000000000322e8      0x2ac obj_cooja/mtype757.a(nbr-table.o)
                                        0x2c4 (size before relaxing)
 .eh_frame      0x0000000000032594      0x100 obj_cooja/mtype757.a(link-stats.o)
                                        0x118 (size before relaxing)
 .eh_frame      0x0000000000032694       0x48 obj_cooja/mtype757.a(mac-sequence.o)
                                         0x60 (size before relaxing)
 .eh_frame      0x00000000000326dc       0x20 obj_cooja/mtype757.a(mac.o)
                                         0x38 (size before relaxing)
 .eh_frame      0x00000000000326fc       0xa4 obj_cooja/mtype757.a(framer-802154.o)
                                         0xbc (size before relaxing)
 .eh_frame      0x00000000000327a0      0x1a4 obj_cooja/mtype757.a(frame802154.o)
                                        0x1bc (size before relaxing)
 .eh_frame      0x0000000000032944      0x100 obj_cooja/mtype757.a(uipbuf.o)
                                        0x118 (size before relaxing)
 .eh_frame      0x0000000000032a44      0x160 obj_cooja/mtype757.a(uip-icmp6.o)
                                        0x178 (size before relaxing)
 .eh_frame      0x0000000000032ba4      0x184 obj_cooja/mtype757.a(uip-sr.o)
                                        0x19c (size before relaxing)
 .eh_frame      0x0000000000032d28       0xe0 obj_cooja/mtype757.a(uip-packetqueue)
                                         0xf8 (size before relaxing)
 .eh_frame      0x0000000000032e08       0x40 obj_cooja/mtype757.a(uip-udp-packet.)
                                         0x58 (size before relaxing)
 .eh_frame      0x0000000000032e48       0x80 obj_cooja/mtype757.a(rpl-nbr-policy.)
                                         0x98 (size before relaxing)
 .eh_frame      0x0000000000032ec8      0x2d4 obj_cooja/mtype757.a(rpl-neighbor.o)
                                        0x2ec (size before relaxing)
 .eh_frame      0x000000000003319c      0x368 obj_cooja/mtype757.a(rpl-timers.o)
                                        0x380 (size before relaxing)
 .eh_frame      0x0000000000033504      0x128 obj_cooja/mtype757.a(rpl-ext-header.)
                                        0x140 (size before relaxing)
 .eh_frame      0x000000000003362c      0x148 obj_cooja/mtype757.a(rpl-mrhof.o)
                                        0x160 (size before relaxing)
 .eh_frame      0x0000000000033774        0x4 /usr/lib/gcc/i686-linux-gnu/5/crtendS.o
 *(.eh_frame.*)

.gcc_except_table
 *(.gcc_except_table .gcc_except_table.*)

.gnu_extab
 *(.gnu_extab*)

.exception_ranges
 *(.exception_ranges .exception_ranges*)
                0x0000000000034f10                . = DATA_SEGMENT_ALIGN (0x1000, 0x1000)

.eh_frame
 *(.eh_frame)
 *(.eh_frame.*)

.gnu_extab
 *(.gnu_extab)

.gcc_except_table
 *(.gcc_except_table .gcc_except_table.*)

.exception_ranges
 *(.exception_ranges .exception_ranges*)

.tdata
 *(.tdata .tdata.* .gnu.linkonce.td.*)

.tbss
 *(.tbss .tbss.* .gnu.linkonce.tb.*)
 *(.tcommon)

.preinit_array
 *(.preinit_array)

.init_array     0x0000000000034f10        0x4
 *(SORT(.init_array.*) SORT(.ctors.*))
 *(.init_array EXCLUDE_FILE(*crtend?.o *crtend.o *crtbegin?.o *crtbegin.o) .ctors)
 .init_array    0x0000000000034f10        0x4 /usr/lib/gcc/i686-linux-gnu/5/crtbeginS.o

.fini_array     0x0000000000034f14        0x4
 *(SORT(.fini_array.*) SORT(.dtors.*))
 *(.fini_array EXCLUDE_FILE(*crtend?.o *crtend.o *crtbegin?.o *crtbegin.o) .dtors)
 .fini_array    0x0000000000034f14        0x4 /usr/lib/gcc/i686-linux-gnu/5/crtbeginS.o

.ctors
 *crtbegin.o(.ctors)
 *crtbegin?.o(.ctors)
 *(EXCLUDE_FILE(*crtend?.o *crtend.o) .ctors)
 *(SORT(.ctors.*))
 *(.ctors)

.dtors
 *crtbegin.o(.dtors)
 *crtbegin?.o(.dtors)
 *(EXCLUDE_FILE(*crtend?.o *crtend.o) .dtors)
 *(SORT(.dtors.*))
 *(.dtors)

.jcr            0x0000000000034f18        0x4
 *(.jcr)
 .jcr           0x0000000000034f18        0x0 /usr/lib/gcc/i686-linux-gnu/5/crtbeginS.o
 .jcr           0x0000000000034f18        0x4 /usr/lib/gcc/i686-linux-gnu/5/crtendS.o

.data.rel.ro
 *(.data.rel.ro.local* .gnu.linkonce.d.rel.ro.local.*)
 *(.data.rel.ro .data.rel.ro.* .gnu.linkonce.d.rel.ro.*)

.dynamic        0x0000000000034f1c       0xd0
 *(.dynamic)
 .dynamic       0x0000000000034f1c       0xd0 /usr/lib/gcc/i686-linux-gnu/5/../../../i386-linux-gnu/crti.o
                0x0000000000034f1c                _DYNAMIC

.got            0x0000000000034fec       0x14
 *(.got)
 .got           0x0000000000034fec       0x14 /usr/lib/gcc/i686-linux-gnu/5/../../../i386-linux-gnu/crti.o
 *(.igot)
                0x0000000000035ff4                . = DATA_SEGMENT_RELRO_END (., (SIZEOF (.got.plt) >= 0xc)?0xc:0x0)

.got.plt        0x0000000000035000        0xc
 *(.got.plt)
 .got.plt       0x0000000000035000        0xc /usr/lib/gcc/i686-linux-gnu/5/../../../i386-linux-gnu/crti.o
                0x0000000000035000                _GLOBAL_OFFSET_TABLE_
 *(.igot.plt)

.data           0x0000000000035020      0x344
 *(.data .data.* .gnu.linkonce.d.*)
 .data          0x0000000000035020        0x0 /usr/lib/gcc/i686-linux-gnu/5/../../../i386-linux-gnu/crti.o
 .data          0x0000000000035020        0x0 /usr/lib/gcc/i686-linux-gnu/5/crtbeginS.o
 .data.rel.local
                0x0000000000035020        0x4 /usr/lib/gcc/i686-linux-gnu/5/crtbeginS.o
                0x0000000000035020                __dso_handle
 .data          0x0000000000035024       0x34 udp-client.o
                0x0000000000035028                udp_client_process
                0x0000000000035038                udp_client_send_root_process
                0x0000000000035048                mqtt_client_process
 *fill*         0x0000000000035058        0x8 
 .data          0x0000000000035060       0x44 obj_cooja/mtype757.o
                0x0000000000035060                simInterfaces
                0x0000000000035094                sensors
 .data          0x00000000000350a4        0x0 obj_cooja/mtype757.a(simEnvChange.o)
 .data          0x00000000000350a4        0x0 obj_cooja/mtype757.a(cooja_mt.o)
 .data          0x00000000000350a4        0x0 obj_cooja/mtype757.a(cooja_mtarch.o)
 .data          0x00000000000350a4        0x0 obj_cooja/mtype757.a(rtimer-arch.o)
 .data          0x00000000000350a4        0x0 obj_cooja/mtype757.a(beep.o)
 .data          0x00000000000350a4        0x0 obj_cooja/mtype757.a(button-sensor.o)
 .data          0x00000000000350a4        0x0 obj_cooja/mtype757.a(leds-arch.o)
 .data          0x00000000000350a4        0x0 obj_cooja/mtype757.a(moteid.o)
 .data          0x00000000000350a4        0x0 obj_cooja/mtype757.a(pir-sensor.o)
 .data          0x00000000000350a4        0x0 obj_cooja/mtype757.a(rs232.o)
 .data          0x00000000000350a4        0x0 obj_cooja/mtype757.a(vib-sensor.o)
 .data          0x00000000000350a4        0x0 obj_cooja/mtype757.a(clock.o)
 .data          0x00000000000350a4        0x0 obj_cooja/mtype757.a(cooja-log.o)
 .data          0x00000000000350a4        0x0 obj_cooja/mtype757.a(cfs-cooja.o)
 .data          0x00000000000350a4       0x2c obj_cooja/mtype757.a(cooja-radio.o)
                0x00000000000350a4                simRadioHWOn
                0x00000000000350a8                simSignalStrength
                0x00000000000350ac                simLastSignalStrength
                0x00000000000350b0                simPower
                0x00000000000350b4                simRadioChannel
                0x00000000000350b8                simLQI
                0x00000000000350c0                cooja_radio_process
 .data          0x00000000000350d0        0x0 obj_cooja/mtype757.a(eeprom.o)
 .data          0x00000000000350d0        0x0 obj_cooja/mtype757.a(random.o)
 .data          0x00000000000350d0       0x10 obj_cooja/mtype757.a(sensors.o)
                0x00000000000350d0                sensors_process
 .data          0x00000000000350e0        0x0 obj_cooja/mtype757.a(leds.o)
 .data          0x00000000000350e0       0x14 obj_cooja/mtype757.a(mqtt.o)
                0x00000000000350e4                mqtt_process
 .data          0x00000000000350f4        0x0 obj_cooja/mtype757.a(contiki-main.o)
 .data          0x00000000000350f4        0x0 obj_cooja/mtype757.a(autostart.o)
 .data          0x00000000000350f4       0x14 obj_cooja/mtype757.a(ctimer.o)
                0x00000000000350f8                ctimer_process
 .data          0x0000000000035108        0x0 obj_cooja/mtype757.a(energest.o)
 .data          0x0000000000035108       0x10 obj_cooja/mtype757.a(etimer.o)
                0x0000000000035108                etimer_process
 *fill*         0x0000000000035118        0x8 
 .data          0x0000000000035120       0xb0 obj_cooja/mtype757.a(log.o)
                0x0000000000035120                curr_log_level_main
                0x0000000000035140                all_modules
 .data          0x00000000000351d0        0x0 obj_cooja/mtype757.a(process.o)
 .data          0x00000000000351d0        0x0 obj_cooja/mtype757.a(rtimer.o)
 .data          0x00000000000351d0        0x0 obj_cooja/mtype757.a(node-id.o)
 .data          0x00000000000351d0        0x0 obj_cooja/mtype757.a(timer.o)
 .data          0x00000000000351d0       0x10 obj_cooja/mtype757.a(serial-line.o)
                0x00000000000351d0                serial_line_process
 .data          0x00000000000351e0        0x0 obj_cooja/mtype757.a(list.o)
 .data          0x00000000000351e0        0x0 obj_cooja/mtype757.a(ringbuf.o)
 .data          0x00000000000351e0        0x4 obj_cooja/mtype757.a(packetbuf.o)
 .data          0x00000000000351e4        0x4 obj_cooja/mtype757.a(netstack.o)
 .data          0x00000000000351e8        0x0 obj_cooja/mtype757.a(linkaddr.o)
 .data          0x00000000000351e8        0x0 obj_cooja/mtype757.a(csma.o)
 .data          0x00000000000351e8       0x28 obj_cooja/mtype757.a(csma-output.o)
 .data          0x0000000000035210        0x0 obj_cooja/mtype757.a(uip-ds6.o)
 .data          0x0000000000035210       0x14 obj_cooja/mtype757.a(tcp-socket.o)
                0x0000000000035214                tcp_socket_process
 .data          0x0000000000035224       0x10 obj_cooja/mtype757.a(tcpip.o)
                0x0000000000035224                tcpip_process
 .data          0x0000000000035234       0x10 obj_cooja/mtype757.a(uip-ds6-route.o)
 .data          0x0000000000035244        0x0 obj_cooja/mtype757.a(uip6.o)
 .data          0x0000000000035244       0x14 obj_cooja/mtype757.a(uip-ds6-nbr.o)
                0x0000000000035254                ds6_neighbors
 .data          0x0000000000035258        0xc obj_cooja/mtype757.a(uip-nd6.o)
 .data          0x0000000000035264       0x10 obj_cooja/mtype757.a(simple-udp.o)
                0x0000000000035264                simple_udp_process
 .data          0x0000000000035274        0x0 obj_cooja/mtype757.a(sicslowpan.o)
 .data          0x0000000000035274        0x0 obj_cooja/mtype757.a(uiplib.o)
 .data          0x0000000000035274        0x0 obj_cooja/mtype757.a(rpl.o)
 .data          0x0000000000035274       0x30 obj_cooja/mtype757.a(rpl-icmp6.o)
 .data          0x00000000000352a4        0x0 obj_cooja/mtype757.a(rpl-dag.o)
 .data          0x00000000000352a4        0x0 obj_cooja/mtype757.a(rpl-dag-root.o)
 .data          0x00000000000352a4        0x0 obj_cooja/mtype757.a(watchdog.o)
 .data          0x00000000000352a4        0x0 obj_cooja/mtype757.a(stimer.o)
 .data          0x00000000000352a4        0x0 obj_cooja/mtype757.a(memb.o)
 .data          0x00000000000352a4       0x18 obj_cooja/mtype757.a(queuebuf.o)
 .data          0x00000000000352bc       0x10 obj_cooja/mtype757.a(nbr-table.o)
 .data          0x00000000000352cc       0x14 obj_cooja/mtype757.a(link-stats.o)
 .data          0x00000000000352e0        0x0 obj_cooja/mtype757.a(mac-sequence.o)
 .data          0x00000000000352e0        0x0 obj_cooja/mtype757.a(mac.o)
 .data          0x00000000000352e0        0x0 obj_cooja/mtype757.a(framer-802154.o)
 .data          0x00000000000352e0        0x2 obj_cooja/mtype757.a(frame802154.o)
 .data          0x00000000000352e2        0x0 obj_cooja/mtype757.a(uipbuf.o)
 *fill*         0x00000000000352e2        0x2 
 .data          0x00000000000352e4       0x20 obj_cooja/mtype757.a(uip-icmp6.o)
 .data          0x0000000000035304       0x10 obj_cooja/mtype757.a(uip-sr.o)
 .data          0x0000000000035314        0xc obj_cooja/mtype757.a(uip-packetqueue)
 .data          0x0000000000035320        0x0 obj_cooja/mtype757.a(uip-udp-packet.)
 .data          0x0000000000035320        0x0 obj_cooja/mtype757.a(rpl-nbr-policy.)
 .data          0x0000000000035320       0x14 obj_cooja/mtype757.a(rpl-neighbor.o)
                0x0000000000035330                rpl_neighbors
 .data          0x0000000000035334        0x0 obj_cooja/mtype757.a(rpl-timers.o)
 .data          0x0000000000035334        0x0 obj_cooja/mtype757.a(rpl-ext-header.)
 *fill*         0x0000000000035334        0xc 
 .data          0x0000000000035340       0x24 obj_cooja/mtype757.a(rpl-mrhof.o)
                0x0000000000035340                rpl_mrhof
 .data          0x0000000000035364        0x0 /usr/lib/gcc/i686-linux-gnu/5/crtendS.o
 .data          0x0000000000035364        0x0 /usr/lib/gcc/i686-linux-gnu/5/../../../i386-linux-gnu/crtn.o

.tm_clone_table
                0x0000000000035364        0x0
 .tm_clone_table
                0x0000000000035364        0x0 /usr/lib/gcc/i686-linux-gnu/5/crtbeginS.o
 .tm_clone_table
                0x0000000000035364        0x0 /usr/lib/gcc/i686-linux-gnu/5/crtendS.o

.data1
 *(.data1)
                0x0000000000035364                _edata = .
                [!provide]                        PROVIDE (edata, .)
                0x0000000000035364                . = .
                0x0000000000035364                __bss_start = .

.bss            0x0000000000035380    0x14c20
 *(.dynbss)
 .dynbss        0x0000000000035380        0x0 /usr/lib/gcc/i686-linux-gnu/5/../../../i386-linux-gnu/crti.o
 *(.bss .bss.* .gnu.linkonce.b.*)
 .bss           0x0000000000035380        0x0 /usr/lib/gcc/i686-linux-gnu/5/../../../i386-linux-gnu/crti.o
 .bss           0x0000000000035380        0x1 /usr/lib/gcc/i686-linux-gnu/5/crtbeginS.o
 *fill*         0x0000000000035381       0x1f 
 .bss           0x00000000000353a0      0xc68 udp-client.o
 *fill*         0x0000000000036008       0x18 
 .bss           0x0000000000036020     0x2030 obj_cooja/mtype757.o
 .bss           0x0000000000038050        0x1 obj_cooja/mtype757.a(simEnvChange.o)
                0x0000000000038050                simDontFallAsleep
 *fill*         0x0000000000038051        0x3 
 .bss           0x0000000000038054        0x4 obj_cooja/mtype757.a(cooja_mt.o)
 .bss           0x0000000000038058        0x4 obj_cooja/mtype757.a(cooja_mtarch.o)
 .bss           0x000000000003805c        0x0 obj_cooja/mtype757.a(rtimer-arch.o)
 .bss           0x000000000003805c        0x0 obj_cooja/mtype757.a(beep.o)
 .bss           0x000000000003805c        0x8 obj_cooja/mtype757.a(button-sensor.o)
 .bss           0x0000000000038064        0x0 obj_cooja/mtype757.a(leds-arch.o)
 .bss           0x0000000000038064        0x0 obj_cooja/mtype757.a(moteid.o)
 .bss           0x0000000000038064        0x1 obj_cooja/mtype757.a(pir-sensor.o)
                0x0000000000038064                simPirValue
 *fill*         0x0000000000038065        0x3 
 .bss           0x0000000000038068        0x4 obj_cooja/mtype757.a(rs232.o)
 .bss           0x000000000003806c        0x1 obj_cooja/mtype757.a(vib-sensor.o)
                0x000000000003806c                simVibValue
 .bss           0x000000000003806d        0x0 obj_cooja/mtype757.a(clock.o)
 *fill*         0x000000000003806d       0x13 
 .bss           0x0000000000038080     0x2020 obj_cooja/mtype757.a(cooja-log.o)
 .bss           0x000000000003a0a0      0xfc0 obj_cooja/mtype757.a(cfs-cooja.o)
                0x000000000003a0a0                simCFSData
                0x000000000003b040                simCFSSize
                0x000000000003b044                simCFSChanged
                0x000000000003b048                simCFSRead
                0x000000000003b04c                simCFSWritten
 .bss           0x000000000003b060       0x24 obj_cooja/mtype757.a(cooja-radio.o)
                0x000000000003b060                simReceiving
                0x000000000003b064                simInSize
                0x000000000003b068                simLastPacketTimestamp
                0x000000000003b070                simOutSize
 .bss           0x000000000003b084        0xc obj_cooja/mtype757.a(eeprom.o)
                0x000000000003b084                simEEPROMChanged
                0x000000000003b088                simEEPROMRead
                0x000000000003b08c                simEEPROMWritten
 .bss           0x000000000003b090        0x0 obj_cooja/mtype757.a(random.o)
 .bss           0x000000000003b090        0xc obj_cooja/mtype757.a(sensors.o)
 .bss           0x000000000003b09c        0x0 obj_cooja/mtype757.a(leds.o)
 .bss           0x000000000003b09c       0x15 obj_cooja/mtype757.a(mqtt.o)
 .bss           0x000000000003b0b1        0x0 obj_cooja/mtype757.a(contiki-main.o)
 .bss           0x000000000003b0b1        0x0 obj_cooja/mtype757.a(autostart.o)
 *fill*         0x000000000003b0b1        0x3 
 .bss           0x000000000003b0b4        0x5 obj_cooja/mtype757.a(ctimer.o)
 .bss           0x000000000003b0b9        0x0 obj_cooja/mtype757.a(energest.o)
 *fill*         0x000000000003b0b9        0x3 
 .bss           0x000000000003b0bc        0x8 obj_cooja/mtype757.a(etimer.o)
 .bss           0x000000000003b0c4       0x28 obj_cooja/mtype757.a(log.o)
                0x000000000003b0c4                curr_log_level_rpl
                0x000000000003b0c8                curr_log_level_tcpip
                0x000000000003b0cc                curr_log_level_ipv6
                0x000000000003b0d0                curr_log_level_6lowpan
                0x000000000003b0d4                curr_log_level_nullnet
                0x000000000003b0d8                curr_log_level_mac
                0x000000000003b0dc                curr_log_level_framer
                0x000000000003b0e0                curr_log_level_6top
                0x000000000003b0e4                curr_log_level_coap
                0x000000000003b0e8                curr_log_level_lwm2m
 *fill*         0x000000000003b0ec       0x14 
 .bss           0x000000000003b100      0x1a1 obj_cooja/mtype757.a(process.o)
                0x000000000003b100                process_list
                0x000000000003b104                process_current
 *fill*         0x000000000003b2a1        0x3 
 .bss           0x000000000003b2a4        0x4 obj_cooja/mtype757.a(rtimer.o)
 .bss           0x000000000003b2a8        0x2 obj_cooja/mtype757.a(node-id.o)
                0x000000000003b2a8                node_id
 .bss           0x000000000003b2aa        0x0 obj_cooja/mtype757.a(timer.o)
 *fill*         0x000000000003b2aa       0x16 
 .bss           0x000000000003b2c0      0x140 obj_cooja/mtype757.a(serial-line.o)
 .bss           0x000000000003b400        0x0 obj_cooja/mtype757.a(list.o)
 .bss           0x000000000003b400        0x0 obj_cooja/mtype757.a(ringbuf.o)
 .bss           0x000000000003b400       0xa0 obj_cooja/mtype757.a(packetbuf.o)
 .bss           0x000000000003b4a0        0x4 obj_cooja/mtype757.a(netstack.o)
 .bss           0x000000000003b4a4        0x0 obj_cooja/mtype757.a(linkaddr.o)
 .bss           0x000000000003b4a4        0x0 obj_cooja/mtype757.a(csma.o)
 *fill*         0x000000000003b4a4       0x1c 
 .bss           0x000000000003b4c0      0x726 obj_cooja/mtype757.a(csma-output.o)
 *fill*         0x000000000003bbe6        0x2 
 .bss           0x000000000003bbe8       0x20 obj_cooja/mtype757.a(uip-ds6.o)
 .bss           0x000000000003bc08        0x5 obj_cooja/mtype757.a(tcp-socket.o)
 *fill*         0x000000000003bc0d       0x13 
 .bss           0x000000000003bc20       0xc4 obj_cooja/mtype757.a(tcpip.o)
 *fill*         0x000000000003bce4       0x1c 
 .bss           0x000000000003bd00       0x60 obj_cooja/mtype757.a(uip-ds6-route.o)
 .bss           0x000000000003bd60        0xc obj_cooja/mtype757.a(uip6.o)
                0x000000000003bd60                uip_ext_bitmap
                0x000000000003bd61                uip_ext_len
                0x000000000003bd62                uip_ext_opt_offset
 *fill*         0x000000000003bd6c       0x14 
 .bss           0x000000000003bd80     0x1c20 obj_cooja/mtype757.a(uip-ds6-nbr.o)
 .bss           0x000000000003d9a0       0x10 obj_cooja/mtype757.a(uip-nd6.o)
 *fill*         0x000000000003d9b0       0x10 
 .bss           0x000000000003d9c0      0x520 obj_cooja/mtype757.a(simple-udp.o)
 .bss           0x000000000003dee0      0x724 obj_cooja/mtype757.a(sicslowpan.o)
 .bss           0x000000000003e604        0x0 obj_cooja/mtype757.a(uiplib.o)
 .bss           0x000000000003e604        0x1 obj_cooja/mtype757.a(rpl.o)
 .bss           0x000000000003e605        0x0 obj_cooja/mtype757.a(rpl-icmp6.o)
 .bss           0x000000000003e605        0x0 obj_cooja/mtype757.a(rpl-dag.o)
 *fill*         0x000000000003e605        0x3 
 .bss           0x000000000003e608       0x11 obj_cooja/mtype757.a(rpl-dag-root.o)
 .bss           0x000000000003e619        0x0 obj_cooja/mtype757.a(watchdog.o)
 .bss           0x000000000003e619        0x0 obj_cooja/mtype757.a(stimer.o)
 .bss           0x000000000003e619        0x0 obj_cooja/mtype757.a(memb.o)
 *fill*         0x000000000003e619        0x7 
 .bss           0x000000000003e620     0x2c80 obj_cooja/mtype757.a(queuebuf.o)
 .bss           0x00000000000412a0     0x1214 obj_cooja/mtype757.a(nbr-table.o)
 *fill*         0x00000000000424b4        0xc 
 .bss           0x00000000000424c0      0xe10 obj_cooja/mtype757.a(link-stats.o)
 *fill*         0x00000000000432d0       0x10 
 .bss           0x00000000000432e0      0x100 obj_cooja/mtype757.a(mac-sequence.o)
 .bss           0x00000000000433e0        0x0 obj_cooja/mtype757.a(mac.o)
 .bss           0x00000000000433e0        0x2 obj_cooja/mtype757.a(framer-802154.o)
 .bss           0x00000000000433e2        0x0 obj_cooja/mtype757.a(frame802154.o)
 *fill*         0x00000000000433e2        0x2 
 .bss           0x00000000000433e4        0xc obj_cooja/mtype757.a(uipbuf.o)
 .bss           0x00000000000433f0       0x18 obj_cooja/mtype757.a(uip-icmp6.o)
 *fill*         0x0000000000043408       0x18 
 .bss           0x0000000000043420     0x1d80 obj_cooja/mtype757.a(uip-sr.o)
 .bss           0x00000000000451a0      0xa78 obj_cooja/mtype757.a(uip-packetqueue)
 .bss           0x0000000000045c18        0x0 obj_cooja/mtype757.a(uip-udp-packet.)
 .bss           0x0000000000045c18        0xe obj_cooja/mtype757.a(rpl-nbr-policy.)
 *fill*         0x0000000000045c26       0x1a 
 .bss           0x0000000000045c40      0x960 obj_cooja/mtype757.a(rpl-neighbor.o)
 .bss           0x00000000000465a0       0x40 obj_cooja/mtype757.a(rpl-timers.o)
 .bss           0x00000000000465e0        0x0 obj_cooja/mtype757.a(rpl-ext-header.)
 .bss           0x00000000000465e0        0x0 obj_cooja/mtype757.a(rpl-mrhof.o)
 .bss           0x00000000000465e0        0x0 /usr/lib/gcc/i686-linux-gnu/5/crtendS.o
 .bss           0x00000000000465e0        0x0 /usr/lib/gcc/i686-linux-gnu/5/../../../i386-linux-gnu/crtn.o
 *(COMMON)
 COMMON         0x00000000000465e0        0x8 obj_cooja/mtype757.o
                0x00000000000465e0                referenceVar
                0x00000000000465e4                sensors_flags
 COMMON         0x00000000000465e8        0xc obj_cooja/mtype757.a(simEnvChange.o)
                0x00000000000465e8                simEtimerPending
                0x00000000000465ec                simProcessRunValue
                0x00000000000465f0                simEtimerNextExpirationTime
 *fill*         0x00000000000465f4        0x4 
 COMMON         0x00000000000465f8       0x18 obj_cooja/mtype757.a(rtimer-arch.o)
                0x00000000000465f8                simRtimerPending
                0x0000000000046600                simRtimerCurrentTicks
                0x0000000000046608                simRtimerNextExpirationTime
 COMMON         0x0000000000046610        0x1 obj_cooja/mtype757.a(beep.o)
                0x0000000000046610                simBeeped
 COMMON         0x0000000000046611        0x3 obj_cooja/mtype757.a(button-sensor.o)
                0x0000000000046611                simButtonIsActive
                0x0000000000046612                simButtonIsDown
                0x0000000000046613                simButtonChanged
 COMMON         0x0000000000046614        0x1 obj_cooja/mtype757.a(leds-arch.o)
                0x0000000000046614                simLedsValue
 *fill*         0x0000000000046615        0x3 
 COMMON         0x0000000000046618        0xc obj_cooja/mtype757.a(moteid.o)
                0x0000000000046618                simRandomSeed
                0x000000000004661c                simMoteIDChanged
                0x0000000000046620                simMoteID
 COMMON         0x0000000000046624        0x2 obj_cooja/mtype757.a(pir-sensor.o)
                0x0000000000046624                simPirIsActive
                0x0000000000046625                simPirChanged
 *fill*         0x0000000000046626       0x1a 
 COMMON         0x0000000000046640      0x820 obj_cooja/mtype757.a(rs232.o)
                0x0000000000046640                simSerialReceivingFlag
                0x0000000000046644                simSerialReceivingLength
                0x0000000000046660                simSerialReceivingData
 COMMON         0x0000000000046e60        0x2 obj_cooja/mtype757.a(vib-sensor.o)
                0x0000000000046e60                simVibChanged
                0x0000000000046e61                simVibIsActive
 *fill*         0x0000000000046e62        0x2 
 COMMON         0x0000000000046e64        0x4 obj_cooja/mtype757.a(clock.o)
                0x0000000000046e64                simCurrentTime
 *fill*         0x0000000000046e68       0x18 
 COMMON         0x0000000000046e80     0x2020 obj_cooja/mtype757.a(cooja-log.o)
                0x0000000000046e80                simLoggedLength
                0x0000000000046e84                simLoggedFlag
                0x0000000000046ea0                simLoggedData
 COMMON         0x0000000000048ea0      0x100 obj_cooja/mtype757.a(cooja-radio.o)
                0x0000000000048ea0                simOutDataBuffer
                0x0000000000048f20                simInDataBuffer
 COMMON         0x0000000000048fa0      0x400 obj_cooja/mtype757.a(eeprom.o)
                0x0000000000048fa0                simEEPROMData
 COMMON         0x00000000000493a0        0x1 obj_cooja/mtype757.a(sensors.o)
                0x00000000000493a0                sensors_event
 COMMON         0x00000000000493a1        0x1 obj_cooja/mtype757.a(mqtt.o)
                0x00000000000493a1                mqtt_update_event
 *fill*         0x00000000000493a2        0x2 
 COMMON         0x00000000000493a4       0x50 obj_cooja/mtype757.a(contiki-main.o)
                0x00000000000493a4                eb_per_time_source
                0x00000000000493b8                unicast_per_neighbor_rpl_storing
                0x00000000000493cc                unicast_per_neighbor_rpl_ns
                0x00000000000493e0                default_common
 COMMON         0x00000000000493f4        0x1 obj_cooja/mtype757.a(serial-line.o)
                0x00000000000493f4                serial_line_event_message
 *fill*         0x00000000000493f5        0x3 
 COMMON         0x00000000000493f8       0x2c obj_cooja/mtype757.a(packetbuf.o)
                0x00000000000493f8                packetbuf_attrs
                0x0000000000049414                packetbuf_addrs
 COMMON         0x0000000000049424        0x8 obj_cooja/mtype757.a(linkaddr.o)
                0x0000000000049424                linkaddr_node_addr
 *fill*         0x000000000004942c       0x14 
 COMMON         0x0000000000049440      0x181 obj_cooja/mtype757.a(uip-ds6.o)
                0x0000000000049440                uip_ds6_prefix_list
                0x00000000000494a0                uip_ds6_timer_periodic
                0x00000000000494b0                uip_ds6_netif_addr_list_offset
                0x00000000000494c0                uip_ds6_if
                0x00000000000495b8                uip_ds6_timer_ra
                0x00000000000495c0                uip_ds6_addr_size
 COMMON         0x00000000000495c1        0x1 obj_cooja/mtype757.a(tcpip.o)
                0x00000000000495c1                tcpip_event
 *fill*         0x00000000000495c2       0x1e 
 COMMON         0x00000000000495e0      0x80c obj_cooja/mtype757.a(uip6.o)
                0x00000000000495e0                uip_slen
                0x00000000000495e4                uip_acc32
                0x0000000000049600                uip_conns
                0x0000000000049780                uip_lladdr
                0x0000000000049788                uip_appdata
                0x000000000004978c                uip_flags
                0x00000000000497a0                uip_aligned_buf
                0x0000000000049ca0                uip_listenports
                0x0000000000049cc8                uip_len
                0x0000000000049ccc                uip_sappdata
                0x0000000000049ce0                uip_udp_conns
                0x0000000000049de0                uip_udp_conn
                0x0000000000049de4                uip_next_hdr
                0x0000000000049de8                uip_conn
 COMMON         0x0000000000049dec       0x10 obj_cooja/mtype757.a(rpl.o)
                0x0000000000049dec                rpl_multicast_addr
 *fill*         0x0000000000049dfc        0x4 
 COMMON         0x0000000000049e00      0x164 obj_cooja/mtype757.a(rpl-dag.o)
                0x0000000000049e00                curr_instance
 *fill*         0x0000000000049f64       0x1c 
 COMMON         0x0000000000049f80       0x20 obj_cooja/mtype757.a(link-stats.o)
                0x0000000000049f80                periodic_timer
                0x0000000000049fa0                . = ALIGN ((. != 0x0)?0x4:0x1)
                0x0000000000049fa0                . = ALIGN (0x4)
                0x0000000000049fa0                . = SEGMENT_START ("ldata-segment", .)
                0x0000000000049fa0                . = ALIGN (0x4)
                0x0000000000049fa0                _end = .
                [!provide]                        PROVIDE (end, .)
                0x0000000000049fa0                . = DATA_SEGMENT_END (.)

.stab
 *(.stab)

.stabstr
 *(.stabstr)

.stab.excl
 *(.stab.excl)

.stab.exclstr
 *(.stab.exclstr)

.stab.index
 *(.stab.index)

.stab.indexstr
 *(.stab.indexstr)

.comment        0x0000000000000000       0x35
 *(.comment)
 .comment       0x0000000000000000       0x35 /usr/lib/gcc/i686-linux-gnu/5/crtbeginS.o
                                         0x36 (size before relaxing)
 .comment       0x0000000000000035       0x36 udp-client.o
 .comment       0x0000000000000035       0x36 obj_cooja/mtype757.o
 .comment       0x0000000000000035       0x36 obj_cooja/mtype757.a(simEnvChange.o)
 .comment       0x0000000000000035       0x36 obj_cooja/mtype757.a(cooja_mt.o)
 .comment       0x0000000000000035       0x36 obj_cooja/mtype757.a(cooja_mtarch.o)
 .comment       0x0000000000000035       0x36 obj_cooja/mtype757.a(rtimer-arch.o)
 .comment       0x0000000000000035       0x36 obj_cooja/mtype757.a(beep.o)
 .comment       0x0000000000000035       0x36 obj_cooja/mtype757.a(button-sensor.o)
 .comment       0x0000000000000035       0x36 obj_cooja/mtype757.a(leds-arch.o)
 .comment       0x0000000000000035       0x36 obj_cooja/mtype757.a(moteid.o)
 .comment       0x0000000000000035       0x36 obj_cooja/mtype757.a(pir-sensor.o)
 .comment       0x0000000000000035       0x36 obj_cooja/mtype757.a(rs232.o)
 .comment       0x0000000000000035       0x36 obj_cooja/mtype757.a(vib-sensor.o)
 .comment       0x0000000000000035       0x36 obj_cooja/mtype757.a(clock.o)
 .comment       0x0000000000000035       0x36 obj_cooja/mtype757.a(cooja-log.o)
 .comment       0x0000000000000035       0x36 obj_cooja/mtype757.a(cfs-cooja.o)
 .comment       0x0000000000000035       0x36 obj_cooja/mtype757.a(cooja-radio.o)
 .comment       0x0000000000000035       0x36 obj_cooja/mtype757.a(eeprom.o)
 .comment       0x0000000000000035       0x36 obj_cooja/mtype757.a(random.o)
 .comment       0x0000000000000035       0x36 obj_cooja/mtype757.a(sensors.o)
 .comment       0x0000000000000035       0x36 obj_cooja/mtype757.a(leds.o)
 .comment       0x0000000000000035       0x36 obj_cooja/mtype757.a(mqtt.o)
 .comment       0x0000000000000035       0x36 obj_cooja/mtype757.a(contiki-main.o)
 .comment       0x0000000000000035       0x36 obj_cooja/mtype757.a(autostart.o)
 .comment       0x0000000000000035       0x36 obj_cooja/mtype757.a(ctimer.o)
 .comment       0x0000000000000035       0x36 obj_cooja/mtype757.a(energest.o)
 .comment       0x0000000000000035       0x36 obj_cooja/mtype757.a(etimer.o)
 .comment       0x0000000000000035       0x36 obj_cooja/mtype757.a(log.o)
 .comment       0x0000000000000035       0x36 obj_cooja/mtype757.a(process.o)
 .comment       0x0000000000000035       0x36 obj_cooja/mtype757.a(rtimer.o)
 .comment       0x0000000000000035       0x36 obj_cooja/mtype757.a(node-id.o)
 .comment       0x0000000000000035       0x36 obj_cooja/mtype757.a(timer.o)
 .comment       0x0000000000000035       0x36 obj_cooja/mtype757.a(serial-line.o)
 .comment       0x0000000000000035       0x36 obj_cooja/mtype757.a(list.o)
 .comment       0x0000000000000035       0x36 obj_cooja/mtype757.a(ringbuf.o)
 .comment       0x0000000000000035       0x36 obj_cooja/mtype757.a(packetbuf.o)
 .comment       0x0000000000000035       0x36 obj_cooja/mtype757.a(netstack.o)
 .comment       0x0000000000000035       0x36 obj_cooja/mtype757.a(linkaddr.o)
 .comment       0x0000000000000035       0x36 obj_cooja/mtype757.a(csma.o)
 .comment       0x0000000000000035       0x36 obj_cooja/mtype757.a(csma-output.o)
 .comment       0x0000000000000035       0x36 obj_cooja/mtype757.a(uip-ds6.o)
 .comment       0x0000000000000035       0x36 obj_cooja/mtype757.a(tcp-socket.o)
 .comment       0x0000000000000035       0x36 obj_cooja/mtype757.a(tcpip.o)
 .comment       0x0000000000000035       0x36 obj_cooja/mtype757.a(uip-ds6-route.o)
 .comment       0x0000000000000035       0x36 obj_cooja/mtype757.a(uip6.o)
 .comment       0x0000000000000035       0x36 obj_cooja/mtype757.a(uip-ds6-nbr.o)
 .comment       0x0000000000000035       0x36 obj_cooja/mtype757.a(uip-nd6.o)
 .comment       0x0000000000000035       0x36 obj_cooja/mtype757.a(simple-udp.o)
 .comment       0x0000000000000035       0x36 obj_cooja/mtype757.a(sicslowpan.o)
 .comment       0x0000000000000035       0x36 obj_cooja/mtype757.a(uiplib.o)
 .comment       0x0000000000000035       0x36 obj_cooja/mtype757.a(rpl.o)
 .comment       0x0000000000000035       0x36 obj_cooja/mtype757.a(rpl-icmp6.o)
 .comment       0x0000000000000035       0x36 obj_cooja/mtype757.a(rpl-dag.o)
 .comment       0x0000000000000035       0x36 obj_cooja/mtype757.a(rpl-dag-root.o)
 .comment       0x0000000000000035       0x36 obj_cooja/mtype757.a(watchdog.o)
 .comment       0x0000000000000035       0x36 obj_cooja/mtype757.a(stimer.o)
 .comment       0x0000000000000035       0x36 obj_cooja/mtype757.a(memb.o)
 .comment       0x0000000000000035       0x36 obj_cooja/mtype757.a(queuebuf.o)
 .comment       0x0000000000000035       0x36 obj_cooja/mtype757.a(nbr-table.o)
 .comment       0x0000000000000035       0x36 obj_cooja/mtype757.a(link-stats.o)
 .comment       0x0000000000000035       0x36 obj_cooja/mtype757.a(mac-sequence.o)
 .comment       0x0000000000000035       0x36 obj_cooja/mtype757.a(mac.o)
 .comment       0x0000000000000035       0x36 obj_cooja/mtype757.a(framer-802154.o)
 .comment       0x0000000000000035       0x36 obj_cooja/mtype757.a(frame802154.o)
 .comment       0x0000000000000035       0x36 obj_cooja/mtype757.a(uipbuf.o)
 .comment       0x0000000000000035       0x36 obj_cooja/mtype757.a(uip-icmp6.o)
 .comment       0x0000000000000035       0x36 obj_cooja/mtype757.a(uip-sr.o)
 .comment       0x0000000000000035       0x36 obj_cooja/mtype757.a(uip-packetqueue)
 .comment       0x0000000000000035       0x36 obj_cooja/mtype757.a(uip-udp-packet.)
 .comment       0x0000000000000035       0x36 obj_cooja/mtype757.a(rpl-nbr-policy.)