Archive member included to satisfy reference by file (symbol)

obj_cooja/mtype361.a(simEnvChange.o)
                              obj_cooja/mtype361.o (simDontFallAsleep)
obj_cooja/mtype361.a(cooja_mt.o)
                              obj_cooja/mtype361.o (cooja_mt_start)
obj_cooja/mtype361.a(cooja_mtarch.o)
                              obj_cooja/mtype361.a(cooja_mt.o) (cooja_mtarch_start)
obj_cooja/mtype361.a(rtimer-arch.o)
                              obj_cooja/mtype361.o (rtimer_arch_check)
obj_cooja/mtype361.a(beep.o)  obj_cooja/mtype361.o (beep_interface)
obj_cooja/mtype361.a(button-sensor.o)
                              obj_cooja/mtype361.o (button_interface)
obj_cooja/mtype361.a(leds-arch.o)
                              obj_cooja/mtype361.o (leds_interface)
obj_cooja/mtype361.a(moteid.o)
                              obj_cooja/mtype361.o (moteid_interface)
obj_cooja/mtype361.a(pir-sensor.o)
                              obj_cooja/mtype361.o (pir_interface)
obj_cooja/mtype361.a(rs232.o)
                              obj_cooja/mtype361.o (rs232_interface)
obj_cooja/mtype361.a(vib-sensor.o)
                              obj_cooja/mtype361.o (vib_interface)
obj_cooja/mtype361.a(clock.o)
                              obj_cooja/mtype361.o (clock_interface)
obj_cooja/mtype361.a(cooja-log.o)
                              obj_cooja/mtype361.o (simlog_interface)
obj_cooja/mtype361.a(cfs-cooja.o)
                              obj_cooja/mtype361.o (cfs_interface)
obj_cooja/mtype361.a(cooja-radio.o)
                              obj_cooja/mtype361.o (radio_interface)
obj_cooja/mtype361.a(eeprom.o)
                              obj_cooja/mtype361.o (eeprom_interface)
obj_cooja/mtype361.a(random.o)
                              obj_cooja/mtype361.a(moteid.o) (random_init)
obj_cooja/mtype361.a(sensors.o)
                              obj_cooja/mtype361.a(button-sensor.o) (sensors_changed)
obj_cooja/mtype361.a(leds.o)  udp-client.o (leds_on)
obj_cooja/mtype361.a(mqtt.o)  udp-client.o (mqtt_disconnect)
obj_cooja/mtype361.a(contiki-main.o)
                              obj_cooja/mtype361.o (main)
obj_cooja/mtype361.a(autostart.o)
                              obj_cooja/mtype361.a(contiki-main.o) (autostart_start)
obj_cooja/mtype361.a(ctimer.o)
                              obj_cooja/mtype361.a(contiki-main.o) (ctimer_init)
obj_cooja/mtype361.a(energest.o)
                              obj_cooja/mtype361.a(contiki-main.o) (energest_init)
obj_cooja/mtype361.a(etimer.o)
                              obj_cooja/mtype361.a(contiki-main.o) (etimer_process)
obj_cooja/mtype361.a(log.o)   obj_cooja/mtype361.a(contiki-main.o) (curr_log_level_main)
obj_cooja/mtype361.a(process.o)
                              udp-client.o (process_current)
obj_cooja/mtype361.a(rtimer.o)
                              obj_cooja/mtype361.a(contiki-main.o) (rtimer_init)
obj_cooja/mtype361.a(node-id.o)
                              udp-client.o (node_id)
obj_cooja/mtype361.a(timer.o)
                              udp-client.o (timer_set)
obj_cooja/mtype361.a(serial-line.o)
                              obj_cooja/mtype361.a(rs232.o) (serial_line_input_byte)
obj_cooja/mtype361.a(list.o)  obj_cooja/mtype361.a(mqtt.o) (list_init)
obj_cooja/mtype361.a(ringbuf.o)
                              obj_cooja/mtype361.a(serial-line.o) (ringbuf_init)
obj_cooja/mtype361.a(packetbuf.o)
                              obj_cooja/mtype361.a(cooja-radio.o) (packetbuf_clear)
obj_cooja/mtype361.a(netstack.o)
                              obj_cooja/mtype361.a(contiki-main.o) (netstack_init)
obj_cooja/mtype361.a(linkaddr.o)
                              udp-client.o (linkaddr_node_addr)
obj_cooja/mtype361.a(csma.o)  obj_cooja/mtype361.a(cooja-radio.o) (csma_driver)
obj_cooja/mtype361.a(csma-output.o)
                              obj_cooja/mtype361.a(csma.o) (csma_output_packet)
obj_cooja/mtype361.a(uip-ds6.o)
                              obj_cooja/mtype361.a(contiki-main.o) (uip_ds6_get_link_local)
obj_cooja/mtype361.a(tcp-socket.o)
                              obj_cooja/mtype361.a(mqtt.o) (tcp_socket_register)
obj_cooja/mtype361.a(tcpip.o)
                              obj_cooja/mtype361.a(tcp-socket.o) (tcpip_event)
obj_cooja/mtype361.a(uip-ds6-route.o)
                              obj_cooja/mtype361.a(uip-ds6.o) (uip_ds6_route_init)
obj_cooja/mtype361.a(uip6.o)  obj_cooja/mtype361.a(contiki-main.o) (uip_lladdr)
obj_cooja/mtype361.a(uip-ds6-nbr.o)
                              obj_cooja/mtype361.a(uip-ds6.o) (uip_ds6_neighbors_init)
obj_cooja/mtype361.a(uip-nd6.o)
                              obj_cooja/mtype361.a(uip6.o) (uip_nd6_init)
obj_cooja/mtype361.a(simple-udp.o)
                              udp-client.o (simple_udp_sendto)
obj_cooja/mtype361.a(sicslowpan.o)
                              obj_cooja/mtype361.a(contiki-main.o) (sicslowpan_driver)
obj_cooja/mtype361.a(uiplib.o)
                              obj_cooja/mtype361.a(mqtt.o) (uiplib_ip6addrconv)
[...]
Memory Configuration

Name             Origin             Length             Attributes
*default*        0x0000000000000000 0xffffffffffffffff

Linker script and memory map

LOAD /usr/lib/gcc/i686-linux-gnu/5/../../../i386-linux-gnu/crti.o
LOAD /usr/lib/gcc/i686-linux-gnu/5/crtbeginS.o
LOAD udp-client.o
LOAD obj_cooja/mtype361.o
LOAD obj_cooja/mtype361.a
LOAD /usr/lib/gcc/i686-linux-gnu/5/libgcc.a
LOAD /usr/lib/gcc/i686-linux-gnu/5/libgcc_s.so
LOAD /usr/lib/gcc/i686-linux-gnu/5/../../../i386-linux-gnu/libc.so
START GROUP
LOAD /lib/i386-linux-gnu/libc.so.6
LOAD /usr/lib/i386-linux-gnu/libc_nonshared.a
LOAD /lib/i386-linux-gnu/ld-linux.so.2
END GROUP
LOAD /usr/lib/gcc/i686-linux-gnu/5/libgcc.a
LOAD /usr/lib/gcc/i686-linux-gnu/5/libgcc_s.so
LOAD /usr/lib/gcc/i686-linux-gnu/5/crtendS.o
LOAD /usr/lib/gcc/i686-linux-gnu/5/../../../i386-linux-gnu/crtn.o
                0x0000000000000114                . = (0x0 + SIZEOF_HEADERS)

.note.gnu.build-id
                0x0000000000000114       0x24
 *(.note.gnu.build-id)
 .note.gnu.build-id
                0x0000000000000114       0x24 /usr/lib/gcc/i686-linux-gnu/5/../../../i386-linux-gnu/crti.o

.hash
 *(.hash)

.gnu.hash       0x0000000000000138     0x13ec
 *(.gnu.hash)
 .gnu.hash      0x0000000000000138     0x13ec /usr/lib/gcc/i686-linux-gnu/5/../../../i386-linux-gnu/crti.o

.dynsym         0x0000000000001524     0x2800
 *(.dynsym)
 .dynsym        0x0000000000001524     0x2800 /usr/lib/gcc/i686-linux-gnu/5/../../../i386-linux-gnu/crti.o

.dynstr         0x0000000000003d24     0x2b9f
 *(.dynstr)
 .dynstr        0x0000000000003d24     0x2b9f /usr/lib/gcc/i686-linux-gnu/5/../../../i386-linux-gnu/crti.o

.gnu.version    0x00000000000068c4      0x500
 *(.gnu.version)
 .gnu.version   0x00000000000068c4      0x500 /usr/lib/gcc/i686-linux-gnu/5/../../../i386-linux-gnu/crti.o

.gnu.version_d  0x0000000000006dc4        0x0
 *(.gnu.version_d)
 .gnu.version_d
                0x0000000000006dc4        0x0 /usr/lib/gcc/i686-linux-gnu/5/../../../i386-linux-gnu/crti.o

.gnu.version_r  0x0000000000006dc4       0x40
 *(.gnu.version_r)
 .gnu.version_r
                0x0000000000006dc4       0x40 /usr/lib/gcc/i686-linux-gnu/5/../../../i386-linux-gnu/crti.o

.rel.dyn        0x0000000000006e04     0xa838
 *(.rel.init)
 .rel.init      0x0000000000006e04        0x0 /usr/lib/gcc/i686-linux-gnu/5/../../../i386-linux-gnu/crti.o
 *(.rel.text .rel.text.* .rel.gnu.linkonce.t.*)
 .rel.text      0x0000000000006e04     0x9ef0 /usr/lib/gcc/i686-linux-gnu/5/../../../i386-linux-gnu/crti.o
 *(.rel.fini)
 .rel.fini      0x0000000000010cf4        0x0 /usr/lib/gcc/i686-linux-gnu/5/../../../i386-linux-gnu/crti.o
 *(.rel.rodata .rel.rodata.* .rel.gnu.linkonce.r.*)
 .rel.rodata    0x0000000000010cf4      0x588 /usr/lib/gcc/i686-linux-gnu/5/../../../i386-linux-gnu/crti.o
 *(.rel.data.rel.ro .rel.data.rel.ro.* .rel.gnu.linkonce.d.rel.ro.*)
 *(.rel.data .rel.data.* .rel.gnu.linkonce.d.*)
 .rel.data.rel.local
                0x000000000001127c        0x8 /usr/lib/gcc/i686-linux-gnu/5/../../../i386-linux-gnu/crti.o
 .rel.data      0x0000000000011284      0x380 /usr/lib/gcc/i686-linux-gnu/5/../../../i386-linux-gnu/crti.o
 *(.rel.tdata .rel.tdata.* .rel.gnu.linkonce.td.*)
 *(.rel.tbss .rel.tbss.* .rel.gnu.linkonce.tb.*)
 *(.rel.ctors)
 *(.rel.dtors)
 *(.rel.got)
 .rel.got       0x0000000000011604       0x28 /usr/lib/gcc/i686-linux-gnu/5/../../../i386-linux-gnu/crti.o
 *(.rel.bss .rel.bss.* .rel.gnu.linkonce.b.*)
 *(.rel.ifunc)
 .rel.ifunc     0x000000000001162c        0x0 /usr/lib/gcc/i686-linux-gnu/5/../../../i386-linux-gnu/crti.o
 .rel.fini_array
                0x000000000001162c        0x8 /usr/lib/gcc/i686-linux-gnu/5/../../../i386-linux-gnu/crti.o
 .rel.init_array
                0x0000000000011634        0x8 /usr/lib/gcc/i686-linux-gnu/5/../../../i386-linux-gnu/crti.o

.rel.plt        0x000000000001163c        0x0
 *(.rel.plt)
 .rel.plt       0x000000000001163c        0x0 /usr/lib/gcc/i686-linux-gnu/5/../../../i386-linux-gnu/crti.o
 *(.rel.iplt)

.init           0x000000000001163c       0x23
 *(SORT(.init))
 .init          0x000000000001163c       0x1e /usr/lib/gcc/i686-linux-gnu/5/../../../i386-linux-gnu/crti.o
                0x000000000001163c                _init
 .init          0x000000000001165a        0x5 /usr/lib/gcc/i686-linux-gnu/5/../../../i386-linux-gnu/crtn.o

.plt            0x0000000000011660       0x10
 *(.plt)
 .plt           0x0000000000011660       0x10 /usr/lib/gcc/i686-linux-gnu/5/../../../i386-linux-gnu/crti.o
 *(.iplt)

.plt.got        0x0000000000011670       0x10
 *(.plt.got)
 .plt.got       0x0000000000011670       0x10 /usr/lib/gcc/i686-linux-gnu/5/../../../i386-linux-gnu/crti.o

.text           0x0000000000011680    0x1a3c7
 *(.text.unlikely .text.*_unlikely .text.unlikely.*)
 .text.unlikely
                0x0000000000011680        0x0 /usr/lib/gcc/i686-linux-gnu/5/crtbeginS.o
 *(.text.exit .text.exit.*)
 *(.text.startup .text.startup.*)
 *(.text.hot .text.hot.*)
 *(.text .stub .text.* .gnu.linkonce.t.*)
 .text          0x0000000000011680        0x0 /usr/lib/gcc/i686-linux-gnu/5/../../../i386-linux-gnu/crti.o
 .gnu.linkonce.t.__x86.get_pc_thunk.bx
                0x0000000000011680        0x4 /usr/lib/gcc/i686-linux-gnu/5/../../../i386-linux-gnu/crti.o
                0x0000000000011680                __x86.get_pc_thunk.bx
 *fill*         0x0000000000011684        0xc 
 .text          0x0000000000011690      0x11c /usr/lib/gcc/i686-linux-gnu/5/crtbeginS.o
 .text.__x86.get_pc_thunk.dx
                0x00000000000117ac        0x4 /usr/lib/gcc/i686-linux-gnu/5/crtbeginS.o
                0x00000000000117ac                __x86.get_pc_thunk.dx
 .text          0x00000000000117b0     0x171e udp-client.o
                0x00000000000117b0                ipaddr_sprintf
 .text          0x0000000000012ece      0x271 obj_cooja/mtype361.o
                0x0000000000012f60                platform_init_stage_one
                0x0000000000012f66                platform_init_stage_two
                0x0000000000012f74                platform_init_stage_three
                0x0000000000012f87                platform_main_loop
                0x0000000000012ffa                Java_org_contikios_cooja_corecomm_Lib14_init
                0x0000000000013031                Java_org_contikios_cooja_corecomm_Lib14_getMemory
                0x0000000000013064                Java_org_contikios_cooja_corecomm_Lib14_setMemory
                0x00000000000130c4                Java_org_contikios_cooja_corecomm_Lib14_tick
                0x000000000001312c                Java_org_contikios_cooja_corecomm_Lib14_setReferenceAddress
 .text          0x000000000001313f       0x65 obj_cooja/mtype361.a(simEnvChange.o)
                0x000000000001313f                doActionsBeforeTick
                0x0000000000013171                doActionsAfterTick
 .text          0x00000000000131a4       0x83 obj_cooja/mtype361.a(cooja_mt.o)
                0x00000000000131a4                cooja_mt_start
                0x00000000000131ce                cooja_mt_exec
                0x0000000000013204                cooja_mt_yield
 .text          0x0000000000013227       0xbe obj_cooja/mtype361.a(cooja_mtarch.o)
                0x0000000000013227                cooja_mtarch_start
                0x000000000001329a                cooja_sw
                0x00000000000132bd                cooja_mtarch_exec
                0x00000000000132da                cooja_mtarch_yield
 .text          0x00000000000132e5       0xc5 obj_cooja/mtype361.a(rtimer-arch.o)
                0x00000000000132e5                rtimer_arch_init
                0x0000000000013309                rtimer_arch_schedule
                0x0000000000013339                rtimer_arch_next
                0x0000000000013349                rtimer_arch_pending
                0x0000000000013353                rtimer_arch_check
                0x000000000001339a                rtimer_arch_now
 .text          0x00000000000133aa       0x81 obj_cooja/mtype361.a(beep.o)
                0x00000000000133aa                beep_alarm
                0x00000000000133b7                beep_beep
                0x00000000000133c4                beep
                0x00000000000133d1                beep_down
                0x00000000000133de                beep_on
                0x00000000000133eb                beep_off
                0x00000000000133f8                beep_spinup
                0x0000000000013405                beep_quick
                0x0000000000013412                beep_long
 .text          0x000000000001342b      0x10d obj_cooja/mtype361.a(button-sensor.o)
 .text          0x0000000000013538       0x49 obj_cooja/mtype361.a(leds-arch.o)
                0x0000000000013538                leds_arch_init
                0x0000000000013545                leds_arch_get
                0x0000000000013551                leds_arch_set
 .text          0x0000000000013581       0x35 obj_cooja/mtype361.a(moteid.o)
 .text          0x00000000000135b6       0xb7 obj_cooja/mtype361.a(pir-sensor.o)
 .text          0x000000000001366d      0x148 obj_cooja/mtype361.a(rs232.o)
                0x000000000001366d                rs232_init
                0x0000000000013673                rs232_set_speed
                0x0000000000013682                rs232_set_input
                0x0000000000013690                rs232_send
                0x00000000000136b4                rs232_print
                0x00000000000136d0                slip_arch_writeb
 .text          0x00000000000137b5       0xb7 obj_cooja/mtype361.a(vib-sensor.o)
 .text          0x000000000001386c       0x38 obj_cooja/mtype361.a(clock.o)
                0x000000000001386c                clock_init
                0x0000000000013872                clock_time
                0x000000000001387c                clock_seconds
                0x0000000000013892                clock_delay
 .text          0x00000000000138a4      0x219 obj_cooja/mtype361.a(cooja-log.o)
                0x00000000000138a4                simlog_char
                0x00000000000138e7                simlog
                0x000000000001395d                log_message
                0x000000000001398e                log_set_putchar_with_slip
                0x000000000001399c                log_putchar
                0x0000000000013a17                log_puts
                0x0000000000013a3f                log_printf
 .text          0x0000000000013abd      0x2b9 obj_cooja/mtype361.a(cfs-cooja.o)
                0x0000000000013abd                cfs_open
                0x0000000000013b26                cfs_close
                0x0000000000013b33                cfs_read
                0x0000000000013bc8                cfs_write
                0x0000000000013ca4                cfs_seek
                0x0000000000013d2c                cfs_remove
                0x0000000000013d50                cfs_opendir
                0x0000000000013d5a                cfs_readdir
                0x0000000000013d64                cfs_closedir
 .text          0x0000000000013d76      0x605 obj_cooja/mtype361.a(cooja-radio.o)
                0x0000000000013db8                radio_set_channel
                0x0000000000013dc6                radio_set_txpower
                0x0000000000013dde                radio_signal_strength_last
                0x0000000000013de8                radio_signal_strength_current
                0x0000000000013df2                radio_LQI
 .text          0x000000000001437b       0xee obj_cooja/mtype361.a(eeprom.o)
                0x000000000001437b                eeprom_init
                0x0000000000014381                eeprom_read
                0x00000000000143ef                eeprom_write
 .text          0x0000000000014469       0x2d obj_cooja/mtype361.a(random.o)
                0x0000000000014469                random_init
                0x0000000000014489                random_rand
 .text          0x0000000000014496      0x29c obj_cooja/mtype361.a(sensors.o)
                0x00000000000144d1                sensors_first
                0x00000000000144db                sensors_next
                0x00000000000144f5                sensors_changed
                0x0000000000014529                sensors_find
 .text          0x0000000000014732       0xf6 obj_cooja/mtype361.a(leds.o)
                0x0000000000014732                leds_init
                0x0000000000014740                leds_blink
                0x0000000000014783                leds_get
                0x0000000000014790                leds_set
                0x00000000000147af                leds_on
                0x00000000000147d5                leds_off
                0x0000000000014802                leds_toggle
 .text          0x0000000000014828     0x3779 obj_cooja/mtype361.a(mqtt.o)
                0x00000000000179cb                mqtt_init
                0x0000000000017a89                mqtt_register
                0x0000000000017b26                mqtt_connect
                0x0000000000017c38                mqtt_disconnect
                0x0000000000017c76                mqtt_subscribe
                0x0000000000017d33                mqtt_unsubscribe
                0x0000000000017de1                mqtt_publish
                0x0000000000017ec2                mqtt_set_username_password
                0x0000000000017f4d                mqtt_set_last_will
 .text          0x0000000000017fa1      0x328 obj_cooja/mtype361.a(contiki-main.o)
                0x0000000000017fa1                main
 .text          0x00000000000182c9       0x92 obj_cooja/mtype361.a(autostart.o)
                0x00000000000182c9                autostart_start
                0x0000000000018313                autostart_exit
 .text          0x000000000001835b      0x355 obj_cooja/mtype361.a(ctimer.o)
                0x0000000000018483                ctimer_init
                0x00000000000184b6                ctimer_set
                0x00000000000184dc                ctimer_set_with_process
                0x0000000000018559                ctimer_reset
                0x00000000000185ad                ctimer_restart
                0x0000000000018601                ctimer_stop
                0x0000000000018651                ctimer_expired
 .text          0x00000000000186b0       0x1b obj_cooja/mtype361.a(energest.o)
                0x00000000000186b0                energest_init
                0x00000000000186b6                energest_flush
                0x00000000000186bc                energest_get_total_time
 .text          0x00000000000186cb      0x43f obj_cooja/mtype361.a(etimer.o)
                0x00000000000188ef                etimer_request_poll
                0x0000000000018978                etimer_set
                0x00000000000189a1                etimer_reset_with_new_interval
                0x00000000000189d0                etimer_reset
                0x00000000000189f6                etimer_restart
                0x0000000000018a1c                etimer_adjust
                0x0000000000018a39                etimer_expired
                0x0000000000018a4c                etimer_expiration_time
                0x0000000000018a5e                etimer_start_time
                0x0000000000018a68                etimer_pending
                0x0000000000018a7a                etimer_next_expiration_time
                0x0000000000018a94                etimer_stop
 .text          0x0000000000018b0a      0x394 obj_cooja/mtype361.a(log.o)
                0x0000000000018b0a                log_6addr
                0x0000000000018b5d                log_6addr_compact_snprint
                0x0000000000018bfb                log_6addr_compact
                0x0000000000018c4e                log_lladdr
                0x0000000000018cc0                log_lladdr_compact
                0x0000000000018d28                log_set_level
                0x0000000000018de3                log_get_level
                0x0000000000018e5c                log_level_to_str
 .text          0x0000000000018e9e      0x4fb obj_cooja/mtype361.a(process.o)
                0x0000000000018e9e                process_alloc_event
                0x0000000000018eb3                process_start
                0x000000000001908d                process_exit
                0x00000000000190aa                process_init
                0x000000000001923f                process_run
                0x0000000000019272                process_nevents
                0x000000000001928d                process_post
                0x0000000000019320                process_post_synch
                0x0000000000019355                process_poll
                0x0000000000019385                process_is_running
 .text          0x0000000000019399       0xeb obj_cooja/mtype361.a(rtimer.o)
                0x0000000000019399                rtimer_init
                0x00000000000193a7                rtimer_set
                0x0000000000019422                rtimer_run_next
 .text          0x0000000000019484       0x25 obj_cooja/mtype361.a(node-id.o)
                0x0000000000019484                node_id_init
 .text          0x00000000000194a9       0x9c obj_cooja/mtype361.a(timer.o)
                0x00000000000194a9                timer_set
                0x00000000000194c7                timer_reset
                0x00000000000194df                timer_restart
                0x00000000000194f4                timer_expired
                0x0000000000019521                timer_remaining
 .text          0x0000000000019545      0x1eb obj_cooja/mtype361.a(serial-line.o)
                0x0000000000019545                serial_line_input_byte
                0x00000000000196fb                serial_line_init
 .text          0x0000000000019730      0x28f obj_cooja/mtype361.a(list.o)
                0x0000000000019730                list_init
                0x000000000001973f                list_head
                0x0000000000019749                list_copy
                0x0000000000019759                list_tail
                0x000000000001978f                list_add
                0x00000000000197db                list_push
                0x0000000000019807                list_chop
                0x0000000000019871                list_pop
                0x0000000000019899                list_remove
                0x0000000000019901                list_length
                0x000000000001992f                list_insert
                0x0000000000019974                list_item_next
                0x000000000001998b                list_contains
 .text          0x00000000000199bf      0x156 obj_cooja/mtype361.a(ringbuf.o)
                0x00000000000199bf                ringbuf_init
                0x00000000000199f1                ringbuf_put
                0x0000000000019a6f                ringbuf_get
                0x0000000000019adc                ringbuf_size
                0x0000000000019aee                ringbuf_elements
 .text          0x0000000000019b15      0x407 obj_cooja/mtype361.a(packetbuf.o)
                0x0000000000019b15                packetbuf_clear
                0x0000000000019b40                packetbuf_copyfrom
                0x0000000000019b8f                packetbuf_copyto
                0x0000000000019c22                packetbuf_hdralloc
                0x0000000000019c9e                packetbuf_hdrreduce
                0x0000000000019ce4                packetbuf_set_datalen
                0x0000000000019cfe                packetbuf_dataptr
                0x0000000000019d1b                packetbuf_hdrptr
                0x0000000000019d25                packetbuf_datalen
                0x0000000000019d31                packetbuf_hdrlen
                0x0000000000019d48                packetbuf_totlen
                0x0000000000019d5e                packetbuf_remaininglen
                0x0000000000019d71                packetbuf_attr_clear
                0x0000000000019dbd                packetbuf_attr_copyto
                0x0000000000019e15                packetbuf_attr_copyfrom
                0x0000000000019e6d                packetbuf_set_attr
                0x0000000000019e97                packetbuf_attr
                0x0000000000019eb1                packetbuf_set_addr
                0x0000000000019ee2                packetbuf_addr
                0x0000000000019eff                packetbuf_holds_broadcast
 .text          0x0000000000019f1c       0xef obj_cooja/mtype361.a(netstack.o)
                0x0000000000019f1c                netstack_process_ip_callback
                0x0000000000019fad                netstack_ip_packet_processor_add
                0x0000000000019fd0                uip_ds6_ip_packet_processor_rm
                0x0000000000019fed                netstack_init
 .text          0x000000000001a00b       0x4f obj_cooja/mtype361.a(linkaddr.o)
                0x000000000001a00b                linkaddr_copy
                0x000000000001a021                linkaddr_cmp
                0x000000000001a044                linkaddr_set_node_addr
 .text          0x000000000001a05a      0x165 obj_cooja/mtype361.a(csma.o)
 .text          0x000000000001a1bf      0x944 obj_cooja/mtype361.a(csma-output.o)
                0x000000000001a838                csma_output_packet
                0x000000000001aac5                csma_output_init
 .text          0x000000000001ab03      0xb25 obj_cooja/mtype361.a(uip-ds6.o)
                0x000000000001ab03                uip_ds6_init
                0x000000000001acae                uip_ds6_periodic
                0x000000000001ad35                uip_ds6_list_loop
                0x000000000001adf5                uip_ds6_prefix_add
                0x000000000001aea1                uip_ds6_prefix_rm
                0x000000000001aeb4                uip_ds6_prefix_lookup
                0x000000000001aef3                uip_ds6_is_addr_onlink
                0x000000000001af66                uip_ds6_addr_add
                0x000000000001b086                uip_ds6_addr_rm
                0x000000000001b12f                uip_ds6_addr_lookup
                0x000000000001b168                uip_ds6_get_link_local
                0x000000000001b1e9                uip_ds6_get_global
                0x000000000001b26a                uip_ds6_maddr_add
                0x000000000001b2ca                uip_ds6_maddr_rm
                0x000000000001b2dd                uip_ds6_maddr_lookup
                0x000000000001b316                uip_ds6_aaddr_add
                0x000000000001b376                uip_ds6_aaddr_rm
                0x000000000001b389                uip_ds6_aaddr_lookup
                0x000000000001b3c2                uip_ds6_select_src
                0x000000000001b50b                uip_ds6_set_addr_iid
                0x000000000001b536                uip_ds6_set_lladdr_from_iid
                0x000000000001b55f                get_match_length
                0x000000000001b5f0                uip_ds6_compute_reachable_time
 .text          0x000000000001b628      0x9d5 obj_cooja/mtype361.a(tcp-socket.o)
                0x000000000001bc73                tcp_socket_register
                0x000000000001bd04                tcp_socket_connect
                0x000000000001bd9b                tcp_socket_listen
                0x000000000001be12                tcp_socket_unlisten
                0x000000000001be86                tcp_socket_send
                0x000000000001bf26                tcp_socket_send_str
                0x000000000001bf4e                tcp_socket_close
                0x000000000001bf77                tcp_socket_unregister
                0x000000000001bfd1                tcp_socket_max_sendlen
                0x000000000001bfee                tcp_socket_queuelen
 .text          0x000000000001bffd      0xa72 obj_cooja/mtype361.a(tcpip.o)
                0x000000000001c017                tcpip_output
                0x000000000001c0fb                tcp_connect
                0x000000000001c153                tcp_unlisten
                0x000000000001c1b3                tcp_listen
                0x000000000001c211                tcp_attach
                0x000000000001c229                udp_attach
                0x000000000001c241                udp_new
                0x000000000001c28b                udp_broadcast_new
                0x000000000001c510                tcpip_input
                0x000000000001c6b0                tcpip_ipv6_output
                0x000000000001c8c4                tcpip_poll_udp
                0x000000000001c8e2                tcpip_poll_tcp
                0x000000000001c900                tcpip_uipcall
 .text          0x000000000001ca6f      0x35b obj_cooja/mtype361.a(uip-ds6-route.o)
                0x000000000001cac0                uip_ds6_route_init
                0x000000000001caea                uip_ds6_route_nexthop
                0x000000000001caf4                uip_ds6_route_head
                0x000000000001cafe                uip_ds6_route_next
                0x000000000001cb08                uip_ds6_route_is_nexthop
                0x000000000001cb12                uip_ds6_route_num_routes
                0x000000000001cb1c                uip_ds6_route_lookup
                0x000000000001cb26                uip_ds6_route_add
                0x000000000001cb39                uip_ds6_route_rm
                0x000000000001cb3f                uip_ds6_route_rm_by_nexthop
                0x000000000001cb45                uip_ds6_defrt_head
                0x000000000001cb5e                uip_ds6_defrt_add
                0x000000000001cc0c                uip_ds6_defrt_rm
                0x000000000001cc72                uip_ds6_defrt_lookup
                0x000000000001ccd9                uip_ds6_defrt_choose
                0x000000000001cd4f                uip_ds6_defrt_periodic
 .text          0x000000000001cdca     0x2802 obj_cooja/mtype361.a(uip6.o)
                0x000000000001cdca                uip_add32
                0x000000000001cf64                uip_chksum
                0x000000000001d045                uip_icmp6chksum
                0x000000000001d05a                uip_tcpchksum
                0x000000000001d06f                uip_udpchksum
                0x000000000001d084                uip_init
                0x000000000001d10f                uip_connect
                0x000000000001d298                remove_ext_hdr
                0x000000000001d37d                uip_udp_new
                0x000000000001d49f                uip_unlisten
                0x000000000001d4e1                uip_listen
                0x000000000001d782                uip_process
                0x000000000001f4c7                uip_htons
                0x000000000001f4e9                uip_htonl
                0x000000000001f527                uip_send
 .text          0x000000000001f5cc      0x374 obj_cooja/mtype361.a(uip-ds6-nbr.o)
                0x000000000001f5cc                uip_ds6_neighbors_init
                0x000000000001f5f0                uip_ds6_nbr_add
                0x000000000001f676                uip_ds6_nbr_rm
                0x000000000001f6c1                uip_ds6_nbr_update_ll
                0x000000000001f7af                uip_ds6_nbr_get_ipaddr
                0x000000000001f7c4                uip_ds6_nbr_get_ll
                0x000000000001f7e0                uip_ds6_nbr_num
                0x000000000001f829                uip_ds6_nbr_head
                0x000000000001f842                uip_ds6_nbr_next
                0x000000000001f85e                uip_ds6_nbr_lookup
                0x000000000001f8c1                uip_ds6_nbr_ll_lookup
                0x000000000001f8dd                uip_ds6_nbr_ipaddr_from_lladdr
                0x000000000001f906                uip_ds6_nbr_lladdr_from_ipaddr
                0x000000000001f93a                uip_ds6_link_callback
 .text          0x000000000001f940      0x6b5 obj_cooja/mtype361.a(uip-nd6.o)
                0x000000000001ffdc                uip_nd6_init
 .text          0x000000000001fff5      0x37a obj_cooja/mtype361.a(simple-udp.o)
                0x0000000000020022                simple_udp_send
                0x0000000000020085                simple_udp_sendto
                0x00000000000200e0                simple_udp_sendto_port
                0x0000000000020139                simple_udp_register
 .text          0x000000000002036f     0x2a78 obj_cooja/mtype361.a(sicslowpan.o)
                0x000000000002086d                netstack_sniffer_add
                0x000000000002087b                netstack_sniffer_remove
                0x0000000000022db3                sicslowpan_init
                0x0000000000022ddd                sicslowpan_get_last_rssi
 .text          0x0000000000022de7      0x4d1 obj_cooja/mtype361.a(uiplib.o)
                0x0000000000022de7                uiplib_ip6addrconv
                0x0000000000022f9f                uiplib_ip4addrconv
                0x0000000000023062                uiplib_ipaddr_print
                0x00000000000230b5                uiplib_ipaddr_snprint
 .text          0x00000000000232b8      0x4c9 obj_cooja/mtype361.a(rpl.o)
                0x00000000000232b8                rpl_lollipop_greater_than
                0x0000000000023312                rpl_get_global_address
                0x000000000002340a                rpl_link_callback
                0x000000000002344e                rpl_has_joined
                0x0000000000023473                rpl_is_reachable
                0x00000000000234f4                rpl_reset_prefix
                0x000000000002355e                rpl_set_prefix_from_addr
                0x0000000000023643                rpl_set_prefix
                0x000000000002375d                rpl_set_leaf_only
                0x0000000000023775                rpl_get_leaf_only
 .text          0x0000000000023781     0x13cb obj_cooja/mtype361.a(rpl-icmp6.o)
                0x00000000000238a6                rpl_icmp6_update_nbr_table
                0x000000000002393f                rpl_icmp6_dis_output
                0x0000000000023f95                rpl_icmp6_dio_output
                0x00000000000247a2                rpl_icmp6_dao_output
                0x0000000000024a93                rpl_icmp6_dao_ack_output
                0x0000000000024b03                rpl_icmp6_init
 .text          0x0000000000024b4c      0xe51 obj_cooja/mtype361.a(rpl-dag.o)
                0x0000000000024b4c                rpl_dag_state_to_str
                0x0000000000024b8b                rpl_dag_get_root_ipaddr
                0x0000000000024bd3                rpl_dag_leave
                0x0000000000024c5c                rpl_dag_poison_and_leave
                0x0000000000024c74                rpl_dag_periodic
                0x0000000000024cfc                rpl_is_addr_in_our_dag
                0x0000000000024d40                rpl_get_default_instance
                0x0000000000024d5c                rpl_get_any_dag
                0x0000000000024db5                rpl_refresh_routes
                0x0000000000024df5                rpl_global_repair
                0x0000000000024e81                rpl_local_repair
                0x0000000000024ecb                rpl_dag_ready_to_advertise
                0x0000000000024f0e                rpl_dag_update_state
                0x0000000000025632                rpl_process_dio
                0x00000000000256b3                rpl_process_dis
                0x00000000000256f8                rpl_process_dao
                0x0000000000025787                rpl_process_dao_ack
                0x0000000000025819                rpl_process_hbh
                0x0000000000025869                rpl_dag_init_root
                0x000000000002597d                rpl_dag_init
 .text          0x000000000002599d      0x286 obj_cooja/mtype361.a(rpl-dag-root.o)
                0x000000000002599d                rpl_dag_root_print_links
                0x0000000000025aeb                rpl_dag_root_set_prefix
                0x0000000000025b17                rpl_dag_root_start
                0x0000000000025bf4                rpl_dag_root_is_root
 .text          0x0000000000025c23       0x1e obj_cooja/mtype361.a(watchdog.o)
                0x0000000000025c23                watchdog_init
                0x0000000000025c29                watchdog_start
                0x0000000000025c2f                watchdog_periodic
                0x0000000000025c35                watchdog_stop
                0x0000000000025c3b                watchdog_reboot
 .text          0x0000000000025c41       0xb2 obj_cooja/mtype361.a(stimer.o)
                0x0000000000025c41                stimer_set
                0x0000000000025c5f                stimer_reset
                0x0000000000025c77                stimer_restart
                0x0000000000025c8c                stimer_expired
                0x0000000000025cb7                stimer_remaining
                0x0000000000025cdb                stimer_elapsed
 .text          0x0000000000025cf3      0x1b8 obj_cooja/mtype361.a(memb.o)
                0x0000000000025cf3                memb_init
                0x0000000000025d48                memb_alloc
                0x0000000000025dad                memb_free
                0x0000000000025e28                memb_inmemb
                0x0000000000025e67                memb_numfree
 .text          0x0000000000025eab      0x2e7 obj_cooja/mtype361.a(queuebuf.o)
                0x0000000000025eb5                queuebuf_init
                0x0000000000025ede                queuebuf_numfree
                0x0000000000025ef6                queuebuf_new_from_packetbuf
                0x0000000000025f95                queuebuf_update_attr_from_packetbuf
                0x0000000000025fca                queuebuf_update_from_packetbuf
                0x000000000002601a                queuebuf_free
                0x0000000000026063                queuebuf_to_packetbuf
                0x00000000000260cf                queuebuf_dataptr
                0x0000000000026109                queuebuf_datalen
                0x000000000002612c                queuebuf_addr
                0x0000000000026161                queuebuf_attr
                0x000000000002618c                queuebuf_debug_print
 .text          0x0000000000026192      0x78b obj_cooja/mtype361.a(nbr-table.o)
                0x000000000002660b                nbr_table_register
                0x0000000000026678                nbr_table_is_registered
                0x00000000000266b3                nbr_table_head
                0x000000000002670e                nbr_table_next
                0x000000000002676f                nbr_table_add_lladdr
                0x0000000000026839                nbr_table_get_from_lladdr
                0x0000000000026885                nbr_table_remove
                0x00000000000268bd                nbr_table_lock
                0x00000000000268d7                nbr_table_unlock
                0x00000000000268f1                nbr_table_get_lladdr
 .text          0x000000000002691d      0x37c obj_cooja/mtype361.a(link-stats.o)
                0x000000000002691d                link_stats_from_lladdr
                0x0000000000026939                link_stats_is_fresh
                0x0000000000026975                guess_etx_from_rssi
                0x00000000000269f1                link_stats_packet_sent
                0x0000000000026b04                link_stats_input_callback
                0x0000000000026c14                link_stats_reset
                0x0000000000026c64                link_stats_init
 .text          0x0000000000026c99      0x187 obj_cooja/mtype361.a(mac-sequence.o)
                0x0000000000026c99                mac_sequence_is_duplicate
                0x0000000000026d39                mac_sequence_register_seqno
 .text          0x0000000000026e20       0x23 obj_cooja/mtype361.a(mac.o)
                0x0000000000026e20                mac_call_sent_callback
 .text          0x0000000000026e43      0x41d obj_cooja/mtype361.a(framer-802154.o)
                0x0000000000026fd2                framer_802154_setup_params
 .text          0x0000000000027260      0xb6f obj_cooja/mtype361.a(frame802154.o)
                0x0000000000027291                frame802154_get_pan_id
                0x000000000002729d                frame802154_set_pan_id
                0x00000000000272b7                frame802154_has_panid
                0x0000000000027466                frame802154_check_dest_panid
                0x00000000000274ee                frame802154_is_broadcast_addr
                0x000000000002753b                frame802154_extract_linkaddr
                0x00000000000277a0                frame802154_hdrlen
                0x0000000000027813                frame802154_create_fcf
                0x00000000000278cb                frame802154_create
                0x0000000000027a40                frame802154_parse_fcf
                0x0000000000027b22                frame802154_parse
 .text          0x0000000000027dcf      0x1ec obj_cooja/mtype361.a(uipbuf.o)
                0x0000000000027dcf                uipbuf_get_next_header
                0x0000000000027e3e                uipbuf_get_last_header
                0x0000000000027ec5                uipbuf_get_attr
                0x0000000000027eec                uipbuf_set_attr
                0x0000000000027f23                uipbuf_clear_attr
                0x0000000000027f4f                uipbuf_set_attr_flag
                0x0000000000027f70                uipbuf_clr_attr_flag
                0x0000000000027f97                uipbuf_is_attr_flag
 .text          0x0000000000027fbb      0x96e obj_cooja/mtype361.a(uip-icmp6.o)
                0x0000000000028030                uip_icmp6_input
                0x0000000000028087                uip_icmp6_register_input_handler
                0x0000000000028293                uip_icmp6_error_output
                0x00000000000285f2                uip_icmp6_send
                0x00000000000288b1                uip_icmp6_echo_reply_callback_add
                0x00000000000288e3                uip_icmp6_echo_reply_callback_rm
                0x0000000000028900                uip_icmp6_init
 .text          0x0000000000028929      0x69b obj_cooja/mtype361.a(uip-sr.o)
                0x0000000000028929                uip_sr_num_nodes
                0x00000000000289b7                uip_sr_get_node
                0x0000000000028a0e                uip_sr_is_addr_reachable
                0x0000000000028abc                uip_sr_expire_parent
                0x0000000000028b05                uip_sr_update_node
                0x0000000000028c35                uip_sr_init
                0x0000000000028c69                uip_sr_node_head
                0x0000000000028c82                uip_sr_node_next
                0x0000000000028c98                uip_sr_periodic
                0x0000000000028d9e                uip_sr_free_all
                0x0000000000028e0e                uip_sr_link_snprint
 .text          0x0000000000028fc4      0x146 obj_cooja/mtype361.a(uip-packetqueue)
                0x0000000000028ff2                uip_packetqueue_new
                0x0000000000029001                uip_packetqueue_alloc
                0x000000000002905c                uip_packetqueue_free
                0x00000000000290a3                uip_packetqueue_buf
                0x00000000000290c0                uip_packetqueue_buflen
                0x00000000000290e1                uip_packetqueue_set_buflen
 .text          0x000000000002910a      0x128 obj_cooja/mtype361.a(uip-udp-packet.)
                0x000000000002910a                uip_udp_packet_send
                0x0000000000029165                uip_udp_packet_sendto
 .text          0x0000000000029232      0x1c8 obj_cooja/mtype361.a(rpl-nbr-policy.)
                0x00000000000293b7                rpl_nbr_policy_find_removable
 .text          0x00000000000293fa      0x8ed obj_cooja/mtype361.a(rpl-neighbor.o)
                0x0000000000029476                rpl_neighbor_snprint
                0x0000000000029723                rpl_neighbor_print_list
                0x00000000000297d8                rpl_neighbor_count
                0x000000000002987f                rpl_neighbor_get_from_lladdr
                0x000000000002989b                rpl_neighbor_is_acceptable_parent
                0x00000000000298cf                rpl_neighbor_get_link_metric
                0x0000000000029903                rpl_neighbor_rank_via_nbr
                0x0000000000029937                rpl_neighbor_get_lladdr
                0x0000000000029953                rpl_neighbor_get_ipaddr
                0x000000000002997a                rpl_neighbor_get_link_stats
                0x00000000000299a1                rpl_neighbor_is_fresh
                0x00000000000299c8                rpl_neighbor_is_reachable
                0x0000000000029a13                rpl_neighbor_is_parent
                0x0000000000029a3d                rpl_neighbor_set_preferred_parent
                0x0000000000029ac9                rpl_neighbor_remove_all
                0x0000000000029b18                rpl_neighbor_get_from_ipaddr
                0x0000000000029c1c                rpl_neighbor_select_best
                0x0000000000029cc8                rpl_neighbor_init
 .text          0x0000000000029ce7      0xa19 obj_cooja/mtype361.a(rpl-timers.o)
                0x0000000000029ce7                rpl_timers_schedule_periodic_dis
                0x0000000000029e35                rpl_timers_dio_reset
                0x0000000000029f26                rpl_timers_schedule_unicast_dio
                0x000000000002a0ac                rpl_timers_schedule_dao
                0x000000000002a1e6                rpl_timers_schedule_dao_ack
                0x000000000002a26c                get_probing_delay
                0x000000000002a2a0                get_probing_target
                0x000000000002a48a                rpl_schedule_probing
                0x000000000002a4b8                rpl_schedule_probing_now
                0x000000000002a522                rpl_timers_unschedule_leaving
                0x000000000002a55a                rpl_timers_schedule_leaving
                0x000000000002a59b                rpl_timers_init
                0x000000000002a62b                rpl_timers_stop_dag_timers
                0x000000000002a6a4                rpl_timers_unschedule_state_update
                0x000000000002a6c8                rpl_timers_schedule_state_update
 .text          0x000000000002a700     0x102c obj_cooja/mtype361.a(rpl-ext-header.)
                0x000000000002a700                rpl_ext_header_srh_get_next_hop
                0x000000000002a87c                rpl_ext_header_srh_update
                0x000000000002af75                rpl_ext_header_hbh_update
                0x000000000002b4ca                rpl_ext_header_update
                0x000000000002b553                rpl_ext_header_remove
 .text          0x000000000002b72c      0x31b obj_cooja/mtype361.a(rpl-mrhof.o)
 .text          0x000000000002ba47        0x0 /usr/lib/gcc/i686-linux-gnu/5/crtendS.o
 .text          0x000000000002ba47        0x0 /usr/lib/gcc/i686-linux-gnu/5/../../../i386-linux-gnu/crtn.o
 *(.gnu.warning)

.fini           0x000000000002ba48       0x14
 *(SORT(.fini))
 .fini          0x000000000002ba48        0xf /usr/lib/gcc/i686-linux-gnu/5/../../../i386-linux-gnu/crti.o
                0x000000000002ba48                _fini
 .fini          0x000000000002ba57        0x5 /usr/lib/gcc/i686-linux-gnu/5/../../../i386-linux-gnu/crtn.o
                [!provide]                        PROVIDE (__etext, .)
                [!provide]                        PROVIDE (_etext, .)
                [!provide]                        PROVIDE (etext, .)

.rodata         0x000000000002ba60      0xc00
 *(.rodata .rodata.* .gnu.linkonce.r.*)
 .rodata        0x000000000002ba60      0x467 udp-client.o
                0x000000000002ba84                autostart_processes
 *fill*         0x000000000002bec7        0x1 
 .rodata        0x000000000002bec8        0x8 obj_cooja/mtype361.a(beep.o)
                0x000000000002bec8                beep_interface
 .rodata        0x000000000002bed0       0x20 obj_cooja/mtype361.a(button-sensor.o)
                0x000000000002bed0                button_interface
                0x000000000002bee0                button_sensor
 .rodata        0x000000000002bef0        0x8 obj_cooja/mtype361.a(leds-arch.o)
                0x000000000002bef0                leds_interface
 .rodata        0x000000000002bef8        0x8 obj_cooja/mtype361.a(moteid.o)
                0x000000000002bef8                moteid_interface
 .rodata        0x000000000002bf00       0x1c obj_cooja/mtype361.a(pir-sensor.o)
                0x000000000002bf00                pir_interface
                0x000000000002bf0c                pir_sensor
 .rodata        0x000000000002bf1c        0xe obj_cooja/mtype361.a(rs232.o)
                0x000000000002bf1c                rs232_interface
 *fill*         0x000000000002bf2a        0x2 
 .rodata        0x000000000002bf2c       0x24 obj_cooja/mtype361.a(vib-sensor.o)
                0x000000000002bf2c                vib_interface
                0x000000000002bf40                vib_sensor
 .rodata        0x000000000002bf50        0x8 obj_cooja/mtype361.a(clock.o)
                0x000000000002bf50                clock_interface
 .rodata        0x000000000002bf58        0x8 obj_cooja/mtype361.a(cooja-log.o)
                0x000000000002bf58                simlog_interface
 .rodata        0x000000000002bf60       0x2f obj_cooja/mtype361.a(cfs-cooja.o)
                0x000000000002bf60                cfs_interface
 *fill*         0x000000000002bf8f       0x11 
 .rodata        0x000000000002bfa0       0x58 obj_cooja/mtype361.a(cooja-radio.o)
                0x000000000002bfa0                radio_interface
                0x000000000002bfc0                cooja_radio_driver
 .rodata        0x000000000002bff8        0x8 obj_cooja/mtype361.a(eeprom.o)
                0x000000000002bff8                eeprom_interface
 .rodata        0x000000000002c000        0x8 obj_cooja/mtype361.a(sensors.o)
 .rodata        0x000000000002c008       0x14 obj_cooja/mtype361.a(mqtt.o)
 .rodata        0x000000000002c01c       0xf8 obj_cooja/mtype361.a(contiki-main.o)
 .rodata        0x000000000002c114        0xf obj_cooja/mtype361.a(ctimer.o)
 .rodata        0x000000000002c123        0xc obj_cooja/mtype361.a(etimer.o)
 *fill*         0x000000000002c12f        0x1 
 .rodata        0x000000000002c130       0xc0 obj_cooja/mtype361.a(log.o)
 .rodata        0x000000000002c1f0        0xe obj_cooja/mtype361.a(serial-line.o)
 *fill*         0x000000000002c1fe        0x2 
 .rodata        0x000000000002c200        0x8 obj_cooja/mtype361.a(linkaddr.o)
                0x000000000002c200                linkaddr_null
 .rodata        0x000000000002c208       0x20 obj_cooja/mtype361.a(csma.o)
                0x000000000002c210                csma_driver
 .rodata        0x000000000002c228       0x13 obj_cooja/mtype361.a(tcp-socket.o)
 .rodata        0x000000000002c23b        0xd obj_cooja/mtype361.a(tcpip.o)
 .rodata        0x000000000002c248       0x4d obj_cooja/mtype361.a(uip-ds6-route.o)
 *fill*         0x000000000002c295        0x3 
 .rodata        0x000000000002c298      0x13c obj_cooja/mtype361.a(uip6.o)
 .rodata        0x000000000002c3d4       0x13 obj_cooja/mtype361.a(simple-udp.o)
 *fill*         0x000000000002c3e7        0x1 
 .rodata        0x000000000002c3e8       0x30 obj_cooja/mtype361.a(sicslowpan.o)
                0x000000000002c3e8                unc_llconf
                0x000000000002c3ec                unc_ctxconf
                0x000000000002c3f0                unc_mxconf
                0x000000000002c3f4                llprefix
                0x000000000002c408                sicslowpan_driver
 .rodata        0x000000000002c418       0x2d obj_cooja/mtype361.a(uiplib.o)
 *fill*         0x000000000002c445       0x1b 
 .rodata        0x000000000002c460       0x70 obj_cooja/mtype361.a(rpl.o)
                0x000000000002c480                rpl_lite_driver
 .rodata        0x000000000002c4d0       0xdb obj_cooja/mtype361.a(rpl-dag.o)
 *fill*         0x000000000002c5ab        0x1 
 .rodata        0x000000000002c5ac        0xc obj_cooja/mtype361.a(framer-802154.o)
                0x000000000002c5ac                framer_802154
 .rodata        0x000000000002c5b8       0x44 obj_cooja/mtype361.a(uip-sr.o)
 .rodata        0x000000000002c5fc       0x58 obj_cooja/mtype361.a(rpl-neighbor.o)
 .rodata        0x000000000002c654        0xc obj_cooja/mtype361.a(rpl-timers.o)

.rodata1
 *(.rodata1)

.eh_frame_hdr   0x000000000002c660     0x16a4
 *(.eh_frame_hdr)
 .eh_frame_hdr  0x000000000002c660     0x16a4 udp-client.o
                0x000000000002c660                __GNU_EH_FRAME_HDR
 *(.eh_frame_entry .eh_frame_entry.*)

.eh_frame       0x000000000002dd04     0x5bc4
 *(.eh_frame)
 .eh_frame      0x000000000002dd04       0x3c /usr/lib/gcc/i686-linux-gnu/5/../../../i386-linux-gnu/crti.o
                                         0x40 (size before relaxing)
 .eh_frame      0x000000000002dd40      0x200 udp-client.o
                                        0x218 (size before relaxing)
 .eh_frame      0x000000000002df40      0x178 obj_cooja/mtype361.o
                                        0x190 (size before relaxing)
 .eh_frame      0x000000000002e0b8       0x40 obj_cooja/mtype361.a(simEnvChange.o)
                                         0x58 (size before relaxing)
 .eh_frame      0x000000000002e0f8       0x60 obj_cooja/mtype361.a(cooja_mt.o)
                                         0x78 (size before relaxing)
 .eh_frame      0x000000000002e158       0x80 obj_cooja/mtype361.a(cooja_mtarch.o)
                                         0x98 (size before relaxing)
 .eh_frame      0x000000000002e1d8       0xc8 obj_cooja/mtype361.a(rtimer-arch.o)
                                         0xe0 (size before relaxing)
 .eh_frame      0x000000000002e2a0      0x160 obj_cooja/mtype361.a(beep.o)
                                        0x178 (size before relaxing)
 .eh_frame      0x000000000002e400       0xa0 obj_cooja/mtype361.a(button-sensor.o)
                                         0xb8 (size before relaxing)
 .eh_frame      0x000000000002e4a0       0xa0 obj_cooja/mtype361.a(leds-arch.o)
                                         0xb8 (size before relaxing)
 .eh_frame      0x000000000002e540       0x40 obj_cooja/mtype361.a(moteid.o)
                                         0x58 (size before relaxing)
 .eh_frame      0x000000000002e580       0xa0 obj_cooja/mtype361.a(pir-sensor.o)
                                         0xb8 (size before relaxing)
 .eh_frame      0x000000000002e620      0x100 obj_cooja/mtype361.a(rs232.o)
                                        0x118 (size before relaxing)
 .eh_frame      0x000000000002e720       0xa0 obj_cooja/mtype361.a(vib-sensor.o)
                                         0xb8 (size before relaxing)
 .eh_frame      0x000000000002e7c0       0xc0 obj_cooja/mtype361.a(clock.o)
                                         0xd8 (size before relaxing)
 .eh_frame      0x000000000002e880      0x120 obj_cooja/mtype361.a(cooja-log.o)
                                        0x138 (size before relaxing)
 .eh_frame      0x000000000002e9a0      0x160 obj_cooja/mtype361.a(cfs-cooja.o)
                                        0x178 (size before relaxing)
 .eh_frame      0x000000000002eb00      0x340 obj_cooja/mtype361.a(cooja-radio.o)
                                        0x358 (size before relaxing)
 .eh_frame      0x000000000002ee40       0xa0 obj_cooja/mtype361.a(eeprom.o)
                                         0xb8 (size before relaxing)
 .eh_frame      0x000000000002eee0       0x40 obj_cooja/mtype361.a(random.o)
                                         0x58 (size before relaxing)
 .eh_frame      0x000000000002ef20       0xc0 obj_cooja/mtype361.a(sensors.o)
                                         0xd8 (size before relaxing)
 .eh_frame      0x000000000002efe0       0xe0 obj_cooja/mtype361.a(leds.o)
                                         0xf8 (size before relaxing)
 .eh_frame      0x000000000002f0c0      0x4a4 obj_cooja/mtype361.a(mqtt.o)
                                        0x4bc (size before relaxing)
 .eh_frame      0x000000000002f564       0x30 obj_cooja/mtype361.a(contiki-main.o)
                                         0x48 (size before relaxing)
 .eh_frame      0x000000000002f594       0x40 obj_cooja/mtype361.a(autostart.o)
                                         0x58 (size before relaxing)
 .eh_frame      0x000000000002f5d4      0x100 obj_cooja/mtype361.a(ctimer.o)
                                        0x118 (size before relaxing)
 .eh_frame      0x000000000002f6d4       0x60 obj_cooja/mtype361.a(energest.o)
                                         0x78 (size before relaxing)
 .eh_frame      0x000000000002f734      0x1e0 obj_cooja/mtype361.a(etimer.o)
                                        0x1f8 (size before relaxing)
 .eh_frame      0x000000000002f914      0x100 obj_cooja/mtype361.a(log.o)
                                        0x118 (size before relaxing)
 .eh_frame      0x000000000002fa14      0x1c4 obj_cooja/mtype361.a(process.o)
                                        0x1dc (size before relaxing)
 .eh_frame      0x000000000002fbd8       0x60 obj_cooja/mtype361.a(rtimer.o)
                                         0x78 (size before relaxing)
 .eh_frame      0x000000000002fc38       0x20 obj_cooja/mtype361.a(node-id.o)
                                         0x38 (size before relaxing)
 .eh_frame      0x000000000002fc58       0xa4 obj_cooja/mtype361.a(timer.o)
                                         0xbc (size before relaxing)
 .eh_frame      0x000000000002fcfc       0x60 obj_cooja/mtype361.a(serial-line.o)
                                         0x78 (size before relaxing)
 .eh_frame      0x000000000002fd5c      0x1a0 obj_cooja/mtype361.a(list.o)
                                        0x1b8 (size before relaxing)
 .eh_frame      0x000000000002fefc       0xa0 obj_cooja/mtype361.a(ringbuf.o)
                                         0xb8 (size before relaxing)
 .eh_frame      0x000000000002ff9c      0x28c obj_cooja/mtype361.a(packetbuf.o)
                                        0x2a4 (size before relaxing)
 .eh_frame      0x0000000000030228       0x80 obj_cooja/mtype361.a(netstack.o)
                                         0x98 (size before relaxing)
 .eh_frame      0x00000000000302a8       0x60 obj_cooja/mtype361.a(linkaddr.o)
                                         0x78 (size before relaxing)
 .eh_frame      0x0000000000030308       0xa0 obj_cooja/mtype361.a(csma.o)
                                         0xb8 (size before relaxing)
 .eh_frame      0x00000000000303a8      0x1d4 obj_cooja/mtype361.a(csma-output.o)
                                        0x1ec (size before relaxing)
 .eh_frame      0x000000000003057c      0x2e8 obj_cooja/mtype361.a(uip-ds6.o)
                                        0x300 (size before relaxing)
 .eh_frame      0x0000000000030864      0x248 obj_cooja/mtype361.a(tcp-socket.o)
                                        0x260 (size before relaxing)
 .eh_frame      0x0000000000030aac      0x308 obj_cooja/mtype361.a(tcpip.o)
                                        0x320 (size before relaxing)
 .eh_frame      0x0000000000030db4      0x220 obj_cooja/mtype361.a(uip-ds6-route.o)
                                        0x238 (size before relaxing)
 .eh_frame      0x0000000000030fd4      0x274 obj_cooja/mtype361.a(uip6.o)
                                        0x28c (size before relaxing)
 .eh_frame      0x0000000000031248      0x1c0 obj_cooja/mtype361.a(uip-ds6-nbr.o)
                                        0x1d8 (size before relaxing)
 .eh_frame      0x0000000000031408       0x84 obj_cooja/mtype361.a(uip-nd6.o)
                                         0x9c (size before relaxing)
 .eh_frame      0x000000000003148c       0xd4 obj_cooja/mtype361.a(simple-udp.o)
                                         0xec (size before relaxing)
 .eh_frame      0x0000000000031560      0x2f8 obj_cooja/mtype361.a(sicslowpan.o)
                                        0x310 (size before relaxing)
 .eh_frame      0x0000000000031858       0x88 obj_cooja/mtype361.a(uiplib.o)
                                         0xa0 (size before relaxing)
 .eh_frame      0x00000000000318e0      0x1e0 obj_cooja/mtype361.a(rpl.o)
                                        0x1f8 (size before relaxing)
 .eh_frame      0x0000000000031ac0      0x1c4 obj_cooja/mtype361.a(rpl-icmp6.o)
                                        0x1dc (size before relaxing)
 .eh_frame      0x0000000000031c84      0x370 obj_cooja/mtype361.a(rpl-dag.o)
                                        0x388 (size before relaxing)
 .eh_frame      0x0000000000031ff4       0xa0 obj_cooja/mtype361.a(rpl-dag-root.o)
                                         0xb8 (size before relaxing)
 .eh_frame      0x0000000000032094       0xa0 obj_cooja/mtype361.a(watchdog.o)
                                         0xb8 (size before relaxing)
 .eh_frame      0x0000000000032134       0xc4 obj_cooja/mtype361.a(stimer.o)
                                         0xdc (size before relaxing)
 .eh_frame      0x00000000000321f8       0xa0 obj_cooja/mtype361.a(memb.o)
                                         0xb8 (size before relaxing)
 .eh_frame      0x0000000000032298      0x1a0 obj_cooja/mtype361.a(queuebuf.o)
                                        0x1b8 (size before relaxing)
 .eh_frame      0x0000000000032438      0x2ac obj_cooja/mtype361.a(nbr-table.o)
                                        0x2c4 (size before relaxing)
 .eh_frame      0x00000000000326e4      0x100 obj_cooja/mtype361.a(link-stats.o)
                                        0x118 (size before relaxing)
 .eh_frame      0x00000000000327e4       0x48 obj_cooja/mtype361.a(mac-sequence.o)
                                         0x60 (size before relaxing)
 .eh_frame      0x000000000003282c       0x20 obj_cooja/mtype361.a(mac.o)
                                         0x38 (size before relaxing)
 .eh_frame      0x000000000003284c       0xa4 obj_cooja/mtype361.a(framer-802154.o)
                                         0xbc (size before relaxing)
 .eh_frame      0x00000000000328f0      0x1a4 obj_cooja/mtype361.a(frame802154.o)
                                        0x1bc (size before relaxing)
 .eh_frame      0x0000000000032a94      0x100 obj_cooja/mtype361.a(uipbuf.o)
                                        0x118 (size before relaxing)
 .eh_frame      0x0000000000032b94      0x160 obj_cooja/mtype361.a(uip-icmp6.o)
                                        0x178 (size before relaxing)
 .eh_frame      0x0000000000032cf4      0x184 obj_cooja/mtype361.a(uip-sr.o)
                                        0x19c (size before relaxing)
 .eh_frame      0x0000000000032e78       0xe0 obj_cooja/mtype361.a(uip-packetqueue)
                                         0xf8 (size before relaxing)
 .eh_frame      0x0000000000032f58       0x40 obj_cooja/mtype361.a(uip-udp-packet.)
                                         0x58 (size before relaxing)
 .eh_frame      0x0000000000032f98       0x80 obj_cooja/mtype361.a(rpl-nbr-policy.)
                                         0x98 (size before relaxing)
 .eh_frame      0x0000000000033018      0x2d4 obj_cooja/mtype361.a(rpl-neighbor.o)
                                        0x2ec (size before relaxing)
 .eh_frame      0x00000000000332ec      0x368 obj_cooja/mtype361.a(rpl-timers.o)
                                        0x380 (size before relaxing)
 .eh_frame      0x0000000000033654      0x128 obj_cooja/mtype361.a(rpl-ext-header.)
                                        0x140 (size before relaxing)
 .eh_frame      0x000000000003377c      0x148 obj_cooja/mtype361.a(rpl-mrhof.o)
                                        0x160 (size before relaxing)
 .eh_frame      0x00000000000338c4        0x4 /usr/lib/gcc/i686-linux-gnu/5/crtendS.o
 *(.eh_frame.*)

.gcc_except_table
 *(.gcc_except_table .gcc_except_table.*)

.gnu_extab
 *(.gnu_extab*)

.exception_ranges
 *(.exception_ranges .exception_ranges*)
                0x0000000000034f10                . = DATA_SEGMENT_ALIGN (0x1000, 0x1000)

.eh_frame
 *(.eh_frame)
 *(.eh_frame.*)

.gnu_extab
 *(.gnu_extab)

.gcc_except_table
 *(.gcc_except_table .gcc_except_table.*)

.exception_ranges
 *(.exception_ranges .exception_ranges*)

.tdata
 *(.tdata .tdata.* .gnu.linkonce.td.*)

.tbss
 *(.tbss .tbss.* .gnu.linkonce.tb.*)
 *(.tcommon)

.preinit_array
 *(.preinit_array)

.init_array     0x0000000000034f10        0x4
 *(SORT(.init_array.*) SORT(.ctors.*))
 *(.init_array EXCLUDE_FILE(*crtend?.o *crtend.o *crtbegin?.o *crtbegin.o) .ctors)
 .init_array    0x0000000000034f10        0x4 /usr/lib/gcc/i686-linux-gnu/5/crtbeginS.o

.fini_array     0x0000000000034f14        0x4
 *(SORT(.fini_array.*) SORT(.dtors.*))
 *(.fini_array EXCLUDE_FILE(*crtend?.o *crtend.o *crtbegin?.o *crtbegin.o) .dtors)
 .fini_array    0x0000000000034f14        0x4 /usr/lib/gcc/i686-linux-gnu/5/crtbeginS.o

.ctors
 *crtbegin.o(.ctors)
 *crtbegin?.o(.ctors)
 *(EXCLUDE_FILE(*crtend?.o *crtend.o) .ctors)
 *(SORT(.ctors.*))
 *(.ctors)

.dtors
 *crtbegin.o(.dtors)
 *crtbegin?.o(.dtors)
 *(EXCLUDE_FILE(*crtend?.o *crtend.o) .dtors)
 *(SORT(.dtors.*))
 *(.dtors)

.jcr            0x0000000000034f18        0x4
 *(.jcr)
 .jcr           0x0000000000034f18        0x0 /usr/lib/gcc/i686-linux-gnu/5/crtbeginS.o
 .jcr           0x0000000000034f18        0x4 /usr/lib/gcc/i686-linux-gnu/5/crtendS.o

.data.rel.ro
 *(.data.rel.ro.local* .gnu.linkonce.d.rel.ro.local.*)
 *(.data.rel.ro .data.rel.ro.* .gnu.linkonce.d.rel.ro.*)

.dynamic        0x0000000000034f1c       0xd0
 *(.dynamic)
 .dynamic       0x0000000000034f1c       0xd0 /usr/lib/gcc/i686-linux-gnu/5/../../../i386-linux-gnu/crti.o
                0x0000000000034f1c                _DYNAMIC

.got            0x0000000000034fec       0x14
 *(.got)
 .got           0x0000000000034fec       0x14 /usr/lib/gcc/i686-linux-gnu/5/../../../i386-linux-gnu/crti.o
 *(.igot)
                0x0000000000035ff4                . = DATA_SEGMENT_RELRO_END (., (SIZEOF (.got.plt) >= 0xc)?0xc:0x0)

.got.plt        0x0000000000035000        0xc
 *(.got.plt)
 .got.plt       0x0000000000035000        0xc /usr/lib/gcc/i686-linux-gnu/5/../../../i386-linux-gnu/crti.o
                0x0000000000035000                _GLOBAL_OFFSET_TABLE_
 *(.igot.plt)

.data           0x0000000000035020      0x344
 *(.data .data.* .gnu.linkonce.d.*)
 .data          0x0000000000035020        0x0 /usr/lib/gcc/i686-linux-gnu/5/../../../i386-linux-gnu/crti.o
 .data          0x0000000000035020        0x0 /usr/lib/gcc/i686-linux-gnu/5/crtbeginS.o
 .data.rel.local
                0x0000000000035020        0x4 /usr/lib/gcc/i686-linux-gnu/5/crtbeginS.o
                0x0000000000035020                __dso_handle
 .data          0x0000000000035024       0x34 udp-client.o
                0x0000000000035028                udp_client_process
                0x0000000000035038                udp_client_send_root_process
                0x0000000000035048                mqtt_client_process
 *fill*         0x0000000000035058        0x8 
 .data          0x0000000000035060       0x44 obj_cooja/mtype361.o
                0x0000000000035060                simInterfaces
                0x0000000000035094                sensors
 .data          0x00000000000350a4        0x0 obj_cooja/mtype361.a(simEnvChange.o)
 .data          0x00000000000350a4        0x0 obj_cooja/mtype361.a(cooja_mt.o)
 .data          0x00000000000350a4        0x0 obj_cooja/mtype361.a(cooja_mtarch.o)
 .data          0x00000000000350a4        0x0 obj_cooja/mtype361.a(rtimer-arch.o)
 .data          0x00000000000350a4        0x0 obj_cooja/mtype361.a(beep.o)
 .data          0x00000000000350a4        0x0 obj_cooja/mtype361.a(button-sensor.o)
 .data          0x00000000000350a4        0x0 obj_cooja/mtype361.a(leds-arch.o)
 .data          0x00000000000350a4        0x0 obj_cooja/mtype361.a(moteid.o)
 .data          0x00000000000350a4        0x0 obj_cooja/mtype361.a(pir-sensor.o)
 .data          0x00000000000350a4        0x0 obj_cooja/mtype361.a(rs232.o)
 .data          0x00000000000350a4        0x0 obj_cooja/mtype361.a(vib-sensor.o)
 .data          0x00000000000350a4        0x0 obj_cooja/mtype361.a(clock.o)
 .data          0x00000000000350a4        0x0 obj_cooja/mtype361.a(cooja-log.o)
 .data          0x00000000000350a4        0x0 obj_cooja/mtype361.a(cfs-cooja.o)
 .data          0x00000000000350a4       0x2c obj_cooja/mtype361.a(cooja-radio.o)
                0x00000000000350a4                simRadioHWOn
                0x00000000000350a8                simSignalStrength
                0x00000000000350ac                simLastSignalStrength
                0x00000000000350b0                simPower
                0x00000000000350b4                simRadioChannel
                0x00000000000350b8                simLQI
                0x00000000000350c0                cooja_radio_process
 .data          0x00000000000350d0        0x0 obj_cooja/mtype361.a(eeprom.o)
 .data          0x00000000000350d0        0x0 obj_cooja/mtype361.a(random.o)
 .data          0x00000000000350d0       0x10 obj_cooja/mtype361.a(sensors.o)
                0x00000000000350d0                sensors_process
 .data          0x00000000000350e0        0x0 obj_cooja/mtype361.a(leds.o)
 .data          0x00000000000350e0       0x14 obj_cooja/mtype361.a(mqtt.o)
                0x00000000000350e4                mqtt_process
 .data          0x00000000000350f4        0x0 obj_cooja/mtype361.a(contiki-main.o)
 .data          0x00000000000350f4        0x0 obj_cooja/mtype361.a(autostart.o)
 .data          0x00000000000350f4       0x14 obj_cooja/mtype361.a(ctimer.o)
                0x00000000000350f8                ctimer_process
 .data          0x0000000000035108        0x0 obj_cooja/mtype361.a(energest.o)
 .data          0x0000000000035108       0x10 obj_cooja/mtype361.a(etimer.o)
                0x0000000000035108                etimer_process
 *fill*         0x0000000000035118        0x8 
 .data          0x0000000000035120       0xb0 obj_cooja/mtype361.a(log.o)
                0x0000000000035120                curr_log_level_main
                0x0000000000035140                all_modules
 .data          0x00000000000351d0        0x0 obj_cooja/mtype361.a(process.o)
 .data          0x00000000000351d0        0x0 obj_cooja/mtype361.a(rtimer.o)
 .data          0x00000000000351d0        0x0 obj_cooja/mtype361.a(node-id.o)
 .data          0x00000000000351d0        0x0 obj_cooja/mtype361.a(timer.o)
 .data          0x00000000000351d0       0x10 obj_cooja/mtype361.a(serial-line.o)
                0x00000000000351d0                serial_line_process
 .data          0x00000000000351e0        0x0 obj_cooja/mtype361.a(list.o)
 .data          0x00000000000351e0        0x0 obj_cooja/mtype361.a(ringbuf.o)
 .data          0x00000000000351e0        0x4 obj_cooja/mtype361.a(packetbuf.o)
 .data          0x00000000000351e4        0x4 obj_cooja/mtype361.a(netstack.o)
 .data          0x00000000000351e8        0x0 obj_cooja/mtype361.a(linkaddr.o)
 .data          0x00000000000351e8        0x0 obj_cooja/mtype361.a(csma.o)
 .data          0x00000000000351e8       0x28 obj_cooja/mtype361.a(csma-output.o)
 .data          0x0000000000035210        0x0 obj_cooja/mtype361.a(uip-ds6.o)
 .data          0x0000000000035210       0x14 obj_cooja/mtype361.a(tcp-socket.o)
                0x0000000000035214                tcp_socket_process
 .data          0x0000000000035224       0x10 obj_cooja/mtype361.a(tcpip.o)
                0x0000000000035224                tcpip_process
 .data          0x0000000000035234       0x10 obj_cooja/mtype361.a(uip-ds6-route.o)
 .data          0x0000000000035244        0x0 obj_cooja/mtype361.a(uip6.o)
 .data          0x0000000000035244       0x14 obj_cooja/mtype361.a(uip-ds6-nbr.o)
                0x0000000000035254                ds6_neighbors
 .data          0x0000000000035258        0xc obj_cooja/mtype361.a(uip-nd6.o)
 .data          0x0000000000035264       0x10 obj_cooja/mtype361.a(simple-udp.o)
                0x0000000000035264                simple_udp_process
 .data          0x0000000000035274        0x0 obj_cooja/mtype361.a(sicslowpan.o)
 .data          0x0000000000035274        0x0 obj_cooja/mtype361.a(uiplib.o)
 .data          0x0000000000035274        0x0 obj_cooja/mtype361.a(rpl.o)
 .data          0x0000000000035274       0x30 obj_cooja/mtype361.a(rpl-icmp6.o)
 .data          0x00000000000352a4        0x0 obj_cooja/mtype361.a(rpl-dag.o)
 .data          0x00000000000352a4        0x0 obj_cooja/mtype361.a(rpl-dag-root.o)
 .data          0x00000000000352a4        0x0 obj_cooja/mtype361.a(watchdog.o)
 .data          0x00000000000352a4        0x0 obj_cooja/mtype361.a(stimer.o)
 .data          0x00000000000352a4        0x0 obj_cooja/mtype361.a(memb.o)
 .data          0x00000000000352a4       0x18 obj_cooja/mtype361.a(queuebuf.o)
 .data          0x00000000000352bc       0x10 obj_cooja/mtype361.a(nbr-table.o)
 .data          0x00000000000352cc       0x14 obj_cooja/mtype361.a(link-stats.o)
 .data          0x00000000000352e0        0x0 obj_cooja/mtype361.a(mac-sequence.o)
 .data          0x00000000000352e0        0x0 obj_cooja/mtype361.a(mac.o)
 .data          0x00000000000352e0        0x0 obj_cooja/mtype361.a(framer-802154.o)
 .data          0x00000000000352e0        0x2 obj_cooja/mtype361.a(frame802154.o)
 .data          0x00000000000352e2        0x0 obj_cooja/mtype361.a(uipbuf.o)
 *fill*         0x00000000000352e2        0x2 
 .data          0x00000000000352e4       0x20 obj_cooja/mtype361.a(uip-icmp6.o)
 .data          0x0000000000035304       0x10 obj_cooja/mtype361.a(uip-sr.o)
 .data          0x0000000000035314        0xc obj_cooja/mtype361.a(uip-packetqueue)
 .data          0x0000000000035320        0x0 obj_cooja/mtype361.a(uip-udp-packet.)
 .data          0x0000000000035320        0x0 obj_cooja/mtype361.a(rpl-nbr-policy.)
 .data          0x0000000000035320       0x14 obj_cooja/mtype361.a(rpl-neighbor.o)
                0x0000000000035330                rpl_neighbors
 .data          0x0000000000035334        0x0 obj_cooja/mtype361.a(rpl-timers.o)
 .data          0x0000000000035334        0x0 obj_cooja/mtype361.a(rpl-ext-header.)
 *fill*         0x0000000000035334        0xc 
 .data          0x0000000000035340       0x24 obj_cooja/mtype361.a(rpl-mrhof.o)
                0x0000000000035340                rpl_mrhof
 .data          0x0000000000035364        0x0 /usr/lib/gcc/i686-linux-gnu/5/crtendS.o
 .data          0x0000000000035364        0x0 /usr/lib/gcc/i686-linux-gnu/5/../../../i386-linux-gnu/crtn.o

.tm_clone_table
                0x0000000000035364        0x0
 .tm_clone_table
                0x0000000000035364        0x0 /usr/lib/gcc/i686-linux-gnu/5/crtbeginS.o
 .tm_clone_table
                0x0000000000035364        0x0 /usr/lib/gcc/i686-linux-gnu/5/crtendS.o

.data1
 *(.data1)
                0x0000000000035364                _edata = .
                [!provide]                        PROVIDE (edata, .)
                0x0000000000035364                . = .
                0x0000000000035364                __bss_start = .

.bss            0x0000000000035380    0x14b80
 *(.dynbss)
 .dynbss        0x0000000000035380        0x0 /usr/lib/gcc/i686-linux-gnu/5/../../../i386-linux-gnu/crti.o
 *(.bss .bss.* .gnu.linkonce.b.*)
 .bss           0x0000000000035380        0x0 /usr/lib/gcc/i686-linux-gnu/5/../../../i386-linux-gnu/crti.o
 .bss           0x0000000000035380        0x1 /usr/lib/gcc/i686-linux-gnu/5/crtbeginS.o
 *fill*         0x0000000000035381       0x1f 
 .bss           0x00000000000353a0      0xbd8 udp-client.o
 *fill*         0x0000000000035f78        0x8 
 .bss           0x0000000000035f80     0x2030 obj_cooja/mtype361.o
 .bss           0x0000000000037fb0        0x1 obj_cooja/mtype361.a(simEnvChange.o)
                0x0000000000037fb0                simDontFallAsleep
 *fill*         0x0000000000037fb1        0x3 
 .bss           0x0000000000037fb4        0x4 obj_cooja/mtype361.a(cooja_mt.o)
 .bss           0x0000000000037fb8        0x4 obj_cooja/mtype361.a(cooja_mtarch.o)
 .bss           0x0000000000037fbc        0x0 obj_cooja/mtype361.a(rtimer-arch.o)
 .bss           0x0000000000037fbc        0x0 obj_cooja/mtype361.a(beep.o)
 .bss           0x0000000000037fbc        0x8 obj_cooja/mtype361.a(button-sensor.o)
 .bss           0x0000000000037fc4        0x0 obj_cooja/mtype361.a(leds-arch.o)
 .bss           0x0000000000037fc4        0x0 obj_cooja/mtype361.a(moteid.o)
 .bss           0x0000000000037fc4        0x1 obj_cooja/mtype361.a(pir-sensor.o)
                0x0000000000037fc4                simPirValue
 *fill*         0x0000000000037fc5        0x3 
 .bss           0x0000000000037fc8        0x4 obj_cooja/mtype361.a(rs232.o)
 .bss           0x0000000000037fcc        0x1 obj_cooja/mtype361.a(vib-sensor.o)
                0x0000000000037fcc                simVibValue
 .bss           0x0000000000037fcd        0x0 obj_cooja/mtype361.a(clock.o)
 *fill*         0x0000000000037fcd       0x13 
 .bss           0x0000000000037fe0     0x2020 obj_cooja/mtype361.a(cooja-log.o)
 .bss           0x000000000003a000      0xfc0 obj_cooja/mtype361.a(cfs-cooja.o)
                0x000000000003a000                simCFSData
                0x000000000003afa0                simCFSSize
                0x000000000003afa4                simCFSChanged
                0x000000000003afa8                simCFSRead
                0x000000000003afac                simCFSWritten
 .bss           0x000000000003afc0       0x24 obj_cooja/mtype361.a(cooja-radio.o)
                0x000000000003afc0                simReceiving
                0x000000000003afc4                simInSize
                0x000000000003afc8                simLastPacketTimestamp
                0x000000000003afd0                simOutSize
 .bss           0x000000000003afe4        0xc obj_cooja/mtype361.a(eeprom.o)
                0x000000000003afe4                simEEPROMChanged
                0x000000000003afe8                simEEPROMRead
                0x000000000003afec                simEEPROMWritten
 .bss           0x000000000003aff0        0x0 obj_cooja/mtype361.a(random.o)
 .bss           0x000000000003aff0        0xc obj_cooja/mtype361.a(sensors.o)
 .bss           0x000000000003affc        0x0 obj_cooja/mtype361.a(leds.o)
 .bss           0x000000000003affc       0x15 obj_cooja/mtype361.a(mqtt.o)
 .bss           0x000000000003b011        0x0 obj_cooja/mtype361.a(contiki-main.o)
 .bss           0x000000000003b011        0x0 obj_cooja/mtype361.a(autostart.o)
 *fill*         0x000000000003b011        0x3 
 .bss           0x000000000003b014        0x5 obj_cooja/mtype361.a(ctimer.o)
 .bss           0x000000000003b019        0x0 obj_cooja/mtype361.a(energest.o)
 *fill*         0x000000000003b019        0x3 
 .bss           0x000000000003b01c        0x8 obj_cooja/mtype361.a(etimer.o)
 .bss           0x000000000003b024       0x28 obj_cooja/mtype361.a(log.o)
                0x000000000003b024                curr_log_level_rpl
                0x000000000003b028                curr_log_level_tcpip
                0x000000000003b02c                curr_log_level_ipv6
                0x000000000003b030                curr_log_level_6lowpan
                0x000000000003b034                curr_log_level_nullnet
                0x000000000003b038                curr_log_level_mac
                0x000000000003b03c                curr_log_level_framer
                0x000000000003b040                curr_log_level_6top
                0x000000000003b044                curr_log_level_coap
                0x000000000003b048                curr_log_level_lwm2m
 *fill*         0x000000000003b04c       0x14 
 .bss           0x000000000003b060      0x1a1 obj_cooja/mtype361.a(process.o)
                0x000000000003b060                process_list
                0x000000000003b064                process_current
 *fill*         0x000000000003b201        0x3 
 .bss           0x000000000003b204        0x4 obj_cooja/mtype361.a(rtimer.o)
 .bss           0x000000000003b208        0x2 obj_cooja/mtype361.a(node-id.o)
                0x000000000003b208                node_id
 .bss           0x000000000003b20a        0x0 obj_cooja/mtype361.a(timer.o)
 *fill*         0x000000000003b20a       0x16 
 .bss           0x000000000003b220      0x140 obj_cooja/mtype361.a(serial-line.o)
 .bss           0x000000000003b360        0x0 obj_cooja/mtype361.a(list.o)
 .bss           0x000000000003b360        0x0 obj_cooja/mtype361.a(ringbuf.o)
 .bss           0x000000000003b360       0xa0 obj_cooja/mtype361.a(packetbuf.o)
 .bss           0x000000000003b400        0x4 obj_cooja/mtype361.a(netstack.o)
 .bss           0x000000000003b404        0x0 obj_cooja/mtype361.a(linkaddr.o)
 .bss           0x000000000003b404        0x0 obj_cooja/mtype361.a(csma.o)
 *fill*         0x000000000003b404       0x1c 
 .bss           0x000000000003b420      0x726 obj_cooja/mtype361.a(csma-output.o)
 *fill*         0x000000000003bb46        0x2 
 .bss           0x000000000003bb48       0x20 obj_cooja/mtype361.a(uip-ds6.o)
 .bss           0x000000000003bb68        0x5 obj_cooja/mtype361.a(tcp-socket.o)
 *fill*         0x000000000003bb6d       0x13 
 .bss           0x000000000003bb80       0xc4 obj_cooja/mtype361.a(tcpip.o)
 *fill*         0x000000000003bc44       0x1c 
 .bss           0x000000000003bc60       0x60 obj_cooja/mtype361.a(uip-ds6-route.o)
 .bss           0x000000000003bcc0        0xc obj_cooja/mtype361.a(uip6.o)
                0x000000000003bcc0                uip_ext_bitmap
                0x000000000003bcc1                uip_ext_len
                0x000000000003bcc2                uip_ext_opt_offset
 *fill*         0x000000000003bccc       0x14 
 .bss           0x000000000003bce0     0x1c20 obj_cooja/mtype361.a(uip-ds6-nbr.o)
 .bss           0x000000000003d900       0x10 obj_cooja/mtype361.a(uip-nd6.o)
 *fill*         0x000000000003d910       0x10 
 .bss           0x000000000003d920      0x520 obj_cooja/mtype361.a(simple-udp.o)
 .bss           0x000000000003de40      0x724 obj_cooja/mtype361.a(sicslowpan.o)
 .bss           0x000000000003e564        0x0 obj_cooja/mtype361.a(uiplib.o)
 .bss           0x000000000003e564        0x1 obj_cooja/mtype361.a(rpl.o)
 .bss           0x000000000003e565        0x0 obj_cooja/mtype361.a(rpl-icmp6.o)
 .bss           0x000000000003e565        0x0 obj_cooja/mtype361.a(rpl-dag.o)
 *fill*         0x000000000003e565        0x3 
 .bss           0x000000000003e568       0x11 obj_cooja/mtype361.a(rpl-dag-root.o)
 .bss           0x000000000003e579        0x0 obj_cooja/mtype361.a(watchdog.o)
 .bss           0x000000000003e579        0x0 obj_cooja/mtype361.a(stimer.o)
 .bss           0x000000000003e579        0x0 obj_cooja/mtype361.a(memb.o)
 *fill*         0x000000000003e579        0x7 
 .bss           0x000000000003e580     0x2c80 obj_cooja/mtype361.a(queuebuf.o)
 .bss           0x0000000000041200     0x1214 obj_cooja/mtype361.a(nbr-table.o)
 *fill*         0x0000000000042414        0xc 
 .bss           0x0000000000042420      0xe10 obj_cooja/mtype361.a(link-stats.o)
 *fill*         0x0000000000043230       0x10 
 .bss           0x0000000000043240      0x100 obj_cooja/mtype361.a(mac-sequence.o)
 .bss           0x0000000000043340        0x0 obj_cooja/mtype361.a(mac.o)
 .bss           0x0000000000043340        0x2 obj_cooja/mtype361.a(framer-802154.o)
 .bss           0x0000000000043342        0x0 obj_cooja/mtype361.a(frame802154.o)
 *fill*         0x0000000000043342        0x2 
 .bss           0x0000000000043344        0xc obj_cooja/mtype361.a(uipbuf.o)
 .bss           0x0000000000043350       0x18 obj_cooja/mtype361.a(uip-icmp6.o)
 *fill*         0x0000000000043368       0x18 
 .bss           0x0000000000043380     0x1d80 obj_cooja/mtype361.a(uip-sr.o)
 .bss           0x0000000000045100      0xa78 obj_cooja/mtype361.a(uip-packetqueue)
 .bss           0x0000000000045b78        0x0 obj_cooja/mtype361.a(uip-udp-packet.)
 .bss           0x0000000000045b78        0xe obj_cooja/mtype361.a(rpl-nbr-policy.)
 *fill*         0x0000000000045b86       0x1a 
 .bss           0x0000000000045ba0      0x960 obj_cooja/mtype361.a(rpl-neighbor.o)
 .bss           0x0000000000046500       0x40 obj_cooja/mtype361.a(rpl-timers.o)
 .bss           0x0000000000046540        0x0 obj_cooja/mtype361.a(rpl-ext-header.)
 .bss           0x0000000000046540        0x0 obj_cooja/mtype361.a(rpl-mrhof.o)
 .bss           0x0000000000046540        0x0 /usr/lib/gcc/i686-linux-gnu/5/crtendS.o
 .bss           0x0000000000046540        0x0 /usr/lib/gcc/i686-linux-gnu/5/../../../i386-linux-gnu/crtn.o
 *(COMMON)
 COMMON         0x0000000000046540        0x8 obj_cooja/mtype361.o
                0x0000000000046540                referenceVar
                0x0000000000046544                sensors_flags
 COMMON         0x0000000000046548        0xc obj_cooja/mtype361.a(simEnvChange.o)
                0x0000000000046548                simEtimerPending
                0x000000000004654c                simProcessRunValue
                0x0000000000046550                simEtimerNextExpirationTime
 *fill*         0x0000000000046554        0x4 
 COMMON         0x0000000000046558       0x18 obj_cooja/mtype361.a(rtimer-arch.o)
                0x0000000000046558                simRtimerPending
                0x0000000000046560                simRtimerCurrentTicks
                0x0000000000046568                simRtimerNextExpirationTime
 COMMON         0x0000000000046570        0x1 obj_cooja/mtype361.a(beep.o)
                0x0000000000046570                simBeeped
 COMMON         0x0000000000046571        0x3 obj_cooja/mtype361.a(button-sensor.o)
                0x0000000000046571                simButtonIsActive
                0x0000000000046572                simButtonIsDown
                0x0000000000046573                simButtonChanged
 COMMON         0x0000000000046574        0x1 obj_cooja/mtype361.a(leds-arch.o)
                0x0000000000046574                simLedsValue
 *fill*         0x0000000000046575        0x3 
 COMMON         0x0000000000046578        0xc obj_cooja/mtype361.a(moteid.o)
                0x0000000000046578                simRandomSeed
                0x000000000004657c                simMoteIDChanged
                0x0000000000046580                simMoteID
 COMMON         0x0000000000046584        0x2 obj_cooja/mtype361.a(pir-sensor.o)
                0x0000000000046584                simPirIsActive
                0x0000000000046585                simPirChanged
 *fill*         0x0000000000046586       0x1a 
 COMMON         0x00000000000465a0      0x820 obj_cooja/mtype361.a(rs232.o)
                0x00000000000465a0                simSerialReceivingFlag
                0x00000000000465a4                simSerialReceivingLength
                0x00000000000465c0                simSerialReceivingData
 COMMON         0x0000000000046dc0        0x2 obj_cooja/mtype361.a(vib-sensor.o)
                0x0000000000046dc0                simVibChanged
                0x0000000000046dc1                simVibIsActive
 *fill*         0x0000000000046dc2        0x2 
 COMMON         0x0000000000046dc4        0x4 obj_cooja/mtype361.a(clock.o)
                0x0000000000046dc4                simCurrentTime
 *fill*         0x0000000000046dc8       0x18 
 COMMON         0x0000000000046de0     0x2020 obj_cooja/mtype361.a(cooja-log.o)
                0x0000000000046de0                simLoggedLength
                0x0000000000046de4                simLoggedFlag
                0x0000000000046e00                simLoggedData
 COMMON         0x0000000000048e00      0x100 obj_cooja/mtype361.a(cooja-radio.o)
                0x0000000000048e00                simOutDataBuffer
                0x0000000000048e80                simInDataBuffer
 COMMON         0x0000000000048f00      0x400 obj_cooja/mtype361.a(eeprom.o)
                0x0000000000048f00                simEEPROMData
 COMMON         0x0000000000049300        0x1 obj_cooja/mtype361.a(sensors.o)
                0x0000000000049300                sensors_event
 COMMON         0x0000000000049301        0x1 obj_cooja/mtype361.a(mqtt.o)
                0x0000000000049301                mqtt_update_event
 *fill*         0x0000000000049302        0x2 
 COMMON         0x0000000000049304       0x50 obj_cooja/mtype361.a(contiki-main.o)
                0x0000000000049304                eb_per_time_source
                0x0000000000049318                unicast_per_neighbor_rpl_storing
                0x000000000004932c                unicast_per_neighbor_rpl_ns
                0x0000000000049340                default_common
 COMMON         0x0000000000049354        0x1 obj_cooja/mtype361.a(serial-line.o)
                0x0000000000049354                serial_line_event_message
 *fill*         0x0000000000049355        0x3 
 COMMON         0x0000000000049358       0x2c obj_cooja/mtype361.a(packetbuf.o)
                0x0000000000049358                packetbuf_attrs
                0x0000000000049374                packetbuf_addrs
 COMMON         0x0000000000049384        0x8 obj_cooja/mtype361.a(linkaddr.o)
                0x0000000000049384                linkaddr_node_addr
 *fill*         0x000000000004938c       0x14 
 COMMON         0x00000000000493a0      0x181 obj_cooja/mtype361.a(uip-ds6.o)
                0x00000000000493a0                uip_ds6_prefix_list
                0x0000000000049400                uip_ds6_timer_periodic
                0x0000000000049410                uip_ds6_netif_addr_list_offset
                0x0000000000049420                uip_ds6_if
                0x0000000000049518                uip_ds6_timer_ra
                0x0000000000049520                uip_ds6_addr_size
 COMMON         0x0000000000049521        0x1 obj_cooja/mtype361.a(tcpip.o)
                0x0000000000049521                tcpip_event
 *fill*         0x0000000000049522       0x1e 
 COMMON         0x0000000000049540      0x80c obj_cooja/mtype361.a(uip6.o)
                0x0000000000049540                uip_slen
                0x0000000000049544                uip_acc32
                0x0000000000049560                uip_conns
                0x00000000000496e0                uip_lladdr
                0x00000000000496e8                uip_appdata
                0x00000000000496ec                uip_flags
                0x0000000000049700                uip_aligned_buf
                0x0000000000049c00                uip_listenports
                0x0000000000049c28                uip_len
                0x0000000000049c2c                uip_sappdata
                0x0000000000049c40                uip_udp_conns
                0x0000000000049d40                uip_udp_conn
                0x0000000000049d44                uip_next_hdr
                0x0000000000049d48                uip_conn
 COMMON         0x0000000000049d4c       0x10 obj_cooja/mtype361.a(rpl.o)
                0x0000000000049d4c                rpl_multicast_addr
 *fill*         0x0000000000049d5c        0x4 
 COMMON         0x0000000000049d60      0x164 obj_cooja/mtype361.a(rpl-dag.o)
                0x0000000000049d60                curr_instance
 *fill*         0x0000000000049ec4       0x1c 
 COMMON         0x0000000000049ee0       0x20 obj_cooja/mtype361.a(link-stats.o)
                0x0000000000049ee0                periodic_timer
                0x0000000000049f00                . = ALIGN ((. != 0x0)?0x4:0x1)
                0x0000000000049f00                . = ALIGN (0x4)
                0x0000000000049f00                . = SEGMENT_START ("ldata-segment", .)
                0x0000000000049f00                . = ALIGN (0x4)
                0x0000000000049f00                _end = .
                [!provide]                        PROVIDE (end, .)
                0x0000000000049f00                . = DATA_SEGMENT_END (.)

.stab
 *(.stab)

.stabstr
 *(.stabstr)

.stab.excl
 *(.stab.excl)

.stab.exclstr
 *(.stab.exclstr)

.stab.index
 *(.stab.index)

.stab.indexstr
 *(.stab.indexstr)

.comment        0x0000000000000000       0x35
 *(.comment)
 .comment       0x0000000000000000       0x35 /usr/lib/gcc/i686-linux-gnu/5/crtbeginS.o
                                         0x36 (size before relaxing)
 .comment       0x0000000000000035       0x36 udp-client.o
 .comment       0x0000000000000035       0x36 obj_cooja/mtype361.o
 .comment       0x0000000000000035       0x36 obj_cooja/mtype361.a(simEnvChange.o)
 .comment       0x0000000000000035       0x36 obj_cooja/mtype361.a(cooja_mt.o)
 .comment       0x0000000000000035       0x36 obj_cooja/mtype361.a(cooja_mtarch.o)
 .comment       0x0000000000000035       0x36 obj_cooja/mtype361.a(rtimer-arch.o)
 .comment       0x0000000000000035       0x36 obj_cooja/mtype361.a(beep.o)
 .comment       0x0000000000000035       0x36 obj_cooja/mtype361.a(button-sensor.o)
 .comment       0x0000000000000035       0x36 obj_cooja/mtype361.a(leds-arch.o)
 .comment       0x0000000000000035       0x36 obj_cooja/mtype361.a(moteid.o)
 .comment       0x0000000000000035       0x36 obj_cooja/mtype361.a(pir-sensor.o)
 .comment       0x0000000000000035       0x36 obj_cooja/mtype361.a(rs232.o)
 .comment       0x0000000000000035       0x36 obj_cooja/mtype361.a(vib-sensor.o)
 .comment       0x0000000000000035       0x36 obj_cooja/mtype361.a(clock.o)
 .comment       0x0000000000000035       0x36 obj_cooja/mtype361.a(cooja-log.o)
 .comment       0x0000000000000035       0x36 obj_cooja/mtype361.a(cfs-cooja.o)
 .comment       0x0000000000000035       0x36 obj_cooja/mtype361.a(cooja-radio.o)
 .comment       0x0000000000000035       0x36 obj_cooja/mtype361.a(eeprom.o)
 .comment       0x0000000000000035       0x36 obj_cooja/mtype361.a(random.o)
 .comment       0x0000000000000035       0x36 obj_cooja/mtype361.a(sensors.o)
 .comment       0x0000000000000035       0x36 obj_cooja/mtype361.a(leds.o)
 .comment       0x0000000000000035       0x36 obj_cooja/mtype361.a(mqtt.o)
 .comment       0x0000000000000035       0x36 obj_cooja/mtype361.a(contiki-main.o)
 .comment       0x0000000000000035       0x36 obj_cooja/mtype361.a(autostart.o)
 .comment       0x0000000000000035       0x36 obj_cooja/mtype361.a(ctimer.o)
 .comment       0x0000000000000035       0x36 obj_cooja/mtype361.a(energest.o)
 .comment       0x0000000000000035       0x36 obj_cooja/mtype361.a(etimer.o)
 .comment       0x0000000000000035       0x36 obj_cooja/mtype361.a(log.o)
 .comment       0x0000000000000035       0x36 obj_cooja/mtype361.a(process.o)
 .comment       0x0000000000000035       0x36 obj_cooja/mtype361.a(rtimer.o)
 .comment       0x0000000000000035       0x36 obj_cooja/mtype361.a(node-id.o)
 .comment       0x0000000000000035       0x36 obj_cooja/mtype361.a(timer.o)
 .comment       0x0000000000000035       0x36 obj_cooja/mtype361.a(serial-line.o)
 .comment       0x0000000000000035       0x36 obj_cooja/mtype361.a(list.o)
 .comment       0x0000000000000035       0x36 obj_cooja/mtype361.a(ringbuf.o)
 .comment       0x0000000000000035       0x36 obj_cooja/mtype361.a(packetbuf.o)
 .comment       0x0000000000000035       0x36 obj_cooja/mtype361.a(netstack.o)
 .comment       0x0000000000000035       0x36 obj_cooja/mtype361.a(linkaddr.o)
 .comment       0x0000000000000035       0x36 obj_cooja/mtype361.a(csma.o)
 .comment       0x0000000000000035       0x36 obj_cooja/mtype361.a(csma-output.o)
 .comment       0x0000000000000035       0x36 obj_cooja/mtype361.a(uip-ds6.o)
 .comment       0x0000000000000035       0x36 obj_cooja/mtype361.a(tcp-socket.o)
 .comment       0x0000000000000035       0x36 obj_cooja/mtype361.a(tcpip.o)
 .comment       0x0000000000000035       0x36 obj_cooja/mtype361.a(uip-ds6-route.o)
 .comment       0x0000000000000035       0x36 obj_cooja/mtype361.a(uip6.o)
 .comment       0x0000000000000035       0x36 obj_cooja/mtype361.a(uip-ds6-nbr.o)
 .comment       0x0000000000000035       0x36 obj_cooja/mtype361.a(uip-nd6.o)
 .comment       0x0000000000000035       0x36 obj_cooja/mtype361.a(simple-udp.o)
 .comment       0x0000000000000035       0x36 obj_cooja/mtype361.a(sicslowpan.o)
 .comment       0x0000000000000035       0x36 obj_cooja/mtype361.a(uiplib.o)
 .comment       0x0000000000000035       0x36 obj_cooja/mtype361.a(rpl.o)
 .comment       0x0000000000000035       0x36 obj_cooja/mtype361.a(rpl-icmp6.o)
 .comment       0x0000000000000035       0x36 obj_cooja/mtype361.a(rpl-dag.o)
 .comment       0x0000000000000035       0x36 obj_cooja/mtype361.a(rpl-dag-root.o)
 .comment       0x0000000000000035       0x36 obj_cooja/mtype361.a(watchdog.o)
 .comment       0x0000000000000035       0x36 obj_cooja/mtype361.a(stimer.o)
 .comment       0x0000000000000035       0x36 obj_cooja/mtype361.a(memb.o)
 .comment       0x0000000000000035       0x36 obj_cooja/mtype361.a(queuebuf.o)
 .comment       0x0000000000000035       0x36 obj_cooja/mtype361.a(nbr-table.o)
 .comment       0x0000000000000035       0x36 obj_cooja/mtype361.a(link-stats.o)
 .comment       0x0000000000000035       0x36 obj_cooja/mtype361.a(mac-sequence.o)
 .comment       0x0000000000000035       0x36 obj_cooja/mtype361.a(mac.o)
 .comment       0x0000000000000035       0x36 obj_cooja/mtype361.a(framer-802154.o)
 .comment       0x0000000000000035       0x36 obj_cooja/mtype361.a(frame802154.o)
 .comment       0x0000000000000035       0x36 obj_cooja/mtype361.a(uipbuf.o)
 .comment       0x0000000000000035       0x36 obj_cooja/mtype361.a(uip-icmp6.o)
 .comment       0x0000000000000035       0x36 obj_cooja/mtype361.a(uip-sr.o)
 .comment       0x0000000000000035       0x36 obj_cooja/mtype361.a(uip-packetqueue)
 .comment       0x0000000000000035       0x36 obj_cooja/mtype361.a(uip-udp-packet.)
 .comment       0x0000000000000035       0x36 obj_cooja/mtype361.a(rpl-nbr-policy.)