Archive member included to satisfy reference by file (symbol)

obj_cooja/mtype714.a(simEnvChange.o)
                              obj_cooja/mtype714.o (simDontFallAsleep)
obj_cooja/mtype714.a(cooja_mt.o)
                              obj_cooja/mtype714.o (cooja_mt_start)
obj_cooja/mtype714.a(cooja_mtarch.o)
                              obj_cooja/mtype714.a(cooja_mt.o) (cooja_mtarch_start)
obj_cooja/mtype714.a(rtimer-arch.o)
                              obj_cooja/mtype714.o (rtimer_arch_check)
obj_cooja/mtype714.a(beep.o)  obj_cooja/mtype714.o (beep_interface)
obj_cooja/mtype714.a(button-sensor.o)
                              obj_cooja/mtype714.o (button_interface)
obj_cooja/mtype714.a(leds-arch.o)
                              obj_cooja/mtype714.o (leds_interface)
obj_cooja/mtype714.a(moteid.o)
                              obj_cooja/mtype714.o (moteid_interface)
obj_cooja/mtype714.a(pir-sensor.o)
                              obj_cooja/mtype714.o (pir_interface)
obj_cooja/mtype714.a(rs232.o)
                              obj_cooja/mtype714.o (rs232_interface)
obj_cooja/mtype714.a(vib-sensor.o)
                              obj_cooja/mtype714.o (vib_interface)
obj_cooja/mtype714.a(clock.o)
                              obj_cooja/mtype714.o (clock_interface)
obj_cooja/mtype714.a(cooja-log.o)
                              obj_cooja/mtype714.o (simlog_interface)
obj_cooja/mtype714.a(cfs-cooja.o)
                              obj_cooja/mtype714.o (cfs_interface)
obj_cooja/mtype714.a(cooja-radio.o)
                              obj_cooja/mtype714.o (radio_interface)
obj_cooja/mtype714.a(eeprom.o)
                              obj_cooja/mtype714.o (eeprom_interface)
obj_cooja/mtype714.a(random.o)
                              obj_cooja/mtype714.a(moteid.o) (random_init)
obj_cooja/mtype714.a(sensors.o)
                              obj_cooja/mtype714.a(button-sensor.o) (sensors_changed)
obj_cooja/mtype714.a(leds.o)  udp-client.o (leds_on)
obj_cooja/mtype714.a(mqtt.o)  udp-client.o (mqtt_disconnect)
obj_cooja/mtype714.a(contiki-main.o)
                              obj_cooja/mtype714.o (main)
obj_cooja/mtype714.a(autostart.o)
                              obj_cooja/mtype714.a(contiki-main.o) (autostart_start)
obj_cooja/mtype714.a(ctimer.o)
                              obj_cooja/mtype714.a(contiki-main.o) (ctimer_init)
obj_cooja/mtype714.a(energest.o)
                              obj_cooja/mtype714.a(contiki-main.o) (energest_init)
obj_cooja/mtype714.a(etimer.o)
                              obj_cooja/mtype714.a(contiki-main.o) (etimer_process)
obj_cooja/mtype714.a(log.o)   obj_cooja/mtype714.a(contiki-main.o) (curr_log_level_main)
obj_cooja/mtype714.a(process.o)
                              udp-client.o (process_current)
obj_cooja/mtype714.a(rtimer.o)
                              obj_cooja/mtype714.a(contiki-main.o) (rtimer_init)
obj_cooja/mtype714.a(node-id.o)
                              udp-client.o (node_id)
obj_cooja/mtype714.a(timer.o)
                              obj_cooja/mtype714.a(button-sensor.o) (timer_set)
obj_cooja/mtype714.a(serial-line.o)
                              obj_cooja/mtype714.a(rs232.o) (serial_line_input_byte)
obj_cooja/mtype714.a(list.o)  obj_cooja/mtype714.a(mqtt.o) (list_init)
obj_cooja/mtype714.a(ringbuf.o)
                              obj_cooja/mtype714.a(serial-line.o) (ringbuf_init)
obj_cooja/mtype714.a(packetbuf.o)
                              obj_cooja/mtype714.a(cooja-radio.o) (packetbuf_clear)
obj_cooja/mtype714.a(netstack.o)
                              obj_cooja/mtype714.a(contiki-main.o) (netstack_init)
obj_cooja/mtype714.a(linkaddr.o)
                              udp-client.o (linkaddr_node_addr)
obj_cooja/mtype714.a(csma.o)  obj_cooja/mtype714.a(cooja-radio.o) (csma_driver)
obj_cooja/mtype714.a(csma-output.o)
                              obj_cooja/mtype714.a(csma.o) (csma_output_packet)
obj_cooja/mtype714.a(uip-ds6.o)
                              obj_cooja/mtype714.a(contiki-main.o) (uip_ds6_get_link_local)
obj_cooja/mtype714.a(tcp-socket.o)
                              obj_cooja/mtype714.a(mqtt.o) (tcp_socket_register)
obj_cooja/mtype714.a(tcpip.o)
                              obj_cooja/mtype714.a(tcp-socket.o) (tcpip_event)
obj_cooja/mtype714.a(uip-ds6-route.o)
                              obj_cooja/mtype714.a(uip-ds6.o) (uip_ds6_route_init)
obj_cooja/mtype714.a(uip6.o)  obj_cooja/mtype714.a(contiki-main.o) (uip_lladdr)
obj_cooja/mtype714.a(uip-ds6-nbr.o)
                              obj_cooja/mtype714.a(uip-ds6.o) (uip_ds6_neighbors_init)
obj_cooja/mtype714.a(uip-nd6.o)
                              obj_cooja/mtype714.a(uip6.o) (uip_nd6_init)
obj_cooja/mtype714.a(simple-udp.o)
                              udp-client.o (simple_udp_sendto)
obj_cooja/mtype714.a(sicslowpan.o)
                              obj_cooja/mtype714.a(contiki-main.o) (sicslowpan_driver)
obj_cooja/mtype714.a(uiplib.o)
[...]
Memory Configuration

Name             Origin             Length             Attributes
*default*        0x0000000000000000 0xffffffffffffffff

Linker script and memory map

LOAD /usr/lib/gcc/i686-linux-gnu/5/../../../i386-linux-gnu/crti.o
LOAD /usr/lib/gcc/i686-linux-gnu/5/crtbeginS.o
LOAD udp-client.o
LOAD obj_cooja/mtype714.o
LOAD obj_cooja/mtype714.a
LOAD /usr/lib/gcc/i686-linux-gnu/5/libgcc.a
LOAD /usr/lib/gcc/i686-linux-gnu/5/libgcc_s.so
LOAD /usr/lib/gcc/i686-linux-gnu/5/../../../i386-linux-gnu/libc.so
START GROUP
LOAD /lib/i386-linux-gnu/libc.so.6
LOAD /usr/lib/i386-linux-gnu/libc_nonshared.a
LOAD /lib/i386-linux-gnu/ld-linux.so.2
END GROUP
LOAD /usr/lib/gcc/i686-linux-gnu/5/libgcc.a
LOAD /usr/lib/gcc/i686-linux-gnu/5/libgcc_s.so
LOAD /usr/lib/gcc/i686-linux-gnu/5/crtendS.o
LOAD /usr/lib/gcc/i686-linux-gnu/5/../../../i386-linux-gnu/crtn.o
                0x0000000000000114                . = (0x0 + SIZEOF_HEADERS)

.note.gnu.build-id
                0x0000000000000114       0x24
 *(.note.gnu.build-id)
 .note.gnu.build-id
                0x0000000000000114       0x24 /usr/lib/gcc/i686-linux-gnu/5/../../../i386-linux-gnu/crti.o

.hash
 *(.hash)

.gnu.hash       0x0000000000000138     0x13e8
 *(.gnu.hash)
 .gnu.hash      0x0000000000000138     0x13e8 /usr/lib/gcc/i686-linux-gnu/5/../../../i386-linux-gnu/crti.o

.dynsym         0x0000000000001520     0x27f0
 *(.dynsym)
 .dynsym        0x0000000000001520     0x27f0 /usr/lib/gcc/i686-linux-gnu/5/../../../i386-linux-gnu/crti.o

.dynstr         0x0000000000003d10     0x2b7d
 *(.dynstr)
 .dynstr        0x0000000000003d10     0x2b7d /usr/lib/gcc/i686-linux-gnu/5/../../../i386-linux-gnu/crti.o

.gnu.version    0x000000000000688e      0x4fe
 *(.gnu.version)
 .gnu.version   0x000000000000688e      0x4fe /usr/lib/gcc/i686-linux-gnu/5/../../../i386-linux-gnu/crti.o

.gnu.version_d  0x0000000000006d8c        0x0
 *(.gnu.version_d)
 .gnu.version_d
                0x0000000000006d8c        0x0 /usr/lib/gcc/i686-linux-gnu/5/../../../i386-linux-gnu/crti.o

.gnu.version_r  0x0000000000006d8c       0x40
 *(.gnu.version_r)
 .gnu.version_r
                0x0000000000006d8c       0x40 /usr/lib/gcc/i686-linux-gnu/5/../../../i386-linux-gnu/crti.o

.rel.dyn        0x0000000000006dcc     0xa728
 *(.rel.init)
 .rel.init      0x0000000000006dcc        0x0 /usr/lib/gcc/i686-linux-gnu/5/../../../i386-linux-gnu/crti.o
 *(.rel.text .rel.text.* .rel.gnu.linkonce.t.*)
 .rel.text      0x0000000000006dcc     0x9df8 /usr/lib/gcc/i686-linux-gnu/5/../../../i386-linux-gnu/crti.o
 *(.rel.fini)
 .rel.fini      0x0000000000010bc4        0x0 /usr/lib/gcc/i686-linux-gnu/5/../../../i386-linux-gnu/crti.o
 *(.rel.rodata .rel.rodata.* .rel.gnu.linkonce.r.*)
 .rel.rodata    0x0000000000010bc4      0x580 /usr/lib/gcc/i686-linux-gnu/5/../../../i386-linux-gnu/crti.o
 *(.rel.data.rel.ro .rel.data.rel.ro.* .rel.gnu.linkonce.d.rel.ro.*)
 *(.rel.data .rel.data.* .rel.gnu.linkonce.d.*)
 .rel.data.rel.local
                0x0000000000011144        0x8 /usr/lib/gcc/i686-linux-gnu/5/../../../i386-linux-gnu/crti.o
 .rel.data      0x000000000001114c      0x370 /usr/lib/gcc/i686-linux-gnu/5/../../../i386-linux-gnu/crti.o
 *(.rel.tdata .rel.tdata.* .rel.gnu.linkonce.td.*)
 *(.rel.tbss .rel.tbss.* .rel.gnu.linkonce.tb.*)
 *(.rel.ctors)
 *(.rel.dtors)
 *(.rel.got)
 .rel.got       0x00000000000114bc       0x28 /usr/lib/gcc/i686-linux-gnu/5/../../../i386-linux-gnu/crti.o
 *(.rel.bss .rel.bss.* .rel.gnu.linkonce.b.*)
 *(.rel.ifunc)
 .rel.ifunc     0x00000000000114e4        0x0 /usr/lib/gcc/i686-linux-gnu/5/../../../i386-linux-gnu/crti.o
 .rel.fini_array
                0x00000000000114e4        0x8 /usr/lib/gcc/i686-linux-gnu/5/../../../i386-linux-gnu/crti.o
 .rel.init_array
                0x00000000000114ec        0x8 /usr/lib/gcc/i686-linux-gnu/5/../../../i386-linux-gnu/crti.o

.rel.plt        0x00000000000114f4        0x0
 *(.rel.plt)
 .rel.plt       0x00000000000114f4        0x0 /usr/lib/gcc/i686-linux-gnu/5/../../../i386-linux-gnu/crti.o
 *(.rel.iplt)

.init           0x00000000000114f4       0x23
 *(SORT(.init))
 .init          0x00000000000114f4       0x1e /usr/lib/gcc/i686-linux-gnu/5/../../../i386-linux-gnu/crti.o
                0x00000000000114f4                _init
 .init          0x0000000000011512        0x5 /usr/lib/gcc/i686-linux-gnu/5/../../../i386-linux-gnu/crtn.o

.plt            0x0000000000011520       0x10
 *(.plt)
 .plt           0x0000000000011520       0x10 /usr/lib/gcc/i686-linux-gnu/5/../../../i386-linux-gnu/crti.o
 *(.iplt)

.plt.got        0x0000000000011530       0x10
 *(.plt.got)
 .plt.got       0x0000000000011530       0x10 /usr/lib/gcc/i686-linux-gnu/5/../../../i386-linux-gnu/crti.o

.text           0x0000000000011540    0x1a103
 *(.text.unlikely .text.*_unlikely .text.unlikely.*)
 .text.unlikely
                0x0000000000011540        0x0 /usr/lib/gcc/i686-linux-gnu/5/crtbeginS.o
 *(.text.exit .text.exit.*)
 *(.text.startup .text.startup.*)
 *(.text.hot .text.hot.*)
 *(.text .stub .text.* .gnu.linkonce.t.*)
 .text          0x0000000000011540        0x0 /usr/lib/gcc/i686-linux-gnu/5/../../../i386-linux-gnu/crti.o
 .gnu.linkonce.t.__x86.get_pc_thunk.bx
                0x0000000000011540        0x4 /usr/lib/gcc/i686-linux-gnu/5/../../../i386-linux-gnu/crti.o
                0x0000000000011540                __x86.get_pc_thunk.bx
 *fill*         0x0000000000011544        0xc 
 .text          0x0000000000011550      0x11c /usr/lib/gcc/i686-linux-gnu/5/crtbeginS.o
 .text.__x86.get_pc_thunk.dx
                0x000000000001166c        0x4 /usr/lib/gcc/i686-linux-gnu/5/crtbeginS.o
                0x000000000001166c                __x86.get_pc_thunk.dx
 .text          0x0000000000011670     0x145a udp-client.o
                0x0000000000011670                ipaddr_sprintf
 .text          0x0000000000012aca      0x271 obj_cooja/mtype714.o
                0x0000000000012b5c                platform_init_stage_one
                0x0000000000012b62                platform_init_stage_two
                0x0000000000012b70                platform_init_stage_three
                0x0000000000012b83                platform_main_loop
                0x0000000000012bf6                Java_org_contikios_cooja_corecomm_Lib4_init
                0x0000000000012c2d                Java_org_contikios_cooja_corecomm_Lib4_getMemory
                0x0000000000012c60                Java_org_contikios_cooja_corecomm_Lib4_setMemory
                0x0000000000012cc0                Java_org_contikios_cooja_corecomm_Lib4_tick
                0x0000000000012d28                Java_org_contikios_cooja_corecomm_Lib4_setReferenceAddress
 .text          0x0000000000012d3b       0x65 obj_cooja/mtype714.a(simEnvChange.o)
                0x0000000000012d3b                doActionsBeforeTick
                0x0000000000012d6d                doActionsAfterTick
 .text          0x0000000000012da0       0x83 obj_cooja/mtype714.a(cooja_mt.o)
                0x0000000000012da0                cooja_mt_start
                0x0000000000012dca                cooja_mt_exec
                0x0000000000012e00                cooja_mt_yield
 .text          0x0000000000012e23       0xbe obj_cooja/mtype714.a(cooja_mtarch.o)
                0x0000000000012e23                cooja_mtarch_start
                0x0000000000012e96                cooja_sw
                0x0000000000012eb9                cooja_mtarch_exec
                0x0000000000012ed6                cooja_mtarch_yield
 .text          0x0000000000012ee1       0xc5 obj_cooja/mtype714.a(rtimer-arch.o)
                0x0000000000012ee1                rtimer_arch_init
                0x0000000000012f05                rtimer_arch_schedule
                0x0000000000012f35                rtimer_arch_next
                0x0000000000012f45                rtimer_arch_pending
                0x0000000000012f4f                rtimer_arch_check
                0x0000000000012f96                rtimer_arch_now
 .text          0x0000000000012fa6       0x81 obj_cooja/mtype714.a(beep.o)
                0x0000000000012fa6                beep_alarm
                0x0000000000012fb3                beep_beep
                0x0000000000012fc0                beep
                0x0000000000012fcd                beep_down
                0x0000000000012fda                beep_on
                0x0000000000012fe7                beep_off
                0x0000000000012ff4                beep_spinup
                0x0000000000013001                beep_quick
                0x000000000001300e                beep_long
 .text          0x0000000000013027      0x10d obj_cooja/mtype714.a(button-sensor.o)
 .text          0x0000000000013134       0x49 obj_cooja/mtype714.a(leds-arch.o)
                0x0000000000013134                leds_arch_init
                0x0000000000013141                leds_arch_get
                0x000000000001314d                leds_arch_set
 .text          0x000000000001317d       0x35 obj_cooja/mtype714.a(moteid.o)
 .text          0x00000000000131b2       0xb7 obj_cooja/mtype714.a(pir-sensor.o)
 .text          0x0000000000013269      0x148 obj_cooja/mtype714.a(rs232.o)
                0x0000000000013269                rs232_init
                0x000000000001326f                rs232_set_speed
                0x000000000001327e                rs232_set_input
                0x000000000001328c                rs232_send
                0x00000000000132b0                rs232_print
                0x00000000000132cc                slip_arch_writeb
 .text          0x00000000000133b1       0xb7 obj_cooja/mtype714.a(vib-sensor.o)
 .text          0x0000000000013468       0x38 obj_cooja/mtype714.a(clock.o)
                0x0000000000013468                clock_init
                0x000000000001346e                clock_time
                0x0000000000013478                clock_seconds
                0x000000000001348e                clock_delay
 .text          0x00000000000134a0      0x219 obj_cooja/mtype714.a(cooja-log.o)
                0x00000000000134a0                simlog_char
                0x00000000000134e3                simlog
                0x0000000000013559                log_message
                0x000000000001358a                log_set_putchar_with_slip
                0x0000000000013598                log_putchar
                0x0000000000013613                log_puts
                0x000000000001363b                log_printf
 .text          0x00000000000136b9      0x2b9 obj_cooja/mtype714.a(cfs-cooja.o)
                0x00000000000136b9                cfs_open
                0x0000000000013722                cfs_close
                0x000000000001372f                cfs_read
                0x00000000000137c4                cfs_write
                0x00000000000138a0                cfs_seek
                0x0000000000013928                cfs_remove
                0x000000000001394c                cfs_opendir
                0x0000000000013956                cfs_readdir
                0x0000000000013960                cfs_closedir
 .text          0x0000000000013972      0x605 obj_cooja/mtype714.a(cooja-radio.o)
                0x00000000000139b4                radio_set_channel
                0x00000000000139c2                radio_set_txpower
                0x00000000000139da                radio_signal_strength_last
                0x00000000000139e4                radio_signal_strength_current
                0x00000000000139ee                radio_LQI
 .text          0x0000000000013f77       0xee obj_cooja/mtype714.a(eeprom.o)
                0x0000000000013f77                eeprom_init
                0x0000000000013f7d                eeprom_read
                0x0000000000013feb                eeprom_write
 .text          0x0000000000014065       0x2d obj_cooja/mtype714.a(random.o)
                0x0000000000014065                random_init
                0x0000000000014085                random_rand
 .text          0x0000000000014092      0x29c obj_cooja/mtype714.a(sensors.o)
                0x00000000000140cd                sensors_first
                0x00000000000140d7                sensors_next
                0x00000000000140f1                sensors_changed
                0x0000000000014125                sensors_find
 .text          0x000000000001432e       0xf6 obj_cooja/mtype714.a(leds.o)
                0x000000000001432e                leds_init
                0x000000000001433c                leds_blink
                0x000000000001437f                leds_get
                0x000000000001438c                leds_set
                0x00000000000143ab                leds_on
                0x00000000000143d1                leds_off
                0x00000000000143fe                leds_toggle
 .text          0x0000000000014424     0x3779 obj_cooja/mtype714.a(mqtt.o)
                0x00000000000175c7                mqtt_init
                0x0000000000017685                mqtt_register
                0x0000000000017722                mqtt_connect
                0x0000000000017834                mqtt_disconnect
                0x0000000000017872                mqtt_subscribe
                0x000000000001792f                mqtt_unsubscribe
                0x00000000000179dd                mqtt_publish
                0x0000000000017abe                mqtt_set_username_password
                0x0000000000017b49                mqtt_set_last_will
 .text          0x0000000000017b9d      0x328 obj_cooja/mtype714.a(contiki-main.o)
                0x0000000000017b9d                main
 .text          0x0000000000017ec5       0x92 obj_cooja/mtype714.a(autostart.o)
                0x0000000000017ec5                autostart_start
                0x0000000000017f0f                autostart_exit
 .text          0x0000000000017f57      0x355 obj_cooja/mtype714.a(ctimer.o)
                0x000000000001807f                ctimer_init
                0x00000000000180b2                ctimer_set
                0x00000000000180d8                ctimer_set_with_process
                0x0000000000018155                ctimer_reset
                0x00000000000181a9                ctimer_restart
                0x00000000000181fd                ctimer_stop
                0x000000000001824d                ctimer_expired
 .text          0x00000000000182ac       0x1b obj_cooja/mtype714.a(energest.o)
                0x00000000000182ac                energest_init
                0x00000000000182b2                energest_flush
                0x00000000000182b8                energest_get_total_time
 .text          0x00000000000182c7      0x43f obj_cooja/mtype714.a(etimer.o)
                0x00000000000184eb                etimer_request_poll
                0x0000000000018574                etimer_set
                0x000000000001859d                etimer_reset_with_new_interval
                0x00000000000185cc                etimer_reset
                0x00000000000185f2                etimer_restart
                0x0000000000018618                etimer_adjust
                0x0000000000018635                etimer_expired
                0x0000000000018648                etimer_expiration_time
                0x000000000001865a                etimer_start_time
                0x0000000000018664                etimer_pending
                0x0000000000018676                etimer_next_expiration_time
                0x0000000000018690                etimer_stop
 .text          0x0000000000018706      0x394 obj_cooja/mtype714.a(log.o)
                0x0000000000018706                log_6addr
                0x0000000000018759                log_6addr_compact_snprint
                0x00000000000187f7                log_6addr_compact
                0x000000000001884a                log_lladdr
                0x00000000000188bc                log_lladdr_compact
                0x0000000000018924                log_set_level
                0x00000000000189df                log_get_level
                0x0000000000018a58                log_level_to_str
 .text          0x0000000000018a9a      0x4fb obj_cooja/mtype714.a(process.o)
                0x0000000000018a9a                process_alloc_event
                0x0000000000018aaf                process_start
                0x0000000000018c89                process_exit
                0x0000000000018ca6                process_init
                0x0000000000018e3b                process_run
                0x0000000000018e6e                process_nevents
                0x0000000000018e89                process_post
                0x0000000000018f1c                process_post_synch
                0x0000000000018f51                process_poll
                0x0000000000018f81                process_is_running
 .text          0x0000000000018f95       0xeb obj_cooja/mtype714.a(rtimer.o)
                0x0000000000018f95                rtimer_init
                0x0000000000018fa3                rtimer_set
                0x000000000001901e                rtimer_run_next
 .text          0x0000000000019080       0x25 obj_cooja/mtype714.a(node-id.o)
                0x0000000000019080                node_id_init
 .text          0x00000000000190a5       0x9c obj_cooja/mtype714.a(timer.o)
                0x00000000000190a5                timer_set
                0x00000000000190c3                timer_reset
                0x00000000000190db                timer_restart
                0x00000000000190f0                timer_expired
                0x000000000001911d                timer_remaining
 .text          0x0000000000019141      0x1eb obj_cooja/mtype714.a(serial-line.o)
                0x0000000000019141                serial_line_input_byte
                0x00000000000192f7                serial_line_init
 .text          0x000000000001932c      0x28f obj_cooja/mtype714.a(list.o)
                0x000000000001932c                list_init
                0x000000000001933b                list_head
                0x0000000000019345                list_copy
                0x0000000000019355                list_tail
                0x000000000001938b                list_add
                0x00000000000193d7                list_push
                0x0000000000019403                list_chop
                0x000000000001946d                list_pop
                0x0000000000019495                list_remove
                0x00000000000194fd                list_length
                0x000000000001952b                list_insert
                0x0000000000019570                list_item_next
                0x0000000000019587                list_contains
 .text          0x00000000000195bb      0x156 obj_cooja/mtype714.a(ringbuf.o)
                0x00000000000195bb                ringbuf_init
                0x00000000000195ed                ringbuf_put
                0x000000000001966b                ringbuf_get
                0x00000000000196d8                ringbuf_size
                0x00000000000196ea                ringbuf_elements
 .text          0x0000000000019711      0x407 obj_cooja/mtype714.a(packetbuf.o)
                0x0000000000019711                packetbuf_clear
                0x000000000001973c                packetbuf_copyfrom
                0x000000000001978b                packetbuf_copyto
                0x000000000001981e                packetbuf_hdralloc
                0x000000000001989a                packetbuf_hdrreduce
                0x00000000000198e0                packetbuf_set_datalen
                0x00000000000198fa                packetbuf_dataptr
                0x0000000000019917                packetbuf_hdrptr
                0x0000000000019921                packetbuf_datalen
                0x000000000001992d                packetbuf_hdrlen
                0x0000000000019944                packetbuf_totlen
                0x000000000001995a                packetbuf_remaininglen
                0x000000000001996d                packetbuf_attr_clear
                0x00000000000199b9                packetbuf_attr_copyto
                0x0000000000019a11                packetbuf_attr_copyfrom
                0x0000000000019a69                packetbuf_set_attr
                0x0000000000019a93                packetbuf_attr
                0x0000000000019aad                packetbuf_set_addr
                0x0000000000019ade                packetbuf_addr
                0x0000000000019afb                packetbuf_holds_broadcast
 .text          0x0000000000019b18       0xef obj_cooja/mtype714.a(netstack.o)
                0x0000000000019b18                netstack_process_ip_callback
                0x0000000000019ba9                netstack_ip_packet_processor_add
                0x0000000000019bcc                uip_ds6_ip_packet_processor_rm
                0x0000000000019be9                netstack_init
 .text          0x0000000000019c07       0x4f obj_cooja/mtype714.a(linkaddr.o)
                0x0000000000019c07                linkaddr_copy
                0x0000000000019c1d                linkaddr_cmp
                0x0000000000019c40                linkaddr_set_node_addr
 .text          0x0000000000019c56      0x165 obj_cooja/mtype714.a(csma.o)
 .text          0x0000000000019dbb      0x944 obj_cooja/mtype714.a(csma-output.o)
                0x000000000001a434                csma_output_packet
                0x000000000001a6c1                csma_output_init
 .text          0x000000000001a6ff      0xb25 obj_cooja/mtype714.a(uip-ds6.o)
                0x000000000001a6ff                uip_ds6_init
                0x000000000001a8aa                uip_ds6_periodic
                0x000000000001a931                uip_ds6_list_loop
                0x000000000001a9f1                uip_ds6_prefix_add
                0x000000000001aa9d                uip_ds6_prefix_rm
                0x000000000001aab0                uip_ds6_prefix_lookup
                0x000000000001aaef                uip_ds6_is_addr_onlink
                0x000000000001ab62                uip_ds6_addr_add
                0x000000000001ac82                uip_ds6_addr_rm
                0x000000000001ad2b                uip_ds6_addr_lookup
                0x000000000001ad64                uip_ds6_get_link_local
                0x000000000001ade5                uip_ds6_get_global
                0x000000000001ae66                uip_ds6_maddr_add
                0x000000000001aec6                uip_ds6_maddr_rm
                0x000000000001aed9                uip_ds6_maddr_lookup
                0x000000000001af12                uip_ds6_aaddr_add
                0x000000000001af72                uip_ds6_aaddr_rm
                0x000000000001af85                uip_ds6_aaddr_lookup
                0x000000000001afbe                uip_ds6_select_src
                0x000000000001b107                uip_ds6_set_addr_iid
                0x000000000001b132                uip_ds6_set_lladdr_from_iid
                0x000000000001b15b                get_match_length
                0x000000000001b1ec                uip_ds6_compute_reachable_time
 .text          0x000000000001b224      0x9d5 obj_cooja/mtype714.a(tcp-socket.o)
                0x000000000001b86f                tcp_socket_register
                0x000000000001b900                tcp_socket_connect
                0x000000000001b997                tcp_socket_listen
                0x000000000001ba0e                tcp_socket_unlisten
                0x000000000001ba82                tcp_socket_send
                0x000000000001bb22                tcp_socket_send_str
                0x000000000001bb4a                tcp_socket_close
                0x000000000001bb73                tcp_socket_unregister
                0x000000000001bbcd                tcp_socket_max_sendlen
                0x000000000001bbea                tcp_socket_queuelen
 .text          0x000000000001bbf9      0xa72 obj_cooja/mtype714.a(tcpip.o)
                0x000000000001bc13                tcpip_output
                0x000000000001bcf7                tcp_connect
                0x000000000001bd4f                tcp_unlisten
                0x000000000001bdaf                tcp_listen
                0x000000000001be0d                tcp_attach
                0x000000000001be25                udp_attach
                0x000000000001be3d                udp_new
                0x000000000001be87                udp_broadcast_new
                0x000000000001c10c                tcpip_input
                0x000000000001c2ac                tcpip_ipv6_output
                0x000000000001c4c0                tcpip_poll_udp
                0x000000000001c4de                tcpip_poll_tcp
                0x000000000001c4fc                tcpip_uipcall
 .text          0x000000000001c66b      0x35b obj_cooja/mtype714.a(uip-ds6-route.o)
                0x000000000001c6bc                uip_ds6_route_init
                0x000000000001c6e6                uip_ds6_route_nexthop
                0x000000000001c6f0                uip_ds6_route_head
                0x000000000001c6fa                uip_ds6_route_next
                0x000000000001c704                uip_ds6_route_is_nexthop
                0x000000000001c70e                uip_ds6_route_num_routes
                0x000000000001c718                uip_ds6_route_lookup
                0x000000000001c722                uip_ds6_route_add
                0x000000000001c735                uip_ds6_route_rm
                0x000000000001c73b                uip_ds6_route_rm_by_nexthop
                0x000000000001c741                uip_ds6_defrt_head
                0x000000000001c75a                uip_ds6_defrt_add
                0x000000000001c808                uip_ds6_defrt_rm
                0x000000000001c86e                uip_ds6_defrt_lookup
                0x000000000001c8d5                uip_ds6_defrt_choose
                0x000000000001c94b                uip_ds6_defrt_periodic
 .text          0x000000000001c9c6     0x2802 obj_cooja/mtype714.a(uip6.o)
                0x000000000001c9c6                uip_add32
                0x000000000001cb60                uip_chksum
                0x000000000001cc41                uip_icmp6chksum
                0x000000000001cc56                uip_tcpchksum
                0x000000000001cc6b                uip_udpchksum
                0x000000000001cc80                uip_init
                0x000000000001cd0b                uip_connect
                0x000000000001ce94                remove_ext_hdr
                0x000000000001cf79                uip_udp_new
                0x000000000001d09b                uip_unlisten
                0x000000000001d0dd                uip_listen
                0x000000000001d37e                uip_process
                0x000000000001f0c3                uip_htons
                0x000000000001f0e5                uip_htonl
                0x000000000001f123                uip_send
 .text          0x000000000001f1c8      0x374 obj_cooja/mtype714.a(uip-ds6-nbr.o)
                0x000000000001f1c8                uip_ds6_neighbors_init
                0x000000000001f1ec                uip_ds6_nbr_add
                0x000000000001f272                uip_ds6_nbr_rm
                0x000000000001f2bd                uip_ds6_nbr_update_ll
                0x000000000001f3ab                uip_ds6_nbr_get_ipaddr
                0x000000000001f3c0                uip_ds6_nbr_get_ll
                0x000000000001f3dc                uip_ds6_nbr_num
                0x000000000001f425                uip_ds6_nbr_head
                0x000000000001f43e                uip_ds6_nbr_next
                0x000000000001f45a                uip_ds6_nbr_lookup
                0x000000000001f4bd                uip_ds6_nbr_ll_lookup
                0x000000000001f4d9                uip_ds6_nbr_ipaddr_from_lladdr
                0x000000000001f502                uip_ds6_nbr_lladdr_from_ipaddr
                0x000000000001f536                uip_ds6_link_callback
 .text          0x000000000001f53c      0x6b5 obj_cooja/mtype714.a(uip-nd6.o)
                0x000000000001fbd8                uip_nd6_init
 .text          0x000000000001fbf1      0x37a obj_cooja/mtype714.a(simple-udp.o)
                0x000000000001fc1e                simple_udp_send
                0x000000000001fc81                simple_udp_sendto
                0x000000000001fcdc                simple_udp_sendto_port
                0x000000000001fd35                simple_udp_register
 .text          0x000000000001ff6b     0x2a78 obj_cooja/mtype714.a(sicslowpan.o)
                0x0000000000020469                netstack_sniffer_add
                0x0000000000020477                netstack_sniffer_remove
                0x00000000000229af                sicslowpan_init
                0x00000000000229d9                sicslowpan_get_last_rssi
 .text          0x00000000000229e3      0x4d1 obj_cooja/mtype714.a(uiplib.o)
                0x00000000000229e3                uiplib_ip6addrconv
                0x0000000000022b9b                uiplib_ip4addrconv
                0x0000000000022c5e                uiplib_ipaddr_print
                0x0000000000022cb1                uiplib_ipaddr_snprint
 .text          0x0000000000022eb4      0x4c9 obj_cooja/mtype714.a(rpl.o)
                0x0000000000022eb4                rpl_lollipop_greater_than
                0x0000000000022f0e                rpl_get_global_address
                0x0000000000023006                rpl_link_callback
                0x000000000002304a                rpl_has_joined
                0x000000000002306f                rpl_is_reachable
                0x00000000000230f0                rpl_reset_prefix
                0x000000000002315a                rpl_set_prefix_from_addr
                0x000000000002323f                rpl_set_prefix
                0x0000000000023359                rpl_set_leaf_only
                0x0000000000023371                rpl_get_leaf_only
 .text          0x000000000002337d     0x13cb obj_cooja/mtype714.a(rpl-icmp6.o)
                0x00000000000234a2                rpl_icmp6_update_nbr_table
                0x000000000002353b                rpl_icmp6_dis_output
                0x0000000000023b91                rpl_icmp6_dio_output
                0x000000000002439e                rpl_icmp6_dao_output
                0x000000000002468f                rpl_icmp6_dao_ack_output
                0x00000000000246ff                rpl_icmp6_init
 .text          0x0000000000024748      0xe51 obj_cooja/mtype714.a(rpl-dag.o)
                0x0000000000024748                rpl_dag_state_to_str
                0x0000000000024787                rpl_dag_get_root_ipaddr
                0x00000000000247cf                rpl_dag_leave
                0x0000000000024858                rpl_dag_poison_and_leave
                0x0000000000024870                rpl_dag_periodic
                0x00000000000248f8                rpl_is_addr_in_our_dag
                0x000000000002493c                rpl_get_default_instance
                0x0000000000024958                rpl_get_any_dag
                0x00000000000249b1                rpl_refresh_routes
                0x00000000000249f1                rpl_global_repair
                0x0000000000024a7d                rpl_local_repair
                0x0000000000024ac7                rpl_dag_ready_to_advertise
                0x0000000000024b0a                rpl_dag_update_state
                0x000000000002522e                rpl_process_dio
                0x00000000000252af                rpl_process_dis
                0x00000000000252f4                rpl_process_dao
                0x0000000000025383                rpl_process_dao_ack
                0x0000000000025415                rpl_process_hbh
                0x0000000000025465                rpl_dag_init_root
                0x0000000000025579                rpl_dag_init
 .text          0x0000000000025599      0x286 obj_cooja/mtype714.a(rpl-dag-root.o)
                0x0000000000025599                rpl_dag_root_print_links
                0x00000000000256e7                rpl_dag_root_set_prefix
                0x0000000000025713                rpl_dag_root_start
                0x00000000000257f0                rpl_dag_root_is_root
 .text          0x000000000002581f       0x1e obj_cooja/mtype714.a(watchdog.o)
                0x000000000002581f                watchdog_init
                0x0000000000025825                watchdog_start
                0x000000000002582b                watchdog_periodic
                0x0000000000025831                watchdog_stop
                0x0000000000025837                watchdog_reboot
 .text          0x000000000002583d       0xb2 obj_cooja/mtype714.a(stimer.o)
                0x000000000002583d                stimer_set
                0x000000000002585b                stimer_reset
                0x0000000000025873                stimer_restart
                0x0000000000025888                stimer_expired
                0x00000000000258b3                stimer_remaining
                0x00000000000258d7                stimer_elapsed
 .text          0x00000000000258ef      0x1b8 obj_cooja/mtype714.a(memb.o)
                0x00000000000258ef                memb_init
                0x0000000000025944                memb_alloc
                0x00000000000259a9                memb_free
                0x0000000000025a24                memb_inmemb
                0x0000000000025a63                memb_numfree
 .text          0x0000000000025aa7      0x2e7 obj_cooja/mtype714.a(queuebuf.o)
                0x0000000000025ab1                queuebuf_init
                0x0000000000025ada                queuebuf_numfree
                0x0000000000025af2                queuebuf_new_from_packetbuf
                0x0000000000025b91                queuebuf_update_attr_from_packetbuf
                0x0000000000025bc6                queuebuf_update_from_packetbuf
                0x0000000000025c16                queuebuf_free
                0x0000000000025c5f                queuebuf_to_packetbuf
                0x0000000000025ccb                queuebuf_dataptr
                0x0000000000025d05                queuebuf_datalen
                0x0000000000025d28                queuebuf_addr
                0x0000000000025d5d                queuebuf_attr
                0x0000000000025d88                queuebuf_debug_print
 .text          0x0000000000025d8e      0x78b obj_cooja/mtype714.a(nbr-table.o)
                0x0000000000026207                nbr_table_register
                0x0000000000026274                nbr_table_is_registered
                0x00000000000262af                nbr_table_head
                0x000000000002630a                nbr_table_next
                0x000000000002636b                nbr_table_add_lladdr
                0x0000000000026435                nbr_table_get_from_lladdr
                0x0000000000026481                nbr_table_remove
                0x00000000000264b9                nbr_table_lock
                0x00000000000264d3                nbr_table_unlock
                0x00000000000264ed                nbr_table_get_lladdr
 .text          0x0000000000026519      0x37c obj_cooja/mtype714.a(link-stats.o)
                0x0000000000026519                link_stats_from_lladdr
                0x0000000000026535                link_stats_is_fresh
                0x0000000000026571                guess_etx_from_rssi
                0x00000000000265ed                link_stats_packet_sent
                0x0000000000026700                link_stats_input_callback
                0x0000000000026810                link_stats_reset
                0x0000000000026860                link_stats_init
 .text          0x0000000000026895      0x187 obj_cooja/mtype714.a(mac-sequence.o)
                0x0000000000026895                mac_sequence_is_duplicate
                0x0000000000026935                mac_sequence_register_seqno
 .text          0x0000000000026a1c       0x23 obj_cooja/mtype714.a(mac.o)
                0x0000000000026a1c                mac_call_sent_callback
 .text          0x0000000000026a3f      0x41d obj_cooja/mtype714.a(framer-802154.o)
                0x0000000000026bce                framer_802154_setup_params
 .text          0x0000000000026e5c      0xb6f obj_cooja/mtype714.a(frame802154.o)
                0x0000000000026e8d                frame802154_get_pan_id
                0x0000000000026e99                frame802154_set_pan_id
                0x0000000000026eb3                frame802154_has_panid
                0x0000000000027062                frame802154_check_dest_panid
                0x00000000000270ea                frame802154_is_broadcast_addr
                0x0000000000027137                frame802154_extract_linkaddr
                0x000000000002739c                frame802154_hdrlen
                0x000000000002740f                frame802154_create_fcf
                0x00000000000274c7                frame802154_create
                0x000000000002763c                frame802154_parse_fcf
                0x000000000002771e                frame802154_parse
 .text          0x00000000000279cb      0x1ec obj_cooja/mtype714.a(uipbuf.o)
                0x00000000000279cb                uipbuf_get_next_header
                0x0000000000027a3a                uipbuf_get_last_header
                0x0000000000027ac1                uipbuf_get_attr
                0x0000000000027ae8                uipbuf_set_attr
                0x0000000000027b1f                uipbuf_clear_attr
                0x0000000000027b4b                uipbuf_set_attr_flag
                0x0000000000027b6c                uipbuf_clr_attr_flag
                0x0000000000027b93                uipbuf_is_attr_flag
 .text          0x0000000000027bb7      0x96e obj_cooja/mtype714.a(uip-icmp6.o)
                0x0000000000027c2c                uip_icmp6_input
                0x0000000000027c83                uip_icmp6_register_input_handler
                0x0000000000027e8f                uip_icmp6_error_output
                0x00000000000281ee                uip_icmp6_send
                0x00000000000284ad                uip_icmp6_echo_reply_callback_add
                0x00000000000284df                uip_icmp6_echo_reply_callback_rm
                0x00000000000284fc                uip_icmp6_init
 .text          0x0000000000028525      0x69b obj_cooja/mtype714.a(uip-sr.o)
                0x0000000000028525                uip_sr_num_nodes
                0x00000000000285b3                uip_sr_get_node
                0x000000000002860a                uip_sr_is_addr_reachable
                0x00000000000286b8                uip_sr_expire_parent
                0x0000000000028701                uip_sr_update_node
                0x0000000000028831                uip_sr_init
                0x0000000000028865                uip_sr_node_head
                0x000000000002887e                uip_sr_node_next
                0x0000000000028894                uip_sr_periodic
                0x000000000002899a                uip_sr_free_all
                0x0000000000028a0a                uip_sr_link_snprint
 .text          0x0000000000028bc0      0x146 obj_cooja/mtype714.a(uip-packetqueue)
                0x0000000000028bee                uip_packetqueue_new
                0x0000000000028bfd                uip_packetqueue_alloc
                0x0000000000028c58                uip_packetqueue_free
                0x0000000000028c9f                uip_packetqueue_buf
                0x0000000000028cbc                uip_packetqueue_buflen
                0x0000000000028cdd                uip_packetqueue_set_buflen
 .text          0x0000000000028d06      0x128 obj_cooja/mtype714.a(uip-udp-packet.)
                0x0000000000028d06                uip_udp_packet_send
                0x0000000000028d61                uip_udp_packet_sendto
 .text          0x0000000000028e2e      0x1c8 obj_cooja/mtype714.a(rpl-nbr-policy.)
                0x0000000000028fb3                rpl_nbr_policy_find_removable
 .text          0x0000000000028ff6      0x8ed obj_cooja/mtype714.a(rpl-neighbor.o)
                0x0000000000029072                rpl_neighbor_snprint
                0x000000000002931f                rpl_neighbor_print_list
                0x00000000000293d4                rpl_neighbor_count
                0x000000000002947b                rpl_neighbor_get_from_lladdr
                0x0000000000029497                rpl_neighbor_is_acceptable_parent
                0x00000000000294cb                rpl_neighbor_get_link_metric
                0x00000000000294ff                rpl_neighbor_rank_via_nbr
                0x0000000000029533                rpl_neighbor_get_lladdr
                0x000000000002954f                rpl_neighbor_get_ipaddr
                0x0000000000029576                rpl_neighbor_get_link_stats
                0x000000000002959d                rpl_neighbor_is_fresh
                0x00000000000295c4                rpl_neighbor_is_reachable
                0x000000000002960f                rpl_neighbor_is_parent
                0x0000000000029639                rpl_neighbor_set_preferred_parent
                0x00000000000296c5                rpl_neighbor_remove_all
                0x0000000000029714                rpl_neighbor_get_from_ipaddr
                0x0000000000029818                rpl_neighbor_select_best
                0x00000000000298c4                rpl_neighbor_init
 .text          0x00000000000298e3      0xa19 obj_cooja/mtype714.a(rpl-timers.o)
                0x00000000000298e3                rpl_timers_schedule_periodic_dis
                0x0000000000029a31                rpl_timers_dio_reset
                0x0000000000029b22                rpl_timers_schedule_unicast_dio
                0x0000000000029ca8                rpl_timers_schedule_dao
                0x0000000000029de2                rpl_timers_schedule_dao_ack
                0x0000000000029e68                get_probing_delay
                0x0000000000029e9c                get_probing_target
                0x000000000002a086                rpl_schedule_probing
                0x000000000002a0b4                rpl_schedule_probing_now
                0x000000000002a11e                rpl_timers_unschedule_leaving
                0x000000000002a156                rpl_timers_schedule_leaving
                0x000000000002a197                rpl_timers_init
                0x000000000002a227                rpl_timers_stop_dag_timers
                0x000000000002a2a0                rpl_timers_unschedule_state_update
                0x000000000002a2c4                rpl_timers_schedule_state_update
 .text          0x000000000002a2fc     0x102c obj_cooja/mtype714.a(rpl-ext-header.)
                0x000000000002a2fc                rpl_ext_header_srh_get_next_hop
                0x000000000002a478                rpl_ext_header_srh_update
                0x000000000002ab71                rpl_ext_header_hbh_update
                0x000000000002b0c6                rpl_ext_header_update
                0x000000000002b14f                rpl_ext_header_remove
 .text          0x000000000002b328      0x31b obj_cooja/mtype714.a(rpl-mrhof.o)
 .text          0x000000000002b643        0x0 /usr/lib/gcc/i686-linux-gnu/5/crtendS.o
 .text          0x000000000002b643        0x0 /usr/lib/gcc/i686-linux-gnu/5/../../../i386-linux-gnu/crtn.o
 *(.gnu.warning)

.fini           0x000000000002b644       0x14
 *(SORT(.fini))
 .fini          0x000000000002b644        0xf /usr/lib/gcc/i686-linux-gnu/5/../../../i386-linux-gnu/crti.o
                0x000000000002b644                _fini
 .fini          0x000000000002b653        0x5 /usr/lib/gcc/i686-linux-gnu/5/../../../i386-linux-gnu/crtn.o
                [!provide]                        PROVIDE (__etext, .)
                [!provide]                        PROVIDE (_etext, .)
                [!provide]                        PROVIDE (etext, .)

.rodata         0x000000000002b660      0xc40
 *(.rodata .rodata.* .gnu.linkonce.r.*)
 .rodata        0x000000000002b660      0x4af udp-client.o
                0x000000000002b680                autostart_processes
 *fill*         0x000000000002bb0f        0x1 
 .rodata        0x000000000002bb10        0x8 obj_cooja/mtype714.a(beep.o)
                0x000000000002bb10                beep_interface
 .rodata        0x000000000002bb18       0x20 obj_cooja/mtype714.a(button-sensor.o)
                0x000000000002bb18                button_interface
                0x000000000002bb28                button_sensor
 .rodata        0x000000000002bb38        0x8 obj_cooja/mtype714.a(leds-arch.o)
                0x000000000002bb38                leds_interface
 .rodata        0x000000000002bb40        0x8 obj_cooja/mtype714.a(moteid.o)
                0x000000000002bb40                moteid_interface
 .rodata        0x000000000002bb48       0x1c obj_cooja/mtype714.a(pir-sensor.o)
                0x000000000002bb48                pir_interface
                0x000000000002bb54                pir_sensor
 .rodata        0x000000000002bb64        0xe obj_cooja/mtype714.a(rs232.o)
                0x000000000002bb64                rs232_interface
 *fill*         0x000000000002bb72        0x2 
 .rodata        0x000000000002bb74       0x24 obj_cooja/mtype714.a(vib-sensor.o)
                0x000000000002bb74                vib_interface
                0x000000000002bb88                vib_sensor
 .rodata        0x000000000002bb98        0x8 obj_cooja/mtype714.a(clock.o)
                0x000000000002bb98                clock_interface
 .rodata        0x000000000002bba0        0x8 obj_cooja/mtype714.a(cooja-log.o)
                0x000000000002bba0                simlog_interface
 .rodata        0x000000000002bba8       0x2f obj_cooja/mtype714.a(cfs-cooja.o)
                0x000000000002bba8                cfs_interface
 *fill*         0x000000000002bbd7        0x9 
 .rodata        0x000000000002bbe0       0x58 obj_cooja/mtype714.a(cooja-radio.o)
                0x000000000002bbe0                radio_interface
                0x000000000002bc00                cooja_radio_driver
 .rodata        0x000000000002bc38        0x8 obj_cooja/mtype714.a(eeprom.o)
                0x000000000002bc38                eeprom_interface
 .rodata        0x000000000002bc40        0x8 obj_cooja/mtype714.a(sensors.o)
 .rodata        0x000000000002bc48       0x14 obj_cooja/mtype714.a(mqtt.o)
 .rodata        0x000000000002bc5c       0xf8 obj_cooja/mtype714.a(contiki-main.o)
 .rodata        0x000000000002bd54        0xf obj_cooja/mtype714.a(ctimer.o)
 .rodata        0x000000000002bd63        0xc obj_cooja/mtype714.a(etimer.o)
 *fill*         0x000000000002bd6f        0x1 
 .rodata        0x000000000002bd70       0xc0 obj_cooja/mtype714.a(log.o)
 .rodata        0x000000000002be30        0xe obj_cooja/mtype714.a(serial-line.o)
 *fill*         0x000000000002be3e        0x2 
 .rodata        0x000000000002be40        0x8 obj_cooja/mtype714.a(linkaddr.o)
                0x000000000002be40                linkaddr_null
 .rodata        0x000000000002be48       0x20 obj_cooja/mtype714.a(csma.o)
                0x000000000002be50                csma_driver
 .rodata        0x000000000002be68       0x13 obj_cooja/mtype714.a(tcp-socket.o)
 .rodata        0x000000000002be7b        0xd obj_cooja/mtype714.a(tcpip.o)
 .rodata        0x000000000002be88       0x4d obj_cooja/mtype714.a(uip-ds6-route.o)
 *fill*         0x000000000002bed5        0x3 
 .rodata        0x000000000002bed8      0x13c obj_cooja/mtype714.a(uip6.o)
 .rodata        0x000000000002c014       0x13 obj_cooja/mtype714.a(simple-udp.o)
 *fill*         0x000000000002c027        0x1 
 .rodata        0x000000000002c028       0x30 obj_cooja/mtype714.a(sicslowpan.o)
                0x000000000002c028                unc_llconf
                0x000000000002c02c                unc_ctxconf
                0x000000000002c030                unc_mxconf
                0x000000000002c034                llprefix
                0x000000000002c048                sicslowpan_driver
 .rodata        0x000000000002c058       0x2d obj_cooja/mtype714.a(uiplib.o)
 *fill*         0x000000000002c085       0x1b 
 .rodata        0x000000000002c0a0       0x70 obj_cooja/mtype714.a(rpl.o)
                0x000000000002c0c0                rpl_lite_driver
 .rodata        0x000000000002c110       0xdb obj_cooja/mtype714.a(rpl-dag.o)
 *fill*         0x000000000002c1eb        0x1 
 .rodata        0x000000000002c1ec        0xc obj_cooja/mtype714.a(framer-802154.o)
                0x000000000002c1ec                framer_802154
 .rodata        0x000000000002c1f8       0x44 obj_cooja/mtype714.a(uip-sr.o)
 .rodata        0x000000000002c23c       0x58 obj_cooja/mtype714.a(rpl-neighbor.o)
 .rodata        0x000000000002c294        0xc obj_cooja/mtype714.a(rpl-timers.o)

.rodata1
 *(.rodata1)

.eh_frame_hdr   0x000000000002c2a0     0x16a4
 *(.eh_frame_hdr)
 .eh_frame_hdr  0x000000000002c2a0     0x16a4 udp-client.o
                0x000000000002c2a0                __GNU_EH_FRAME_HDR
 *(.eh_frame_entry .eh_frame_entry.*)

.eh_frame       0x000000000002d944     0x5bc4
 *(.eh_frame)
 .eh_frame      0x000000000002d944       0x3c /usr/lib/gcc/i686-linux-gnu/5/../../../i386-linux-gnu/crti.o
                                         0x40 (size before relaxing)
 .eh_frame      0x000000000002d980      0x200 udp-client.o
                                        0x218 (size before relaxing)
 .eh_frame      0x000000000002db80      0x178 obj_cooja/mtype714.o
                                        0x190 (size before relaxing)
 .eh_frame      0x000000000002dcf8       0x40 obj_cooja/mtype714.a(simEnvChange.o)
                                         0x58 (size before relaxing)
 .eh_frame      0x000000000002dd38       0x60 obj_cooja/mtype714.a(cooja_mt.o)
                                         0x78 (size before relaxing)
 .eh_frame      0x000000000002dd98       0x80 obj_cooja/mtype714.a(cooja_mtarch.o)
                                         0x98 (size before relaxing)
 .eh_frame      0x000000000002de18       0xc8 obj_cooja/mtype714.a(rtimer-arch.o)
                                         0xe0 (size before relaxing)
 .eh_frame      0x000000000002dee0      0x160 obj_cooja/mtype714.a(beep.o)
                                        0x178 (size before relaxing)
 .eh_frame      0x000000000002e040       0xa0 obj_cooja/mtype714.a(button-sensor.o)
                                         0xb8 (size before relaxing)
 .eh_frame      0x000000000002e0e0       0xa0 obj_cooja/mtype714.a(leds-arch.o)
                                         0xb8 (size before relaxing)
 .eh_frame      0x000000000002e180       0x40 obj_cooja/mtype714.a(moteid.o)
                                         0x58 (size before relaxing)
 .eh_frame      0x000000000002e1c0       0xa0 obj_cooja/mtype714.a(pir-sensor.o)
                                         0xb8 (size before relaxing)
 .eh_frame      0x000000000002e260      0x100 obj_cooja/mtype714.a(rs232.o)
                                        0x118 (size before relaxing)
 .eh_frame      0x000000000002e360       0xa0 obj_cooja/mtype714.a(vib-sensor.o)
                                         0xb8 (size before relaxing)
 .eh_frame      0x000000000002e400       0xc0 obj_cooja/mtype714.a(clock.o)
                                         0xd8 (size before relaxing)
 .eh_frame      0x000000000002e4c0      0x120 obj_cooja/mtype714.a(cooja-log.o)
                                        0x138 (size before relaxing)
 .eh_frame      0x000000000002e5e0      0x160 obj_cooja/mtype714.a(cfs-cooja.o)
                                        0x178 (size before relaxing)
 .eh_frame      0x000000000002e740      0x340 obj_cooja/mtype714.a(cooja-radio.o)
                                        0x358 (size before relaxing)
 .eh_frame      0x000000000002ea80       0xa0 obj_cooja/mtype714.a(eeprom.o)
                                         0xb8 (size before relaxing)
 .eh_frame      0x000000000002eb20       0x40 obj_cooja/mtype714.a(random.o)
                                         0x58 (size before relaxing)
 .eh_frame      0x000000000002eb60       0xc0 obj_cooja/mtype714.a(sensors.o)
                                         0xd8 (size before relaxing)
 .eh_frame      0x000000000002ec20       0xe0 obj_cooja/mtype714.a(leds.o)
                                         0xf8 (size before relaxing)
 .eh_frame      0x000000000002ed00      0x4a4 obj_cooja/mtype714.a(mqtt.o)
                                        0x4bc (size before relaxing)
 .eh_frame      0x000000000002f1a4       0x30 obj_cooja/mtype714.a(contiki-main.o)
                                         0x48 (size before relaxing)
 .eh_frame      0x000000000002f1d4       0x40 obj_cooja/mtype714.a(autostart.o)
                                         0x58 (size before relaxing)
 .eh_frame      0x000000000002f214      0x100 obj_cooja/mtype714.a(ctimer.o)
                                        0x118 (size before relaxing)
 .eh_frame      0x000000000002f314       0x60 obj_cooja/mtype714.a(energest.o)
                                         0x78 (size before relaxing)
 .eh_frame      0x000000000002f374      0x1e0 obj_cooja/mtype714.a(etimer.o)
                                        0x1f8 (size before relaxing)
 .eh_frame      0x000000000002f554      0x100 obj_cooja/mtype714.a(log.o)
                                        0x118 (size before relaxing)
 .eh_frame      0x000000000002f654      0x1c4 obj_cooja/mtype714.a(process.o)
                                        0x1dc (size before relaxing)
 .eh_frame      0x000000000002f818       0x60 obj_cooja/mtype714.a(rtimer.o)
                                         0x78 (size before relaxing)
 .eh_frame      0x000000000002f878       0x20 obj_cooja/mtype714.a(node-id.o)
                                         0x38 (size before relaxing)
 .eh_frame      0x000000000002f898       0xa4 obj_cooja/mtype714.a(timer.o)
                                         0xbc (size before relaxing)
 .eh_frame      0x000000000002f93c       0x60 obj_cooja/mtype714.a(serial-line.o)
                                         0x78 (size before relaxing)
 .eh_frame      0x000000000002f99c      0x1a0 obj_cooja/mtype714.a(list.o)
                                        0x1b8 (size before relaxing)
 .eh_frame      0x000000000002fb3c       0xa0 obj_cooja/mtype714.a(ringbuf.o)
                                         0xb8 (size before relaxing)
 .eh_frame      0x000000000002fbdc      0x28c obj_cooja/mtype714.a(packetbuf.o)
                                        0x2a4 (size before relaxing)
 .eh_frame      0x000000000002fe68       0x80 obj_cooja/mtype714.a(netstack.o)
                                         0x98 (size before relaxing)
 .eh_frame      0x000000000002fee8       0x60 obj_cooja/mtype714.a(linkaddr.o)
                                         0x78 (size before relaxing)
 .eh_frame      0x000000000002ff48       0xa0 obj_cooja/mtype714.a(csma.o)
                                         0xb8 (size before relaxing)
 .eh_frame      0x000000000002ffe8      0x1d4 obj_cooja/mtype714.a(csma-output.o)
                                        0x1ec (size before relaxing)
 .eh_frame      0x00000000000301bc      0x2e8 obj_cooja/mtype714.a(uip-ds6.o)
                                        0x300 (size before relaxing)
 .eh_frame      0x00000000000304a4      0x248 obj_cooja/mtype714.a(tcp-socket.o)
                                        0x260 (size before relaxing)
 .eh_frame      0x00000000000306ec      0x308 obj_cooja/mtype714.a(tcpip.o)
                                        0x320 (size before relaxing)
 .eh_frame      0x00000000000309f4      0x220 obj_cooja/mtype714.a(uip-ds6-route.o)
                                        0x238 (size before relaxing)
 .eh_frame      0x0000000000030c14      0x274 obj_cooja/mtype714.a(uip6.o)
                                        0x28c (size before relaxing)
 .eh_frame      0x0000000000030e88      0x1c0 obj_cooja/mtype714.a(uip-ds6-nbr.o)
                                        0x1d8 (size before relaxing)
 .eh_frame      0x0000000000031048       0x84 obj_cooja/mtype714.a(uip-nd6.o)
                                         0x9c (size before relaxing)
 .eh_frame      0x00000000000310cc       0xd4 obj_cooja/mtype714.a(simple-udp.o)
                                         0xec (size before relaxing)
 .eh_frame      0x00000000000311a0      0x2f8 obj_cooja/mtype714.a(sicslowpan.o)
                                        0x310 (size before relaxing)
 .eh_frame      0x0000000000031498       0x88 obj_cooja/mtype714.a(uiplib.o)
                                         0xa0 (size before relaxing)
 .eh_frame      0x0000000000031520      0x1e0 obj_cooja/mtype714.a(rpl.o)
                                        0x1f8 (size before relaxing)
 .eh_frame      0x0000000000031700      0x1c4 obj_cooja/mtype714.a(rpl-icmp6.o)
                                        0x1dc (size before relaxing)
 .eh_frame      0x00000000000318c4      0x370 obj_cooja/mtype714.a(rpl-dag.o)
                                        0x388 (size before relaxing)
 .eh_frame      0x0000000000031c34       0xa0 obj_cooja/mtype714.a(rpl-dag-root.o)
                                         0xb8 (size before relaxing)
 .eh_frame      0x0000000000031cd4       0xa0 obj_cooja/mtype714.a(watchdog.o)
                                         0xb8 (size before relaxing)
 .eh_frame      0x0000000000031d74       0xc4 obj_cooja/mtype714.a(stimer.o)
                                         0xdc (size before relaxing)
 .eh_frame      0x0000000000031e38       0xa0 obj_cooja/mtype714.a(memb.o)
                                         0xb8 (size before relaxing)
 .eh_frame      0x0000000000031ed8      0x1a0 obj_cooja/mtype714.a(queuebuf.o)
                                        0x1b8 (size before relaxing)
 .eh_frame      0x0000000000032078      0x2ac obj_cooja/mtype714.a(nbr-table.o)
                                        0x2c4 (size before relaxing)
 .eh_frame      0x0000000000032324      0x100 obj_cooja/mtype714.a(link-stats.o)
                                        0x118 (size before relaxing)
 .eh_frame      0x0000000000032424       0x48 obj_cooja/mtype714.a(mac-sequence.o)
                                         0x60 (size before relaxing)
 .eh_frame      0x000000000003246c       0x20 obj_cooja/mtype714.a(mac.o)
                                         0x38 (size before relaxing)
 .eh_frame      0x000000000003248c       0xa4 obj_cooja/mtype714.a(framer-802154.o)
                                         0xbc (size before relaxing)
 .eh_frame      0x0000000000032530      0x1a4 obj_cooja/mtype714.a(frame802154.o)
                                        0x1bc (size before relaxing)
 .eh_frame      0x00000000000326d4      0x100 obj_cooja/mtype714.a(uipbuf.o)
                                        0x118 (size before relaxing)
 .eh_frame      0x00000000000327d4      0x160 obj_cooja/mtype714.a(uip-icmp6.o)
                                        0x178 (size before relaxing)
 .eh_frame      0x0000000000032934      0x184 obj_cooja/mtype714.a(uip-sr.o)
                                        0x19c (size before relaxing)
 .eh_frame      0x0000000000032ab8       0xe0 obj_cooja/mtype714.a(uip-packetqueue)
                                         0xf8 (size before relaxing)
 .eh_frame      0x0000000000032b98       0x40 obj_cooja/mtype714.a(uip-udp-packet.)
                                         0x58 (size before relaxing)
 .eh_frame      0x0000000000032bd8       0x80 obj_cooja/mtype714.a(rpl-nbr-policy.)
                                         0x98 (size before relaxing)
 .eh_frame      0x0000000000032c58      0x2d4 obj_cooja/mtype714.a(rpl-neighbor.o)
                                        0x2ec (size before relaxing)
 .eh_frame      0x0000000000032f2c      0x368 obj_cooja/mtype714.a(rpl-timers.o)
                                        0x380 (size before relaxing)
 .eh_frame      0x0000000000033294      0x128 obj_cooja/mtype714.a(rpl-ext-header.)
                                        0x140 (size before relaxing)
 .eh_frame      0x00000000000333bc      0x148 obj_cooja/mtype714.a(rpl-mrhof.o)
                                        0x160 (size before relaxing)
 .eh_frame      0x0000000000033504        0x4 /usr/lib/gcc/i686-linux-gnu/5/crtendS.o
 *(.eh_frame.*)

.gcc_except_table
 *(.gcc_except_table .gcc_except_table.*)

.gnu_extab
 *(.gnu_extab*)

.exception_ranges
 *(.exception_ranges .exception_ranges*)
                0x0000000000034f10                . = DATA_SEGMENT_ALIGN (0x1000, 0x1000)

.eh_frame
 *(.eh_frame)
 *(.eh_frame.*)

.gnu_extab
 *(.gnu_extab)

.gcc_except_table
 *(.gcc_except_table .gcc_except_table.*)

.exception_ranges
 *(.exception_ranges .exception_ranges*)

.tdata
 *(.tdata .tdata.* .gnu.linkonce.td.*)

.tbss
 *(.tbss .tbss.* .gnu.linkonce.tb.*)
 *(.tcommon)

.preinit_array
 *(.preinit_array)

.init_array     0x0000000000034f10        0x4
 *(SORT(.init_array.*) SORT(.ctors.*))
 *(.init_array EXCLUDE_FILE(*crtend?.o *crtend.o *crtbegin?.o *crtbegin.o) .ctors)
 .init_array    0x0000000000034f10        0x4 /usr/lib/gcc/i686-linux-gnu/5/crtbeginS.o

.fini_array     0x0000000000034f14        0x4
 *(SORT(.fini_array.*) SORT(.dtors.*))
 *(.fini_array EXCLUDE_FILE(*crtend?.o *crtend.o *crtbegin?.o *crtbegin.o) .dtors)
 .fini_array    0x0000000000034f14        0x4 /usr/lib/gcc/i686-linux-gnu/5/crtbeginS.o

.ctors
 *crtbegin.o(.ctors)
 *crtbegin?.o(.ctors)
 *(EXCLUDE_FILE(*crtend?.o *crtend.o) .ctors)
 *(SORT(.ctors.*))
 *(.ctors)

.dtors
 *crtbegin.o(.dtors)
 *crtbegin?.o(.dtors)
 *(EXCLUDE_FILE(*crtend?.o *crtend.o) .dtors)
 *(SORT(.dtors.*))
 *(.dtors)

.jcr            0x0000000000034f18        0x4
 *(.jcr)
 .jcr           0x0000000000034f18        0x0 /usr/lib/gcc/i686-linux-gnu/5/crtbeginS.o
 .jcr           0x0000000000034f18        0x4 /usr/lib/gcc/i686-linux-gnu/5/crtendS.o

.data.rel.ro
 *(.data.rel.ro.local* .gnu.linkonce.d.rel.ro.local.*)
 *(.data.rel.ro .data.rel.ro.* .gnu.linkonce.d.rel.ro.*)

.dynamic        0x0000000000034f1c       0xd0
 *(.dynamic)
 .dynamic       0x0000000000034f1c       0xd0 /usr/lib/gcc/i686-linux-gnu/5/../../../i386-linux-gnu/crti.o
                0x0000000000034f1c                _DYNAMIC

.got            0x0000000000034fec       0x14
 *(.got)
 .got           0x0000000000034fec       0x14 /usr/lib/gcc/i686-linux-gnu/5/../../../i386-linux-gnu/crti.o
 *(.igot)
                0x0000000000035ff4                . = DATA_SEGMENT_RELRO_END (., (SIZEOF (.got.plt) >= 0xc)?0xc:0x0)

.got.plt        0x0000000000035000        0xc
 *(.got.plt)
 .got.plt       0x0000000000035000        0xc /usr/lib/gcc/i686-linux-gnu/5/../../../i386-linux-gnu/crti.o
                0x0000000000035000                _GLOBAL_OFFSET_TABLE_
 *(.igot.plt)

.data           0x0000000000035020      0x344
 *(.data .data.* .gnu.linkonce.d.*)
 .data          0x0000000000035020        0x0 /usr/lib/gcc/i686-linux-gnu/5/../../../i386-linux-gnu/crti.o
 .data          0x0000000000035020        0x0 /usr/lib/gcc/i686-linux-gnu/5/crtbeginS.o
 .data.rel.local
                0x0000000000035020        0x4 /usr/lib/gcc/i686-linux-gnu/5/crtbeginS.o
                0x0000000000035020                __dso_handle
 .data          0x0000000000035024       0x24 udp-client.o
                0x0000000000035028                udp_client_process
                0x0000000000035038                mqtt_client_process
 *fill*         0x0000000000035048       0x18 
 .data          0x0000000000035060       0x44 obj_cooja/mtype714.o
                0x0000000000035060                simInterfaces
                0x0000000000035094                sensors
 .data          0x00000000000350a4        0x0 obj_cooja/mtype714.a(simEnvChange.o)
 .data          0x00000000000350a4        0x0 obj_cooja/mtype714.a(cooja_mt.o)
 .data          0x00000000000350a4        0x0 obj_cooja/mtype714.a(cooja_mtarch.o)
 .data          0x00000000000350a4        0x0 obj_cooja/mtype714.a(rtimer-arch.o)
 .data          0x00000000000350a4        0x0 obj_cooja/mtype714.a(beep.o)
 .data          0x00000000000350a4        0x0 obj_cooja/mtype714.a(button-sensor.o)
 .data          0x00000000000350a4        0x0 obj_cooja/mtype714.a(leds-arch.o)
 .data          0x00000000000350a4        0x0 obj_cooja/mtype714.a(moteid.o)
 .data          0x00000000000350a4        0x0 obj_cooja/mtype714.a(pir-sensor.o)
 .data          0x00000000000350a4        0x0 obj_cooja/mtype714.a(rs232.o)
 .data          0x00000000000350a4        0x0 obj_cooja/mtype714.a(vib-sensor.o)
 .data          0x00000000000350a4        0x0 obj_cooja/mtype714.a(clock.o)
 .data          0x00000000000350a4        0x0 obj_cooja/mtype714.a(cooja-log.o)
 .data          0x00000000000350a4        0x0 obj_cooja/mtype714.a(cfs-cooja.o)
 .data          0x00000000000350a4       0x2c obj_cooja/mtype714.a(cooja-radio.o)
                0x00000000000350a4                simRadioHWOn
                0x00000000000350a8                simSignalStrength
                0x00000000000350ac                simLastSignalStrength
                0x00000000000350b0                simPower
                0x00000000000350b4                simRadioChannel
                0x00000000000350b8                simLQI
                0x00000000000350c0                cooja_radio_process
 .data          0x00000000000350d0        0x0 obj_cooja/mtype714.a(eeprom.o)
 .data          0x00000000000350d0        0x0 obj_cooja/mtype714.a(random.o)
 .data          0x00000000000350d0       0x10 obj_cooja/mtype714.a(sensors.o)
                0x00000000000350d0                sensors_process
 .data          0x00000000000350e0        0x0 obj_cooja/mtype714.a(leds.o)
 .data          0x00000000000350e0       0x14 obj_cooja/mtype714.a(mqtt.o)
                0x00000000000350e4                mqtt_process
 .data          0x00000000000350f4        0x0 obj_cooja/mtype714.a(contiki-main.o)
 .data          0x00000000000350f4        0x0 obj_cooja/mtype714.a(autostart.o)
 .data          0x00000000000350f4       0x14 obj_cooja/mtype714.a(ctimer.o)
                0x00000000000350f8                ctimer_process
 .data          0x0000000000035108        0x0 obj_cooja/mtype714.a(energest.o)
 .data          0x0000000000035108       0x10 obj_cooja/mtype714.a(etimer.o)
                0x0000000000035108                etimer_process
 *fill*         0x0000000000035118        0x8 
 .data          0x0000000000035120       0xb0 obj_cooja/mtype714.a(log.o)
                0x0000000000035120                curr_log_level_main
                0x0000000000035140                all_modules
 .data          0x00000000000351d0        0x0 obj_cooja/mtype714.a(process.o)
 .data          0x00000000000351d0        0x0 obj_cooja/mtype714.a(rtimer.o)
 .data          0x00000000000351d0        0x0 obj_cooja/mtype714.a(node-id.o)
 .data          0x00000000000351d0        0x0 obj_cooja/mtype714.a(timer.o)
 .data          0x00000000000351d0       0x10 obj_cooja/mtype714.a(serial-line.o)
                0x00000000000351d0                serial_line_process
 .data          0x00000000000351e0        0x0 obj_cooja/mtype714.a(list.o)
 .data          0x00000000000351e0        0x0 obj_cooja/mtype714.a(ringbuf.o)
 .data          0x00000000000351e0        0x4 obj_cooja/mtype714.a(packetbuf.o)
 .data          0x00000000000351e4        0x4 obj_cooja/mtype714.a(netstack.o)
 .data          0x00000000000351e8        0x0 obj_cooja/mtype714.a(linkaddr.o)
 .data          0x00000000000351e8        0x0 obj_cooja/mtype714.a(csma.o)
 .data          0x00000000000351e8       0x28 obj_cooja/mtype714.a(csma-output.o)
 .data          0x0000000000035210        0x0 obj_cooja/mtype714.a(uip-ds6.o)
 .data          0x0000000000035210       0x14 obj_cooja/mtype714.a(tcp-socket.o)
                0x0000000000035214                tcp_socket_process
 .data          0x0000000000035224       0x10 obj_cooja/mtype714.a(tcpip.o)
                0x0000000000035224                tcpip_process
 .data          0x0000000000035234       0x10 obj_cooja/mtype714.a(uip-ds6-route.o)
 .data          0x0000000000035244        0x0 obj_cooja/mtype714.a(uip6.o)
 .data          0x0000000000035244       0x14 obj_cooja/mtype714.a(uip-ds6-nbr.o)
                0x0000000000035254                ds6_neighbors
 .data          0x0000000000035258        0xc obj_cooja/mtype714.a(uip-nd6.o)
 .data          0x0000000000035264       0x10 obj_cooja/mtype714.a(simple-udp.o)
                0x0000000000035264                simple_udp_process
 .data          0x0000000000035274        0x0 obj_cooja/mtype714.a(sicslowpan.o)
 .data          0x0000000000035274        0x0 obj_cooja/mtype714.a(uiplib.o)
 .data          0x0000000000035274        0x0 obj_cooja/mtype714.a(rpl.o)
 .data          0x0000000000035274       0x30 obj_cooja/mtype714.a(rpl-icmp6.o)
 .data          0x00000000000352a4        0x0 obj_cooja/mtype714.a(rpl-dag.o)
 .data          0x00000000000352a4        0x0 obj_cooja/mtype714.a(rpl-dag-root.o)
 .data          0x00000000000352a4        0x0 obj_cooja/mtype714.a(watchdog.o)
 .data          0x00000000000352a4        0x0 obj_cooja/mtype714.a(stimer.o)
 .data          0x00000000000352a4        0x0 obj_cooja/mtype714.a(memb.o)
 .data          0x00000000000352a4       0x18 obj_cooja/mtype714.a(queuebuf.o)
 .data          0x00000000000352bc       0x10 obj_cooja/mtype714.a(nbr-table.o)
 .data          0x00000000000352cc       0x14 obj_cooja/mtype714.a(link-stats.o)
 .data          0x00000000000352e0        0x0 obj_cooja/mtype714.a(mac-sequence.o)
 .data          0x00000000000352e0        0x0 obj_cooja/mtype714.a(mac.o)
 .data          0x00000000000352e0        0x0 obj_cooja/mtype714.a(framer-802154.o)
 .data          0x00000000000352e0        0x2 obj_cooja/mtype714.a(frame802154.o)
 .data          0x00000000000352e2        0x0 obj_cooja/mtype714.a(uipbuf.o)
 *fill*         0x00000000000352e2        0x2 
 .data          0x00000000000352e4       0x20 obj_cooja/mtype714.a(uip-icmp6.o)
 .data          0x0000000000035304       0x10 obj_cooja/mtype714.a(uip-sr.o)
 .data          0x0000000000035314        0xc obj_cooja/mtype714.a(uip-packetqueue)
 .data          0x0000000000035320        0x0 obj_cooja/mtype714.a(uip-udp-packet.)
 .data          0x0000000000035320        0x0 obj_cooja/mtype714.a(rpl-nbr-policy.)
 .data          0x0000000000035320       0x14 obj_cooja/mtype714.a(rpl-neighbor.o)
                0x0000000000035330                rpl_neighbors
 .data          0x0000000000035334        0x0 obj_cooja/mtype714.a(rpl-timers.o)
 .data          0x0000000000035334        0x0 obj_cooja/mtype714.a(rpl-ext-header.)
 *fill*         0x0000000000035334        0xc 
 .data          0x0000000000035340       0x24 obj_cooja/mtype714.a(rpl-mrhof.o)
                0x0000000000035340                rpl_mrhof
 .data          0x0000000000035364        0x0 /usr/lib/gcc/i686-linux-gnu/5/crtendS.o
 .data          0x0000000000035364        0x0 /usr/lib/gcc/i686-linux-gnu/5/../../../i386-linux-gnu/crtn.o

.tm_clone_table
                0x0000000000035364        0x0
 .tm_clone_table
                0x0000000000035364        0x0 /usr/lib/gcc/i686-linux-gnu/5/crtbeginS.o
 .tm_clone_table
                0x0000000000035364        0x0 /usr/lib/gcc/i686-linux-gnu/5/crtendS.o

.data1
 *(.data1)
                0x0000000000035364                _edata = .
                [!provide]                        PROVIDE (edata, .)
                0x0000000000035364                . = .
                0x0000000000035364                __bss_start = .

.bss            0x0000000000035380    0x14ba0
 *(.dynbss)
 .dynbss        0x0000000000035380        0x0 /usr/lib/gcc/i686-linux-gnu/5/../../../i386-linux-gnu/crti.o
 *(.bss .bss.* .gnu.linkonce.b.*)
 .bss           0x0000000000035380        0x0 /usr/lib/gcc/i686-linux-gnu/5/../../../i386-linux-gnu/crti.o
 .bss           0x0000000000035380        0x1 /usr/lib/gcc/i686-linux-gnu/5/crtbeginS.o
 *fill*         0x0000000000035381       0x1f 
 .bss           0x00000000000353a0      0xc00 udp-client.o
 .bss           0x0000000000035fa0     0x2030 obj_cooja/mtype714.o
 .bss           0x0000000000037fd0        0x1 obj_cooja/mtype714.a(simEnvChange.o)
                0x0000000000037fd0                simDontFallAsleep
 *fill*         0x0000000000037fd1        0x3 
 .bss           0x0000000000037fd4        0x4 obj_cooja/mtype714.a(cooja_mt.o)
 .bss           0x0000000000037fd8        0x4 obj_cooja/mtype714.a(cooja_mtarch.o)
 .bss           0x0000000000037fdc        0x0 obj_cooja/mtype714.a(rtimer-arch.o)
 .bss           0x0000000000037fdc        0x0 obj_cooja/mtype714.a(beep.o)
 .bss           0x0000000000037fdc        0x8 obj_cooja/mtype714.a(button-sensor.o)
 .bss           0x0000000000037fe4        0x0 obj_cooja/mtype714.a(leds-arch.o)
 .bss           0x0000000000037fe4        0x0 obj_cooja/mtype714.a(moteid.o)
 .bss           0x0000000000037fe4        0x1 obj_cooja/mtype714.a(pir-sensor.o)
                0x0000000000037fe4                simPirValue
 *fill*         0x0000000000037fe5        0x3 
 .bss           0x0000000000037fe8        0x4 obj_cooja/mtype714.a(rs232.o)
 .bss           0x0000000000037fec        0x1 obj_cooja/mtype714.a(vib-sensor.o)
                0x0000000000037fec                simVibValue
 .bss           0x0000000000037fed        0x0 obj_cooja/mtype714.a(clock.o)
 *fill*         0x0000000000037fed       0x13 
 .bss           0x0000000000038000     0x2020 obj_cooja/mtype714.a(cooja-log.o)
 .bss           0x000000000003a020      0xfc0 obj_cooja/mtype714.a(cfs-cooja.o)
                0x000000000003a020                simCFSData
                0x000000000003afc0                simCFSSize
                0x000000000003afc4                simCFSChanged
                0x000000000003afc8                simCFSRead
                0x000000000003afcc                simCFSWritten
 .bss           0x000000000003afe0       0x24 obj_cooja/mtype714.a(cooja-radio.o)
                0x000000000003afe0                simReceiving
                0x000000000003afe4                simInSize
                0x000000000003afe8                simLastPacketTimestamp
                0x000000000003aff0                simOutSize
 .bss           0x000000000003b004        0xc obj_cooja/mtype714.a(eeprom.o)
                0x000000000003b004                simEEPROMChanged
                0x000000000003b008                simEEPROMRead
                0x000000000003b00c                simEEPROMWritten
 .bss           0x000000000003b010        0x0 obj_cooja/mtype714.a(random.o)
 .bss           0x000000000003b010        0xc obj_cooja/mtype714.a(sensors.o)
 .bss           0x000000000003b01c        0x0 obj_cooja/mtype714.a(leds.o)
 .bss           0x000000000003b01c       0x15 obj_cooja/mtype714.a(mqtt.o)
 .bss           0x000000000003b031        0x0 obj_cooja/mtype714.a(contiki-main.o)
 .bss           0x000000000003b031        0x0 obj_cooja/mtype714.a(autostart.o)
 *fill*         0x000000000003b031        0x3 
 .bss           0x000000000003b034        0x5 obj_cooja/mtype714.a(ctimer.o)
 .bss           0x000000000003b039        0x0 obj_cooja/mtype714.a(energest.o)
 *fill*         0x000000000003b039        0x3 
 .bss           0x000000000003b03c        0x8 obj_cooja/mtype714.a(etimer.o)
 .bss           0x000000000003b044       0x28 obj_cooja/mtype714.a(log.o)
                0x000000000003b044                curr_log_level_rpl
                0x000000000003b048                curr_log_level_tcpip
                0x000000000003b04c                curr_log_level_ipv6
                0x000000000003b050                curr_log_level_6lowpan
                0x000000000003b054                curr_log_level_nullnet
                0x000000000003b058                curr_log_level_mac
                0x000000000003b05c                curr_log_level_framer
                0x000000000003b060                curr_log_level_6top
                0x000000000003b064                curr_log_level_coap
                0x000000000003b068                curr_log_level_lwm2m
 *fill*         0x000000000003b06c       0x14 
 .bss           0x000000000003b080      0x1a1 obj_cooja/mtype714.a(process.o)
                0x000000000003b080                process_list
                0x000000000003b084                process_current
 *fill*         0x000000000003b221        0x3 
 .bss           0x000000000003b224        0x4 obj_cooja/mtype714.a(rtimer.o)
 .bss           0x000000000003b228        0x2 obj_cooja/mtype714.a(node-id.o)
                0x000000000003b228                node_id
 .bss           0x000000000003b22a        0x0 obj_cooja/mtype714.a(timer.o)
 *fill*         0x000000000003b22a       0x16 
 .bss           0x000000000003b240      0x140 obj_cooja/mtype714.a(serial-line.o)
 .bss           0x000000000003b380        0x0 obj_cooja/mtype714.a(list.o)
 .bss           0x000000000003b380        0x0 obj_cooja/mtype714.a(ringbuf.o)
 .bss           0x000000000003b380       0xa0 obj_cooja/mtype714.a(packetbuf.o)
 .bss           0x000000000003b420        0x4 obj_cooja/mtype714.a(netstack.o)
 .bss           0x000000000003b424        0x0 obj_cooja/mtype714.a(linkaddr.o)
 .bss           0x000000000003b424        0x0 obj_cooja/mtype714.a(csma.o)
 *fill*         0x000000000003b424       0x1c 
 .bss           0x000000000003b440      0x726 obj_cooja/mtype714.a(csma-output.o)
 *fill*         0x000000000003bb66        0x2 
 .bss           0x000000000003bb68       0x20 obj_cooja/mtype714.a(uip-ds6.o)
 .bss           0x000000000003bb88        0x5 obj_cooja/mtype714.a(tcp-socket.o)
 *fill*         0x000000000003bb8d       0x13 
 .bss           0x000000000003bba0       0xc4 obj_cooja/mtype714.a(tcpip.o)
 *fill*         0x000000000003bc64       0x1c 
 .bss           0x000000000003bc80       0x60 obj_cooja/mtype714.a(uip-ds6-route.o)
 .bss           0x000000000003bce0        0xc obj_cooja/mtype714.a(uip6.o)
                0x000000000003bce0                uip_ext_bitmap
                0x000000000003bce1                uip_ext_len
                0x000000000003bce2                uip_ext_opt_offset
 *fill*         0x000000000003bcec       0x14 
 .bss           0x000000000003bd00     0x1c20 obj_cooja/mtype714.a(uip-ds6-nbr.o)
 .bss           0x000000000003d920       0x10 obj_cooja/mtype714.a(uip-nd6.o)
 *fill*         0x000000000003d930       0x10 
 .bss           0x000000000003d940      0x520 obj_cooja/mtype714.a(simple-udp.o)
 .bss           0x000000000003de60      0x724 obj_cooja/mtype714.a(sicslowpan.o)
 .bss           0x000000000003e584        0x0 obj_cooja/mtype714.a(uiplib.o)
 .bss           0x000000000003e584        0x1 obj_cooja/mtype714.a(rpl.o)
 .bss           0x000000000003e585        0x0 obj_cooja/mtype714.a(rpl-icmp6.o)
 .bss           0x000000000003e585        0x0 obj_cooja/mtype714.a(rpl-dag.o)
 *fill*         0x000000000003e585        0x3 
 .bss           0x000000000003e588       0x11 obj_cooja/mtype714.a(rpl-dag-root.o)
 .bss           0x000000000003e599        0x0 obj_cooja/mtype714.a(watchdog.o)
 .bss           0x000000000003e599        0x0 obj_cooja/mtype714.a(stimer.o)
 .bss           0x000000000003e599        0x0 obj_cooja/mtype714.a(memb.o)
 *fill*         0x000000000003e599        0x7 
 .bss           0x000000000003e5a0     0x2c80 obj_cooja/mtype714.a(queuebuf.o)
 .bss           0x0000000000041220     0x1214 obj_cooja/mtype714.a(nbr-table.o)
 *fill*         0x0000000000042434        0xc 
 .bss           0x0000000000042440      0xe10 obj_cooja/mtype714.a(link-stats.o)
 *fill*         0x0000000000043250       0x10 
 .bss           0x0000000000043260      0x100 obj_cooja/mtype714.a(mac-sequence.o)
 .bss           0x0000000000043360        0x0 obj_cooja/mtype714.a(mac.o)
 .bss           0x0000000000043360        0x2 obj_cooja/mtype714.a(framer-802154.o)
 .bss           0x0000000000043362        0x0 obj_cooja/mtype714.a(frame802154.o)
 *fill*         0x0000000000043362        0x2 
 .bss           0x0000000000043364        0xc obj_cooja/mtype714.a(uipbuf.o)
 .bss           0x0000000000043370       0x18 obj_cooja/mtype714.a(uip-icmp6.o)
 *fill*         0x0000000000043388       0x18 
 .bss           0x00000000000433a0     0x1d80 obj_cooja/mtype714.a(uip-sr.o)
 .bss           0x0000000000045120      0xa78 obj_cooja/mtype714.a(uip-packetqueue)
 .bss           0x0000000000045b98        0x0 obj_cooja/mtype714.a(uip-udp-packet.)
 .bss           0x0000000000045b98        0xe obj_cooja/mtype714.a(rpl-nbr-policy.)
 *fill*         0x0000000000045ba6       0x1a 
 .bss           0x0000000000045bc0      0x960 obj_cooja/mtype714.a(rpl-neighbor.o)
 .bss           0x0000000000046520       0x40 obj_cooja/mtype714.a(rpl-timers.o)
 .bss           0x0000000000046560        0x0 obj_cooja/mtype714.a(rpl-ext-header.)
 .bss           0x0000000000046560        0x0 obj_cooja/mtype714.a(rpl-mrhof.o)
 .bss           0x0000000000046560        0x0 /usr/lib/gcc/i686-linux-gnu/5/crtendS.o
 .bss           0x0000000000046560        0x0 /usr/lib/gcc/i686-linux-gnu/5/../../../i386-linux-gnu/crtn.o
 *(COMMON)
 COMMON         0x0000000000046560        0x8 obj_cooja/mtype714.o
                0x0000000000046560                referenceVar
                0x0000000000046564                sensors_flags
 COMMON         0x0000000000046568        0xc obj_cooja/mtype714.a(simEnvChange.o)
                0x0000000000046568                simEtimerPending
                0x000000000004656c                simProcessRunValue
                0x0000000000046570                simEtimerNextExpirationTime
 *fill*         0x0000000000046574        0x4 
 COMMON         0x0000000000046578       0x18 obj_cooja/mtype714.a(rtimer-arch.o)
                0x0000000000046578                simRtimerPending
                0x0000000000046580                simRtimerCurrentTicks
                0x0000000000046588                simRtimerNextExpirationTime
 COMMON         0x0000000000046590        0x1 obj_cooja/mtype714.a(beep.o)
                0x0000000000046590                simBeeped
 COMMON         0x0000000000046591        0x3 obj_cooja/mtype714.a(button-sensor.o)
                0x0000000000046591                simButtonIsActive
                0x0000000000046592                simButtonIsDown
                0x0000000000046593                simButtonChanged
 COMMON         0x0000000000046594        0x1 obj_cooja/mtype714.a(leds-arch.o)
                0x0000000000046594                simLedsValue
 *fill*         0x0000000000046595        0x3 
 COMMON         0x0000000000046598        0xc obj_cooja/mtype714.a(moteid.o)
                0x0000000000046598                simRandomSeed
                0x000000000004659c                simMoteIDChanged
                0x00000000000465a0                simMoteID
 COMMON         0x00000000000465a4        0x2 obj_cooja/mtype714.a(pir-sensor.o)
                0x00000000000465a4                simPirIsActive
                0x00000000000465a5                simPirChanged
 *fill*         0x00000000000465a6       0x1a 
 COMMON         0x00000000000465c0      0x820 obj_cooja/mtype714.a(rs232.o)
                0x00000000000465c0                simSerialReceivingFlag
                0x00000000000465c4                simSerialReceivingLength
                0x00000000000465e0                simSerialReceivingData
 COMMON         0x0000000000046de0        0x2 obj_cooja/mtype714.a(vib-sensor.o)
                0x0000000000046de0                simVibChanged
                0x0000000000046de1                simVibIsActive
 *fill*         0x0000000000046de2        0x2 
 COMMON         0x0000000000046de4        0x4 obj_cooja/mtype714.a(clock.o)
                0x0000000000046de4                simCurrentTime
 *fill*         0x0000000000046de8       0x18 
 COMMON         0x0000000000046e00     0x2020 obj_cooja/mtype714.a(cooja-log.o)
                0x0000000000046e00                simLoggedLength
                0x0000000000046e04                simLoggedFlag
                0x0000000000046e20                simLoggedData
 COMMON         0x0000000000048e20      0x100 obj_cooja/mtype714.a(cooja-radio.o)
                0x0000000000048e20                simOutDataBuffer
                0x0000000000048ea0                simInDataBuffer
 COMMON         0x0000000000048f20      0x400 obj_cooja/mtype714.a(eeprom.o)
                0x0000000000048f20                simEEPROMData
 COMMON         0x0000000000049320        0x1 obj_cooja/mtype714.a(sensors.o)
                0x0000000000049320                sensors_event
 COMMON         0x0000000000049321        0x1 obj_cooja/mtype714.a(mqtt.o)
                0x0000000000049321                mqtt_update_event
 *fill*         0x0000000000049322        0x2 
 COMMON         0x0000000000049324       0x50 obj_cooja/mtype714.a(contiki-main.o)
                0x0000000000049324                eb_per_time_source
                0x0000000000049338                unicast_per_neighbor_rpl_storing
                0x000000000004934c                unicast_per_neighbor_rpl_ns
                0x0000000000049360                default_common
 COMMON         0x0000000000049374        0x1 obj_cooja/mtype714.a(serial-line.o)
                0x0000000000049374                serial_line_event_message
 *fill*         0x0000000000049375        0x3 
 COMMON         0x0000000000049378       0x2c obj_cooja/mtype714.a(packetbuf.o)
                0x0000000000049378                packetbuf_attrs
                0x0000000000049394                packetbuf_addrs
 COMMON         0x00000000000493a4        0x8 obj_cooja/mtype714.a(linkaddr.o)
                0x00000000000493a4                linkaddr_node_addr
 *fill*         0x00000000000493ac       0x14 
 COMMON         0x00000000000493c0      0x181 obj_cooja/mtype714.a(uip-ds6.o)
                0x00000000000493c0                uip_ds6_prefix_list
                0x0000000000049420                uip_ds6_timer_periodic
                0x0000000000049430                uip_ds6_netif_addr_list_offset
                0x0000000000049440                uip_ds6_if
                0x0000000000049538                uip_ds6_timer_ra
                0x0000000000049540                uip_ds6_addr_size
 COMMON         0x0000000000049541        0x1 obj_cooja/mtype714.a(tcpip.o)
                0x0000000000049541                tcpip_event
 *fill*         0x0000000000049542       0x1e 
 COMMON         0x0000000000049560      0x80c obj_cooja/mtype714.a(uip6.o)
                0x0000000000049560                uip_slen
                0x0000000000049564                uip_acc32
                0x0000000000049580                uip_conns
                0x0000000000049700                uip_lladdr
                0x0000000000049708                uip_appdata
                0x000000000004970c                uip_flags
                0x0000000000049720                uip_aligned_buf
                0x0000000000049c20                uip_listenports
                0x0000000000049c48                uip_len
                0x0000000000049c4c                uip_sappdata
                0x0000000000049c60                uip_udp_conns
                0x0000000000049d60                uip_udp_conn
                0x0000000000049d64                uip_next_hdr
                0x0000000000049d68                uip_conn
 COMMON         0x0000000000049d6c       0x10 obj_cooja/mtype714.a(rpl.o)
                0x0000000000049d6c                rpl_multicast_addr
 *fill*         0x0000000000049d7c        0x4 
 COMMON         0x0000000000049d80      0x164 obj_cooja/mtype714.a(rpl-dag.o)
                0x0000000000049d80                curr_instance
 *fill*         0x0000000000049ee4       0x1c 
 COMMON         0x0000000000049f00       0x20 obj_cooja/mtype714.a(link-stats.o)
                0x0000000000049f00                periodic_timer
                0x0000000000049f20                . = ALIGN ((. != 0x0)?0x4:0x1)
                0x0000000000049f20                . = ALIGN (0x4)
                0x0000000000049f20                . = SEGMENT_START ("ldata-segment", .)
                0x0000000000049f20                . = ALIGN (0x4)
                0x0000000000049f20                _end = .
                [!provide]                        PROVIDE (end, .)
                0x0000000000049f20                . = DATA_SEGMENT_END (.)

.stab
 *(.stab)

.stabstr
 *(.stabstr)

.stab.excl
 *(.stab.excl)

.stab.exclstr
 *(.stab.exclstr)

.stab.index
 *(.stab.index)

.stab.indexstr
 *(.stab.indexstr)

.comment        0x0000000000000000       0x35
 *(.comment)
 .comment       0x0000000000000000       0x35 /usr/lib/gcc/i686-linux-gnu/5/crtbeginS.o
                                         0x36 (size before relaxing)
 .comment       0x0000000000000035       0x36 udp-client.o
 .comment       0x0000000000000035       0x36 obj_cooja/mtype714.o
 .comment       0x0000000000000035       0x36 obj_cooja/mtype714.a(simEnvChange.o)
 .comment       0x0000000000000035       0x36 obj_cooja/mtype714.a(cooja_mt.o)
 .comment       0x0000000000000035       0x36 obj_cooja/mtype714.a(cooja_mtarch.o)
 .comment       0x0000000000000035       0x36 obj_cooja/mtype714.a(rtimer-arch.o)
 .comment       0x0000000000000035       0x36 obj_cooja/mtype714.a(beep.o)
 .comment       0x0000000000000035       0x36 obj_cooja/mtype714.a(button-sensor.o)
 .comment       0x0000000000000035       0x36 obj_cooja/mtype714.a(leds-arch.o)
 .comment       0x0000000000000035       0x36 obj_cooja/mtype714.a(moteid.o)
 .comment       0x0000000000000035       0x36 obj_cooja/mtype714.a(pir-sensor.o)
 .comment       0x0000000000000035       0x36 obj_cooja/mtype714.a(rs232.o)
 .comment       0x0000000000000035       0x36 obj_cooja/mtype714.a(vib-sensor.o)
 .comment       0x0000000000000035       0x36 obj_cooja/mtype714.a(clock.o)
 .comment       0x0000000000000035       0x36 obj_cooja/mtype714.a(cooja-log.o)
 .comment       0x0000000000000035       0x36 obj_cooja/mtype714.a(cfs-cooja.o)
 .comment       0x0000000000000035       0x36 obj_cooja/mtype714.a(cooja-radio.o)
 .comment       0x0000000000000035       0x36 obj_cooja/mtype714.a(eeprom.o)
 .comment       0x0000000000000035       0x36 obj_cooja/mtype714.a(random.o)
 .comment       0x0000000000000035       0x36 obj_cooja/mtype714.a(sensors.o)
 .comment       0x0000000000000035       0x36 obj_cooja/mtype714.a(leds.o)
 .comment       0x0000000000000035       0x36 obj_cooja/mtype714.a(mqtt.o)
 .comment       0x0000000000000035       0x36 obj_cooja/mtype714.a(contiki-main.o)
 .comment       0x0000000000000035       0x36 obj_cooja/mtype714.a(autostart.o)
 .comment       0x0000000000000035       0x36 obj_cooja/mtype714.a(ctimer.o)
 .comment       0x0000000000000035       0x36 obj_cooja/mtype714.a(energest.o)
 .comment       0x0000000000000035       0x36 obj_cooja/mtype714.a(etimer.o)
 .comment       0x0000000000000035       0x36 obj_cooja/mtype714.a(log.o)
 .comment       0x0000000000000035       0x36 obj_cooja/mtype714.a(process.o)
 .comment       0x0000000000000035       0x36 obj_cooja/mtype714.a(rtimer.o)
 .comment       0x0000000000000035       0x36 obj_cooja/mtype714.a(node-id.o)
 .comment       0x0000000000000035       0x36 obj_cooja/mtype714.a(timer.o)
 .comment       0x0000000000000035       0x36 obj_cooja/mtype714.a(serial-line.o)
 .comment       0x0000000000000035       0x36 obj_cooja/mtype714.a(list.o)
 .comment       0x0000000000000035       0x36 obj_cooja/mtype714.a(ringbuf.o)
 .comment       0x0000000000000035       0x36 obj_cooja/mtype714.a(packetbuf.o)
 .comment       0x0000000000000035       0x36 obj_cooja/mtype714.a(netstack.o)
 .comment       0x0000000000000035       0x36 obj_cooja/mtype714.a(linkaddr.o)
 .comment       0x0000000000000035       0x36 obj_cooja/mtype714.a(csma.o)
 .comment       0x0000000000000035       0x36 obj_cooja/mtype714.a(csma-output.o)
 .comment       0x0000000000000035       0x36 obj_cooja/mtype714.a(uip-ds6.o)
 .comment       0x0000000000000035       0x36 obj_cooja/mtype714.a(tcp-socket.o)
 .comment       0x0000000000000035       0x36 obj_cooja/mtype714.a(tcpip.o)
 .comment       0x0000000000000035       0x36 obj_cooja/mtype714.a(uip-ds6-route.o)
 .comment       0x0000000000000035       0x36 obj_cooja/mtype714.a(uip6.o)
 .comment       0x0000000000000035       0x36 obj_cooja/mtype714.a(uip-ds6-nbr.o)
 .comment       0x0000000000000035       0x36 obj_cooja/mtype714.a(uip-nd6.o)
 .comment       0x0000000000000035       0x36 obj_cooja/mtype714.a(simple-udp.o)
 .comment       0x0000000000000035       0x36 obj_cooja/mtype714.a(sicslowpan.o)
 .comment       0x0000000000000035       0x36 obj_cooja/mtype714.a(uiplib.o)
 .comment       0x0000000000000035       0x36 obj_cooja/mtype714.a(rpl.o)
 .comment       0x0000000000000035       0x36 obj_cooja/mtype714.a(rpl-icmp6.o)
 .comment       0x0000000000000035       0x36 obj_cooja/mtype714.a(rpl-dag.o)
 .comment       0x0000000000000035       0x36 obj_cooja/mtype714.a(rpl-dag-root.o)
 .comment       0x0000000000000035       0x36 obj_cooja/mtype714.a(watchdog.o)
 .comment       0x0000000000000035       0x36 obj_cooja/mtype714.a(stimer.o)
 .comment       0x0000000000000035       0x36 obj_cooja/mtype714.a(memb.o)
 .comment       0x0000000000000035       0x36 obj_cooja/mtype714.a(queuebuf.o)
 .comment       0x0000000000000035       0x36 obj_cooja/mtype714.a(nbr-table.o)
 .comment       0x0000000000000035       0x36 obj_cooja/mtype714.a(link-stats.o)
 .comment       0x0000000000000035       0x36 obj_cooja/mtype714.a(mac-sequence.o)
 .comment       0x0000000000000035       0x36 obj_cooja/mtype714.a(mac.o)
 .comment       0x0000000000000035       0x36 obj_cooja/mtype714.a(framer-802154.o)
 .comment       0x0000000000000035       0x36 obj_cooja/mtype714.a(frame802154.o)
 .comment       0x0000000000000035       0x36 obj_cooja/mtype714.a(uipbuf.o)
 .comment       0x0000000000000035       0x36 obj_cooja/mtype714.a(uip-icmp6.o)
 .comment       0x0000000000000035       0x36 obj_cooja/mtype714.a(uip-sr.o)
 .comment       0x0000000000000035       0x36 obj_cooja/mtype714.a(uip-packetqueue)
 .comment       0x0000000000000035       0x36 obj_cooja/mtype714.a(uip-udp-packet.)
 .comment       0x0000000000000035       0x36 obj_cooja/mtype714.a(rpl-nbr-policy.)
 .comment       0x0000000000000035       0x36 obj_cooja/mtype714.a(rpl-neighbor.o)