Archive member included to satisfy reference by file (symbol)

obj_cooja/mtype615.a(simEnvChange.o)
                              obj_cooja/mtype615.o (simDontFallAsleep)
obj_cooja/mtype615.a(cooja_mt.o)
                              obj_cooja/mtype615.o (cooja_mt_start)
obj_cooja/mtype615.a(cooja_mtarch.o)
                              obj_cooja/mtype615.a(cooja_mt.o) (cooja_mtarch_start)
obj_cooja/mtype615.a(rtimer-arch.o)
                              obj_cooja/mtype615.o (rtimer_arch_check)
obj_cooja/mtype615.a(beep.o)  obj_cooja/mtype615.o (beep_interface)
obj_cooja/mtype615.a(button-sensor.o)
                              obj_cooja/mtype615.o (button_interface)
obj_cooja/mtype615.a(leds-arch.o)
                              obj_cooja/mtype615.o (leds_interface)
obj_cooja/mtype615.a(moteid.o)
                              obj_cooja/mtype615.o (moteid_interface)
obj_cooja/mtype615.a(pir-sensor.o)
                              obj_cooja/mtype615.o (pir_interface)
obj_cooja/mtype615.a(rs232.o)
                              obj_cooja/mtype615.o (rs232_interface)
obj_cooja/mtype615.a(vib-sensor.o)
                              obj_cooja/mtype615.o (vib_interface)
obj_cooja/mtype615.a(clock.o)
                              obj_cooja/mtype615.o (clock_interface)
obj_cooja/mtype615.a(cooja-log.o)
                              obj_cooja/mtype615.o (simlog_interface)
obj_cooja/mtype615.a(cfs-cooja.o)
                              obj_cooja/mtype615.o (cfs_interface)
obj_cooja/mtype615.a(cooja-radio.o)
                              obj_cooja/mtype615.o (radio_interface)
obj_cooja/mtype615.a(eeprom.o)
                              obj_cooja/mtype615.o (eeprom_interface)
obj_cooja/mtype615.a(random.o)
                              obj_cooja/mtype615.a(moteid.o) (random_init)
obj_cooja/mtype615.a(sensors.o)
                              obj_cooja/mtype615.a(button-sensor.o) (sensors_changed)
obj_cooja/mtype615.a(leds.o)  udp-client.o (leds_on)
obj_cooja/mtype615.a(mqtt.o)  udp-client.o (mqtt_disconnect)
obj_cooja/mtype615.a(contiki-main.o)
                              obj_cooja/mtype615.o (main)
obj_cooja/mtype615.a(autostart.o)
                              obj_cooja/mtype615.a(contiki-main.o) (autostart_start)
obj_cooja/mtype615.a(ctimer.o)
                              obj_cooja/mtype615.a(contiki-main.o) (ctimer_init)
obj_cooja/mtype615.a(energest.o)
                              obj_cooja/mtype615.a(contiki-main.o) (energest_init)
obj_cooja/mtype615.a(etimer.o)
                              obj_cooja/mtype615.a(contiki-main.o) (etimer_process)
obj_cooja/mtype615.a(log.o)   obj_cooja/mtype615.a(contiki-main.o) (curr_log_level_main)
obj_cooja/mtype615.a(process.o)
                              udp-client.o (process_current)
obj_cooja/mtype615.a(rtimer.o)
                              obj_cooja/mtype615.a(contiki-main.o) (rtimer_init)
obj_cooja/mtype615.a(node-id.o)
                              udp-client.o (node_id)
obj_cooja/mtype615.a(timer.o)
                              udp-client.o (timer_set)
obj_cooja/mtype615.a(serial-line.o)
                              obj_cooja/mtype615.a(rs232.o) (serial_line_input_byte)
obj_cooja/mtype615.a(list.o)  obj_cooja/mtype615.a(mqtt.o) (list_init)
obj_cooja/mtype615.a(ringbuf.o)
                              obj_cooja/mtype615.a(serial-line.o) (ringbuf_init)
obj_cooja/mtype615.a(packetbuf.o)
                              obj_cooja/mtype615.a(cooja-radio.o) (packetbuf_clear)
obj_cooja/mtype615.a(netstack.o)
                              obj_cooja/mtype615.a(contiki-main.o) (netstack_init)
obj_cooja/mtype615.a(linkaddr.o)
                              udp-client.o (linkaddr_node_addr)
obj_cooja/mtype615.a(csma.o)  obj_cooja/mtype615.a(cooja-radio.o) (csma_driver)
obj_cooja/mtype615.a(csma-output.o)
                              obj_cooja/mtype615.a(csma.o) (csma_output_packet)
obj_cooja/mtype615.a(uip-ds6.o)
                              obj_cooja/mtype615.a(contiki-main.o) (uip_ds6_get_link_local)
obj_cooja/mtype615.a(tcp-socket.o)
                              obj_cooja/mtype615.a(mqtt.o) (tcp_socket_register)
obj_cooja/mtype615.a(tcpip.o)
                              obj_cooja/mtype615.a(tcp-socket.o) (tcpip_event)
obj_cooja/mtype615.a(uip-ds6-route.o)
                              obj_cooja/mtype615.a(uip-ds6.o) (uip_ds6_route_init)
obj_cooja/mtype615.a(uip6.o)  obj_cooja/mtype615.a(contiki-main.o) (uip_lladdr)
obj_cooja/mtype615.a(uip-ds6-nbr.o)
                              obj_cooja/mtype615.a(uip-ds6.o) (uip_ds6_neighbors_init)
obj_cooja/mtype615.a(uip-nd6.o)
                              obj_cooja/mtype615.a(uip6.o) (uip_nd6_init)
obj_cooja/mtype615.a(simple-udp.o)
                              udp-client.o (simple_udp_sendto)
obj_cooja/mtype615.a(sicslowpan.o)
                              obj_cooja/mtype615.a(contiki-main.o) (sicslowpan_driver)
obj_cooja/mtype615.a(uiplib.o)
                              obj_cooja/mtype615.a(mqtt.o) (uiplib_ip6addrconv)
[...]
Memory Configuration

Name             Origin             Length             Attributes
*default*        0x0000000000000000 0xffffffffffffffff

Linker script and memory map

LOAD /usr/lib/gcc/i686-linux-gnu/5/../../../i386-linux-gnu/crti.o
LOAD /usr/lib/gcc/i686-linux-gnu/5/crtbeginS.o
LOAD udp-client.o
LOAD obj_cooja/mtype615.o
LOAD obj_cooja/mtype615.a
LOAD /usr/lib/gcc/i686-linux-gnu/5/libgcc.a
LOAD /usr/lib/gcc/i686-linux-gnu/5/libgcc_s.so
LOAD /usr/lib/gcc/i686-linux-gnu/5/../../../i386-linux-gnu/libc.so
START GROUP
LOAD /lib/i386-linux-gnu/libc.so.6
LOAD /usr/lib/i386-linux-gnu/libc_nonshared.a
LOAD /lib/i386-linux-gnu/ld-linux.so.2
END GROUP
LOAD /usr/lib/gcc/i686-linux-gnu/5/libgcc.a
LOAD /usr/lib/gcc/i686-linux-gnu/5/libgcc_s.so
LOAD /usr/lib/gcc/i686-linux-gnu/5/crtendS.o
LOAD /usr/lib/gcc/i686-linux-gnu/5/../../../i386-linux-gnu/crtn.o
                0x0000000000000114                . = (0x0 + SIZEOF_HEADERS)

.note.gnu.build-id
                0x0000000000000114       0x24
 *(.note.gnu.build-id)
 .note.gnu.build-id
                0x0000000000000114       0x24 /usr/lib/gcc/i686-linux-gnu/5/../../../i386-linux-gnu/crti.o

.hash
 *(.hash)

.gnu.hash       0x0000000000000138     0x13ec
 *(.gnu.hash)
 .gnu.hash      0x0000000000000138     0x13ec /usr/lib/gcc/i686-linux-gnu/5/../../../i386-linux-gnu/crti.o

.dynsym         0x0000000000001524     0x2800
 *(.dynsym)
 .dynsym        0x0000000000001524     0x2800 /usr/lib/gcc/i686-linux-gnu/5/../../../i386-linux-gnu/crti.o

.dynstr         0x0000000000003d24     0x2b9a
 *(.dynstr)
 .dynstr        0x0000000000003d24     0x2b9a /usr/lib/gcc/i686-linux-gnu/5/../../../i386-linux-gnu/crti.o

.gnu.version    0x00000000000068be      0x500
 *(.gnu.version)
 .gnu.version   0x00000000000068be      0x500 /usr/lib/gcc/i686-linux-gnu/5/../../../i386-linux-gnu/crti.o

.gnu.version_d  0x0000000000006dc0        0x0
 *(.gnu.version_d)
 .gnu.version_d
                0x0000000000006dc0        0x0 /usr/lib/gcc/i686-linux-gnu/5/../../../i386-linux-gnu/crti.o

.gnu.version_r  0x0000000000006dc0       0x40
 *(.gnu.version_r)
 .gnu.version_r
                0x0000000000006dc0       0x40 /usr/lib/gcc/i686-linux-gnu/5/../../../i386-linux-gnu/crti.o

.rel.dyn        0x0000000000006e00     0xa4b8
 *(.rel.init)
 .rel.init      0x0000000000006e00        0x0 /usr/lib/gcc/i686-linux-gnu/5/../../../i386-linux-gnu/crti.o
 *(.rel.text .rel.text.* .rel.gnu.linkonce.t.*)
 .rel.text      0x0000000000006e00     0x9b70 /usr/lib/gcc/i686-linux-gnu/5/../../../i386-linux-gnu/crti.o
 *(.rel.fini)
 .rel.fini      0x0000000000010970        0x0 /usr/lib/gcc/i686-linux-gnu/5/../../../i386-linux-gnu/crti.o
 *(.rel.rodata .rel.rodata.* .rel.gnu.linkonce.r.*)
 .rel.rodata    0x0000000000010970      0x588 /usr/lib/gcc/i686-linux-gnu/5/../../../i386-linux-gnu/crti.o
 *(.rel.data.rel.ro .rel.data.rel.ro.* .rel.gnu.linkonce.d.rel.ro.*)
 *(.rel.data .rel.data.* .rel.gnu.linkonce.d.*)
 .rel.data.rel.local
                0x0000000000010ef8        0x8 /usr/lib/gcc/i686-linux-gnu/5/../../../i386-linux-gnu/crti.o
 .rel.data      0x0000000000010f00      0x380 /usr/lib/gcc/i686-linux-gnu/5/../../../i386-linux-gnu/crti.o
 *(.rel.tdata .rel.tdata.* .rel.gnu.linkonce.td.*)
 *(.rel.tbss .rel.tbss.* .rel.gnu.linkonce.tb.*)
 *(.rel.ctors)
 *(.rel.dtors)
 *(.rel.got)
 .rel.got       0x0000000000011280       0x28 /usr/lib/gcc/i686-linux-gnu/5/../../../i386-linux-gnu/crti.o
 *(.rel.bss .rel.bss.* .rel.gnu.linkonce.b.*)
 *(.rel.ifunc)
 .rel.ifunc     0x00000000000112a8        0x0 /usr/lib/gcc/i686-linux-gnu/5/../../../i386-linux-gnu/crti.o
 .rel.fini_array
                0x00000000000112a8        0x8 /usr/lib/gcc/i686-linux-gnu/5/../../../i386-linux-gnu/crti.o
 .rel.init_array
                0x00000000000112b0        0x8 /usr/lib/gcc/i686-linux-gnu/5/../../../i386-linux-gnu/crti.o

.rel.plt        0x00000000000112b8        0x0
 *(.rel.plt)
 .rel.plt       0x00000000000112b8        0x0 /usr/lib/gcc/i686-linux-gnu/5/../../../i386-linux-gnu/crti.o
 *(.rel.iplt)

.init           0x00000000000112b8       0x23
 *(SORT(.init))
 .init          0x00000000000112b8       0x1e /usr/lib/gcc/i686-linux-gnu/5/../../../i386-linux-gnu/crti.o
                0x00000000000112b8                _init
 .init          0x00000000000112d6        0x5 /usr/lib/gcc/i686-linux-gnu/5/../../../i386-linux-gnu/crtn.o

.plt            0x00000000000112e0       0x10
 *(.plt)
 .plt           0x00000000000112e0       0x10 /usr/lib/gcc/i686-linux-gnu/5/../../../i386-linux-gnu/crti.o
 *(.iplt)

.plt.got        0x00000000000112f0       0x10
 *(.plt.got)
 .plt.got       0x00000000000112f0       0x10 /usr/lib/gcc/i686-linux-gnu/5/../../../i386-linux-gnu/crti.o

.text           0x0000000000011300    0x19e81
 *(.text.unlikely .text.*_unlikely .text.unlikely.*)
 .text.unlikely
                0x0000000000011300        0x0 /usr/lib/gcc/i686-linux-gnu/5/crtbeginS.o
 *(.text.exit .text.exit.*)
 *(.text.startup .text.startup.*)
 *(.text.hot .text.hot.*)
 *(.text .stub .text.* .gnu.linkonce.t.*)
 .text          0x0000000000011300        0x0 /usr/lib/gcc/i686-linux-gnu/5/../../../i386-linux-gnu/crti.o
 .gnu.linkonce.t.__x86.get_pc_thunk.bx
                0x0000000000011300        0x4 /usr/lib/gcc/i686-linux-gnu/5/../../../i386-linux-gnu/crti.o
                0x0000000000011300                __x86.get_pc_thunk.bx
 *fill*         0x0000000000011304        0xc 
 .text          0x0000000000011310      0x11c /usr/lib/gcc/i686-linux-gnu/5/crtbeginS.o
 .text.__x86.get_pc_thunk.dx
                0x000000000001142c        0x4 /usr/lib/gcc/i686-linux-gnu/5/crtbeginS.o
                0x000000000001142c                __x86.get_pc_thunk.dx
 .text          0x0000000000011430     0x11d8 udp-client.o
                0x00000000000114f3                ipaddr_sprintf
 .text          0x0000000000012608      0x271 obj_cooja/mtype615.o
                0x000000000001269a                platform_init_stage_one
                0x00000000000126a0                platform_init_stage_two
                0x00000000000126ae                platform_init_stage_three
                0x00000000000126c1                platform_main_loop
                0x0000000000012734                Java_org_contikios_cooja_corecomm_Lib2_init
                0x000000000001276b                Java_org_contikios_cooja_corecomm_Lib2_getMemory
                0x000000000001279e                Java_org_contikios_cooja_corecomm_Lib2_setMemory
                0x00000000000127fe                Java_org_contikios_cooja_corecomm_Lib2_tick
                0x0000000000012866                Java_org_contikios_cooja_corecomm_Lib2_setReferenceAddress
 .text          0x0000000000012879       0x65 obj_cooja/mtype615.a(simEnvChange.o)
                0x0000000000012879                doActionsBeforeTick
                0x00000000000128ab                doActionsAfterTick
 .text          0x00000000000128de       0x83 obj_cooja/mtype615.a(cooja_mt.o)
                0x00000000000128de                cooja_mt_start
                0x0000000000012908                cooja_mt_exec
                0x000000000001293e                cooja_mt_yield
 .text          0x0000000000012961       0xbe obj_cooja/mtype615.a(cooja_mtarch.o)
                0x0000000000012961                cooja_mtarch_start
                0x00000000000129d4                cooja_sw
                0x00000000000129f7                cooja_mtarch_exec
                0x0000000000012a14                cooja_mtarch_yield
 .text          0x0000000000012a1f       0xc5 obj_cooja/mtype615.a(rtimer-arch.o)
                0x0000000000012a1f                rtimer_arch_init
                0x0000000000012a43                rtimer_arch_schedule
                0x0000000000012a73                rtimer_arch_next
                0x0000000000012a83                rtimer_arch_pending
                0x0000000000012a8d                rtimer_arch_check
                0x0000000000012ad4                rtimer_arch_now
 .text          0x0000000000012ae4       0x81 obj_cooja/mtype615.a(beep.o)
                0x0000000000012ae4                beep_alarm
                0x0000000000012af1                beep_beep
                0x0000000000012afe                beep
                0x0000000000012b0b                beep_down
                0x0000000000012b18                beep_on
                0x0000000000012b25                beep_off
                0x0000000000012b32                beep_spinup
                0x0000000000012b3f                beep_quick
                0x0000000000012b4c                beep_long
 .text          0x0000000000012b65      0x10d obj_cooja/mtype615.a(button-sensor.o)
 .text          0x0000000000012c72       0x49 obj_cooja/mtype615.a(leds-arch.o)
                0x0000000000012c72                leds_arch_init
                0x0000000000012c7f                leds_arch_get
                0x0000000000012c8b                leds_arch_set
 .text          0x0000000000012cbb       0x35 obj_cooja/mtype615.a(moteid.o)
 .text          0x0000000000012cf0       0xb7 obj_cooja/mtype615.a(pir-sensor.o)
 .text          0x0000000000012da7      0x148 obj_cooja/mtype615.a(rs232.o)
                0x0000000000012da7                rs232_init
                0x0000000000012dad                rs232_set_speed
                0x0000000000012dbc                rs232_set_input
                0x0000000000012dca                rs232_send
                0x0000000000012dee                rs232_print
                0x0000000000012e0a                slip_arch_writeb
 .text          0x0000000000012eef       0xb7 obj_cooja/mtype615.a(vib-sensor.o)
 .text          0x0000000000012fa6       0x38 obj_cooja/mtype615.a(clock.o)
                0x0000000000012fa6                clock_init
                0x0000000000012fac                clock_time
                0x0000000000012fb6                clock_seconds
                0x0000000000012fcc                clock_delay
 .text          0x0000000000012fde      0x219 obj_cooja/mtype615.a(cooja-log.o)
                0x0000000000012fde                simlog_char
                0x0000000000013021                simlog
                0x0000000000013097                log_message
                0x00000000000130c8                log_set_putchar_with_slip
                0x00000000000130d6                log_putchar
                0x0000000000013151                log_puts
                0x0000000000013179                log_printf
 .text          0x00000000000131f7      0x2b9 obj_cooja/mtype615.a(cfs-cooja.o)
                0x00000000000131f7                cfs_open
                0x0000000000013260                cfs_close
                0x000000000001326d                cfs_read
                0x0000000000013302                cfs_write
                0x00000000000133de                cfs_seek
                0x0000000000013466                cfs_remove
                0x000000000001348a                cfs_opendir
                0x0000000000013494                cfs_readdir
                0x000000000001349e                cfs_closedir
 .text          0x00000000000134b0      0x605 obj_cooja/mtype615.a(cooja-radio.o)
                0x00000000000134f2                radio_set_channel
                0x0000000000013500                radio_set_txpower
                0x0000000000013518                radio_signal_strength_last
                0x0000000000013522                radio_signal_strength_current
                0x000000000001352c                radio_LQI
 .text          0x0000000000013ab5       0xee obj_cooja/mtype615.a(eeprom.o)
                0x0000000000013ab5                eeprom_init
                0x0000000000013abb                eeprom_read
                0x0000000000013b29                eeprom_write
 .text          0x0000000000013ba3       0x2d obj_cooja/mtype615.a(random.o)
                0x0000000000013ba3                random_init
                0x0000000000013bc3                random_rand
 .text          0x0000000000013bd0      0x29c obj_cooja/mtype615.a(sensors.o)
                0x0000000000013c0b                sensors_first
                0x0000000000013c15                sensors_next
                0x0000000000013c2f                sensors_changed
                0x0000000000013c63                sensors_find
 .text          0x0000000000013e6c       0xf6 obj_cooja/mtype615.a(leds.o)
                0x0000000000013e6c                leds_init
                0x0000000000013e7a                leds_blink
                0x0000000000013ebd                leds_get
                0x0000000000013eca                leds_set
                0x0000000000013ee9                leds_on
                0x0000000000013f0f                leds_off
                0x0000000000013f3c                leds_toggle
 .text          0x0000000000013f62     0x3779 obj_cooja/mtype615.a(mqtt.o)
                0x0000000000017105                mqtt_init
                0x00000000000171c3                mqtt_register
                0x0000000000017260                mqtt_connect
                0x0000000000017372                mqtt_disconnect
                0x00000000000173b0                mqtt_subscribe
                0x000000000001746d                mqtt_unsubscribe
                0x000000000001751b                mqtt_publish
                0x00000000000175fc                mqtt_set_username_password
                0x0000000000017687                mqtt_set_last_will
 .text          0x00000000000176db      0x328 obj_cooja/mtype615.a(contiki-main.o)
                0x00000000000176db                main
 .text          0x0000000000017a03       0x92 obj_cooja/mtype615.a(autostart.o)
                0x0000000000017a03                autostart_start
                0x0000000000017a4d                autostart_exit
 .text          0x0000000000017a95      0x355 obj_cooja/mtype615.a(ctimer.o)
                0x0000000000017bbd                ctimer_init
                0x0000000000017bf0                ctimer_set
                0x0000000000017c16                ctimer_set_with_process
                0x0000000000017c93                ctimer_reset
                0x0000000000017ce7                ctimer_restart
                0x0000000000017d3b                ctimer_stop
                0x0000000000017d8b                ctimer_expired
 .text          0x0000000000017dea       0x1b obj_cooja/mtype615.a(energest.o)
                0x0000000000017dea                energest_init
                0x0000000000017df0                energest_flush
                0x0000000000017df6                energest_get_total_time
 .text          0x0000000000017e05      0x43f obj_cooja/mtype615.a(etimer.o)
                0x0000000000018029                etimer_request_poll
                0x00000000000180b2                etimer_set
                0x00000000000180db                etimer_reset_with_new_interval
                0x000000000001810a                etimer_reset
                0x0000000000018130                etimer_restart
                0x0000000000018156                etimer_adjust
                0x0000000000018173                etimer_expired
                0x0000000000018186                etimer_expiration_time
                0x0000000000018198                etimer_start_time
                0x00000000000181a2                etimer_pending
                0x00000000000181b4                etimer_next_expiration_time
                0x00000000000181ce                etimer_stop
 .text          0x0000000000018244      0x394 obj_cooja/mtype615.a(log.o)
                0x0000000000018244                log_6addr
                0x0000000000018297                log_6addr_compact_snprint
                0x0000000000018335                log_6addr_compact
                0x0000000000018388                log_lladdr
                0x00000000000183fa                log_lladdr_compact
                0x0000000000018462                log_set_level
                0x000000000001851d                log_get_level
                0x0000000000018596                log_level_to_str
 .text          0x00000000000185d8      0x4fb obj_cooja/mtype615.a(process.o)
                0x00000000000185d8                process_alloc_event
                0x00000000000185ed                process_start
                0x00000000000187c7                process_exit
                0x00000000000187e4                process_init
                0x0000000000018979                process_run
                0x00000000000189ac                process_nevents
                0x00000000000189c7                process_post
                0x0000000000018a5a                process_post_synch
                0x0000000000018a8f                process_poll
                0x0000000000018abf                process_is_running
 .text          0x0000000000018ad3       0xeb obj_cooja/mtype615.a(rtimer.o)
                0x0000000000018ad3                rtimer_init
                0x0000000000018ae1                rtimer_set
                0x0000000000018b5c                rtimer_run_next
 .text          0x0000000000018bbe       0x25 obj_cooja/mtype615.a(node-id.o)
                0x0000000000018bbe                node_id_init
 .text          0x0000000000018be3       0x9c obj_cooja/mtype615.a(timer.o)
                0x0000000000018be3                timer_set
                0x0000000000018c01                timer_reset
                0x0000000000018c19                timer_restart
                0x0000000000018c2e                timer_expired
                0x0000000000018c5b                timer_remaining
 .text          0x0000000000018c7f      0x1eb obj_cooja/mtype615.a(serial-line.o)
                0x0000000000018c7f                serial_line_input_byte
                0x0000000000018e35                serial_line_init
 .text          0x0000000000018e6a      0x28f obj_cooja/mtype615.a(list.o)
                0x0000000000018e6a                list_init
                0x0000000000018e79                list_head
                0x0000000000018e83                list_copy
                0x0000000000018e93                list_tail
                0x0000000000018ec9                list_add
                0x0000000000018f15                list_push
                0x0000000000018f41                list_chop
                0x0000000000018fab                list_pop
                0x0000000000018fd3                list_remove
                0x000000000001903b                list_length
                0x0000000000019069                list_insert
                0x00000000000190ae                list_item_next
                0x00000000000190c5                list_contains
 .text          0x00000000000190f9      0x156 obj_cooja/mtype615.a(ringbuf.o)
                0x00000000000190f9                ringbuf_init
                0x000000000001912b                ringbuf_put
                0x00000000000191a9                ringbuf_get
                0x0000000000019216                ringbuf_size
                0x0000000000019228                ringbuf_elements
 .text          0x000000000001924f      0x407 obj_cooja/mtype615.a(packetbuf.o)
                0x000000000001924f                packetbuf_clear
                0x000000000001927a                packetbuf_copyfrom
                0x00000000000192c9                packetbuf_copyto
                0x000000000001935c                packetbuf_hdralloc
                0x00000000000193d8                packetbuf_hdrreduce
                0x000000000001941e                packetbuf_set_datalen
                0x0000000000019438                packetbuf_dataptr
                0x0000000000019455                packetbuf_hdrptr
                0x000000000001945f                packetbuf_datalen
                0x000000000001946b                packetbuf_hdrlen
                0x0000000000019482                packetbuf_totlen
                0x0000000000019498                packetbuf_remaininglen
                0x00000000000194ab                packetbuf_attr_clear
                0x00000000000194f7                packetbuf_attr_copyto
                0x000000000001954f                packetbuf_attr_copyfrom
                0x00000000000195a7                packetbuf_set_attr
                0x00000000000195d1                packetbuf_attr
                0x00000000000195eb                packetbuf_set_addr
                0x000000000001961c                packetbuf_addr
                0x0000000000019639                packetbuf_holds_broadcast
 .text          0x0000000000019656       0xef obj_cooja/mtype615.a(netstack.o)
                0x0000000000019656                netstack_process_ip_callback
                0x00000000000196e7                netstack_ip_packet_processor_add
                0x000000000001970a                uip_ds6_ip_packet_processor_rm
                0x0000000000019727                netstack_init
 .text          0x0000000000019745       0x4f obj_cooja/mtype615.a(linkaddr.o)
                0x0000000000019745                linkaddr_copy
                0x000000000001975b                linkaddr_cmp
                0x000000000001977e                linkaddr_set_node_addr
 .text          0x0000000000019794      0x165 obj_cooja/mtype615.a(csma.o)
 .text          0x00000000000198f9      0x944 obj_cooja/mtype615.a(csma-output.o)
                0x0000000000019f72                csma_output_packet
                0x000000000001a1ff                csma_output_init
 .text          0x000000000001a23d      0xb25 obj_cooja/mtype615.a(uip-ds6.o)
                0x000000000001a23d                uip_ds6_init
                0x000000000001a3e8                uip_ds6_periodic
                0x000000000001a46f                uip_ds6_list_loop
                0x000000000001a52f                uip_ds6_prefix_add
                0x000000000001a5db                uip_ds6_prefix_rm
                0x000000000001a5ee                uip_ds6_prefix_lookup
                0x000000000001a62d                uip_ds6_is_addr_onlink
                0x000000000001a6a0                uip_ds6_addr_add
                0x000000000001a7c0                uip_ds6_addr_rm
                0x000000000001a869                uip_ds6_addr_lookup
                0x000000000001a8a2                uip_ds6_get_link_local
                0x000000000001a923                uip_ds6_get_global
                0x000000000001a9a4                uip_ds6_maddr_add
                0x000000000001aa04                uip_ds6_maddr_rm
                0x000000000001aa17                uip_ds6_maddr_lookup
                0x000000000001aa50                uip_ds6_aaddr_add
                0x000000000001aab0                uip_ds6_aaddr_rm
                0x000000000001aac3                uip_ds6_aaddr_lookup
                0x000000000001aafc                uip_ds6_select_src
                0x000000000001ac45                uip_ds6_set_addr_iid
                0x000000000001ac70                uip_ds6_set_lladdr_from_iid
                0x000000000001ac99                get_match_length
                0x000000000001ad2a                uip_ds6_compute_reachable_time
 .text          0x000000000001ad62      0x9d5 obj_cooja/mtype615.a(tcp-socket.o)
                0x000000000001b3ad                tcp_socket_register
                0x000000000001b43e                tcp_socket_connect
                0x000000000001b4d5                tcp_socket_listen
                0x000000000001b54c                tcp_socket_unlisten
                0x000000000001b5c0                tcp_socket_send
                0x000000000001b660                tcp_socket_send_str
                0x000000000001b688                tcp_socket_close
                0x000000000001b6b1                tcp_socket_unregister
                0x000000000001b70b                tcp_socket_max_sendlen
                0x000000000001b728                tcp_socket_queuelen
 .text          0x000000000001b737      0xa72 obj_cooja/mtype615.a(tcpip.o)
                0x000000000001b751                tcpip_output
                0x000000000001b835                tcp_connect
                0x000000000001b88d                tcp_unlisten
                0x000000000001b8ed                tcp_listen
                0x000000000001b94b                tcp_attach
                0x000000000001b963                udp_attach
                0x000000000001b97b                udp_new
                0x000000000001b9c5                udp_broadcast_new
                0x000000000001bc4a                tcpip_input
                0x000000000001bdea                tcpip_ipv6_output
                0x000000000001bffe                tcpip_poll_udp
                0x000000000001c01c                tcpip_poll_tcp
                0x000000000001c03a                tcpip_uipcall
 .text          0x000000000001c1a9      0x35b obj_cooja/mtype615.a(uip-ds6-route.o)
                0x000000000001c1fa                uip_ds6_route_init
                0x000000000001c224                uip_ds6_route_nexthop
                0x000000000001c22e                uip_ds6_route_head
                0x000000000001c238                uip_ds6_route_next
                0x000000000001c242                uip_ds6_route_is_nexthop
                0x000000000001c24c                uip_ds6_route_num_routes
                0x000000000001c256                uip_ds6_route_lookup
                0x000000000001c260                uip_ds6_route_add
                0x000000000001c273                uip_ds6_route_rm
                0x000000000001c279                uip_ds6_route_rm_by_nexthop
                0x000000000001c27f                uip_ds6_defrt_head
                0x000000000001c298                uip_ds6_defrt_add
                0x000000000001c346                uip_ds6_defrt_rm
                0x000000000001c3ac                uip_ds6_defrt_lookup
                0x000000000001c413                uip_ds6_defrt_choose
                0x000000000001c489                uip_ds6_defrt_periodic
 .text          0x000000000001c504     0x2802 obj_cooja/mtype615.a(uip6.o)
                0x000000000001c504                uip_add32
                0x000000000001c69e                uip_chksum
                0x000000000001c77f                uip_icmp6chksum
                0x000000000001c794                uip_tcpchksum
                0x000000000001c7a9                uip_udpchksum
                0x000000000001c7be                uip_init
                0x000000000001c849                uip_connect
                0x000000000001c9d2                remove_ext_hdr
                0x000000000001cab7                uip_udp_new
                0x000000000001cbd9                uip_unlisten
                0x000000000001cc1b                uip_listen
                0x000000000001cebc                uip_process
                0x000000000001ec01                uip_htons
                0x000000000001ec23                uip_htonl
                0x000000000001ec61                uip_send
 .text          0x000000000001ed06      0x374 obj_cooja/mtype615.a(uip-ds6-nbr.o)
                0x000000000001ed06                uip_ds6_neighbors_init
                0x000000000001ed2a                uip_ds6_nbr_add
                0x000000000001edb0                uip_ds6_nbr_rm
                0x000000000001edfb                uip_ds6_nbr_update_ll
                0x000000000001eee9                uip_ds6_nbr_get_ipaddr
                0x000000000001eefe                uip_ds6_nbr_get_ll
                0x000000000001ef1a                uip_ds6_nbr_num
                0x000000000001ef63                uip_ds6_nbr_head
                0x000000000001ef7c                uip_ds6_nbr_next
                0x000000000001ef98                uip_ds6_nbr_lookup
                0x000000000001effb                uip_ds6_nbr_ll_lookup
                0x000000000001f017                uip_ds6_nbr_ipaddr_from_lladdr
                0x000000000001f040                uip_ds6_nbr_lladdr_from_ipaddr
                0x000000000001f074                uip_ds6_link_callback
 .text          0x000000000001f07a      0x6b5 obj_cooja/mtype615.a(uip-nd6.o)
                0x000000000001f716                uip_nd6_init
 .text          0x000000000001f72f      0x37a obj_cooja/mtype615.a(simple-udp.o)
                0x000000000001f75c                simple_udp_send
                0x000000000001f7bf                simple_udp_sendto
                0x000000000001f81a                simple_udp_sendto_port
                0x000000000001f873                simple_udp_register
 .text          0x000000000001faa9     0x2a78 obj_cooja/mtype615.a(sicslowpan.o)
                0x000000000001ffa7                netstack_sniffer_add
                0x000000000001ffb5                netstack_sniffer_remove
                0x00000000000224ed                sicslowpan_init
                0x0000000000022517                sicslowpan_get_last_rssi
 .text          0x0000000000022521      0x4d1 obj_cooja/mtype615.a(uiplib.o)
                0x0000000000022521                uiplib_ip6addrconv
                0x00000000000226d9                uiplib_ip4addrconv
                0x000000000002279c                uiplib_ipaddr_print
                0x00000000000227ef                uiplib_ipaddr_snprint
 .text          0x00000000000229f2      0x4c9 obj_cooja/mtype615.a(rpl.o)
                0x00000000000229f2                rpl_lollipop_greater_than
                0x0000000000022a4c                rpl_get_global_address
                0x0000000000022b44                rpl_link_callback
                0x0000000000022b88                rpl_has_joined
                0x0000000000022bad                rpl_is_reachable
                0x0000000000022c2e                rpl_reset_prefix
                0x0000000000022c98                rpl_set_prefix_from_addr
                0x0000000000022d7d                rpl_set_prefix
                0x0000000000022e97                rpl_set_leaf_only
                0x0000000000022eaf                rpl_get_leaf_only
 .text          0x0000000000022ebb     0x13cb obj_cooja/mtype615.a(rpl-icmp6.o)
                0x0000000000022fe0                rpl_icmp6_update_nbr_table
                0x0000000000023079                rpl_icmp6_dis_output
                0x00000000000236cf                rpl_icmp6_dio_output
                0x0000000000023edc                rpl_icmp6_dao_output
                0x00000000000241cd                rpl_icmp6_dao_ack_output
                0x000000000002423d                rpl_icmp6_init
 .text          0x0000000000024286      0xe51 obj_cooja/mtype615.a(rpl-dag.o)
                0x0000000000024286                rpl_dag_state_to_str
                0x00000000000242c5                rpl_dag_get_root_ipaddr
                0x000000000002430d                rpl_dag_leave
                0x0000000000024396                rpl_dag_poison_and_leave
                0x00000000000243ae                rpl_dag_periodic
                0x0000000000024436                rpl_is_addr_in_our_dag
                0x000000000002447a                rpl_get_default_instance
                0x0000000000024496                rpl_get_any_dag
                0x00000000000244ef                rpl_refresh_routes
                0x000000000002452f                rpl_global_repair
                0x00000000000245bb                rpl_local_repair
                0x0000000000024605                rpl_dag_ready_to_advertise
                0x0000000000024648                rpl_dag_update_state
                0x0000000000024d6c                rpl_process_dio
                0x0000000000024ded                rpl_process_dis
                0x0000000000024e32                rpl_process_dao
                0x0000000000024ec1                rpl_process_dao_ack
                0x0000000000024f53                rpl_process_hbh
                0x0000000000024fa3                rpl_dag_init_root
                0x00000000000250b7                rpl_dag_init
 .text          0x00000000000250d7      0x286 obj_cooja/mtype615.a(rpl-dag-root.o)
                0x00000000000250d7                rpl_dag_root_print_links
                0x0000000000025225                rpl_dag_root_set_prefix
                0x0000000000025251                rpl_dag_root_start
                0x000000000002532e                rpl_dag_root_is_root
 .text          0x000000000002535d       0x1e obj_cooja/mtype615.a(watchdog.o)
                0x000000000002535d                watchdog_init
                0x0000000000025363                watchdog_start
                0x0000000000025369                watchdog_periodic
                0x000000000002536f                watchdog_stop
                0x0000000000025375                watchdog_reboot
 .text          0x000000000002537b       0xb2 obj_cooja/mtype615.a(stimer.o)
                0x000000000002537b                stimer_set
                0x0000000000025399                stimer_reset
                0x00000000000253b1                stimer_restart
                0x00000000000253c6                stimer_expired
                0x00000000000253f1                stimer_remaining
                0x0000000000025415                stimer_elapsed
 .text          0x000000000002542d      0x1b8 obj_cooja/mtype615.a(memb.o)
                0x000000000002542d                memb_init
                0x0000000000025482                memb_alloc
                0x00000000000254e7                memb_free
                0x0000000000025562                memb_inmemb
                0x00000000000255a1                memb_numfree
 .text          0x00000000000255e5      0x2e7 obj_cooja/mtype615.a(queuebuf.o)
                0x00000000000255ef                queuebuf_init
                0x0000000000025618                queuebuf_numfree
                0x0000000000025630                queuebuf_new_from_packetbuf
                0x00000000000256cf                queuebuf_update_attr_from_packetbuf
                0x0000000000025704                queuebuf_update_from_packetbuf
                0x0000000000025754                queuebuf_free
                0x000000000002579d                queuebuf_to_packetbuf
                0x0000000000025809                queuebuf_dataptr
                0x0000000000025843                queuebuf_datalen
                0x0000000000025866                queuebuf_addr
                0x000000000002589b                queuebuf_attr
                0x00000000000258c6                queuebuf_debug_print
 .text          0x00000000000258cc      0x78b obj_cooja/mtype615.a(nbr-table.o)
                0x0000000000025d45                nbr_table_register
                0x0000000000025db2                nbr_table_is_registered
                0x0000000000025ded                nbr_table_head
                0x0000000000025e48                nbr_table_next
                0x0000000000025ea9                nbr_table_add_lladdr
                0x0000000000025f73                nbr_table_get_from_lladdr
                0x0000000000025fbf                nbr_table_remove
                0x0000000000025ff7                nbr_table_lock
                0x0000000000026011                nbr_table_unlock
                0x000000000002602b                nbr_table_get_lladdr
 .text          0x0000000000026057      0x37c obj_cooja/mtype615.a(link-stats.o)
                0x0000000000026057                link_stats_from_lladdr
                0x0000000000026073                link_stats_is_fresh
                0x00000000000260af                guess_etx_from_rssi
                0x000000000002612b                link_stats_packet_sent
                0x000000000002623e                link_stats_input_callback
                0x000000000002634e                link_stats_reset
                0x000000000002639e                link_stats_init
 .text          0x00000000000263d3      0x187 obj_cooja/mtype615.a(mac-sequence.o)
                0x00000000000263d3                mac_sequence_is_duplicate
                0x0000000000026473                mac_sequence_register_seqno
 .text          0x000000000002655a       0x23 obj_cooja/mtype615.a(mac.o)
                0x000000000002655a                mac_call_sent_callback
 .text          0x000000000002657d      0x41d obj_cooja/mtype615.a(framer-802154.o)
                0x000000000002670c                framer_802154_setup_params
 .text          0x000000000002699a      0xb6f obj_cooja/mtype615.a(frame802154.o)
                0x00000000000269cb                frame802154_get_pan_id
                0x00000000000269d7                frame802154_set_pan_id
                0x00000000000269f1                frame802154_has_panid
                0x0000000000026ba0                frame802154_check_dest_panid
                0x0000000000026c28                frame802154_is_broadcast_addr
                0x0000000000026c75                frame802154_extract_linkaddr
                0x0000000000026eda                frame802154_hdrlen
                0x0000000000026f4d                frame802154_create_fcf
                0x0000000000027005                frame802154_create
                0x000000000002717a                frame802154_parse_fcf
                0x000000000002725c                frame802154_parse
 .text          0x0000000000027509      0x1ec obj_cooja/mtype615.a(uipbuf.o)
                0x0000000000027509                uipbuf_get_next_header
                0x0000000000027578                uipbuf_get_last_header
                0x00000000000275ff                uipbuf_get_attr
                0x0000000000027626                uipbuf_set_attr
                0x000000000002765d                uipbuf_clear_attr
                0x0000000000027689                uipbuf_set_attr_flag
                0x00000000000276aa                uipbuf_clr_attr_flag
                0x00000000000276d1                uipbuf_is_attr_flag
 .text          0x00000000000276f5      0x96e obj_cooja/mtype615.a(uip-icmp6.o)
                0x000000000002776a                uip_icmp6_input
                0x00000000000277c1                uip_icmp6_register_input_handler
                0x00000000000279cd                uip_icmp6_error_output
                0x0000000000027d2c                uip_icmp6_send
                0x0000000000027feb                uip_icmp6_echo_reply_callback_add
                0x000000000002801d                uip_icmp6_echo_reply_callback_rm
                0x000000000002803a                uip_icmp6_init
 .text          0x0000000000028063      0x69b obj_cooja/mtype615.a(uip-sr.o)
                0x0000000000028063                uip_sr_num_nodes
                0x00000000000280f1                uip_sr_get_node
                0x0000000000028148                uip_sr_is_addr_reachable
                0x00000000000281f6                uip_sr_expire_parent
                0x000000000002823f                uip_sr_update_node
                0x000000000002836f                uip_sr_init
                0x00000000000283a3                uip_sr_node_head
                0x00000000000283bc                uip_sr_node_next
                0x00000000000283d2                uip_sr_periodic
                0x00000000000284d8                uip_sr_free_all
                0x0000000000028548                uip_sr_link_snprint
 .text          0x00000000000286fe      0x146 obj_cooja/mtype615.a(uip-packetqueue)
                0x000000000002872c                uip_packetqueue_new
                0x000000000002873b                uip_packetqueue_alloc
                0x0000000000028796                uip_packetqueue_free
                0x00000000000287dd                uip_packetqueue_buf
                0x00000000000287fa                uip_packetqueue_buflen
                0x000000000002881b                uip_packetqueue_set_buflen
 .text          0x0000000000028844      0x128 obj_cooja/mtype615.a(uip-udp-packet.)
                0x0000000000028844                uip_udp_packet_send
                0x000000000002889f                uip_udp_packet_sendto
 .text          0x000000000002896c      0x1c8 obj_cooja/mtype615.a(rpl-nbr-policy.)
                0x0000000000028af1                rpl_nbr_policy_find_removable
 .text          0x0000000000028b34      0x8ed obj_cooja/mtype615.a(rpl-neighbor.o)
                0x0000000000028bb0                rpl_neighbor_snprint
                0x0000000000028e5d                rpl_neighbor_print_list
                0x0000000000028f12                rpl_neighbor_count
                0x0000000000028fb9                rpl_neighbor_get_from_lladdr
                0x0000000000028fd5                rpl_neighbor_is_acceptable_parent
                0x0000000000029009                rpl_neighbor_get_link_metric
                0x000000000002903d                rpl_neighbor_rank_via_nbr
                0x0000000000029071                rpl_neighbor_get_lladdr
                0x000000000002908d                rpl_neighbor_get_ipaddr
                0x00000000000290b4                rpl_neighbor_get_link_stats
                0x00000000000290db                rpl_neighbor_is_fresh
                0x0000000000029102                rpl_neighbor_is_reachable
                0x000000000002914d                rpl_neighbor_is_parent
                0x0000000000029177                rpl_neighbor_set_preferred_parent
                0x0000000000029203                rpl_neighbor_remove_all
                0x0000000000029252                rpl_neighbor_get_from_ipaddr
                0x0000000000029356                rpl_neighbor_select_best
                0x0000000000029402                rpl_neighbor_init
 .text          0x0000000000029421      0xa19 obj_cooja/mtype615.a(rpl-timers.o)
                0x0000000000029421                rpl_timers_schedule_periodic_dis
                0x000000000002956f                rpl_timers_dio_reset
                0x0000000000029660                rpl_timers_schedule_unicast_dio
                0x00000000000297e6                rpl_timers_schedule_dao
                0x0000000000029920                rpl_timers_schedule_dao_ack
                0x00000000000299a6                get_probing_delay
                0x00000000000299da                get_probing_target
                0x0000000000029bc4                rpl_schedule_probing
                0x0000000000029bf2                rpl_schedule_probing_now
                0x0000000000029c5c                rpl_timers_unschedule_leaving
                0x0000000000029c94                rpl_timers_schedule_leaving
                0x0000000000029cd5                rpl_timers_init
                0x0000000000029d65                rpl_timers_stop_dag_timers
                0x0000000000029dde                rpl_timers_unschedule_state_update
                0x0000000000029e02                rpl_timers_schedule_state_update
 .text          0x0000000000029e3a     0x102c obj_cooja/mtype615.a(rpl-ext-header.)
                0x0000000000029e3a                rpl_ext_header_srh_get_next_hop
                0x0000000000029fb6                rpl_ext_header_srh_update
                0x000000000002a6af                rpl_ext_header_hbh_update
                0x000000000002ac04                rpl_ext_header_update
                0x000000000002ac8d                rpl_ext_header_remove
 .text          0x000000000002ae66      0x31b obj_cooja/mtype615.a(rpl-mrhof.o)
 .text          0x000000000002b181        0x0 /usr/lib/gcc/i686-linux-gnu/5/crtendS.o
 .text          0x000000000002b181        0x0 /usr/lib/gcc/i686-linux-gnu/5/../../../i386-linux-gnu/crtn.o
 *(.gnu.warning)

.fini           0x000000000002b184       0x14
 *(SORT(.fini))
 .fini          0x000000000002b184        0xf /usr/lib/gcc/i686-linux-gnu/5/../../../i386-linux-gnu/crti.o
                0x000000000002b184                _fini
 .fini          0x000000000002b193        0x5 /usr/lib/gcc/i686-linux-gnu/5/../../../i386-linux-gnu/crtn.o
                [!provide]                        PROVIDE (__etext, .)
                [!provide]                        PROVIDE (_etext, .)
                [!provide]                        PROVIDE (etext, .)

.rodata         0x000000000002b1a0      0xbe0
 *(.rodata .rodata.* .gnu.linkonce.r.*)
 .rodata        0x000000000002b1a0      0x44f udp-client.o
                0x000000000002b1c4                autostart_processes
 *fill*         0x000000000002b5ef        0x1 
 .rodata        0x000000000002b5f0        0x8 obj_cooja/mtype615.a(beep.o)
                0x000000000002b5f0                beep_interface
 .rodata        0x000000000002b5f8       0x20 obj_cooja/mtype615.a(button-sensor.o)
                0x000000000002b5f8                button_interface
                0x000000000002b608                button_sensor
 .rodata        0x000000000002b618        0x8 obj_cooja/mtype615.a(leds-arch.o)
                0x000000000002b618                leds_interface
 .rodata        0x000000000002b620        0x8 obj_cooja/mtype615.a(moteid.o)
                0x000000000002b620                moteid_interface
 .rodata        0x000000000002b628       0x1c obj_cooja/mtype615.a(pir-sensor.o)
                0x000000000002b628                pir_interface
                0x000000000002b634                pir_sensor
 .rodata        0x000000000002b644        0xe obj_cooja/mtype615.a(rs232.o)
                0x000000000002b644                rs232_interface
 *fill*         0x000000000002b652        0x2 
 .rodata        0x000000000002b654       0x24 obj_cooja/mtype615.a(vib-sensor.o)
                0x000000000002b654                vib_interface
                0x000000000002b668                vib_sensor
 .rodata        0x000000000002b678        0x8 obj_cooja/mtype615.a(clock.o)
                0x000000000002b678                clock_interface
 .rodata        0x000000000002b680        0x8 obj_cooja/mtype615.a(cooja-log.o)
                0x000000000002b680                simlog_interface
 .rodata        0x000000000002b688       0x2f obj_cooja/mtype615.a(cfs-cooja.o)
                0x000000000002b688                cfs_interface
 *fill*         0x000000000002b6b7        0x9 
 .rodata        0x000000000002b6c0       0x58 obj_cooja/mtype615.a(cooja-radio.o)
                0x000000000002b6c0                radio_interface
                0x000000000002b6e0                cooja_radio_driver
 .rodata        0x000000000002b718        0x8 obj_cooja/mtype615.a(eeprom.o)
                0x000000000002b718                eeprom_interface
 .rodata        0x000000000002b720        0x8 obj_cooja/mtype615.a(sensors.o)
 .rodata        0x000000000002b728       0x14 obj_cooja/mtype615.a(mqtt.o)
 .rodata        0x000000000002b73c       0xf8 obj_cooja/mtype615.a(contiki-main.o)
 .rodata        0x000000000002b834        0xf obj_cooja/mtype615.a(ctimer.o)
 .rodata        0x000000000002b843        0xc obj_cooja/mtype615.a(etimer.o)
 *fill*         0x000000000002b84f        0x1 
 .rodata        0x000000000002b850       0xc0 obj_cooja/mtype615.a(log.o)
 .rodata        0x000000000002b910        0xe obj_cooja/mtype615.a(serial-line.o)
 *fill*         0x000000000002b91e        0x2 
 .rodata        0x000000000002b920        0x8 obj_cooja/mtype615.a(linkaddr.o)
                0x000000000002b920                linkaddr_null
 .rodata        0x000000000002b928       0x20 obj_cooja/mtype615.a(csma.o)
                0x000000000002b930                csma_driver
 .rodata        0x000000000002b948       0x13 obj_cooja/mtype615.a(tcp-socket.o)
 .rodata        0x000000000002b95b        0xd obj_cooja/mtype615.a(tcpip.o)
 .rodata        0x000000000002b968       0x4d obj_cooja/mtype615.a(uip-ds6-route.o)
 *fill*         0x000000000002b9b5        0x3 
 .rodata        0x000000000002b9b8      0x13c obj_cooja/mtype615.a(uip6.o)
 .rodata        0x000000000002baf4       0x13 obj_cooja/mtype615.a(simple-udp.o)
 *fill*         0x000000000002bb07        0x1 
 .rodata        0x000000000002bb08       0x30 obj_cooja/mtype615.a(sicslowpan.o)
                0x000000000002bb08                unc_llconf
                0x000000000002bb0c                unc_ctxconf
                0x000000000002bb10                unc_mxconf
                0x000000000002bb14                llprefix
                0x000000000002bb28                sicslowpan_driver
 .rodata        0x000000000002bb38       0x2d obj_cooja/mtype615.a(uiplib.o)
 *fill*         0x000000000002bb65       0x1b 
 .rodata        0x000000000002bb80       0x70 obj_cooja/mtype615.a(rpl.o)
                0x000000000002bba0                rpl_lite_driver
 .rodata        0x000000000002bbf0       0xdb obj_cooja/mtype615.a(rpl-dag.o)
 *fill*         0x000000000002bccb        0x1 
 .rodata        0x000000000002bccc        0xc obj_cooja/mtype615.a(framer-802154.o)
                0x000000000002bccc                framer_802154
 .rodata        0x000000000002bcd8       0x44 obj_cooja/mtype615.a(uip-sr.o)
 .rodata        0x000000000002bd1c       0x58 obj_cooja/mtype615.a(rpl-neighbor.o)
 .rodata        0x000000000002bd74        0xc obj_cooja/mtype615.a(rpl-timers.o)

.rodata1
 *(.rodata1)

.eh_frame_hdr   0x000000000002bd80     0x169c
 *(.eh_frame_hdr)
 .eh_frame_hdr  0x000000000002bd80     0x169c udp-client.o
                0x000000000002bd80                __GNU_EH_FRAME_HDR
 *(.eh_frame_entry .eh_frame_entry.*)

.eh_frame       0x000000000002d41c     0x5ba8
 *(.eh_frame)
 .eh_frame      0x000000000002d41c       0x3c /usr/lib/gcc/i686-linux-gnu/5/../../../i386-linux-gnu/crti.o
                                         0x40 (size before relaxing)
 .eh_frame      0x000000000002d458      0x1e4 udp-client.o
                                        0x1fc (size before relaxing)
 .eh_frame      0x000000000002d63c      0x178 obj_cooja/mtype615.o
                                        0x190 (size before relaxing)
 .eh_frame      0x000000000002d7b4       0x40 obj_cooja/mtype615.a(simEnvChange.o)
                                         0x58 (size before relaxing)
 .eh_frame      0x000000000002d7f4       0x60 obj_cooja/mtype615.a(cooja_mt.o)
                                         0x78 (size before relaxing)
 .eh_frame      0x000000000002d854       0x80 obj_cooja/mtype615.a(cooja_mtarch.o)
                                         0x98 (size before relaxing)
 .eh_frame      0x000000000002d8d4       0xc8 obj_cooja/mtype615.a(rtimer-arch.o)
                                         0xe0 (size before relaxing)
 .eh_frame      0x000000000002d99c      0x160 obj_cooja/mtype615.a(beep.o)
                                        0x178 (size before relaxing)
 .eh_frame      0x000000000002dafc       0xa0 obj_cooja/mtype615.a(button-sensor.o)
                                         0xb8 (size before relaxing)
 .eh_frame      0x000000000002db9c       0xa0 obj_cooja/mtype615.a(leds-arch.o)
                                         0xb8 (size before relaxing)
 .eh_frame      0x000000000002dc3c       0x40 obj_cooja/mtype615.a(moteid.o)
                                         0x58 (size before relaxing)
 .eh_frame      0x000000000002dc7c       0xa0 obj_cooja/mtype615.a(pir-sensor.o)
                                         0xb8 (size before relaxing)
 .eh_frame      0x000000000002dd1c      0x100 obj_cooja/mtype615.a(rs232.o)
                                        0x118 (size before relaxing)
 .eh_frame      0x000000000002de1c       0xa0 obj_cooja/mtype615.a(vib-sensor.o)
                                         0xb8 (size before relaxing)
 .eh_frame      0x000000000002debc       0xc0 obj_cooja/mtype615.a(clock.o)
                                         0xd8 (size before relaxing)
 .eh_frame      0x000000000002df7c      0x120 obj_cooja/mtype615.a(cooja-log.o)
                                        0x138 (size before relaxing)
 .eh_frame      0x000000000002e09c      0x160 obj_cooja/mtype615.a(cfs-cooja.o)
                                        0x178 (size before relaxing)
 .eh_frame      0x000000000002e1fc      0x340 obj_cooja/mtype615.a(cooja-radio.o)
                                        0x358 (size before relaxing)
 .eh_frame      0x000000000002e53c       0xa0 obj_cooja/mtype615.a(eeprom.o)
                                         0xb8 (size before relaxing)
 .eh_frame      0x000000000002e5dc       0x40 obj_cooja/mtype615.a(random.o)
                                         0x58 (size before relaxing)
 .eh_frame      0x000000000002e61c       0xc0 obj_cooja/mtype615.a(sensors.o)
                                         0xd8 (size before relaxing)
 .eh_frame      0x000000000002e6dc       0xe0 obj_cooja/mtype615.a(leds.o)
                                         0xf8 (size before relaxing)
 .eh_frame      0x000000000002e7bc      0x4a4 obj_cooja/mtype615.a(mqtt.o)
                                        0x4bc (size before relaxing)
 .eh_frame      0x000000000002ec60       0x30 obj_cooja/mtype615.a(contiki-main.o)
                                         0x48 (size before relaxing)
 .eh_frame      0x000000000002ec90       0x40 obj_cooja/mtype615.a(autostart.o)
                                         0x58 (size before relaxing)
 .eh_frame      0x000000000002ecd0      0x100 obj_cooja/mtype615.a(ctimer.o)
                                        0x118 (size before relaxing)
 .eh_frame      0x000000000002edd0       0x60 obj_cooja/mtype615.a(energest.o)
                                         0x78 (size before relaxing)
 .eh_frame      0x000000000002ee30      0x1e0 obj_cooja/mtype615.a(etimer.o)
                                        0x1f8 (size before relaxing)
 .eh_frame      0x000000000002f010      0x100 obj_cooja/mtype615.a(log.o)
                                        0x118 (size before relaxing)
 .eh_frame      0x000000000002f110      0x1c4 obj_cooja/mtype615.a(process.o)
                                        0x1dc (size before relaxing)
 .eh_frame      0x000000000002f2d4       0x60 obj_cooja/mtype615.a(rtimer.o)
                                         0x78 (size before relaxing)
 .eh_frame      0x000000000002f334       0x20 obj_cooja/mtype615.a(node-id.o)
                                         0x38 (size before relaxing)
 .eh_frame      0x000000000002f354       0xa4 obj_cooja/mtype615.a(timer.o)
                                         0xbc (size before relaxing)
 .eh_frame      0x000000000002f3f8       0x60 obj_cooja/mtype615.a(serial-line.o)
                                         0x78 (size before relaxing)
 .eh_frame      0x000000000002f458      0x1a0 obj_cooja/mtype615.a(list.o)
                                        0x1b8 (size before relaxing)
 .eh_frame      0x000000000002f5f8       0xa0 obj_cooja/mtype615.a(ringbuf.o)
                                         0xb8 (size before relaxing)
 .eh_frame      0x000000000002f698      0x28c obj_cooja/mtype615.a(packetbuf.o)
                                        0x2a4 (size before relaxing)
 .eh_frame      0x000000000002f924       0x80 obj_cooja/mtype615.a(netstack.o)
                                         0x98 (size before relaxing)
 .eh_frame      0x000000000002f9a4       0x60 obj_cooja/mtype615.a(linkaddr.o)
                                         0x78 (size before relaxing)
 .eh_frame      0x000000000002fa04       0xa0 obj_cooja/mtype615.a(csma.o)
                                         0xb8 (size before relaxing)
 .eh_frame      0x000000000002faa4      0x1d4 obj_cooja/mtype615.a(csma-output.o)
                                        0x1ec (size before relaxing)
 .eh_frame      0x000000000002fc78      0x2e8 obj_cooja/mtype615.a(uip-ds6.o)
                                        0x300 (size before relaxing)
 .eh_frame      0x000000000002ff60      0x248 obj_cooja/mtype615.a(tcp-socket.o)
                                        0x260 (size before relaxing)
 .eh_frame      0x00000000000301a8      0x308 obj_cooja/mtype615.a(tcpip.o)
                                        0x320 (size before relaxing)
 .eh_frame      0x00000000000304b0      0x220 obj_cooja/mtype615.a(uip-ds6-route.o)
                                        0x238 (size before relaxing)
 .eh_frame      0x00000000000306d0      0x274 obj_cooja/mtype615.a(uip6.o)
                                        0x28c (size before relaxing)
 .eh_frame      0x0000000000030944      0x1c0 obj_cooja/mtype615.a(uip-ds6-nbr.o)
                                        0x1d8 (size before relaxing)
 .eh_frame      0x0000000000030b04       0x84 obj_cooja/mtype615.a(uip-nd6.o)
                                         0x9c (size before relaxing)
 .eh_frame      0x0000000000030b88       0xd4 obj_cooja/mtype615.a(simple-udp.o)
                                         0xec (size before relaxing)
 .eh_frame      0x0000000000030c5c      0x2f8 obj_cooja/mtype615.a(sicslowpan.o)
                                        0x310 (size before relaxing)
 .eh_frame      0x0000000000030f54       0x88 obj_cooja/mtype615.a(uiplib.o)
                                         0xa0 (size before relaxing)
 .eh_frame      0x0000000000030fdc      0x1e0 obj_cooja/mtype615.a(rpl.o)
                                        0x1f8 (size before relaxing)
 .eh_frame      0x00000000000311bc      0x1c4 obj_cooja/mtype615.a(rpl-icmp6.o)
                                        0x1dc (size before relaxing)
 .eh_frame      0x0000000000031380      0x370 obj_cooja/mtype615.a(rpl-dag.o)
                                        0x388 (size before relaxing)
 .eh_frame      0x00000000000316f0       0xa0 obj_cooja/mtype615.a(rpl-dag-root.o)
                                         0xb8 (size before relaxing)
 .eh_frame      0x0000000000031790       0xa0 obj_cooja/mtype615.a(watchdog.o)
                                         0xb8 (size before relaxing)
 .eh_frame      0x0000000000031830       0xc4 obj_cooja/mtype615.a(stimer.o)
                                         0xdc (size before relaxing)
 .eh_frame      0x00000000000318f4       0xa0 obj_cooja/mtype615.a(memb.o)
                                         0xb8 (size before relaxing)
 .eh_frame      0x0000000000031994      0x1a0 obj_cooja/mtype615.a(queuebuf.o)
                                        0x1b8 (size before relaxing)
 .eh_frame      0x0000000000031b34      0x2ac obj_cooja/mtype615.a(nbr-table.o)
                                        0x2c4 (size before relaxing)
 .eh_frame      0x0000000000031de0      0x100 obj_cooja/mtype615.a(link-stats.o)
                                        0x118 (size before relaxing)
 .eh_frame      0x0000000000031ee0       0x48 obj_cooja/mtype615.a(mac-sequence.o)
                                         0x60 (size before relaxing)
 .eh_frame      0x0000000000031f28       0x20 obj_cooja/mtype615.a(mac.o)
                                         0x38 (size before relaxing)
 .eh_frame      0x0000000000031f48       0xa4 obj_cooja/mtype615.a(framer-802154.o)
                                         0xbc (size before relaxing)
 .eh_frame      0x0000000000031fec      0x1a4 obj_cooja/mtype615.a(frame802154.o)
                                        0x1bc (size before relaxing)
 .eh_frame      0x0000000000032190      0x100 obj_cooja/mtype615.a(uipbuf.o)
                                        0x118 (size before relaxing)
 .eh_frame      0x0000000000032290      0x160 obj_cooja/mtype615.a(uip-icmp6.o)
                                        0x178 (size before relaxing)
 .eh_frame      0x00000000000323f0      0x184 obj_cooja/mtype615.a(uip-sr.o)
                                        0x19c (size before relaxing)
 .eh_frame      0x0000000000032574       0xe0 obj_cooja/mtype615.a(uip-packetqueue)
                                         0xf8 (size before relaxing)
 .eh_frame      0x0000000000032654       0x40 obj_cooja/mtype615.a(uip-udp-packet.)
                                         0x58 (size before relaxing)
 .eh_frame      0x0000000000032694       0x80 obj_cooja/mtype615.a(rpl-nbr-policy.)
                                         0x98 (size before relaxing)
 .eh_frame      0x0000000000032714      0x2d4 obj_cooja/mtype615.a(rpl-neighbor.o)
                                        0x2ec (size before relaxing)
 .eh_frame      0x00000000000329e8      0x368 obj_cooja/mtype615.a(rpl-timers.o)
                                        0x380 (size before relaxing)
 .eh_frame      0x0000000000032d50      0x128 obj_cooja/mtype615.a(rpl-ext-header.)
                                        0x140 (size before relaxing)
 .eh_frame      0x0000000000032e78      0x148 obj_cooja/mtype615.a(rpl-mrhof.o)
                                        0x160 (size before relaxing)
 .eh_frame      0x0000000000032fc0        0x4 /usr/lib/gcc/i686-linux-gnu/5/crtendS.o
 *(.eh_frame.*)

.gcc_except_table
 *(.gcc_except_table .gcc_except_table.*)

.gnu_extab
 *(.gnu_extab*)

.exception_ranges
 *(.exception_ranges .exception_ranges*)
                0x0000000000034f10                . = DATA_SEGMENT_ALIGN (0x1000, 0x1000)

.eh_frame
 *(.eh_frame)
 *(.eh_frame.*)

.gnu_extab
 *(.gnu_extab)

.gcc_except_table
 *(.gcc_except_table .gcc_except_table.*)

.exception_ranges
 *(.exception_ranges .exception_ranges*)

.tdata
 *(.tdata .tdata.* .gnu.linkonce.td.*)

.tbss
 *(.tbss .tbss.* .gnu.linkonce.tb.*)
 *(.tcommon)

.preinit_array
 *(.preinit_array)

.init_array     0x0000000000034f10        0x4
 *(SORT(.init_array.*) SORT(.ctors.*))
 *(.init_array EXCLUDE_FILE(*crtend?.o *crtend.o *crtbegin?.o *crtbegin.o) .ctors)
 .init_array    0x0000000000034f10        0x4 /usr/lib/gcc/i686-linux-gnu/5/crtbeginS.o

.fini_array     0x0000000000034f14        0x4
 *(SORT(.fini_array.*) SORT(.dtors.*))
 *(.fini_array EXCLUDE_FILE(*crtend?.o *crtend.o *crtbegin?.o *crtbegin.o) .dtors)
 .fini_array    0x0000000000034f14        0x4 /usr/lib/gcc/i686-linux-gnu/5/crtbeginS.o

.ctors
 *crtbegin.o(.ctors)
 *crtbegin?.o(.ctors)
 *(EXCLUDE_FILE(*crtend?.o *crtend.o) .ctors)
 *(SORT(.ctors.*))
 *(.ctors)

.dtors
 *crtbegin.o(.dtors)
 *crtbegin?.o(.dtors)
 *(EXCLUDE_FILE(*crtend?.o *crtend.o) .dtors)
 *(SORT(.dtors.*))
 *(.dtors)

.jcr            0x0000000000034f18        0x4
 *(.jcr)
 .jcr           0x0000000000034f18        0x0 /usr/lib/gcc/i686-linux-gnu/5/crtbeginS.o
 .jcr           0x0000000000034f18        0x4 /usr/lib/gcc/i686-linux-gnu/5/crtendS.o

.data.rel.ro
 *(.data.rel.ro.local* .gnu.linkonce.d.rel.ro.local.*)
 *(.data.rel.ro .data.rel.ro.* .gnu.linkonce.d.rel.ro.*)

.dynamic        0x0000000000034f1c       0xd0
 *(.dynamic)
 .dynamic       0x0000000000034f1c       0xd0 /usr/lib/gcc/i686-linux-gnu/5/../../../i386-linux-gnu/crti.o
                0x0000000000034f1c                _DYNAMIC

.got            0x0000000000034fec       0x14
 *(.got)
 .got           0x0000000000034fec       0x14 /usr/lib/gcc/i686-linux-gnu/5/../../../i386-linux-gnu/crti.o
 *(.igot)
                0x0000000000035ff4                . = DATA_SEGMENT_RELRO_END (., (SIZEOF (.got.plt) >= 0xc)?0xc:0x0)

.got.plt        0x0000000000035000        0xc
 *(.got.plt)
 .got.plt       0x0000000000035000        0xc /usr/lib/gcc/i686-linux-gnu/5/../../../i386-linux-gnu/crti.o
                0x0000000000035000                _GLOBAL_OFFSET_TABLE_
 *(.igot.plt)

.data           0x0000000000035020      0x344
 *(.data .data.* .gnu.linkonce.d.*)
 .data          0x0000000000035020        0x0 /usr/lib/gcc/i686-linux-gnu/5/../../../i386-linux-gnu/crti.o
 .data          0x0000000000035020        0x0 /usr/lib/gcc/i686-linux-gnu/5/crtbeginS.o
 .data.rel.local
                0x0000000000035020        0x4 /usr/lib/gcc/i686-linux-gnu/5/crtbeginS.o
                0x0000000000035020                __dso_handle
 .data          0x0000000000035024       0x34 udp-client.o
                0x0000000000035028                udp_client_process
                0x0000000000035038                udp_client_send_root_process
                0x0000000000035048                mqtt_client_process
 *fill*         0x0000000000035058        0x8 
 .data          0x0000000000035060       0x44 obj_cooja/mtype615.o
                0x0000000000035060                simInterfaces
                0x0000000000035094                sensors
 .data          0x00000000000350a4        0x0 obj_cooja/mtype615.a(simEnvChange.o)
 .data          0x00000000000350a4        0x0 obj_cooja/mtype615.a(cooja_mt.o)
 .data          0x00000000000350a4        0x0 obj_cooja/mtype615.a(cooja_mtarch.o)
 .data          0x00000000000350a4        0x0 obj_cooja/mtype615.a(rtimer-arch.o)
 .data          0x00000000000350a4        0x0 obj_cooja/mtype615.a(beep.o)
 .data          0x00000000000350a4        0x0 obj_cooja/mtype615.a(button-sensor.o)
 .data          0x00000000000350a4        0x0 obj_cooja/mtype615.a(leds-arch.o)
 .data          0x00000000000350a4        0x0 obj_cooja/mtype615.a(moteid.o)
 .data          0x00000000000350a4        0x0 obj_cooja/mtype615.a(pir-sensor.o)
 .data          0x00000000000350a4        0x0 obj_cooja/mtype615.a(rs232.o)
 .data          0x00000000000350a4        0x0 obj_cooja/mtype615.a(vib-sensor.o)
 .data          0x00000000000350a4        0x0 obj_cooja/mtype615.a(clock.o)
 .data          0x00000000000350a4        0x0 obj_cooja/mtype615.a(cooja-log.o)
 .data          0x00000000000350a4        0x0 obj_cooja/mtype615.a(cfs-cooja.o)
 .data          0x00000000000350a4       0x2c obj_cooja/mtype615.a(cooja-radio.o)
                0x00000000000350a4                simRadioHWOn
                0x00000000000350a8                simSignalStrength
                0x00000000000350ac                simLastSignalStrength
                0x00000000000350b0                simPower
                0x00000000000350b4                simRadioChannel
                0x00000000000350b8                simLQI
                0x00000000000350c0                cooja_radio_process
 .data          0x00000000000350d0        0x0 obj_cooja/mtype615.a(eeprom.o)
 .data          0x00000000000350d0        0x0 obj_cooja/mtype615.a(random.o)
 .data          0x00000000000350d0       0x10 obj_cooja/mtype615.a(sensors.o)
                0x00000000000350d0                sensors_process
 .data          0x00000000000350e0        0x0 obj_cooja/mtype615.a(leds.o)
 .data          0x00000000000350e0       0x14 obj_cooja/mtype615.a(mqtt.o)
                0x00000000000350e4                mqtt_process
 .data          0x00000000000350f4        0x0 obj_cooja/mtype615.a(contiki-main.o)
 .data          0x00000000000350f4        0x0 obj_cooja/mtype615.a(autostart.o)
 .data          0x00000000000350f4       0x14 obj_cooja/mtype615.a(ctimer.o)
                0x00000000000350f8                ctimer_process
 .data          0x0000000000035108        0x0 obj_cooja/mtype615.a(energest.o)
 .data          0x0000000000035108       0x10 obj_cooja/mtype615.a(etimer.o)
                0x0000000000035108                etimer_process
 *fill*         0x0000000000035118        0x8 
 .data          0x0000000000035120       0xb0 obj_cooja/mtype615.a(log.o)
                0x0000000000035120                curr_log_level_main
                0x0000000000035140                all_modules
 .data          0x00000000000351d0        0x0 obj_cooja/mtype615.a(process.o)
 .data          0x00000000000351d0        0x0 obj_cooja/mtype615.a(rtimer.o)
 .data          0x00000000000351d0        0x0 obj_cooja/mtype615.a(node-id.o)
 .data          0x00000000000351d0        0x0 obj_cooja/mtype615.a(timer.o)
 .data          0x00000000000351d0       0x10 obj_cooja/mtype615.a(serial-line.o)
                0x00000000000351d0                serial_line_process
 .data          0x00000000000351e0        0x0 obj_cooja/mtype615.a(list.o)
 .data          0x00000000000351e0        0x0 obj_cooja/mtype615.a(ringbuf.o)
 .data          0x00000000000351e0        0x4 obj_cooja/mtype615.a(packetbuf.o)
 .data          0x00000000000351e4        0x4 obj_cooja/mtype615.a(netstack.o)
 .data          0x00000000000351e8        0x0 obj_cooja/mtype615.a(linkaddr.o)
 .data          0x00000000000351e8        0x0 obj_cooja/mtype615.a(csma.o)
 .data          0x00000000000351e8       0x28 obj_cooja/mtype615.a(csma-output.o)
 .data          0x0000000000035210        0x0 obj_cooja/mtype615.a(uip-ds6.o)
 .data          0x0000000000035210       0x14 obj_cooja/mtype615.a(tcp-socket.o)
                0x0000000000035214                tcp_socket_process
 .data          0x0000000000035224       0x10 obj_cooja/mtype615.a(tcpip.o)
                0x0000000000035224                tcpip_process
 .data          0x0000000000035234       0x10 obj_cooja/mtype615.a(uip-ds6-route.o)
 .data          0x0000000000035244        0x0 obj_cooja/mtype615.a(uip6.o)
 .data          0x0000000000035244       0x14 obj_cooja/mtype615.a(uip-ds6-nbr.o)
                0x0000000000035254                ds6_neighbors
 .data          0x0000000000035258        0xc obj_cooja/mtype615.a(uip-nd6.o)
 .data          0x0000000000035264       0x10 obj_cooja/mtype615.a(simple-udp.o)
                0x0000000000035264                simple_udp_process
 .data          0x0000000000035274        0x0 obj_cooja/mtype615.a(sicslowpan.o)
 .data          0x0000000000035274        0x0 obj_cooja/mtype615.a(uiplib.o)
 .data          0x0000000000035274        0x0 obj_cooja/mtype615.a(rpl.o)
 .data          0x0000000000035274       0x30 obj_cooja/mtype615.a(rpl-icmp6.o)
 .data          0x00000000000352a4        0x0 obj_cooja/mtype615.a(rpl-dag.o)
 .data          0x00000000000352a4        0x0 obj_cooja/mtype615.a(rpl-dag-root.o)
 .data          0x00000000000352a4        0x0 obj_cooja/mtype615.a(watchdog.o)
 .data          0x00000000000352a4        0x0 obj_cooja/mtype615.a(stimer.o)
 .data          0x00000000000352a4        0x0 obj_cooja/mtype615.a(memb.o)
 .data          0x00000000000352a4       0x18 obj_cooja/mtype615.a(queuebuf.o)
 .data          0x00000000000352bc       0x10 obj_cooja/mtype615.a(nbr-table.o)
 .data          0x00000000000352cc       0x14 obj_cooja/mtype615.a(link-stats.o)
 .data          0x00000000000352e0        0x0 obj_cooja/mtype615.a(mac-sequence.o)
 .data          0x00000000000352e0        0x0 obj_cooja/mtype615.a(mac.o)
 .data          0x00000000000352e0        0x0 obj_cooja/mtype615.a(framer-802154.o)
 .data          0x00000000000352e0        0x2 obj_cooja/mtype615.a(frame802154.o)
 .data          0x00000000000352e2        0x0 obj_cooja/mtype615.a(uipbuf.o)
 *fill*         0x00000000000352e2        0x2 
 .data          0x00000000000352e4       0x20 obj_cooja/mtype615.a(uip-icmp6.o)
 .data          0x0000000000035304       0x10 obj_cooja/mtype615.a(uip-sr.o)
 .data          0x0000000000035314        0xc obj_cooja/mtype615.a(uip-packetqueue)
 .data          0x0000000000035320        0x0 obj_cooja/mtype615.a(uip-udp-packet.)
 .data          0x0000000000035320        0x0 obj_cooja/mtype615.a(rpl-nbr-policy.)
 .data          0x0000000000035320       0x14 obj_cooja/mtype615.a(rpl-neighbor.o)
                0x0000000000035330                rpl_neighbors
 .data          0x0000000000035334        0x0 obj_cooja/mtype615.a(rpl-timers.o)
 .data          0x0000000000035334        0x0 obj_cooja/mtype615.a(rpl-ext-header.)
 *fill*         0x0000000000035334        0xc 
 .data          0x0000000000035340       0x24 obj_cooja/mtype615.a(rpl-mrhof.o)
                0x0000000000035340                rpl_mrhof
 .data          0x0000000000035364        0x0 /usr/lib/gcc/i686-linux-gnu/5/crtendS.o
 .data          0x0000000000035364        0x0 /usr/lib/gcc/i686-linux-gnu/5/../../../i386-linux-gnu/crtn.o

.tm_clone_table
                0x0000000000035364        0x0
 .tm_clone_table
                0x0000000000035364        0x0 /usr/lib/gcc/i686-linux-gnu/5/crtbeginS.o
 .tm_clone_table
                0x0000000000035364        0x0 /usr/lib/gcc/i686-linux-gnu/5/crtendS.o

.data1
 *(.data1)
                0x0000000000035364                _edata = .
                [!provide]                        PROVIDE (edata, .)
                0x0000000000035364                . = .
                0x0000000000035364                __bss_start = .

.bss            0x0000000000035380    0x14b40
 *(.dynbss)
 .dynbss        0x0000000000035380        0x0 /usr/lib/gcc/i686-linux-gnu/5/../../../i386-linux-gnu/crti.o
 *(.bss .bss.* .gnu.linkonce.b.*)
 .bss           0x0000000000035380        0x0 /usr/lib/gcc/i686-linux-gnu/5/../../../i386-linux-gnu/crti.o
 .bss           0x0000000000035380        0x1 /usr/lib/gcc/i686-linux-gnu/5/crtbeginS.o
 *fill*         0x0000000000035381       0x1f 
 .bss           0x00000000000353a0      0xb94 udp-client.o
 *fill*         0x0000000000035f34        0xc 
 .bss           0x0000000000035f40     0x2030 obj_cooja/mtype615.o
 .bss           0x0000000000037f70        0x1 obj_cooja/mtype615.a(simEnvChange.o)
                0x0000000000037f70                simDontFallAsleep
 *fill*         0x0000000000037f71        0x3 
 .bss           0x0000000000037f74        0x4 obj_cooja/mtype615.a(cooja_mt.o)
 .bss           0x0000000000037f78        0x4 obj_cooja/mtype615.a(cooja_mtarch.o)
 .bss           0x0000000000037f7c        0x0 obj_cooja/mtype615.a(rtimer-arch.o)
 .bss           0x0000000000037f7c        0x0 obj_cooja/mtype615.a(beep.o)
 .bss           0x0000000000037f7c        0x8 obj_cooja/mtype615.a(button-sensor.o)
 .bss           0x0000000000037f84        0x0 obj_cooja/mtype615.a(leds-arch.o)
 .bss           0x0000000000037f84        0x0 obj_cooja/mtype615.a(moteid.o)
 .bss           0x0000000000037f84        0x1 obj_cooja/mtype615.a(pir-sensor.o)
                0x0000000000037f84                simPirValue
 *fill*         0x0000000000037f85        0x3 
 .bss           0x0000000000037f88        0x4 obj_cooja/mtype615.a(rs232.o)
 .bss           0x0000000000037f8c        0x1 obj_cooja/mtype615.a(vib-sensor.o)
                0x0000000000037f8c                simVibValue
 .bss           0x0000000000037f8d        0x0 obj_cooja/mtype615.a(clock.o)
 *fill*         0x0000000000037f8d       0x13 
 .bss           0x0000000000037fa0     0x2020 obj_cooja/mtype615.a(cooja-log.o)
 .bss           0x0000000000039fc0      0xfc0 obj_cooja/mtype615.a(cfs-cooja.o)
                0x0000000000039fc0                simCFSData
                0x000000000003af60                simCFSSize
                0x000000000003af64                simCFSChanged
                0x000000000003af68                simCFSRead
                0x000000000003af6c                simCFSWritten
 .bss           0x000000000003af80       0x24 obj_cooja/mtype615.a(cooja-radio.o)
                0x000000000003af80                simReceiving
                0x000000000003af84                simInSize
                0x000000000003af88                simLastPacketTimestamp
                0x000000000003af90                simOutSize
 .bss           0x000000000003afa4        0xc obj_cooja/mtype615.a(eeprom.o)
                0x000000000003afa4                simEEPROMChanged
                0x000000000003afa8                simEEPROMRead
                0x000000000003afac                simEEPROMWritten
 .bss           0x000000000003afb0        0x0 obj_cooja/mtype615.a(random.o)
 .bss           0x000000000003afb0        0xc obj_cooja/mtype615.a(sensors.o)
 .bss           0x000000000003afbc        0x0 obj_cooja/mtype615.a(leds.o)
 .bss           0x000000000003afbc       0x15 obj_cooja/mtype615.a(mqtt.o)
 .bss           0x000000000003afd1        0x0 obj_cooja/mtype615.a(contiki-main.o)
 .bss           0x000000000003afd1        0x0 obj_cooja/mtype615.a(autostart.o)
 *fill*         0x000000000003afd1        0x3 
 .bss           0x000000000003afd4        0x5 obj_cooja/mtype615.a(ctimer.o)
 .bss           0x000000000003afd9        0x0 obj_cooja/mtype615.a(energest.o)
 *fill*         0x000000000003afd9        0x3 
 .bss           0x000000000003afdc        0x8 obj_cooja/mtype615.a(etimer.o)
 .bss           0x000000000003afe4       0x28 obj_cooja/mtype615.a(log.o)
                0x000000000003afe4                curr_log_level_rpl
                0x000000000003afe8                curr_log_level_tcpip
                0x000000000003afec                curr_log_level_ipv6
                0x000000000003aff0                curr_log_level_6lowpan
                0x000000000003aff4                curr_log_level_nullnet
                0x000000000003aff8                curr_log_level_mac
                0x000000000003affc                curr_log_level_framer
                0x000000000003b000                curr_log_level_6top
                0x000000000003b004                curr_log_level_coap
                0x000000000003b008                curr_log_level_lwm2m
 *fill*         0x000000000003b00c       0x14 
 .bss           0x000000000003b020      0x1a1 obj_cooja/mtype615.a(process.o)
                0x000000000003b020                process_list
                0x000000000003b024                process_current
 *fill*         0x000000000003b1c1        0x3 
 .bss           0x000000000003b1c4        0x4 obj_cooja/mtype615.a(rtimer.o)
 .bss           0x000000000003b1c8        0x2 obj_cooja/mtype615.a(node-id.o)
                0x000000000003b1c8                node_id
 .bss           0x000000000003b1ca        0x0 obj_cooja/mtype615.a(timer.o)
 *fill*         0x000000000003b1ca       0x16 
 .bss           0x000000000003b1e0      0x140 obj_cooja/mtype615.a(serial-line.o)
 .bss           0x000000000003b320        0x0 obj_cooja/mtype615.a(list.o)
 .bss           0x000000000003b320        0x0 obj_cooja/mtype615.a(ringbuf.o)
 .bss           0x000000000003b320       0xa0 obj_cooja/mtype615.a(packetbuf.o)
 .bss           0x000000000003b3c0        0x4 obj_cooja/mtype615.a(netstack.o)
 .bss           0x000000000003b3c4        0x0 obj_cooja/mtype615.a(linkaddr.o)
 .bss           0x000000000003b3c4        0x0 obj_cooja/mtype615.a(csma.o)
 *fill*         0x000000000003b3c4       0x1c 
 .bss           0x000000000003b3e0      0x726 obj_cooja/mtype615.a(csma-output.o)
 *fill*         0x000000000003bb06        0x2 
 .bss           0x000000000003bb08       0x20 obj_cooja/mtype615.a(uip-ds6.o)
 .bss           0x000000000003bb28        0x5 obj_cooja/mtype615.a(tcp-socket.o)
 *fill*         0x000000000003bb2d       0x13 
 .bss           0x000000000003bb40       0xc4 obj_cooja/mtype615.a(tcpip.o)
 *fill*         0x000000000003bc04       0x1c 
 .bss           0x000000000003bc20       0x60 obj_cooja/mtype615.a(uip-ds6-route.o)
 .bss           0x000000000003bc80        0xc obj_cooja/mtype615.a(uip6.o)
                0x000000000003bc80                uip_ext_bitmap
                0x000000000003bc81                uip_ext_len
                0x000000000003bc82                uip_ext_opt_offset
 *fill*         0x000000000003bc8c       0x14 
 .bss           0x000000000003bca0     0x1c20 obj_cooja/mtype615.a(uip-ds6-nbr.o)
 .bss           0x000000000003d8c0       0x10 obj_cooja/mtype615.a(uip-nd6.o)
 *fill*         0x000000000003d8d0       0x10 
 .bss           0x000000000003d8e0      0x520 obj_cooja/mtype615.a(simple-udp.o)
 .bss           0x000000000003de00      0x724 obj_cooja/mtype615.a(sicslowpan.o)
 .bss           0x000000000003e524        0x0 obj_cooja/mtype615.a(uiplib.o)
 .bss           0x000000000003e524        0x1 obj_cooja/mtype615.a(rpl.o)
 .bss           0x000000000003e525        0x0 obj_cooja/mtype615.a(rpl-icmp6.o)
 .bss           0x000000000003e525        0x0 obj_cooja/mtype615.a(rpl-dag.o)
 *fill*         0x000000000003e525        0x3 
 .bss           0x000000000003e528       0x11 obj_cooja/mtype615.a(rpl-dag-root.o)
 .bss           0x000000000003e539        0x0 obj_cooja/mtype615.a(watchdog.o)
 .bss           0x000000000003e539        0x0 obj_cooja/mtype615.a(stimer.o)
 .bss           0x000000000003e539        0x0 obj_cooja/mtype615.a(memb.o)
 *fill*         0x000000000003e539        0x7 
 .bss           0x000000000003e540     0x2c80 obj_cooja/mtype615.a(queuebuf.o)
 .bss           0x00000000000411c0     0x1214 obj_cooja/mtype615.a(nbr-table.o)
 *fill*         0x00000000000423d4        0xc 
 .bss           0x00000000000423e0      0xe10 obj_cooja/mtype615.a(link-stats.o)
 *fill*         0x00000000000431f0       0x10 
 .bss           0x0000000000043200      0x100 obj_cooja/mtype615.a(mac-sequence.o)
 .bss           0x0000000000043300        0x0 obj_cooja/mtype615.a(mac.o)
 .bss           0x0000000000043300        0x2 obj_cooja/mtype615.a(framer-802154.o)
 .bss           0x0000000000043302        0x0 obj_cooja/mtype615.a(frame802154.o)
 *fill*         0x0000000000043302        0x2 
 .bss           0x0000000000043304        0xc obj_cooja/mtype615.a(uipbuf.o)
 .bss           0x0000000000043310       0x18 obj_cooja/mtype615.a(uip-icmp6.o)
 *fill*         0x0000000000043328       0x18 
 .bss           0x0000000000043340     0x1d80 obj_cooja/mtype615.a(uip-sr.o)
 .bss           0x00000000000450c0      0xa78 obj_cooja/mtype615.a(uip-packetqueue)
 .bss           0x0000000000045b38        0x0 obj_cooja/mtype615.a(uip-udp-packet.)
 .bss           0x0000000000045b38        0xe obj_cooja/mtype615.a(rpl-nbr-policy.)
 *fill*         0x0000000000045b46       0x1a 
 .bss           0x0000000000045b60      0x960 obj_cooja/mtype615.a(rpl-neighbor.o)
 .bss           0x00000000000464c0       0x40 obj_cooja/mtype615.a(rpl-timers.o)
 .bss           0x0000000000046500        0x0 obj_cooja/mtype615.a(rpl-ext-header.)
 .bss           0x0000000000046500        0x0 obj_cooja/mtype615.a(rpl-mrhof.o)
 .bss           0x0000000000046500        0x0 /usr/lib/gcc/i686-linux-gnu/5/crtendS.o
 .bss           0x0000000000046500        0x0 /usr/lib/gcc/i686-linux-gnu/5/../../../i386-linux-gnu/crtn.o
 *(COMMON)
 COMMON         0x0000000000046500        0x8 obj_cooja/mtype615.o
                0x0000000000046500                referenceVar
                0x0000000000046504                sensors_flags
 COMMON         0x0000000000046508        0xc obj_cooja/mtype615.a(simEnvChange.o)
                0x0000000000046508                simEtimerPending
                0x000000000004650c                simProcessRunValue
                0x0000000000046510                simEtimerNextExpirationTime
 *fill*         0x0000000000046514        0x4 
 COMMON         0x0000000000046518       0x18 obj_cooja/mtype615.a(rtimer-arch.o)
                0x0000000000046518                simRtimerPending
                0x0000000000046520                simRtimerCurrentTicks
                0x0000000000046528                simRtimerNextExpirationTime
 COMMON         0x0000000000046530        0x1 obj_cooja/mtype615.a(beep.o)
                0x0000000000046530                simBeeped
 COMMON         0x0000000000046531        0x3 obj_cooja/mtype615.a(button-sensor.o)
                0x0000000000046531                simButtonIsActive
                0x0000000000046532                simButtonIsDown
                0x0000000000046533                simButtonChanged
 COMMON         0x0000000000046534        0x1 obj_cooja/mtype615.a(leds-arch.o)
                0x0000000000046534                simLedsValue
 *fill*         0x0000000000046535        0x3 
 COMMON         0x0000000000046538        0xc obj_cooja/mtype615.a(moteid.o)
                0x0000000000046538                simRandomSeed
                0x000000000004653c                simMoteIDChanged
                0x0000000000046540                simMoteID
 COMMON         0x0000000000046544        0x2 obj_cooja/mtype615.a(pir-sensor.o)
                0x0000000000046544                simPirIsActive
                0x0000000000046545                simPirChanged
 *fill*         0x0000000000046546       0x1a 
 COMMON         0x0000000000046560      0x820 obj_cooja/mtype615.a(rs232.o)
                0x0000000000046560                simSerialReceivingFlag
                0x0000000000046564                simSerialReceivingLength
                0x0000000000046580                simSerialReceivingData
 COMMON         0x0000000000046d80        0x2 obj_cooja/mtype615.a(vib-sensor.o)
                0x0000000000046d80                simVibChanged
                0x0000000000046d81                simVibIsActive
 *fill*         0x0000000000046d82        0x2 
 COMMON         0x0000000000046d84        0x4 obj_cooja/mtype615.a(clock.o)
                0x0000000000046d84                simCurrentTime
 *fill*         0x0000000000046d88       0x18 
 COMMON         0x0000000000046da0     0x2020 obj_cooja/mtype615.a(cooja-log.o)
                0x0000000000046da0                simLoggedLength
                0x0000000000046da4                simLoggedFlag
                0x0000000000046dc0                simLoggedData
 COMMON         0x0000000000048dc0      0x100 obj_cooja/mtype615.a(cooja-radio.o)
                0x0000000000048dc0                simOutDataBuffer
                0x0000000000048e40                simInDataBuffer
 COMMON         0x0000000000048ec0      0x400 obj_cooja/mtype615.a(eeprom.o)
                0x0000000000048ec0                simEEPROMData
 COMMON         0x00000000000492c0        0x1 obj_cooja/mtype615.a(sensors.o)
                0x00000000000492c0                sensors_event
 COMMON         0x00000000000492c1        0x1 obj_cooja/mtype615.a(mqtt.o)
                0x00000000000492c1                mqtt_update_event
 *fill*         0x00000000000492c2        0x2 
 COMMON         0x00000000000492c4       0x50 obj_cooja/mtype615.a(contiki-main.o)
                0x00000000000492c4                eb_per_time_source
                0x00000000000492d8                unicast_per_neighbor_rpl_storing
                0x00000000000492ec                unicast_per_neighbor_rpl_ns
                0x0000000000049300                default_common
 COMMON         0x0000000000049314        0x1 obj_cooja/mtype615.a(serial-line.o)
                0x0000000000049314                serial_line_event_message
 *fill*         0x0000000000049315        0x3 
 COMMON         0x0000000000049318       0x2c obj_cooja/mtype615.a(packetbuf.o)
                0x0000000000049318                packetbuf_attrs
                0x0000000000049334                packetbuf_addrs
 COMMON         0x0000000000049344        0x8 obj_cooja/mtype615.a(linkaddr.o)
                0x0000000000049344                linkaddr_node_addr
 *fill*         0x000000000004934c       0x14 
 COMMON         0x0000000000049360      0x181 obj_cooja/mtype615.a(uip-ds6.o)
                0x0000000000049360                uip_ds6_prefix_list
                0x00000000000493c0                uip_ds6_timer_periodic
                0x00000000000493d0                uip_ds6_netif_addr_list_offset
                0x00000000000493e0                uip_ds6_if
                0x00000000000494d8                uip_ds6_timer_ra
                0x00000000000494e0                uip_ds6_addr_size
 COMMON         0x00000000000494e1        0x1 obj_cooja/mtype615.a(tcpip.o)
                0x00000000000494e1                tcpip_event
 *fill*         0x00000000000494e2       0x1e 
 COMMON         0x0000000000049500      0x80c obj_cooja/mtype615.a(uip6.o)
                0x0000000000049500                uip_slen
                0x0000000000049504                uip_acc32
                0x0000000000049520                uip_conns
                0x00000000000496a0                uip_lladdr
                0x00000000000496a8                uip_appdata
                0x00000000000496ac                uip_flags
                0x00000000000496c0                uip_aligned_buf
                0x0000000000049bc0                uip_listenports
                0x0000000000049be8                uip_len
                0x0000000000049bec                uip_sappdata
                0x0000000000049c00                uip_udp_conns
                0x0000000000049d00                uip_udp_conn
                0x0000000000049d04                uip_next_hdr
                0x0000000000049d08                uip_conn
 COMMON         0x0000000000049d0c       0x10 obj_cooja/mtype615.a(rpl.o)
                0x0000000000049d0c                rpl_multicast_addr
 *fill*         0x0000000000049d1c        0x4 
 COMMON         0x0000000000049d20      0x164 obj_cooja/mtype615.a(rpl-dag.o)
                0x0000000000049d20                curr_instance
 *fill*         0x0000000000049e84       0x1c 
 COMMON         0x0000000000049ea0       0x20 obj_cooja/mtype615.a(link-stats.o)
                0x0000000000049ea0                periodic_timer
                0x0000000000049ec0                . = ALIGN ((. != 0x0)?0x4:0x1)
                0x0000000000049ec0                . = ALIGN (0x4)
                0x0000000000049ec0                . = SEGMENT_START ("ldata-segment", .)
                0x0000000000049ec0                . = ALIGN (0x4)
                0x0000000000049ec0                _end = .
                [!provide]                        PROVIDE (end, .)
                0x0000000000049ec0                . = DATA_SEGMENT_END (.)

.stab
 *(.stab)

.stabstr
 *(.stabstr)

.stab.excl
 *(.stab.excl)

.stab.exclstr
 *(.stab.exclstr)

.stab.index
 *(.stab.index)

.stab.indexstr
 *(.stab.indexstr)

.comment        0x0000000000000000       0x35
 *(.comment)
 .comment       0x0000000000000000       0x35 /usr/lib/gcc/i686-linux-gnu/5/crtbeginS.o
                                         0x36 (size before relaxing)
 .comment       0x0000000000000035       0x36 udp-client.o
 .comment       0x0000000000000035       0x36 obj_cooja/mtype615.o
 .comment       0x0000000000000035       0x36 obj_cooja/mtype615.a(simEnvChange.o)
 .comment       0x0000000000000035       0x36 obj_cooja/mtype615.a(cooja_mt.o)
 .comment       0x0000000000000035       0x36 obj_cooja/mtype615.a(cooja_mtarch.o)
 .comment       0x0000000000000035       0x36 obj_cooja/mtype615.a(rtimer-arch.o)
 .comment       0x0000000000000035       0x36 obj_cooja/mtype615.a(beep.o)
 .comment       0x0000000000000035       0x36 obj_cooja/mtype615.a(button-sensor.o)
 .comment       0x0000000000000035       0x36 obj_cooja/mtype615.a(leds-arch.o)
 .comment       0x0000000000000035       0x36 obj_cooja/mtype615.a(moteid.o)
 .comment       0x0000000000000035       0x36 obj_cooja/mtype615.a(pir-sensor.o)
 .comment       0x0000000000000035       0x36 obj_cooja/mtype615.a(rs232.o)
 .comment       0x0000000000000035       0x36 obj_cooja/mtype615.a(vib-sensor.o)
 .comment       0x0000000000000035       0x36 obj_cooja/mtype615.a(clock.o)
 .comment       0x0000000000000035       0x36 obj_cooja/mtype615.a(cooja-log.o)
 .comment       0x0000000000000035       0x36 obj_cooja/mtype615.a(cfs-cooja.o)
 .comment       0x0000000000000035       0x36 obj_cooja/mtype615.a(cooja-radio.o)
 .comment       0x0000000000000035       0x36 obj_cooja/mtype615.a(eeprom.o)
 .comment       0x0000000000000035       0x36 obj_cooja/mtype615.a(random.o)
 .comment       0x0000000000000035       0x36 obj_cooja/mtype615.a(sensors.o)
 .comment       0x0000000000000035       0x36 obj_cooja/mtype615.a(leds.o)
 .comment       0x0000000000000035       0x36 obj_cooja/mtype615.a(mqtt.o)
 .comment       0x0000000000000035       0x36 obj_cooja/mtype615.a(contiki-main.o)
 .comment       0x0000000000000035       0x36 obj_cooja/mtype615.a(autostart.o)
 .comment       0x0000000000000035       0x36 obj_cooja/mtype615.a(ctimer.o)
 .comment       0x0000000000000035       0x36 obj_cooja/mtype615.a(energest.o)
 .comment       0x0000000000000035       0x36 obj_cooja/mtype615.a(etimer.o)
 .comment       0x0000000000000035       0x36 obj_cooja/mtype615.a(log.o)
 .comment       0x0000000000000035       0x36 obj_cooja/mtype615.a(process.o)
 .comment       0x0000000000000035       0x36 obj_cooja/mtype615.a(rtimer.o)
 .comment       0x0000000000000035       0x36 obj_cooja/mtype615.a(node-id.o)
 .comment       0x0000000000000035       0x36 obj_cooja/mtype615.a(timer.o)
 .comment       0x0000000000000035       0x36 obj_cooja/mtype615.a(serial-line.o)
 .comment       0x0000000000000035       0x36 obj_cooja/mtype615.a(list.o)
 .comment       0x0000000000000035       0x36 obj_cooja/mtype615.a(ringbuf.o)
 .comment       0x0000000000000035       0x36 obj_cooja/mtype615.a(packetbuf.o)
 .comment       0x0000000000000035       0x36 obj_cooja/mtype615.a(netstack.o)
 .comment       0x0000000000000035       0x36 obj_cooja/mtype615.a(linkaddr.o)
 .comment       0x0000000000000035       0x36 obj_cooja/mtype615.a(csma.o)
 .comment       0x0000000000000035       0x36 obj_cooja/mtype615.a(csma-output.o)
 .comment       0x0000000000000035       0x36 obj_cooja/mtype615.a(uip-ds6.o)
 .comment       0x0000000000000035       0x36 obj_cooja/mtype615.a(tcp-socket.o)
 .comment       0x0000000000000035       0x36 obj_cooja/mtype615.a(tcpip.o)
 .comment       0x0000000000000035       0x36 obj_cooja/mtype615.a(uip-ds6-route.o)
 .comment       0x0000000000000035       0x36 obj_cooja/mtype615.a(uip6.o)
 .comment       0x0000000000000035       0x36 obj_cooja/mtype615.a(uip-ds6-nbr.o)
 .comment       0x0000000000000035       0x36 obj_cooja/mtype615.a(uip-nd6.o)
 .comment       0x0000000000000035       0x36 obj_cooja/mtype615.a(simple-udp.o)
 .comment       0x0000000000000035       0x36 obj_cooja/mtype615.a(sicslowpan.o)
 .comment       0x0000000000000035       0x36 obj_cooja/mtype615.a(uiplib.o)
 .comment       0x0000000000000035       0x36 obj_cooja/mtype615.a(rpl.o)
 .comment       0x0000000000000035       0x36 obj_cooja/mtype615.a(rpl-icmp6.o)
 .comment       0x0000000000000035       0x36 obj_cooja/mtype615.a(rpl-dag.o)
 .comment       0x0000000000000035       0x36 obj_cooja/mtype615.a(rpl-dag-root.o)
 .comment       0x0000000000000035       0x36 obj_cooja/mtype615.a(watchdog.o)
 .comment       0x0000000000000035       0x36 obj_cooja/mtype615.a(stimer.o)
 .comment       0x0000000000000035       0x36 obj_cooja/mtype615.a(memb.o)
 .comment       0x0000000000000035       0x36 obj_cooja/mtype615.a(queuebuf.o)
 .comment       0x0000000000000035       0x36 obj_cooja/mtype615.a(nbr-table.o)
 .comment       0x0000000000000035       0x36 obj_cooja/mtype615.a(link-stats.o)
 .comment       0x0000000000000035       0x36 obj_cooja/mtype615.a(mac-sequence.o)
 .comment       0x0000000000000035       0x36 obj_cooja/mtype615.a(mac.o)
 .comment       0x0000000000000035       0x36 obj_cooja/mtype615.a(framer-802154.o)
 .comment       0x0000000000000035       0x36 obj_cooja/mtype615.a(frame802154.o)
 .comment       0x0000000000000035       0x36 obj_cooja/mtype615.a(uipbuf.o)
 .comment       0x0000000000000035       0x36 obj_cooja/mtype615.a(uip-icmp6.o)
 .comment       0x0000000000000035       0x36 obj_cooja/mtype615.a(uip-sr.o)
 .comment       0x0000000000000035       0x36 obj_cooja/mtype615.a(uip-packetqueue)
 .comment       0x0000000000000035       0x36 obj_cooja/mtype615.a(uip-udp-packet.)
 .comment       0x0000000000000035       0x36 obj_cooja/mtype615.a(rpl-nbr-policy.)